04-16 19:55:10.328  2829  3079 E Vold    : Failed to find mounted volume for /storage/extSdCard/Android/data/com.samsung.android.sdk.samsunglink/cache/
04-16 19:55:10.328  2829  3079 W Vold    : Returning OperationFailed - no handler for errno 0
04-16 19:55:10.328  5951  5951 W ContextImpl: Failed to ensure directory: /storage/extSdCard/Android/data/com.samsung.android.sdk.samsunglink/cache
04-16 19:55:10.328  3496  3587 D TimaService: TIMA: TimaService scheduler is intialized. 
04-16 19:55:10.328  3496  3587 D TimaService: TIMA: checkEvent, operation: 50000 subject: 10000
04-16 19:55:10.328  3496  3586 D TimaService: TimaServiceHandler.handleMessage what =1
04-16 19:55:10.333  5951  5951 V Transcoder: Transcoder(0xb3c30380)::constructor
04-16 19:55:10.333  5951  5951 V Transcoder: addObitRecipient
04-16 19:55:10.333  5951  5951 V TMI-JNI : Mobile Transcoder JNI version 1.6.0/20131120/4.4
04-16 19:55:10.338  3496  3799 I splitIntent: Queue : background intent android.intent.action.PACKAGE_REMOVED is finished at BG and BG split queue. set mSplitStart  false.
04-16 19:55:10.343  3496  4113 E ActivityManager: checkUser: useridlist=null, currentuser=0
04-16 19:55:10.343  3496  4113 E ActivityManager: checkUser: useridlist=null, currentuser=0
04-16 19:55:10.343  3496  4113 E ActivityManager: checkUser: useridlist=null, currentuser=0
04-16 19:55:10.343  3496  4113 E ActivityManager: checkUser: useridlist=null, currentuser=0
04-16 19:55:10.358  5995  5995 E Zygote  : MountEmulatedStorage()
04-16 19:55:10.358  5995  5995 I libpersona: KNOX_SDCARD checking this for 10100
04-16 19:55:10.358  5995  5995 E Zygote  : v2
04-16 19:55:10.358  5995  5995 I libpersona: KNOX_SDCARD not a persona
04-16 19:55:10.358  5995  5995 I SELinux : Function: selinux_compare_spd_ram , priority [2] , priority version is VE=SEPF_SM-N910H_5.0.1_0009
04-16 19:55:10.358  5995  5995 E SELinux : [DEBUG] get_category: variable seinfo: platform sensitivity: NULL, cateogry: NULL
04-16 19:55:10.358  3496  4113 I ActivityManager: Start proc com.android.documentsui for broadcast com.android.documentsui/.PackageReceiver: pid=5995 uid=10100 gids={50100, 9997} abi=armeabi-v7a
04-16 19:55:10.378  5995  5995 D TimaKeyStoreProvider: TimaSignature is unavailable
04-16 19:55:10.378  5995  5995 D ActivityThread: Added TimaKeyStore provider
04-16 19:55:10.383  3496  3988 I ActivityManager: Killing 4548:com.osp.app.signin/u0a45 (adj 15): bgCount ##31
04-16 19:55:10.393  5995  5995 D ResourcesManager: creating new AssetManager and set to /system/app/DocumentsUI/DocumentsUI.apk
04-16 19:55:10.408  3496  3568 D AutomaticBrightnessController: mCallbacks.updateBrightness()
04-16 19:55:10.408  3496  3568 D DisplayPowerController: getFinalBrightness : 4 -> 4
04-16 19:55:10.408  3496  3568 D DisplayPowerController: animation target = 4, rate=500 (PSM:false, AB limit:(-1 ~ -1) MB Limit:(-1 ~ -1) MAdj:(0, (0, 255)))
04-16 19:55:10.408  3496  4040 E ActivityManager: checkUser: useridlist=null, currentuser=0
04-16 19:55:10.408  3496  4040 E ActivityManager: checkUser: useridlist=null, currentuser=0
04-16 19:55:10.408  3496  4040 E ActivityManager: checkUser: useridlist=null, currentuser=0
04-16 19:55:10.408  3496  4040 E ActivityManager: checkUser: useridlist=null, currentuser=0
04-16 19:55:10.418  6013  6013 E Zygote  : MountEmulatedStorage()
04-16 19:55:10.418  6013  6013 I libpersona: KNOX_SDCARD checking this for 10009
04-16 19:55:10.418  6013  6013 E Zygote  : v2
04-16 19:55:10.418  6013  6013 I libpersona: KNOX_SDCARD not a persona
04-16 19:55:10.423  6013  6013 I SELinux : Function: selinux_compare_spd_ram , priority [2] , priority version is VE=SEPF_SM-N910H_5.0.1_0009
04-16 19:55:10.423  6013  6013 E SELinux : [DEBUG] get_category: variable seinfo: platform sensitivity: NULL, cateogry: NULL
04-16 19:55:10.428  3496  4040 I ActivityManager: Start proc com.android.externalstorage for content provider com.android.externalstorage/.ExternalStorageProvider: pid=6013 uid=10009 gids={50009, 9997, 1028, 1015, 1023} abi=armeabi-v7a
04-16 19:55:10.438  6013  6013 D TimaKeyStoreProvider: TimaSignature is unavailable
04-16 19:55:10.438  6013  6013 D ActivityThread: Added TimaKeyStore provider
04-16 19:55:10.438  3496  4191 I ActivityManager: Killing 316:com.android.defcontainer/u0a5 (adj 15): bgCount ##31
04-16 19:55:10.443  3496  5913 I ActivityManager: Killing 5439:com.sec.esdk.elm/u0a106 (adj 15): bgCount ##31
04-16 19:55:10.458  6013  6013 D ResourcesManager: creating new AssetManager and set to /system/priv-app/ExternalStorageProvider/ExternalStorageProvider.apk
04-16 19:55:10.473  6013  6013 D ExternalStorage: After updating volumes, found 1 active roots
04-16 19:55:10.478  5489  5489 V DownloadManager: onReceive intent + android.intent.action.UID_REMOVED
04-16 19:55:10.488  3496  4194 E ActivityManager: checkUser: useridlist=null, currentuser=0
04-16 19:55:10.488  3496  4194 E ActivityManager: checkUser: useridlist=null, currentuser=0
04-16 19:55:10.488  3496  4194 E ActivityManager: checkUser: useridlist=null, currentuser=0
04-16 19:55:10.488  3496  4194 E ActivityManager: checkUser: useridlist=null, currentuser=0
04-16 19:55:10.508  6030  6030 E Zygote  : MountEmulatedStorage()
04-16 19:55:10.508  6030  6030 I libpersona: KNOX_SDCARD checking this for 10004
04-16 19:55:10.508  6030  6030 E Zygote  : v2
04-16 19:55:10.508  6030  6030 I libpersona: KNOX_SDCARD not a persona
04-16 19:55:10.508  6030  6030 I SELinux : Function: selinux_compare_spd_ram , priority [2] , priority version is VE=SEPF_SM-N910H_5.0.1_0009
04-16 19:55:10.508  6030  6030 E SELinux : [DEBUG] get_category: variable seinfo: platform sensitivity: NULL, cateogry: NULL
04-16 19:55:10.513  3496  4194 I ActivityManager: Start proc com.samsung.dcm:DCMService for broadcast com.samsung.dcm/.framework.broadcastreceivers.ClearDataReceiver: pid=6030 uid=10004 gids={50004, 9997, 3003, 1028, 1015} abi=armeabi-v7a
04-16 19:55:10.523  6030  6030 D TimaKeyStoreProvider: TimaSignature is unavailable
04-16 19:55:10.523  6030  6030 D ActivityThread: Added TimaKeyStore provider
04-16 19:55:10.528  3496  4194 E ActivityManager: checkUser: useridlist=null, currentuser=0
04-16 19:55:10.528  3496  4194 E ActivityManager: checkUser: useridlist=null, currentuser=0
04-16 19:55:10.528  3496  4194 E ActivityManager: checkUser: useridlist=null, currentuser=0
04-16 19:55:10.528  3496  4194 E ActivityManager: checkUser: useridlist=null, currentuser=0
04-16 19:55:10.533  6030  6030 D ResourcesManager: creating new AssetManager and set to /system/priv-app/DCMProvider/DCMProvider.apk
04-16 19:55:10.543  6045  6045 E Zygote  : MountEmulatedStorage()
04-16 19:55:10.543  6045  6045 E Zygote  : v2
04-16 19:55:10.543  6045  6045 I libpersona: KNOX_SDCARD checking this for 10101
04-16 19:55:10.543  6045  6045 I libpersona: KNOX_SDCARD not a persona
04-16 19:55:10.543  3496  4194 I ActivityManager: Start proc com.google.android.apps.docs for content provider com.google.android.apps.docs/.storagebackend.StorageBackendContentProvider: pid=6045 uid=10101 gids={50101, 9997, 1028, 1015, 3003} abi=armeabi-v7a
04-16 19:55:10.543  6045  6045 I SELinux : Function: selinux_compare_spd_ram , priority [2] , priority version is VE=SEPF_SM-N910H_5.0.1_0009
04-16 19:55:10.548  6045  6045 E SELinux : [DEBUG] get_category: variable seinfo: untrusted sensitivity: NULL, cateogry: NULL
04-16 19:55:10.558  6030  6030 I DCMProvider: [#DCM#] onCreate this Instance = com.sec.dcm.provider.DCMProvider@1f0b3141 Provider Ref Count:1
04-16 19:55:10.563  6030  6030 I DCMConfig: [#DCM#] initializeTransport.SystemBroadcastReceiver  1 ms
04-16 19:55:10.563  6045  6045 D TimaKeyStoreProvider: TimaSignature is unavailable
04-16 19:55:10.563  6030  6030 I StorageController: [#DCM#]  state through storage volume =  mounted
04-16 19:55:10.563  6045  6045 D ActivityThread: Added TimaKeyStore provider
04-16 19:55:10.563  6030  6030 I StorageController: [#DCM#]  storageId =  65537 removable = false path = /storage/emulated/0 state = mounted subsystem = fuse
04-16 19:55:10.563  6030  6030 I StorageController: [#DCM#]  state through storage volume =  removed
04-16 19:55:10.568  3496  3990 I ActivityManager: Killing 5458:com.android.keychain/1000 (adj 15): bgCount ##31
04-16 19:55:10.568  6030  6030 I StorageController: [#DCM#]  storageId =  131073 removable = true path = /storage/extSdCard state = removed subsystem = sd
04-16 19:55:10.568  6030  6030 I StorageController: [#DCM#]  state through storage volume =  unmounted
04-16 19:55:10.568  6030  6030 I StorageController: [#DCM#]  storageId =  196609 removable = false path = /storage/Private state = unmounted subsystem = private
04-16 19:55:10.568  6030  6030 I StorageController: [#DCM#]  state through storage volume =  removed
04-16 19:55:10.568  6030  6030 I StorageController: [#DCM#]  storageId =  262145 removable = true path = /storage/UsbDriveA state = removed subsystem = usb
04-16 19:55:10.568  6030  6030 I StorageController: [#DCM#]  state through storage volume =  removed
04-16 19:55:10.568  6030  6030 I StorageController: [#DCM#]  storageId =  327681 removable = true path = /storage/UsbDriveB state = removed subsystem = usb
04-16 19:55:10.568  6030  6030 I StorageController: [#DCM#]  state through storage volume =  removed
04-16 19:55:10.573  6045  6045 D ResourcesManager: creating new AssetManager and set to /data/app/com.google.android.apps.docs-2/base.apk
04-16 19:55:10.578  6030  6030 I StorageController: [#DCM#]  storageId =  393217 removable = true path = /storage/UsbDriveC state = removed subsystem = usb
04-16 19:55:10.578  6030  6030 I StorageController: [#DCM#]  state through storage volume =  removed
04-16 19:55:10.578  6030  6030 I StorageController: [#DCM#]  storageId =  458753 removable = true path = /storage/UsbDriveD state = removed subsystem = usb
04-16 19:55:10.578  6030  6030 I StorageController: [#DCM#]  state through storage volume =  removed
04-16 19:55:10.578  6030  6030 I StorageController: [#DCM#]  storageId =  524289 removable = true path = /storage/UsbDriveE state = removed subsystem = usb
04-16 19:55:10.578  6030  6030 I StorageController: [#DCM#]  state through storage volume =  removed
04-16 19:55:10.578  6030  6030 I StorageController: [#DCM#]  storageId =  589825 removable = true path = /storage/UsbDriveF state = removed subsystem = usb
04-16 19:55:10.583  6030  6030 I DCMPolicyManager: [#DCM#] setCriticalStateFromSystem screenOn =  true high siop = false camera running = false
04-16 19:55:10.583  6030  6030 I DCMPolicyManager: [#DCM#] opening file DCMRules.txt 
04-16 19:55:10.588  6030  6030 I DCMConfig: [#DCM#] initializeTransport.DCMPolicyManager  26 ms
04-16 19:55:10.588  6030  6030 I DCMConfig: [#DCM#] initializeTransport.MediaManager  27 ms
04-16 19:55:10.593  6030  6030 I DCMConfig: [#DCM#] initializeTransport.DCMNRTManager  32 ms
04-16 19:55:10.593  6030  6030 I DCMConfig: [#DCM#] No of CPU Core 8
04-16 19:55:10.593  6030  6030 I DCMConfig: [#DCM#] initializeTransport took  32 ms
04-16 19:55:10.593  6030  6030 I DCMProvider: [#DCM#] onCreate end 
04-16 19:55:10.593  6030  6030 I ClearDataReceiver: [#DCM#] Intent Name: android.intent.action.PACKAGE_RESTARTED
04-16 19:55:10.593  6030  6030 I ClearDataReceiver: [#DCM#] Intent Data: package:com.amazonaws.devicefarm.android.referenceapp
04-16 19:55:10.593  6030  6030 I SystemBroadcastReceiver: [#DCM#] [DCM_Performance] onReceive completed in time  217 microsec. 
04-16 19:55:10.593  6030  6030 I SystemBroadcastReceiver: [#DCM#] [DCM_Performance] onReceive completed in time  9 microsec. 
04-16 19:55:10.598  6030  6060 I DCMNRTManager: [#DCM#] intialize 
04-16 19:55:10.598  3496  3568 D AutomaticBrightnessController: mCallbacks.updateBrightness()
04-16 19:55:10.598  3496  3568 D DisplayPowerController: getFinalBrightness : 4 -> 4
04-16 19:55:10.598  3496  3568 D DisplayPowerController: animation target = 4, rate=500 (PSM:false, AB limit:(-1 ~ -1) MB Limit:(-1 ~ -1) MAdj:(0, (0, 255)))
04-16 19:55:10.598  3496  3527 I ActivityManager: Killing 967:com.sec.android.gallery3d/u0a50 (adj 13): bgCount ##31
04-16 19:55:10.603  3777  3777 D daemonapp: [MSC_Daemon]>>> AWDCDS:28 [0:0] AWD CD Act : androidintentactionPACKAGE_RESTARTED
04-16 19:55:10.608  6030  6063 I SystemBroadcastReceiver: [#DCM#] Calling notifyListeners. 
04-16 19:55:10.608  6030  6063 I DCMPolicyManager: [#DCM#] onReceive action = EVENT_SIOP
04-16 19:55:10.608  6030  6063 I SystemBroadcastReceiver: [#DCM#] Calling notifyListeners. 
04-16 19:55:10.608  6030  6063 I SystemBroadcastReceiver: [#DCM#] No one is registered with Event Id EVENT_NETWORK_CHANGED
04-16 19:55:10.618  6030  6060 I WriterFactory: [#DCM#] verifyLuceneDB ++ 
04-16 19:55:10.618  6030  6060 I WriterFactory: [#DCM#] verifyLuceneDB OK breaking 
04-16 19:55:10.618  6030  6060 I WriterFactory: [#DCM#] verifyLuceneDB OK -- 
04-16 19:55:10.618  6030  6060 I WriterFactory: [#DCM#] TAXO in mode CREATE_OR_APPEND
04-16 19:55:10.643  5675  5675 D SHealthUpgrade(SHealthUpgradeUtil): isShealthServiceInstalled() : HealthService is Installed.
04-16 19:55:10.643  5675  5675 D SHealthUpgrade(SHealthUpgradeUtil): isShealthService2xInstalled() : HEALTH SERVICE is INSTALLED.
04-16 19:55:10.643  5675  5675 D SHealthUpgrade(SHealthUpgradeUtil): isShealthService2xInstalled() : HEALTH SERVICE VERSION = 2.x
04-16 19:55:10.653  3496  3631 I WifiStateMachine: CMD_RSSI_POLL : calculateWifiScore in!
04-16 19:55:10.653  3496  3631 I WifiStateMachine: CMD_RSSI_POLL : calculateWifiScore out!
04-16 19:55:10.653  3496  3631 I WifiStateMachine: CMD_RSSI_POLL : out!
04-16 19:55:10.653  6030  6060 I WriterFactory: [#DCM#] Before facet 
04-16 19:55:10.658  6030  6060 I WriterFactory: [#DCM#] After facet=!null ? true
04-16 19:55:10.658  5675  6065 D com.sec.android.service.health.cp.common.HttpConnectionConstants: RegionGroup for  is null
04-16 19:55:10.663  6030  6060 I DCMUtilities: [#DCM#] isCommitOk; kKeyOnCommit = true
04-16 19:55:10.663  6030  6060 I DCMController: [#DCM#] isCommitOk:  true, isIntentFinished: trueisRebuildDone = true
04-16 19:55:10.663  6030  6060 I DCMConfig: [#DCM#] setSuccessState =  true
04-16 19:55:10.668  2829  3079 E Vold    : Failed to find mounted volume for /storage/extSdCard/Android/data/com.google.android.apps.docs/cache/
04-16 19:55:10.668  2829  3079 W Vold    : Returning OperationFailed - no handler for errno 0
04-16 19:55:10.668  6045  6045 W ContextImpl: Failed to ensure directory: /storage/extSdCard/Android/data/com.google.android.apps.docs/cache
04-16 19:55:10.683  5675  6068 D BluetoothManager: getConnectedDevices
04-16 19:55:10.683  5675  6069 D BluetoothManager: getConnectedDevices
04-16 19:55:10.683  5675  6070 D BluetoothManager: getConnectedDevices
04-16 19:55:10.698  5675  6072 D BluetoothManager: getConnectedDevices
04-16 19:55:10.703  5675  6073 D BluetoothManager: getConnectedDevices
04-16 19:55:10.708  5675  6074 D BluetoothManager: getConnectedDevices
04-16 19:55:10.713  5756  5756 W art     : Before Android 4.1, method void com.facebook.reflex.view.AbstractListView.invalidate(boolean) would have incorrectly overridden the package-private method in android.view.View
04-16 19:55:10.723  5756  5756 W art     : Before Android 4.1, method void com.facebook.reflex.view.GalleryViewAutoReflex.invalidate(boolean) would have incorrectly overridden the package-private method in android.view.View
04-16 19:55:10.723  5756  5756 W art     : Before Android 4.1, method void com.facebook.reflex.view.GalleryView.invalidate(boolean) would have incorrectly overridden the package-private method in android.view.View
04-16 19:55:10.728  5756  5756 W art     : Before Android 4.1, method void com.facebook.reflex.view.HorizontalScrollViewAutoReflex.invalidate(boolean) would have incorrectly overridden the package-private method in android.view.View
04-16 19:55:10.728  5756  5756 W art     : Before Android 4.1, method void com.facebook.reflex.view.HorizontalScrollView.invalidate(boolean) would have incorrectly overridden the package-private method in android.view.View
04-16 19:55:10.733  5756  5756 W art     : Before Android 4.1, method void com.facebook.reflex.view.ImageViewAutoReflex.invalidate(boolean) would have incorrectly overridden the package-private method in android.view.View
04-16 19:55:10.743  6045  6079 I GAv4    : Google Analytics 11.9.10 is starting up. To enable debug logging on a device run:
04-16 19:55:10.743  6045  6079 I GAv4    :   adb shell setprop log.tag.GAv4 DEBUG
04-16 19:55:10.743  6045  6079 I GAv4    :   adb logcat -s GAv4
04-16 19:55:10.743  5756  5756 W art     : Before Android 4.1, method void com.facebook.reflex.view.ViewPagerAutoReflex.invalidate(boolean) would have incorrectly overridden the package-private method in android.view.View
04-16 19:55:10.748  5756  5756 W art     : Before Android 4.1, method void com.facebook.reflex.view.ReflexViewPager.invalidate(boolean) would have incorrectly overridden the package-private method in android.view.View
04-16 19:55:10.753  5756  5756 W art     : Before Android 4.1, method void com.facebook.reflex.view.ScrollViewAutoReflex.invalidate(boolean) would have incorrectly overridden the package-private method in android.view.View
04-16 19:55:10.753  6045  6045 W FieldDefinition: Ignoring isIndexed constraint as field also has uniqueness constraint (on just this field, and therefore SQLite will have to create an index on that. For field: com.google.android.apps.docs.database.common.FieldDefinition$a@2abe2f34
04-16 19:55:10.753  6061  6061 D AndroidRuntime: 
04-16 19:55:10.753  6061  6061 D AndroidRuntime: >>>>>> AndroidRuntime START com.android.internal.os.RuntimeInit <<<<<<
04-16 19:55:10.753  5756  5756 W art     : Before Android 4.1, method void com.facebook.reflex.view.ScrollView.invalidate(boolean) would have incorrectly overridden the package-private method in android.view.View
04-16 19:55:10.758  6061  6061 D AndroidRuntime: CheckJNI is OFF
04-16 19:55:10.758  6061  6061 D AndroidRuntime: readGMSProperty: start
04-16 19:55:10.758  6061  6061 D AndroidRuntime: readGMSProperty: already setted!!
04-16 19:55:10.758  6061  6061 D AndroidRuntime: readGMSProperty: end
04-16 19:55:10.758  6061  6061 D AndroidRuntime: addProductProperty: start
04-16 19:55:10.758  5756  5756 W art     : Before Android 4.1, method void com.facebook.reflex.view.FrameLayoutAutoReflex.invalidate(boolean) would have incorrectly overridden the package-private method in android.view.View
04-16 19:55:10.758  5756  5756 W art     : Before Android 4.1, method void com.facebook.reflex.view.ReflexFrameLayout.invalidate(boolean) would have incorrectly overridden the package-private method in android.view.View
04-16 19:55:10.778  5538  5572 D AcmsKeyStoreHelper:  getKeyStoreForApplication Enter
04-16 19:55:10.783  6045  6079 W CoreComponentFactoryImpl: RetainedComponent will not be retained if  eds does not inherit FragmentActivity and fulfill led contract.
04-16 19:55:10.783  5538  5572 I AcmsKeyStoreHelper: Key Store exist
04-16 19:55:10.783  5538  5572 I AcmsKeyStoreHelper: Hence loading the keystore file
04-16 19:55:10.783  3496  3568 D AutomaticBrightnessController: mCallbacks.updateBrightness()
04-16 19:55:10.788  3496  3568 D DisplayPowerController: getFinalBrightness : 4 -> 4
04-16 19:55:10.788  3496  3568 D DisplayPowerController: animation target = 4, rate=500 (PSM:false, AB limit:(-1 ~ -1) MB Limit:(-1 ~ -1) MAdj:(0, (0, 255)))
04-16 19:55:10.793  6045  6083 W GAv4    : CampaignTrackingReceiver is not registered, not exported or is disabled. Installation campaign tracking is not possible. See http://goo.gl/8Rd3yj for instructions.
04-16 19:55:10.818  5538  5572 D AcmsKeyStoreHelper:  getKeyStoreForApplication Exit
04-16 19:55:10.818  5538  5572 I AcmsCertificateMngr: getKeyStoreForApplication success 
04-16 19:55:10.818  5538  5572 D AcmsCore: Decremented Counter Value : AcmsCoreHandler.handleMessage=>1
04-16 19:55:10.818  5538  5572 D AcmsServiceMonitor: AcmsServiceMonitor.getAcmsSvcMonitor() - Enter
04-16 19:55:10.818  5538  5572 D AcmsServiceMonitor: Decrementing - Counter value: 1
04-16 19:55:10.818  5538  5572 D AcmsCertificateMngr: handleAppRemoved() Enter com.trellis
04-16 19:55:10.818  5538  5572 D ActivityThread: Loading provider com.samsung.mirrorlink.acms.provider: com.samsung.android.mirrorlink.acms.provider.AcmsDbProvider
04-16 19:55:10.833  5538  5572 D AcmsAppEntryInterface: App not found in DB Hence ignore
04-16 19:55:10.833  5538  5572 D AcmsCore: Decremented Counter Value : AcmsCoreHandler.handleMessage=>5
04-16 19:55:10.833  5538  5572 D AcmsServiceMonitor: AcmsServiceMonitor.getAcmsSvcMonitor() - Enter
04-16 19:55:10.833  5538  5572 D AcmsServiceMonitor: Decrementing - Counter value: 0
04-16 19:55:10.833  5538  5572 D AcmsServiceMonitor: Counter value is 0: Stopping ACMS service
04-16 19:55:10.838  5538  5538 D AcmsServiceMonitor: getSvcCounter - Counter value: 0
04-16 19:55:10.838  5538  5538 D AcmsService: Enter onDestroy
04-16 19:55:10.838  5538  5538 I AcmsService: cleanUp(): inside service clean up
04-16 19:55:10.838  5538  5538 D AcmsCore: AcmsCore: inside DeInit
04-16 19:55:10.838  5538  5538 D AcmsCore: AcmsCore: mLooperHandler is not null and making it null
04-16 19:55:10.838  5538  5538 D AcmsCertificateMngr: AcmsCertificateMngr: inside cleanup
04-16 19:55:10.838  5538  5538 D AcmsRevocationMngr: AcmsRevocationMngr: inside cleanup
04-16 19:55:10.838  5538  5538 D AcmsKeyStoreHelper: KeyStoreHelper: inside cleanup
04-16 19:55:10.838  5538  5538 D AcmsAppEntryInterface: AppEntryInterface: Inside CleanUp
04-16 19:55:10.838  5538  5538 D AcmsServiceMonitor: getSvcCounter - Counter value: 0
04-16 19:55:10.838  5538  5538 D AcmsService: killing acms process
04-16 19:55:10.838  5538  5538 I Process : Sending signal. PID: 5538 SIG: 9
04-16 19:55:10.838  6061  6061 E AffinityControl: AffinityControl: registerfunction enter
04-16 19:55:10.853  5995  6012 D Documents: Update found 6 roots in 454ms
04-16 19:55:10.858  6061  6061 D AndroidRuntime: Calling main entry com.android.commands.pm.Pm
04-16 19:55:10.863  5995  6095 D Documents: Update found 6 roots in 11ms
04-16 19:55:10.863  3496  4191 V ApplicationPolicy: isApplicationStateBlocked userId 0 pkgname com.amazonaws.devicefarm.android.referenceapp
04-16 19:55:10.863  3496  4191 I ActivityManager: Force stopping com.amazonaws.devicefarm.android.referenceapp appid=10281 user=0: clear data
04-16 19:55:10.863  3496  4191 I ActivityManager: Force stopping com.amazonaws.devicefarm.android.referenceapp appid=10281 user=0: clear data
04-16 19:55:10.863  5995  6028 D Documents: Update found 6 roots in 387ms
04-16 19:55:10.868  3496  4191 D PackageManager: START CLEAR APPLICATION USER DATA: observer{573649062}
04-16 19:55:10.868  3496  4191 D PackageManager: pkg{<packageName>}
04-16 19:55:10.868  3496  4191 D PackageManager: user{0}
04-16 19:55:10.868  3496  3666 D TaskPersister: removeObsoleteFile: deleting file=2036_task.xml
04-16 19:55:10.868  3496  4191 V ApplicationPolicy: isApplicationStateBlocked userId 0 pkgname com.amazonaws.devicefarm.android.referenceapp
04-16 19:55:10.873  3496  3573 D PackageManager: [MSG] CLEAR_APPLICATION_USER_DATA
04-16 19:55:10.888  6030  6030 I ClearDataReceiver: [#DCM#] Intent Name: android.intent.action.PACKAGE_RESTARTED
04-16 19:55:10.888  6030  6030 I ClearDataReceiver: [#DCM#] Intent Data: package:com.amazonaws.devicefarm.android.referenceapp
04-16 19:55:10.888  3496  3573 E ActivityManager: checkUser: useridlist=null, currentuser=0
04-16 19:55:10.888  3496  3573 E ActivityManager: checkUser: useridlist=null, currentuser=0
04-16 19:55:10.888  3496  3573 E ActivityManager: checkUser: useridlist=null, currentuser=0
04-16 19:55:10.888  3496  3573 E ActivityManager: checkUser: useridlist=null, currentuser=0
04-16 19:55:10.898  6101  6101 E Zygote  : MountEmulatedStorage()
04-16 19:55:10.898  6101  6101 E Zygote  : v2
04-16 19:55:10.898  6101  6101 I libpersona: KNOX_SDCARD checking this for 10005
04-16 19:55:10.898  6101  6101 I libpersona: KNOX_SDCARD not a persona
04-16 19:55:10.898  6101  6101 I SELinux : Function: selinux_compare_spd_ram , priority [2] , priority version is VE=SEPF_SM-N910H_5.0.1_0009
04-16 19:55:10.903  6101  6101 E SELinux : [DEBUG] get_category: variable seinfo: platform sensitivity: NULL, cateogry: NULL
04-16 19:55:10.903  3496  3573 I ActivityManager: Start proc com.android.defcontainer for service com.android.defcontainer/.DefaultContainerService: pid=6101 uid=10005 gids={50005, 9997, 1028, 1015, 1023, 2001, 1035} abi=armeabi-v7a
04-16 19:55:10.908 24136 24136 I GeofencerStateMachine: removeGeofences: removeRequest=RemoveGeofencingRequest[REMOVE_ALL packageName=com.amazonaws.devicefarm.android.referenceapp]
04-16 19:55:10.908  3968  3968 D ApduServiceInfo: seId: 0
04-16 19:55:10.908  3968  3968 D RegisteredServicesCache: empty dynamic service
04-16 19:55:10.913  3496  4008 I ActivityManager: Process ACMS.Process (pid 5538)(adj 0) has died(212,1101)
04-16 19:55:10.918  3777  3777 D daemonapp: [MSC_Daemon]>>> AWDCDS:28 [0:0] AWD CD Act : androidintentactionPACKAGE_RESTARTED
04-16 19:55:10.923  6101  6101 D TimaKeyStoreProvider: TimaSignature is unavailable
04-16 19:55:10.923  6101  6101 D ActivityThread: Added TimaKeyStore provider
04-16 19:55:10.923  6030  6030 I ClearDataReceiver: [#DCM#] Intent Name: android.intent.action.PACKAGE_RESTARTED
04-16 19:55:10.923  6030  6030 I ClearDataReceiver: [#DCM#] Intent Data: package:com.amazonaws.devicefarm.android.referenceapp
04-16 19:55:10.933  5995  6111 D Documents: Update found 6 roots in 22ms
04-16 19:55:10.938  3777  3777 D daemonapp: [MSC_Daemon]>>> AWDCDS:28 [0:0] AWD CD Act : androidintentactionPACKAGE_RESTARTED
04-16 19:55:10.938  6101  6101 D ResourcesManager: creating new AssetManager and set to /system/priv-app/DefaultContainerService/DefaultContainerService.apk
04-16 19:55:10.938  6030  6030 I ClearDataReceiver: [#DCM#] Intent Name: android.intent.action.PACKAGE_DATA_CLEARED
04-16 19:55:10.938  6030  6030 I ClearDataReceiver: [#DCM#] Intent Data: package:com.amazonaws.devicefarm.android.referenceapp
04-16 19:55:10.943  3968  3968 D ApduServiceInfo: seId: 0
04-16 19:55:10.943  3968  3968 D RegisteredServicesCache: empty dynamic service
04-16 19:55:10.948   433   433 D Mms/FreeMessageStatusReceiver: onReceive, action : android.intent.action.PACKAGE_DATA_CLEARED
04-16 19:55:10.953  3968  3968 D NfcService: MSG_UNROUTE_ENTRY
04-16 19:55:10.953  3968  3968 D SecNfcJni: clearRouting : Enter
04-16 19:55:10.953  3968  3968 D SecNfcJni: clear all of aid based routing
04-16 19:55:10.953  3968  3968 D SecNfcJni: RoutingManager::removeAidRouting: enter
04-16 19:55:10.953  3968 31404 D SecNfcJni: RoutingManager::nfaEeCallback: NFA_EE_REMOVE_AID_EVT  status=0
04-16 19:55:10.953  3968  3968 D SecNfcJni: RoutingManager::removeAidRouting: routed AID : 0
04-16 19:55:10.953  3968  3968 D SecNfcJni: clearRouting: exit
04-16 19:55:10.953  3968  3968 D NfcService: MSG_ROUTE_AID route - 0 power 49
04-16 19:55:10.953  3968  3968 D SecNfcJni: RoutingManager::addAidRouting: enter
04-16 19:55:10.953  3968 31404 D SecNfcJni: RoutingManager::nfaEeCallback: NFA_EE_ADD_AID_EVT  status=0
04-16 19:55:10.953  3968  3968 D SecNfcJni: RoutingManager::addAidRouting: routed AID : 0
04-16 19:55:10.953  3968  3968 D NfcService: MSG_ROUTE_AID route - 0 power 49
04-16 19:55:10.953  3968  3968 D SecNfcJni: RoutingManager::addAidRouting: enter
04-16 19:55:10.953  3968 31404 D SecNfcJni: RoutingManager::nfaEeCallback: NFA_EE_ADD_AID_EVT  status=0
04-16 19:55:10.953  3968  3968 D SecNfcJni: RoutingManager::addAidRouting: routed AID : 0
04-16 19:55:10.953  3968  3968 D NfcService: MSG_ROUTE_AID route - 0 power 49
04-16 19:55:10.953  3968  3968 D SecNfcJni: RoutingManager::addAidRouting: enter
04-16 19:55:10.953  3968 31404 D SecNfcJni: RoutingManager::nfaEeCallback: NFA_EE_ADD_AID_EVT  status=0
04-16 19:55:10.953  3968  3968 D SecNfcJni: RoutingManager::addAidRouting: routed AID : 0
04-16 19:55:10.953  3968  3968 D NfcService: MSG_ROUTE_AID route - 0 power 49
04-16 19:55:10.953   433  6118 D Mms/FreeMessageReceiverService: onHandleIntent, action : android.intent.action.PACKAGE_DATA_CLEARED
04-16 19:55:10.953  3968  3968 D SecNfcJni: RoutingManager::addAidRouting: enter
04-16 19:55:10.953   433  6118 D Mms/FreeMessageReceiverService: onHandleIntent: ACTION_PACKAGE_DATA_CLEARED
04-16 19:55:10.953  3968 31404 D SecNfcJni: RoutingManager::nfaEeCallback: NFA_EE_ADD_AID_EVT  status=0
04-16 19:55:10.953  3968  3968 D SecNfcJni: RoutingManager::addAidRouting: routed AID : 0
04-16 19:55:10.953  3968  3968 D NfcService: MSG_ROUTE_AID route - 0 power 49
04-16 19:55:10.953  3968  3968 D SecNfcJni: RoutingManager::addAidRouting: enter
04-16 19:55:10.953  3968 31404 D SecNfcJni: RoutingManager::nfaEeCallback: NFA_EE_ADD_AID_EVT  status=0
04-16 19:55:10.953  3968  3968 D SecNfcJni: RoutingManager::addAidRouting: routed AID : 0
04-16 19:55:10.953  3968  3968 D NfcService: MSG_ROUTE_AID route - 0 power 49
04-16 19:55:10.953  3968  3968 D SecNfcJni: RoutingManager::addAidRouting: enter
04-16 19:55:10.953  3968 31404 D SecNfcJni: RoutingManager::nfaEeCallback: NFA_EE_ADD_AID_EVT  status=0
04-16 19:55:10.953  3968  3968 D SecNfcJni: RoutingManager::addAidRouting: routed AID : 0
04-16 19:55:10.953  3968  3968 D NfcService: MSG_ROUTE_AID route - 0 power 49
04-16 19:55:10.953  3968  3968 D SecNfcJni: RoutingManager::addAidRouting: enter
04-16 19:55:10.953  3968 31404 D SecNfcJni: RoutingManager::nfaEeCallback: NFA_EE_ADD_AID_EVT  status=0
04-16 19:55:10.953  3968  3968 D SecNfcJni: RoutingManager::addAidRouting: routed AID : 0
04-16 19:55:10.953  3968  3968 D NfcService: MSG_ROUTE_AID route - 0 power 49
04-16 19:55:10.953  3968  3968 D SecNfcJni: RoutingManager::addAidRouting: enter
04-16 19:55:10.953  3968 31404 D SecNfcJni: RoutingManager::nfaEeCallback: NFA_EE_ADD_AID_EVT  status=0
04-16 19:55:10.953  3968  3968 D SecNfcJni: RoutingManager::addAidRouting: routed AID : 0
04-16 19:55:10.953  3968  3968 D NfcService: MSG_ROUTE_AID route - 0 power 49
04-16 19:55:10.953  3968  3968 D SecNfcJni: RoutingManager::addAidRouting: enter
04-16 19:55:10.953  3968 31404 D SecNfcJni: RoutingManager::nfaEeCallback: NFA_EE_ADD_AID_EVT  status=0
04-16 19:55:10.953  3968  3968 D SecNfcJni: RoutingManager::addAidRouting: routed AID : 0
04-16 19:55:10.953  3968  3968 D NfcService: MSG_ROUTE_AID route - 0 power 49
04-16 19:55:10.953  3968  3968 D SecNfcJni: RoutingManager::addAidRouting: enter
04-16 19:55:10.953  3968 31404 D SecNfcJni: RoutingManager::nfaEeCallback: NFA_EE_ADD_AID_EVT  status=0
04-16 19:55:10.953  3968  3968 D SecNfcJni: RoutingManager::addAidRouting: routed AID : 0
04-16 19:55:10.953  3968  3968 D NfcService: MSG_ROUTE_AID route - 0 power 49
04-16 19:55:10.953  3968  3968 D SecNfcJni: RoutingManager::addAidRouting: enter
04-16 19:55:10.953  3968 31404 D SecNfcJni: RoutingManager::nfaEeCallback: NFA_EE_ADD_AID_EVT  status=0
04-16 19:55:10.953  3968  3968 D SecNfcJni: RoutingManager::addAidRouting: routed AID : 0
04-16 19:55:10.953  3968  3968 D NfcService: MSG_ROUTE_AID route - 0 power 49
04-16 19:55:10.953  3968  3968 D SecNfcJni: RoutingManager::addAidRouting: enter
04-16 19:55:10.953  3968 31404 D SecNfcJni: RoutingManager::nfaEeCallback: NFA_EE_ADD_AID_EVT  status=0
04-16 19:55:10.953  3968  3968 D SecNfcJni: RoutingManager::addAidRouting: routed AID : 0
04-16 19:55:10.953  3968  3968 D NfcService: MSG_ROUTE_AID route - 0 power 49
04-16 19:55:10.953  3968  3968 D SecNfcJni: RoutingManager::addAidRouting: enter
04-16 19:55:10.953  3968 31404 D SecNfcJni: RoutingManager::nfaEeCallback: NFA_EE_ADD_AID_EVT  status=0
04-16 19:55:10.953  3968  3968 D SecNfcJni: RoutingManager::addAidRouting: routed AID : 0
04-16 19:55:10.953  3968  3968 D NfcService: MSG_ROUTE_AID route - 0 power 49
04-16 19:55:10.953  3968  3968 D SecNfcJni: RoutingManager::addAidRouting: enter
04-16 19:55:10.953  3968 31404 D SecNfcJni: RoutingManager::nfaEeCallback: NFA_EE_ADD_AID_EVT  status=0
04-16 19:55:10.953  3968  3968 D SecNfcJni: RoutingManager::addAidRouting: routed AID : 0
04-16 19:55:10.953  3968  3968 D NfcService: MSG_ROUTE_AID route - 0 power 49
04-16 19:55:10.953  3968  3968 D SecNfcJni: RoutingManager::addAidRouting: enter
04-16 19:55:10.953  3968 31404 D SecNfcJni: RoutingManager::nfaEeCallback: NFA_EE_ADD_AID_EVT  status=0
04-16 19:55:10.953  3968  3968 D SecNfcJni: RoutingManager::addAidRouting: routed AID : 0
04-16 19:55:10.953  3968  3968 D NfcService: MSG_ROUTE_AID route - 0 power 49
04-16 19:55:10.953  3968  3968 D SecNfcJni: RoutingManager::addAidRouting: enter
04-16 19:55:10.953  3968 31404 D SecNfcJni: RoutingManager::nfaEeCallback: NFA_EE_ADD_AID_EVT  status=0
04-16 19:55:10.953  3968  3968 D SecNfcJni: RoutingManager::addAidRouting: routed AID : 0
04-16 19:55:10.953  3968  3968 D NfcService: MSG_ROUTE_AID route - 0 power 49
04-16 19:55:10.953  3968  3968 D SecNfcJni: RoutingManager::addAidRouting: enter
04-16 19:55:10.953  3968 31404 D SecNfcJni: RoutingManager::nfaEeCallback: NFA_EE_ADD_AID_EVT  status=0
04-16 19:55:10.953  3968  3968 D SecNfcJni: RoutingManager::addAidRouting: routed AID : 0
04-16 19:55:10.953  3968  3968 D NfcService: MSG_ROUTE_AID route - 0 power 49
04-16 19:55:10.953  3968  3968 D SecNfcJni: RoutingManager::addAidRouting: enter
04-16 19:55:10.953  3968 31404 D SecNfcJni: RoutingManager::nfaEeCallback: NFA_EE_ADD_AID_EVT  status=0
04-16 19:55:10.953  3968  3968 D SecNfcJni: RoutingManager::addAidRouting: routed AID : 0
04-16 19:55:10.953  3968  3968 D NfcService: MSG_ROUTE_AID route - 0 power 49
04-16 19:55:10.953  3968  3968 D SecNfcJni: RoutingManager::addAidRouting: enter
04-16 19:55:10.953  3968 31404 D SecNfcJni: RoutingManager::nfaEeCallback: NFA_EE_ADD_AID_EVT  status=0
04-16 19:55:10.953  3968  3968 D SecNfcJni: RoutingManager::addAidRouting: routed AID : 0
04-16 19:55:10.953  3968  3968 D NfcService: MSG_ROUTE_AID route - 0 power 49
04-16 19:55:10.953  3968  3968 D SecNfcJni: RoutingManager::addAidRouting: enter
04-16 19:55:10.953  3968 31404 D SecNfcJni: RoutingManager::nfaEeCallback: NFA_EE_ADD_AID_EVT  status=0
04-16 19:55:10.953  3968  3968 D SecNfcJni: RoutingManager::addAidRouting: routed AID : 0
04-16 19:55:10.953  3968  3968 D NfcService: MSG_ROUTE_AID route - 0 power 49
04-16 19:55:10.953  3968  3968 D SecNfcJni: RoutingManager::addAidRouting: enter
04-16 19:55:10.953  3968 31404 E SecNfcNfa: Exceed capacity: (len_needed:9 + len:224) > NFA_EE_MAX_AID_CFG_LEN:230
04-16 19:55:10.953  3968 31404 D SecNfcJni: RoutingManager::nfaEeCallback: NFA_EE_ADD_AID_EVT  status=224
04-16 19:55:10.953  3968  3968 E SecNfcJni: RoutingManager::addAidRouting: failed to route AID : 224
04-16 19:55:10.953  3968  3968 D NfcService: MSG_ROUTE_AID route - 0 power 49
04-16 19:55:10.953  3968  3968 D SecNfcJni: RoutingManager::addAidRouting: enter
04-16 19:55:10.953  3968 31404 E SecNfcNfa: Exceed capacity: (len_needed:9 + len:224) > NFA_EE_MAX_AID_CFG_LEN:230
04-16 19:55:10.953  3968 31404 D SecNfcJni: RoutingManager::nfaEeCallback: NFA_EE_ADD_AID_EVT  status=224
04-16 19:55:10.953  3968  3968 E SecNfcJni: RoutingManager::addAidRouting: failed to route AID : 224
04-16 19:55:10.953  3968  3968 D NfcService: MSG_ROUTE_AID route - 0 power 49
04-16 19:55:10.953  3968  3968 D SecNfcJni: RoutingManager::addAidRouting: enter
04-16 19:55:10.953  3968 31404 E SecNfcNfa: Exceed capacity: (len_needed:9 + len:224) > NFA_EE_MAX_AID_CFG_LEN:230
04-16 19:55:10.953  3968 31404 D SecNfcJni: RoutingManager::nfaEeCallback: NFA_EE_ADD_AID_EVT  status=224
04-16 19:55:10.953  3968  3968 E SecNfcJni: RoutingManager::addAidRouting: failed to route AID : 224
04-16 19:55:10.953  3968  3968 D NfcService: MSG_ROUTE_AID route - 0 power 49
04-16 19:55:10.953  3968  3968 D SecNfcJni: RoutingManager::addAidRouting: enter
04-16 19:55:10.953  3968 31404 E SecNfcNfa: Exceed capacity: (len_needed:8 + len:224) > NFA_EE_MAX_AID_CFG_LEN:230
04-16 19:55:10.953  3968 31404 D SecNfcJni: RoutingManager::nfaEeCallback: NFA_EE_ADD_AID_EVT  status=224
04-16 19:55:10.953  3968  3968 E SecNfcJni: RoutingManager::addAidRouting: failed to route AID : 224
04-16 19:55:10.953  3968  3968 D NfcService: MSG_ROUTE_AID route - 0 power 49
04-16 19:55:10.953  3968  3968 D SecNfcJni: RoutingManager::addAidRouting: enter
04-16 19:55:10.953  3968 31404 E SecNfcNfa: Exceed capacity: (len_needed:8 + len:224) > NFA_EE_MAX_AID_CFG_LEN:230
04-16 19:55:10.953  3968 31404 D SecNfcJni: RoutingManager::nfaEeCallback: NFA_EE_ADD_AID_EVT  status=224
04-16 19:55:10.953  3968  3968 E SecNfcJni: RoutingManager::addAidRouting: failed to route AID : 224
04-16 19:55:10.953  3968  3968 D NfcService: MSG_ROUTE_AID route - 0 power 49
04-16 19:55:10.953  3968  3968 D SecNfcJni: RoutingManager::addAidRouting: enter
04-16 19:55:10.953  3968 31404 E SecNfcNfa: Exceed capacity: (len_needed:9 + len:224) > NFA_EE_MAX_AID_CFG_LEN:230
04-16 19:55:10.953  3968 31404 D SecNfcJni: RoutingManager::nfaEeCallback: NFA_EE_ADD_AID_EVT  status=224
04-16 19:55:10.953  3968  3968 E SecNfcJni: RoutingManager::addAidRouting: failed to route AID : 224
04-16 19:55:10.953  3968  3968 D NfcService: MSG_ROUTE_AID route - 0 power 49
04-16 19:55:10.953  3968  3968 D SecNfcJni: RoutingManager::addAidRouting: enter
04-16 19:55:10.953  3968 31404 E SecNfcNfa: Exceed capacity: (len_needed:9 + len:224) > NFA_EE_MAX_AID_CFG_LEN:230
04-16 19:55:10.953  3968 31404 D SecNfcJni: RoutingManager::nfaEeCallback: NFA_EE_ADD_AID_EVT  status=224
04-16 19:55:10.958  3968  3968 E SecNfcJni: RoutingManager::addAidRouting: failed to route AID : 224
04-16 19:55:10.958  3968  3968 D NfcService: MSG_COMMIT_ROUTE
04-16 19:55:10.958  3968  3968 D NfcService: index : 0
04-16 19:55:10.958  3968  3968 D NfcService: index : 1
04-16 19:55:10.958  3968  3968 D NfcService: call the commitRouting - NfcService
04-16 19:55:10.958  3968  3968 D SecNfcJni: RoutingManager::commitRouting
04-16 19:55:10.958  4867  4867 D accuweather: [KK AccuPhone]>>> AWCDS:21 [0:0] AW CD Act : androidintentactionPACKAGE_DATA_CLEARED
04-16 19:55:10.958  3496  3573 D PackageManager: result of install: true{573649062}
04-16 19:55:10.958  6061  6061 D AndroidRuntime: Shutting down VM
04-16 19:55:10.968  3496  3990 I ActivityManager: Killing 4610:com.samsung.android.app.assistantmenu/1000 (adj 15): bgCount ##31
04-16 19:55:10.968  3777  3777 D daemonapp: [MSC_Daemon]>>> AWDCDS:28 [0:0] AWD CD Act : androidintentactionPACKAGE_DATA_CLEARED
04-16 19:55:10.973  3496  3568 D AutomaticBrightnessController: mCallbacks.updateBrightness()
04-16 19:55:10.973  3496  3568 D DisplayPowerController: getFinalBrightness : 4 -> 4
04-16 19:55:10.973  3496  3568 D DisplayPowerController: animation target = 4, rate=500 (PSM:false, AB limit:(-1 ~ -1) MB Limit:(-1 ~ -1) MAdj:(0, (0, 255)))
04-16 19:55:10.978 24199  5366 I LocationSettingsChecker: Removing dialog suppression flag for package com.amazonaws.devicefarm.android.referenceapp
04-16 19:55:10.988  3968 31404 D SecNfcJni: RoutingManager::nfaEeCallback: NFA_EE_UPDATED_EVT
04-16 19:55:10.988 24199 24587 I Icing   : doRemovePackageData com.amazonaws.devicefarm.android.referenceapp
04-16 19:55:11.163  3496  3568 D AutomaticBrightnessController: mCallbacks.updateBrightness()
04-16 19:55:11.163  3496  3568 D DisplayPowerController: getFinalBrightness : 4 -> 4
04-16 19:55:11.163  3496  3568 D DisplayPowerController: animation target = 4, rate=500 (PSM:false, AB limit:(-1 ~ -1) MB Limit:(-1 ~ -1) MAdj:(0, (0, 255)))
04-16 19:55:11.253  5756  5756 W art     : Before Android 4.1, method void com.facebook.feed.reflex.ZoomableImageViewAutoReflex.invalidate(boolean) would have incorrectly overridden the package-private method in android.view.View
04-16 19:55:11.353  3496  3568 D AutomaticBrightnessController: mCallbacks.updateBrightness()
04-16 19:55:11.353  3496  3568 D DisplayPowerController: getFinalBrightness : 4 -> 4
04-16 19:55:11.353  3496  3568 D DisplayPowerController: animation target = 4, rate=500 (PSM:false, AB limit:(-1 ~ -1) MB Limit:(-1 ~ -1) MAdj:(0, (0, 255)))
04-16 19:55:11.543  3496  3568 D AutomaticBrightnessController: mCallbacks.updateBrightness()
04-16 19:55:11.543  3496  3568 D DisplayPowerController: getFinalBrightness : 4 -> 4
04-16 19:55:11.543  3496  3568 D DisplayPowerController: animation target = 4, rate=500 (PSM:false, AB limit:(-1 ~ -1) MB Limit:(-1 ~ -1) MAdj:(0, (0, 255)))
04-16 19:55:11.693  6123  6123 D AndroidRuntime: 
04-16 19:55:11.693  6123  6123 D AndroidRuntime: >>>>>> AndroidRuntime START com.android.internal.os.RuntimeInit <<<<<<
04-16 19:55:11.693  6123  6123 D AndroidRuntime: CheckJNI is OFF
04-16 19:55:11.693  6123  6123 D AndroidRuntime: readGMSProperty: start
04-16 19:55:11.693  6123  6123 D AndroidRuntime: readGMSProperty: already setted!!
04-16 19:55:11.698  6123  6123 D AndroidRuntime: readGMSProperty: end
04-16 19:55:11.698  6123  6123 D AndroidRuntime: addProductProperty: start
04-16 19:55:11.703  3496  3573 D PackageManager: [MSG] WRITE_PACKAGE_RESTRICTIONS
04-16 19:55:11.728  3496  3568 D AutomaticBrightnessController: mCallbacks.updateBrightness()
04-16 19:55:11.728  3496  3568 D DisplayPowerController: getFinalBrightness : 4 -> 4
04-16 19:55:11.728  3496  3568 D DisplayPowerController: animation target = 4, rate=500 (PSM:false, AB limit:(-1 ~ -1) MB Limit:(-1 ~ -1) MAdj:(0, (0, 255)))
04-16 19:55:11.773  6123  6123 E AffinityControl: AffinityControl: registerfunction enter
04-16 19:55:11.788  6123  6123 D AndroidRuntime: Calling main entry com.android.commands.pm.Pm
04-16 19:55:11.848  6123  6123 D AndroidRuntime: Shutting down VM
04-16 19:55:11.918  3496  3568 D AutomaticBrightnessController: mCallbacks.updateBrightness()
04-16 19:55:11.918  3496  3568 D DisplayPowerController: getFinalBrightness : 4 -> 4
04-16 19:55:11.918  3496  3568 D DisplayPowerController: animation target = 4, rate=500 (PSM:false, AB limit:(-1 ~ -1) MB Limit:(-1 ~ -1) MAdj:(0, (0, 255)))
04-16 19:55:12.108  3496  3568 D AutomaticBrightnessController: mCallbacks.updateBrightness()
04-16 19:55:12.108  3496  3568 D DisplayPowerController: getFinalBrightness : 4 -> 4
04-16 19:55:12.108  3496  3568 D DisplayPowerController: animation target = 4, rate=500 (PSM:false, AB limit:(-1 ~ -1) MB Limit:(-1 ~ -1) MAdj:(0, (0, 255)))
04-16 19:55:12.298  3496  3568 D AutomaticBrightnessController: mCallbacks.updateBrightness()
04-16 19:55:12.298  3496  3568 D DisplayPowerController: getFinalBrightness : 4 -> 4
04-16 19:55:12.298  3496  3568 D DisplayPowerController: animation target = 4, rate=500 (PSM:false, AB limit:(-1 ~ -1) MB Limit:(-1 ~ -1) MAdj:(0, (0, 255)))
04-16 19:55:12.348  5756  5756 W art     : Before Android 4.1, method void com.facebook.messaging.reflex.SwipableOverlayLayoutAutoReflex.invalidate(boolean) would have incorrectly overridden the package-private method in android.view.View
04-16 19:55:12.353  5756  5756 W art     : Before Android 4.1, method void com.facebook.messaging.reflex.SwipableOverlayLayout.invalidate(boolean) would have incorrectly overridden the package-private method in android.view.View
04-16 19:55:12.488  3496  3568 D AutomaticBrightnessController: mCallbacks.updateBrightness()
04-16 19:55:12.488  3496  3568 D DisplayPowerController: getFinalBrightness : 4 -> 4
04-16 19:55:12.488  3496  3568 D DisplayPowerController: animation target = 4, rate=500 (PSM:false, AB limit:(-1 ~ -1) MB Limit:(-1 ~ -1) MAdj:(0, (0, 255)))
04-16 19:55:12.673  3496  3568 D AutomaticBrightnessController: mCallbacks.updateBrightness()
04-16 19:55:12.673  3496  3568 D DisplayPowerController: getFinalBrightness : 4 -> 4
04-16 19:55:12.673  3496  3568 D DisplayPowerController: animation target = 4, rate=500 (PSM:false, AB limit:(-1 ~ -1) MB Limit:(-1 ~ -1) MAdj:(0, (0, 255)))
04-16 19:55:12.693  3496  3587 I TLC_TIMA_PKM_measure_kernel: TIMA: response_id = 3
04-16 19:55:12.693  3496  3587 I TLC_TIMA_PKM_measure_kernel: TIMA: response ret = 0, result_ondemand = MSG=Kernel Verification Success;
04-16 19:55:12.708  3496  3587 D TimaService: TIMA MEASUREMENT Result: TIMA_STATUS=0;MSG=Kernel Verification Success;
04-16 19:55:12.708  3496  3587 D TimaService: TIMA MEASUREMENT success status: TIMA_STATUS=0;MSG=Kernel Verification Success;
04-16 19:55:12.733  3496  3839 E Watchdog: !@Sync 280
04-16 19:55:12.753  3496  3632 D WifiService: New client listening to asynchronous messages
04-16 19:55:12.863  3496  3568 D AutomaticBrightnessController: mCallbacks.updateBrightness()
04-16 19:55:12.863  3496  3568 D DisplayPowerController: getFinalBrightness : 4 -> 4
04-16 19:55:12.863  3496  3568 D DisplayPowerController: animation target = 4, rate=500 (PSM:false, AB limit:(-1 ~ -1) MB Limit:(-1 ~ -1) MAdj:(0, (0, 255)))
04-16 19:55:12.893  6138  6138 D AndroidRuntime: 
04-16 19:55:12.893  6138  6138 D AndroidRuntime: >>>>>> AndroidRuntime START com.android.internal.os.RuntimeInit <<<<<<
04-16 19:55:12.898  6138  6138 D AndroidRuntime: CheckJNI is OFF
04-16 19:55:12.898  6138  6138 D AndroidRuntime: readGMSProperty: start
04-16 19:55:12.898  6138  6138 D AndroidRuntime: readGMSProperty: already setted!!
04-16 19:55:12.898  6138  6138 D AndroidRuntime: readGMSProperty: end
04-16 19:55:12.898  6138  6138 D AndroidRuntime: addProductProperty: start
04-16 19:55:12.923  5756  5756 W fb4a(:<default>):StaticBindingVerifier: Verify
04-16 19:55:12.958  5609  5724 W fb4a(:dash):UserScope: Called user scoped provider with no viewer. ViewerContextManager was created with no ViewerContext. Using EmptyViewerContextManager to return fake logged in instance.
04-16 19:55:12.958  5609  5724 W fb4a(:dash):ViewerContextManagerForUserScope: User no longer logged in. Original uid: 0, viewer context: null, is_logged_in: false. Returning original viewer context.
04-16 19:55:12.968  5609  5724 W fb4a(:dash):UserScope: Called user scoped provider with no viewer. ViewerContextManager was created with no ViewerContext. Using EmptyViewerContextManager to return fake logged in instance.
04-16 19:55:12.983  6138  6138 E AffinityControl: AffinityControl: registerfunction enter
04-16 19:55:12.993  5756  5756 W fb4a(:<default>):BaseAnalyticsConfig: willEventBeLogged() called before shared prefs were initialized! Defaulting to true.
04-16 19:55:12.998  6138  6138 D AndroidRuntime: Calling main entry com.android.commands.pm.Pm
04-16 19:55:13.003  3496  4107 D PersonaManagerService: isFromApprovedUnInstaller: uid, userId, appid : 2000 0 2000
04-16 19:55:13.003  3496  4107 D PackageManager: START PACKAGE DELETE: observer{395859485}
04-16 19:55:13.003  3496  4107 D PackageManager: pkg{<packageName>}
04-16 19:55:13.003  3496  4107 D PackageManager: user{0}
04-16 19:55:13.003  3496  4107 D PackageManager: caller{2000}
04-16 19:55:13.003  3496  4107 D PackageManager: flags{2}
04-16 19:55:13.003  3496  4107 D PersonaManagerService: isFromApprovedUnInstaller: isApproved : true
04-16 19:55:13.003  3496  4107 D PersonaManagerService: isFromApprovedUnInstaller: isApproved before exit: true
04-16 19:55:13.003  3496  3573 D PackageManager: [MSG] DELETE_PACKAGE_AS_USER
04-16 19:55:13.003  3496  4107 D PackageManager: deletePackageAsUser- pkg:com.amazonaws.devicefarm.android.referenceapp, userId:0, flag2
04-16 19:55:13.003  3496  4107 D PackageManager: deletePackageAsUser- pkg:com.amazonaws.devicefarm.android.referenceapp, userId:0, flag2
04-16 19:55:13.003  3496  3573 D PackageManagerService: deletePackage- pkg:com.amazonaws.devicefarm.android.referenceapp, edmuserId:0
04-16 19:55:13.003  3496  3573 D PackageManagerService: deletePackage- pkg:com.amazonaws.devicefarm.android.referenceapp, edmuserId:-1
04-16 19:55:13.003  3496  3573 D ApplicationPolicy: getApplicationUninstallationEnabled
04-16 19:55:13.003  3496  3573 D ApplicationPolicy: getApplicationUninstallationEnabled :  enabled true
04-16 19:55:13.003  3496  3573 D PackageManager: !@killApplicatoin: 10281, uninstall pkg
04-16 19:55:13.003  3496  3559 I ActivityManager: Force stopping com.amazonaws.devicefarm.android.referenceapp appid=10281 user=-1: uninstall pkg
04-16 19:55:13.008  5756  5756 W fb4a(:<default>):BaseAnalyticsConfig: willEventBeLogged() called before shared prefs were initialized! Defaulting to true.
04-16 19:55:13.018  5609  5609 I art     : Rejecting re-init on previously-failed class java.lang.Class<com.facebook.ssl.openssl.TicketEnabledOpenSSLSocketImplWrapper>
04-16 19:55:13.018  5609  5609 I art     : Rejecting re-init on previously-failed class java.lang.Class<com.facebook.ssl.openssl.TicketEnabledOpenSSLSocketImplWrapper>
04-16 19:55:13.023  5609  5609 W SoLoader: Failed to load library!
04-16 19:55:13.023  5609  5609 W SoLoader: java.lang.UnsatisfiedLinkError: dalvik.system.PathClassLoader[DexPathList[[zip file "/system/framework/com.google.android.maps.jar", zip file "/system/app/Facebook/Facebook.apk", zip file "/data/data/com.facebook.katana/app_secondary_program_dex/program-9aa81bd480087c49e9445e21fa7fb682498159eb81f3e862.dex.jar", zip file "/data/data/com.facebook.katana/app_secondary_program_dex/program-120dfeb7954c7f00d5afb76be002045660e3019781f3e862.dex.jar", zip file "/data/data/com.facebook.katana/app_secondary_program_dex/program-61020d1be1493c0b30c74f7598f15aba97e6f0fb81f3e862.dex.jar", zip file "/data/data/com.facebook.katana/app_secondary_program_dex/program-24bb8d0618a8e4a6f1ac6b1b34372adc9a7e362b81f3e862.dex.jar", zip file "/data/data/com.facebook.katana/app_secondary_program_dex/program-457210eb65340db71c12a8edcb311e5a8fc586e781f3e862.dex.jar"],nativeLibraryDirectories=[/vendor/lib, /system/lib]]] couldn't find "libfb_stl_shared.so"
04-16 19:55:13.023  5609  5609 W SoLoader: 	at java.lang.Runtime.loadLibrary(Runtime.java:366)
04-16 19:55:13.023  5609  5609 W SoLoader: 	at java.lang.System.loadLibrary(System.java:989)
04-16 19:55:13.023  5609  5609 W SoLoader: 	at com.facebook.soloader.SoLoader.a(SoLoader.java:142)
04-16 19:55:13.023  5609  5609 W SoLoader: 	at com.facebook.jni.Prerequisites.a(Prerequisites.java:37)
