04-16 19:55:07.993  5494  5494 D UserAnalysis.UserAnalysisBroadcastReceiver: Create SecureDbHelper
04-16 19:55:07.998  3496  3526 E ActivityManager: checkUser: useridlist=null, currentuser=0
04-16 19:55:07.998  3496  3526 E ActivityManager: checkUser: useridlist=null, currentuser=0
04-16 19:55:07.998  3496  3526 E ActivityManager: checkUser: useridlist=null, currentuser=0
04-16 19:55:07.998  3496  3526 E ActivityManager: checkUser: useridlist=null, currentuser=0
04-16 19:55:08.003  5538  5538 D ResourcesManager: creating new AssetManager and set to /system/app/MirrorLink/MirrorLink.apk
04-16 19:55:08.013  5554  5554 E Zygote  : MountEmulatedStorage()
04-16 19:55:08.013  5554  5554 E Zygote  : v2
04-16 19:55:08.013  5554  5554 I libpersona: KNOX_SDCARD checking this for 10022
04-16 19:55:08.013  5554  5554 I libpersona: KNOX_SDCARD not a persona
04-16 19:55:08.013  5554  5554 I SELinux : Function: selinux_compare_spd_ram , priority [2] , priority version is VE=SEPF_SM-N910H_5.0.1_0009
04-16 19:55:08.018  5554  5554 E SELinux : [DEBUG] get_category: variable seinfo: platform sensitivity: NULL, cateogry: NULL
04-16 19:55:08.018  3496  3526 I ActivityManager: Start proc com.sec.android.widgetapp.locationwidget for broadcast com.sec.android.widgetapp.locationwidget/.cocktail.LocationWidgetCocktailProvider: pid=5554 uid=10022 gids={50022, 9997, 3003, 3002, 3001, 1028, 1015} abi=armeabi-v7a
04-16 19:55:08.023  3496  3526 I ActivityManager: Killing 1002:com.google.process.gapps/u0a14 (adj 15): bgCount ##31
04-16 19:55:08.033   433  5567 D Mms/FreeMessageReceiverService: onHandleIntent, action : android.intent.action.PACKAGE_REMOVED
04-16 19:55:08.038   433  5567 D Mms/FreeMessageReceiverService: onHandleIntent: ACTION_PACKAGE_REMOVED
04-16 19:55:08.038  4610  4610 W ContextImpl: Calling a method in the system process without a qualified user: android.app.ContextImpl.startService:2064 android.content.ContextWrapper.startService:533 android.content.ContextWrapper.startService:533 com.samsung.android.app.assistantmenu.AssistantMenuReceiver.onReceive:159 android.app.ActivityThread.handleReceiver:2994 
04-16 19:55:08.043  5554  5554 D TimaKeyStoreProvider: TimaSignature is unavailable
04-16 19:55:08.043  5554  5554 D ActivityThread: Added TimaKeyStore provider
04-16 19:55:08.048  5538  5570 D AcmsPackageEventListener: Received: android.intent.action.PACKAGE_REMOVED
04-16 19:55:08.048  5538  5570 W ContextImpl: Calling a method in the system process without a qualified user: android.app.ContextImpl.startService:2064 android.content.ContextWrapper.startService:533 android.content.ContextWrapper.startService:533 com.samsung.android.mirrorlink.acms.receivers.AcmsPackageEventListener$asyncstart.doInBackground:54 com.samsung.android.mirrorlink.acms.receivers.AcmsPackageEventListener$asyncstart.doInBackground:1 
04-16 19:55:08.063  3496  4008 I TactileAssist: enable value -1
04-16 19:55:08.063  3496  4008 I TactileAssist: internal enable value -1
04-16 19:55:08.063  3496  4008 I TactileAssist: intensity value -1
04-16 19:55:08.063  3496  4008 I TactileAssist: saveAppList value true
04-16 19:55:08.068  3496  4008 I TactileAssist: List of disabled apps :
04-16 19:55:08.068  5554  5554 D ResourcesManager: creating new AssetManager and set to /system/priv-app/LocationWidget/LocationWidget.apk
04-16 19:55:08.073  5554  5554 W ResourcesManager: Asset path '/system/framework/com.google.android.maps.jar' does not exist or contains no resources.
04-16 19:55:08.073  5554  5554 W ResourcesManager: Asset path '/system/framework/twframework.jar' does not exist or contains no resources.
04-16 19:55:08.073  5554  5554 W ResourcesManager: Asset path '/system/framework/sws.jar' does not exist or contains no resources.
04-16 19:55:08.073  5538  5538 D AcmsService: Enter Oncreate
04-16 19:55:08.073  5538  5538 D AcmsServiceMonitor: AcmsServiceMonitor.getAcmsSvcMonitor() - Enter
04-16 19:55:08.073  5538  5538 D AcmsService: creating AcmsCore
04-16 19:55:08.073  5538  5538 D AcmsCore: AcmsCore.getAcmsCore() - Enter
04-16 19:55:08.073  5538  5538 D AcmsCore: AcmsCore
04-16 19:55:08.078  3496  3526 E ActivityManager: checkUser: useridlist=null, currentuser=0
04-16 19:55:08.078  3496  3526 E ActivityManager: checkUser: useridlist=null, currentuser=0
04-16 19:55:08.078  3496  3526 E ActivityManager: checkUser: useridlist=null, currentuser=0
04-16 19:55:08.078  3496  3526 E ActivityManager: checkUser: useridlist=null, currentuser=0
04-16 19:55:08.078  5538  5538 D AcmsCore: init
04-16 19:55:08.078  5538  5538 D AcmsCore: Looper handler is not null
04-16 19:55:08.078  5538  5538 D AcmsCore: Post to AcmsCoreHandler
04-16 19:55:08.078  5538  5538 D AcmsServiceMonitor: AcmsServiceMonitor.getAcmsSvcMonitor() - Enter
04-16 19:55:08.078  5538  5538 D AcmsServiceMonitor: Incrementing - Counter value: 1
04-16 19:55:08.078  5538  5538 D AcmsCore: Incremented Counter Value: postToAcmsCoreHandler =>1
04-16 19:55:08.078  5538  5538 D AcmsService: onStartCommand
04-16 19:55:08.078  5538  5538 D AcmsService: Action: android.intent.action.PACKAGE_REMOVED
04-16 19:55:08.078  5538  5572 D AcmsCertificateMngr: AcmsCertificateMngr
04-16 19:55:08.078  5538  5538 D AcmsServiceMonitor: Enter incrementSvcCounter with startId 1
04-16 19:55:08.078  5538  5538 D AcmsServiceMonitor: Incrementing - Counter value: 2
04-16 19:55:08.078  5538  5538 D AcmsService: Incremented Counter Value : onStartCommand
04-16 19:55:08.078  5538  5572 D AcmsRevocationMngr: AcmsRevocationMngr
04-16 19:55:08.103  5574  5574 E Zygote  : MountEmulatedStorage()
04-16 19:55:08.103  5574  5574 I libpersona: KNOX_SDCARD checking this for 1000
04-16 19:55:08.103  5574  5574 E Zygote  : v2
04-16 19:55:08.103  5574  5574 I libpersona: KNOX_SDCARD not a persona
04-16 19:55:08.108  5574  5574 I SELinux : Function: selinux_compare_spd_ram , priority [2] , priority version is VE=SEPF_SM-N910H_5.0.1_0009
04-16 19:55:08.108  5574  5574 E SELinux : [DEBUG] get_category: variable seinfo: platform sensitivity: NULL, cateogry: NULL
04-16 19:55:08.108  3496  3526 I ActivityManager: Start proc com.sec.android.app.popupuireceiver for broadcast com.sec.android.app.popupuireceiver/.PopupuiReceiver: pid=5574 uid=1000 gids={41000, 9997, 3002, 3001, 3003, 1028, 1015, 1007, 1023, 2001, 1024, 1001} abi=armeabi-v7a
04-16 19:55:08.118  5538  5538 D ActivityThread: Loading provider com.samsung.mirrorlink.acms.pkgnames: com.samsung.android.mirrorlink.acms.provider.AcmsPkgNameProvide
04-16 19:55:08.123  3496  3526 E ActivityManager: checkUser: useridlist=null, currentuser=0
04-16 19:55:08.123  3496  3526 E ActivityManager: checkUser: useridlist=null, currentuser=0
04-16 19:55:08.123  3496  3526 E ActivityManager: checkUser: useridlist=null, currentuser=0
04-16 19:55:08.123  3496  3526 E ActivityManager: checkUser: useridlist=null, currentuser=0
04-16 19:55:08.128  5554  5554 I LocationWidgetApplication: onCreate() : start
04-16 19:55:08.128  5554  5554 D LocationWidgetApplication: countryCode = PANAMA
04-16 19:55:08.133  2877  2877 I art     : Explicit concurrent mark sweep GC freed 8751(372KB) AllocSpace objects, 0(0B) LOS objects, 37% free, 26MB/42MB, paused 891us total 24.192ms
04-16 19:55:08.138  5574  5574 D TimaKeyStoreProvider: TimaSignature is unavailable
04-16 19:55:08.143  3496  3568 D AutomaticBrightnessController: mCallbacks.updateBrightness()
04-16 19:55:08.143  5574  5574 D ActivityThread: Added TimaKeyStore provider
04-16 19:55:08.143  3496  3568 D DisplayPowerController: getFinalBrightness : 4 -> 4
04-16 19:55:08.143  3496  3568 D DisplayPowerController: animation target = 4, rate=500 (PSM:false, AB limit:(-1 ~ -1) MB Limit:(-1 ~ -1) MAdj:(0, (0, 255)))
04-16 19:55:08.148  2877  2877 I art     : Explicit concurrent mark sweep GC freed 5(160B) AllocSpace objects, 0(0B) LOS objects, 37% free, 26MB/42MB, paused 807us total 14.447ms
04-16 19:55:08.158  5538  5538 D AcmsService: Inside handle Intent
04-16 19:55:08.158  5538  5538 D AcmsService: App removed - package name: com.trellis
04-16 19:55:08.158  5538  5538 D AcmsCore: Post to AcmsCoreHandler
04-16 19:55:08.158  5538  5538 D AcmsServiceMonitor: AcmsServiceMonitor.getAcmsSvcMonitor() - Enter
04-16 19:55:08.158  5538  5538 D AcmsServiceMonitor: Incrementing - Counter value: 3
04-16 19:55:08.158  5538  5538 D AcmsCore: Incremented Counter Value: postToAcmsCoreHandler =>5
04-16 19:55:08.158  5538  5538 D AcmsService: Decremented Counter Value : handleStartIntent
04-16 19:55:08.158  5538  5538 D AcmsServiceMonitor: Decrementing - Counter value: 2
04-16 19:55:08.168  2877  2877 I art     : Explicit concurrent mark sweep GC freed 5(160B) AllocSpace objects, 0(0B) LOS objects, 37% free, 26MB/42MB, paused 449us total 18.757ms
04-16 19:55:08.183  5591  5591 E Zygote  : MountEmulatedStorage()
04-16 19:55:08.183  5591  5591 I libpersona: KNOX_SDCARD checking this for 1000
04-16 19:55:08.183  5591  5591 E Zygote  : v2
04-16 19:55:08.183  5591  5591 I libpersona: KNOX_SDCARD not a persona
04-16 19:55:08.183  5591  5591 I SELinux : Function: selinux_compare_spd_ram , priority [2] , priority version is VE=SEPF_SM-N910H_5.0.1_0009
04-16 19:55:08.188  5591  5591 E SELinux : [DEBUG] get_category: variable seinfo: platform sensitivity: NULL, cateogry: NULL
04-16 19:55:08.188  3496  3526 I ActivityManager: Start proc com.sec.knox.bridge for broadcast com.sec.knox.bridge/.PersonaShortcutReceiver: pid=5591 uid=1000 gids={41000, 9997, 3002, 3001, 3003, 1028, 1015, 1007, 1023, 2001, 1024, 1001} abi=armeabi-v7a
04-16 19:55:08.203  5591  5591 D TimaKeyStoreProvider: TimaSignature is unavailable
04-16 19:55:08.203  5574  5574 D ResourcesManager: creating new AssetManager and set to /system/app/PopupuiReceiver/PopupuiReceiver.apk
04-16 19:55:08.203  5591  5591 D ActivityThread: Added TimaKeyStore provider
04-16 19:55:08.218  3496  3526 I ActivityManager: Killing 4518:com.samsung.android.sdk.samsunglink/u0a42 (adj 15): bgCount ##31
04-16 19:55:08.218  5591  5591 D ResourcesManager: creating new AssetManager and set to /system/app/Bridge/Bridge.apk
04-16 19:55:08.218  5591  5591 W ResourcesManager: Asset path '/system/framework/twframework.jar' does not exist or contains no resources.
04-16 19:55:08.223  5574  5574 D PopupuiReceiver: onReceive() getAction : android.intent.action.PACKAGE_REMOVED
04-16 19:55:08.223  3496  3527 D LocationManagerService: getProviders()=[]
04-16 19:55:08.223  3496  3527 D LocationManagerService: getProviders()=[passive, gps]
04-16 19:55:08.223  3496  3527 D LocationManagerService: getBestProvider(Criteria[power=LOW acc=LOW], true)=gps
04-16 19:55:08.228  5554  5554 D LWLocationManager: getDeviceLocationId :  id = -100
04-16 19:55:08.228  5554  5554 D LocationWidgetApplication: getLastUiLocationId() : mLastUiLocationId = -100
04-16 19:55:08.228  4592  4592 D Compatibility: onReceive() it will make start service
04-16 19:55:08.228  3496  4211 D SecContentProvider2: uri = -1 selection = getSealedState
04-16 19:55:08.228  3496  4211 D SecContentProvider2: mCursor = null
04-16 19:55:08.233  5591  5591 D RCPManager:  in createShortcut() for packageName: com.trellis userId0
04-16 19:55:08.233  5574  5574 I PopupuiReceiver_KNOX: getSealedState : true
04-16 19:55:08.233  3496  5913 D SecContentProvider2: uri = 15 selection = getSealedHideNotificationMessages
04-16 19:55:08.233  3496  5913 D SecContentProvider2: mCursor = null
04-16 19:55:08.233  5574  5574 I PopupuiReceiver_KNOX: getSealedHideNotificationMessages : 1
04-16 19:55:08.238  3496  4194 D SecContentProvider2: uri = 15 selection = getCheckCoverPopupState
04-16 19:55:08.238  3496  4194 D SecContentProvider2: mCursor = null
04-16 19:55:08.238  3496  3988 D RCPManagerService:  in createShortcut() for packageName: com.trellis userId0
04-16 19:55:08.238  5574  5574 I PopupuiReceiver_KNOX: getCheckCoverPopupState : true
04-16 19:55:08.238  3496  3988 D RCPManagerService: queryAllProviders():  providerCallBack is not register for 0
04-16 19:55:08.238  5574  5574 D PopupuiReceiver: Action package removed
04-16 19:55:08.238  4592  5607 D Compatibility: onHandleIntent()
04-16 19:55:08.238  4592  5607 D Compatibility: intentservice saw: Intent { act=android.intent.action.PACKAGE_REMOVED dat=package:com.trellis flg=0x4000010 cmp=com.sec.android.app.soundalive/.compatibility.Compatibility$Receiver (has extras) } Bundle[{android.intent.extra.REMOVED_FOR_ALL_USERS=true, android.intent.extra.UID=10282, android.intent.extra.DATA_REMOVED=true, android.intent.extra.user_handle=0}]
04-16 19:55:08.243  4592  5607 D Compatibility: found: 2
04-16 19:55:08.243  4592  5607 D Compatibility: saved default: com.sec.android.app.soundalive.SAControlPanelActivity
04-16 19:55:08.243  4592  5607 D Compatibility: skipping ResolveInfo{2c09b11f com.sec.android.app.soundalive/.compatibility.Compatibility$Redirector p=2147483647 m=0x108000}
04-16 19:55:08.243  4592  5607 D Compatibility: considering ResolveInfo{11120c6c com.sec.android.app.soundalive/.SAControlPanelActivity m=0x108000}
04-16 19:55:08.243  4592  5607 D Compatibility: default: com.sec.android.app.soundalive.SAControlPanelActivity
04-16 19:55:08.243  4592  5607 D Compatibility: enabling receiver ResolveInfo{c006235 com.sec.android.app.soundalive/.SAControlPanelReceiver m=0x108000}
04-16 19:55:08.248  5554  5554 I LocationWidgetFuctionData: readDB
04-16 19:55:08.248  4592  5607 D Compatibility: enabling receiver ResolveInfo{241426ca com.sec.android.app.soundalive/.compatibility.HelperGooglePlayMusic m=0x108000}
04-16 19:55:08.248  5554  5554 I LocationWidgetFuctionData: selectedAppSize: 3
04-16 19:55:08.248  5554  5554 I LocationWidgetFuctionData: configPlaceList aroundMeItems
04-16 19:55:08.253  4592  5607 D Compatibility: enabling receiver ResolveInfo{aa2403b com.sec.android.app.soundalive/.SAControlPanelReceiver m=0x108000}
04-16 19:55:08.258  4592  5607 D Compatibility: enabling receiver ResolveInfo{1f498358 com.sec.android.app.soundalive/.compatibility.HelperGooglePlayMusic m=0x108000}
04-16 19:55:08.268  4592  5607 D Compatibility: wrote com.sec.android.app.soundalive/com.sec.android.app.soundalive.SAControlPanelActivity as default
04-16 19:55:08.278  3496  4107 E ActivityManager: checkUser: useridlist=null, currentuser=0
04-16 19:55:08.278  3496  4107 E ActivityManager: checkUser: useridlist=null, currentuser=0
04-16 19:55:08.278  3496  4107 E ActivityManager: checkUser: useridlist=null, currentuser=0
04-16 19:55:08.278  3496  4107 E ActivityManager: checkUser: useridlist=null, currentuser=0
04-16 19:55:08.293  5609  5609 E Zygote  : MountEmulatedStorage()
04-16 19:55:08.293  5609  5609 E Zygote  : v2
04-16 19:55:08.293  5609  5609 I libpersona: KNOX_SDCARD checking this for 10114
04-16 19:55:08.293  5609  5609 I libpersona: KNOX_SDCARD not a persona
04-16 19:55:08.293  5609  5609 I SELinux : Function: selinux_compare_spd_ram , priority [2] , priority version is VE=SEPF_SM-N910H_5.0.1_0009
04-16 19:55:08.298  5609  5609 E SELinux : [DEBUG] get_category: variable seinfo: default sensitivity: NULL, cateogry: NULL
04-16 19:55:08.298  3496  4107 I ActivityManager: Start proc com.facebook.katana:dash for broadcast com.facebook.katana/com.facebook.dash.receivers.DashPackageUninstallReceiver: pid=5609 uid=10114 gids={50114, 9997, 1028, 1015, 3003} abi=armeabi-v7a
04-16 19:55:08.308  4694  4694 I TapandpayWidget:TanpandpayAppWidgetProvider: onReceive()
04-16 19:55:08.308  4694  4694 D TapandpayWidget:TanpandpayAppWidgetProvider: onReceive() - action : android.intent.action.PACKAGE_REMOVED / mCurIndex :-10
04-16 19:55:08.308  4694  4694 I TapandpayWidget:Utils: Clear T&P info.
04-16 19:55:08.313  4694  4694 D TapandpayWidget:TanpandpayAppWidgetProvider: Widget is not attached.
04-16 19:55:08.313  3496  4107 I ActivityManager: Killing 1076:com.sec.android.app.myfiles/u0a53 (adj 15): bgCount ##31
04-16 19:55:08.323  3496  4107 I ActivityManager: Killing 949:com.sec.android.automotive.drivelink/u0a102 (adj 15): bgCount ##31
04-16 19:55:08.328  5609  5609 D TimaKeyStoreProvider: TimaSignature is unavailable
04-16 19:55:08.328  5609  5609 D ActivityThread: Added TimaKeyStore provider
04-16 19:55:08.328  3496  3568 D AutomaticBrightnessController: mCallbacks.updateBrightness()
04-16 19:55:08.328  3496  3568 D DisplayPowerController: getFinalBrightness : 4 -> 4
04-16 19:55:08.328  3496  3568 D DisplayPowerController: animation target = 4, rate=500 (PSM:false, AB limit:(-1 ~ -1) MB Limit:(-1 ~ -1) MAdj:(0, (0, 255)))
04-16 19:55:08.338  5586  5586 D AndroidRuntime: 
04-16 19:55:08.338  5586  5586 D AndroidRuntime: >>>>>> AndroidRuntime START com.android.internal.os.RuntimeInit <<<<<<
04-16 19:55:08.338  5586  5586 D AndroidRuntime: CheckJNI is OFF
04-16 19:55:08.338  5586  5586 D AndroidRuntime: readGMSProperty: start
04-16 19:55:08.338  5586  5586 D AndroidRuntime: readGMSProperty: already setted!!
04-16 19:55:08.338  5554  5554 I LocationWidgetFuctionData: selectedAppSize: 3
04-16 19:55:08.338  5586  5586 D AndroidRuntime: readGMSProperty: end
04-16 19:55:08.338  5586  5586 D AndroidRuntime: addProductProperty: start
04-16 19:55:08.343  5554  5554 I LocationWidgetFuctionData: selectedAppSize: 3
04-16 19:55:08.343  5554  5554 I LocationWidgetFuctionData: selectedAppSize: 3
04-16 19:55:08.348  5609  5609 D ResourcesManager: creating new AssetManager and set to /system/app/Facebook/Facebook.apk
04-16 19:55:08.348  5554  5554 I LocationWidgetFuctionData: selectedAppSize: 3
04-16 19:55:08.373  3496  4113 I ActivityManager: Killing 783:com.samsung.android.app.filterinstaller/1000 (adj 15): bgCount ##31
04-16 19:55:08.383  3496  4191 E ActivityManager: checkUser: useridlist=null, currentuser=0
04-16 19:55:08.383  3496  4191 E ActivityManager: checkUser: useridlist=null, currentuser=0
04-16 19:55:08.383  3496  4191 E ActivityManager: checkUser: useridlist=null, currentuser=0
04-16 19:55:08.383  3496  4191 E ActivityManager: checkUser: useridlist=null, currentuser=0
04-16 19:55:08.398  5635  5635 E Zygote  : MountEmulatedStorage()
04-16 19:55:08.398  5635  5635 E Zygote  : v2
04-16 19:55:08.398  5635  5635 I libpersona: KNOX_SDCARD checking this for 1000
04-16 19:55:08.398  5635  5635 I libpersona: KNOX_SDCARD not a persona
04-16 19:55:08.398  5635  5635 I SELinux : Function: selinux_compare_spd_ram , priority [2] , priority version is VE=SEPF_SM-N910H_5.0.1_0009
04-16 19:55:08.398  5635  5635 E SELinux : [DEBUG] get_category: variable seinfo: platform sensitivity: NULL, cateogry: NULL
04-16 19:55:08.403  5609  5609 W ResourcesManager: Asset path '/system/framework/com.google.android.maps.jar' does not exist or contains no resources.
04-16 19:55:08.403  3496  4191 I ActivityManager: Start proc com.sec.pcw.device for broadcast com.sec.pcw.device/.receiver.SYSTEMReceiver: pid=5635 uid=1000 gids={41000, 9997, 3002, 3001, 3003, 1028, 1015, 1007, 1023, 2001, 1024, 1001} abi=armeabi-v7a
04-16 19:55:08.408  3496  4191 I ActivityManager: Killing 802:com.samsung.android.app.watchmanagerstub/u0a121 (adj 13): bgCount ##31
04-16 19:55:08.418  5586  5586 E AffinityControl: AffinityControl: registerfunction enter
04-16 19:55:08.428  5635  5635 D TimaKeyStoreProvider: TimaSignature is unavailable
04-16 19:55:08.428  5635  5635 D ActivityThread: Added TimaKeyStore provider
04-16 19:55:08.433 24199  5363 I PeopleContactsSync: triggerPendingContactsCleanup: no accounts
04-16 19:55:08.433  5586  5586 D AndroidRuntime: Calling main entry com.android.commands.pm.Pm
04-16 19:55:08.448  5609  5609 D CatchMeIfYouCan: Process (dash) ca: '/data/data/com.facebook.katana/app_cmiyc/0C66B38F48468E96F8008B6D5A2AE33B4A60265E01'
04-16 19:55:08.448  5609  5609 D CatchMeIfYouCan: Process (dash) fc: '/data/data/com.facebook.katana/app_cmiyc/0C66B38F48468E96F8008B6D5A2AE33B4A60265E02'
04-16 19:55:08.448  5609  5609 D CatchMeIfYouCan: Process (dash) cp: '('dash', 6, 60000, silent [true], restart [true], logout [true])'
04-16 19:55:08.453  5609  5609 D ACRA    : ACRA is enabled for com.facebook.katana, intializing...
04-16 19:55:08.453 24199  4129 I Icing   : doRemovePackageData com.trellis
04-16 19:55:08.463  5635  5635 D ResourcesManager: creating new AssetManager and set to /system/priv-app/PCWClientS18/PCWClientS18.apk
04-16 19:55:08.468 24199  5364 I LocationSettingsChecker: Removing dialog suppression flag for package com.trellis
04-16 19:55:08.473  5609  5609 D ACRA    : Looking for error files in /data/data/com.facebook.katana/app_acra-reports
04-16 19:55:08.473  5609  5609 D ACRA    : Looking for error files in /data/data/com.facebook.katana/app_minidumps
04-16 19:55:08.478  5609  5609 W SoLoader: Failed to load library!
04-16 19:55:08.478  5609  5609 W SoLoader: java.lang.UnsatisfiedLinkError: dalvik.system.PathClassLoader[DexPathList[[zip file "/system/framework/com.google.android.maps.jar", zip file "/system/app/Facebook/Facebook.apk"],nativeLibraryDirectories=[/vendor/lib, /system/lib]]] couldn't find "libfb_stl_shared.so"
04-16 19:55:08.478  5609  5609 W SoLoader: 	at java.lang.Runtime.loadLibrary(Runtime.java:366)
04-16 19:55:08.478  5609  5609 W SoLoader: 	at java.lang.System.loadLibrary(System.java:989)
04-16 19:55:08.478  5609  5609 W SoLoader: 	at com.facebook.soloader.SoLoader.a(SoLoader.java:142)
04-16 19:55:08.478  5609  5609 W SoLoader: 	at com.facebook.breakpad.BreakpadManager.b(BreakpadManager.java:62)
04-16 19:55:08.478  5609  5609 W SoLoader: 	at com.facebook.katana.app.FacebookApplication.b(FacebookApplication.java:168)
04-16 19:55:08.478  5609  5609 W SoLoader: 	at com.facebook.base.app.DelegatingApplication.attachBaseContext(DelegatingApplication.java:58)
04-16 19:55:08.478  5609  5609 W SoLoader: 	at android.app.Application.attach(Application.java:205)
04-16 19:55:08.478  5609  5609 W SoLoader: 	at android.app.Instrumentation.newApplication(Instrumentation.java:1004)
04-16 19:55:08.478  5609  5609 W SoLoader: 	at android.app.Instrumentation.newApplication(Instrumentation.java:988)
04-16 19:55:08.478  5609  5609 W SoLoader: 	at android.app.LoadedApk.makeApplication(LoadedApk.java:620)
04-16 19:55:08.478  5609  5609 W SoLoader: 	at android.app.ActivityThread.handleBindApplication(ActivityThread.java:5088)
04-16 19:55:08.478  5609  5609 W SoLoader: 	at android.app.ActivityThread.access$1600(ActivityThread.java:178)
04-16 19:55:08.478  5609  5609 W SoLoader: 	at android.app.ActivityThread$H.handleMessage(ActivityThread.java:1510)
04-16 19:55:08.478  5609  5609 W SoLoader: 	at android.os.Handler.dispatchMessage(Handler.java:102)
04-16 19:55:08.478  5609  5609 W SoLoader: 	at android.os.Looper.loop(Looper.java:145)
04-16 19:55:08.478  5609  5609 W SoLoader: 	at android.app.ActivityThread.main(ActivityThread.java:5944)
04-16 19:55:08.478  5609  5609 W SoLoader: 	at java.lang.reflect.Method.invoke(Native Method)
04-16 19:55:08.478  5609  5609 W SoLoader: 	at java.lang.reflect.Method.invoke(Method.java:372)
04-16 19:55:08.478  5609  5609 W SoLoader: 	at com.android.internal.os.ZygoteInit$MethodAndArgsCaller.run(ZygoteInit.java:1399)
04-16 19:55:08.478  5609  5609 W SoLoader: 	at com.android.internal.os.ZygoteInit.main(ZygoteInit.java:1194)
04-16 19:55:08.478  5609  5609 W SoLoader: Failed to load library!
04-16 19:55:08.478  5609  5609 W SoLoader: java.lang.UnsatisfiedLinkError: dalvik.system.PathClassLoader[DexPathList[[zip file "/system/framework/com.google.android.maps.jar", zip file "/system/app/Facebook/Facebook.apk"],nativeLibraryDirectories=[/vendor/lib, /system/lib]]] couldn't find "libfb_breakpad_client.so"
04-16 19:55:08.478  5609  5609 W SoLoader: 	at java.lang.Runtime.loadLibrary(Runtime.java:366)
04-16 19:55:08.478  5609  5609 W SoLoader: 	at java.lang.System.loadLibrary(System.java:989)
04-16 19:55:08.478  5609  5609 W SoLoader: 	at com.facebook.soloader.SoLoader.a(SoLoader.java:142)
04-16 19:55:08.478  5609  5609 W SoLoader: 	at com.facebook.breakpad.BreakpadManager.b(BreakpadManager.java:63)
04-16 19:55:08.478  5609  5609 W SoLoader: 	at com.facebook.katana.app.FacebookApplication.b(FacebookApplication.java:168)
04-16 19:55:08.478  5609  5609 W SoLoader: 	at com.facebook.base.app.DelegatingApplication.attachBaseContext(DelegatingApplication.java:58)
04-16 19:55:08.478  5609  5609 W SoLoader: 	at android.app.Application.attach(Application.java:205)
04-16 19:55:08.478  5609  5609 W SoLoader: 	at android.app.Instrumentation.newApplication(Instrumentation.java:1004)
04-16 19:55:08.478  5609  5609 W SoLoader: 	at android.app.Instrumentation.newApplication(Instrumentation.java:988)
04-16 19:55:08.478  5609  5609 W SoLoader: 	at android.app.LoadedApk.makeApplication(LoadedApk.java:620)
04-16 19:55:08.478  5609  5609 W SoLoader: 	at android.app.ActivityThread.handleBindApplication(ActivityThread.java:5088)
04-16 19:55:08.478  5609  5609 W SoLoader: 	at android.app.ActivityThread.access$1600(ActivityThread.java:178)
04-16 19:55:08.478  5609  5609 W SoLoader: 	at android.app.ActivityThread$H.handleMessage(ActivityThread.java:1510)
04-16 19:55:08.478  5609  5609 W SoLoader: 	at android.os.Handler.dispatchMessage(Handler.java:102)
04-16 19:55:08.478  5609  5609 W SoLoader: 	at android.os.Looper.loop(Looper.java:145)
04-16 19:55:08.478  5609  5609 W SoLoader: 	at android.app.ActivityThread.main(ActivityThread.java:5944)
04-16 19:55:08.478  5609  5609 W SoLoader: 	at java.lang.reflect.Method.invoke(Native Method)
04-16 19:55:08.478  5609  5609 W SoLoader: 	at java.lang.reflect.Method.invoke(Method.java:372)
04-16 19:55:08.478  5609  5609 W SoLoader: 	at com.android.internal.os.ZygoteInit$MethodAndArgsCaller.run(ZygoteInit.java:1399)
04-16 19:55:08.478  5609  5609 W SoLoader: 	at com.android.internal.os.ZygoteInit.main(ZygoteInit.java:1194)
04-16 19:55:08.483  5609  5609 I DexLibLoader: not using cross-dex optimization: ART in use
04-16 19:55:08.483  5609  5609 W SoLoader: Failed to load library!
04-16 19:55:08.483  5609  5609 W SoLoader: java.lang.UnsatisfiedLinkError: dalvik.system.PathClassLoader[DexPathList[[zip file "/system/framework/com.google.android.maps.jar", zip file "/system/app/Facebook/Facebook.apk"],nativeLibraryDirectories=[/vendor/lib, /system/lib]]] couldn't find "libfb_dalvik-internals.so"
04-16 19:55:08.483  5609  5609 W SoLoader: 	at java.lang.Runtime.loadLibrary(Runtime.java:366)
04-16 19:55:08.483  5609  5609 W SoLoader: 	at java.lang.System.loadLibrary(System.java:989)
04-16 19:55:08.483  5609  5609 W SoLoader: 	at com.facebook.soloader.SoLoader.a(SoLoader.java:142)
04-16 19:55:08.483  5609  5609 W SoLoader: 	at com.facebook.dalvik.DalvikInternals.<clinit>(DalvikInternals.java:14)
04-16 19:55:08.483  5609  5609 W SoLoader: 	at com.facebook.common.dextricks.DexLibLoader.c(DexLibLoader.java:1162)
04-16 19:55:08.483  5609  5609 W SoLoader: 	at com.facebook.common.dextricks.DexLibLoader.a(DexLibLoader.java:1498)
04-16 19:55:08.483  5609  5609 W SoLoader: 	at com.facebook.katana.app.FacebookApplication.e(FacebookApplication.java:244)
04-16 19:55:08.483  5609  5609 W SoLoader: 	at com.facebook.katana.app.FacebookApplication.a(FacebookApplication.java:201)
04-16 19:55:08.483  5609  5609 W SoLoader: 	at com.facebook.base.app.DelegatingApplication.e(DelegatingApplication.java:32)
04-16 19:55:08.483  5609  5609 W SoLoader: 	at com.facebook.base.app.DelegatingApplication.attachBaseContext(DelegatingApplication.java:59)
04-16 19:55:08.483  5609  5609 W SoLoader: 	at android.app.Application.attach(Application.java:205)
04-16 19:55:08.483  5609  5609 W SoLoader: 	at android.app.Instrumentation.newApplication(Instrumentation.java:1004)
04-16 19:55:08.483  5609  5609 W SoLoader: 	at android.app.Instrumentation.newApplication(Instrumentation.java:988)
04-16 19:55:08.483  5609  5609 W SoLoader: 	at android.app.LoadedApk.makeApplication(LoadedApk.java:620)
04-16 19:55:08.483  5609  5609 W SoLoader: 	at android.app.ActivityThread.handleBindApplication(ActivityThread.java:5088)
04-16 19:55:08.483  5609  5609 W SoLoader: 	at android.app.ActivityThread.access$1600(ActivityThread.java:178)
04-16 19:55:08.483  5609  5609 W SoLoader: 	at android.app.ActivityThread$H.handleMessage(ActivityThread.java:1510)
04-16 19:55:08.483  5609  5609 W SoLoader: 	at android.os.Handler.dispatchMessage(Handler.java:102)
04-16 19:55:08.483  5609  5609 W SoLoader: 	at android.os.Looper.loop(Looper.java:145)
04-16 19:55:08.483  5609  5609 W SoLoader: 	at android.app.ActivityThread.main(ActivityThread.java:5944)
04-16 19:55:08.483  5609  5609 W SoLoader: 	at java.lang.reflect.Method.invoke(Native Method)
04-16 19:55:08.483  5609  5609 W SoLoader: 	at java.lang.reflect.Method.invoke(Method.java:372)
04-16 19:55:08.483  5609  5609 W SoLoader: 	at com.android.internal.os.ZygoteInit$MethodAndArgsCaller.run(ZygoteInit.java:1399)
04-16 19:55:08.483  5609  5609 W SoLoader: 	at com.android.internal.os.ZygoteInit.main(ZygoteInit.java:1194)
04-16 19:55:08.483  5609  5609 I dalvik-internals: dlopen(libdvm) failed: no Dalvik modifications possible
04-16 19:55:08.483  5609  5609 V DexLibLoader: about to lock odex store
04-16 19:55:08.483  5609  5609 V DexLibLoader: locking odex store took 0 ms
04-16 19:55:08.488  5609  5609 V DexLibLoader: Secondary program dex metadata: secondary-1.dex.jar.xz 9aa81bd480087c49e9445e21fa7fb682498159eb secondary.dex01.Canary
04-16 19:55:08.488  5609  5609 V DexLibLoader: Secondary program dex metadata: secondary-2.dex.jar.xz 120dfeb7954c7f00d5afb76be002045660e30197 secondary.dex02.Canary
04-16 19:55:08.488  5609  5609 V DexLibLoader: Secondary program dex metadata: secondary-3.dex.jar.xz 61020d1be1493c0b30c74f7598f15aba97e6f0fb secondary.dex03.Canary
04-16 19:55:08.488  5609  5609 V DexLibLoader: Secondary program dex metadata: secondary-4.dex.jar.xz 24bb8d0618a8e4a6f1ac6b1b34372adc9a7e362b secondary.dex04.Canary
04-16 19:55:08.488  5609  5609 V DexLibLoader: Secondary program dex metadata: secondary-5.dex.jar.xz 457210eb65340db71c12a8edcb311e5a8fc586e7 secondary.dex05.Canary
04-16 19:55:08.488  5609  5609 V DexLibLoader: directory "/data/data/com.facebook.katana/app_secondary_program_dex" contains "program-9aa81bd480087c49e9445e21fa7fb682498159eb81f3e862.dex.jar" as expected
04-16 19:55:08.488  5609  5609 V DexLibLoader: directory "/data/data/com.facebook.katana/app_secondary_program_dex" contains "program-120dfeb7954c7f00d5afb76be002045660e3019781f3e862.dex.jar" as expected
04-16 19:55:08.488  5609  5609 V DexLibLoader: directory "/data/data/com.facebook.katana/app_secondary_program_dex" contains "program-61020d1be1493c0b30c74f7598f15aba97e6f0fb81f3e862.dex.jar" as expected
04-16 19:55:08.488  5609  5609 V DexLibLoader: directory "/data/data/com.facebook.katana/app_secondary_program_dex" contains "program-24bb8d0618a8e4a6f1ac6b1b34372adc9a7e362b81f3e862.dex.jar" as expected
04-16 19:55:08.488  5609  5609 V DexLibLoader: directory "/data/data/com.facebook.katana/app_secondary_program_dex" contains "program-457210eb65340db71c12a8edcb311e5a8fc586e781f3e862.dex.jar" as expected
04-16 19:55:08.488  5609  5609 D DexLibLoader: directory "/data/data/com.facebook.katana/app_secondary_program_dex" is valid
04-16 19:55:08.488  5609  5609 V DexLibLoader: directory "/data/data/com.facebook.katana/app_secondary_program_dex_opt" contains "program-9aa81bd480087c49e9445e21fa7fb682498159eb81f3e862.dex.dex" as expected
04-16 19:55:08.488  5609  5609 V DexLibLoader: directory "/data/data/com.facebook.katana/app_secondary_program_dex_opt" contains "program-120dfeb7954c7f00d5afb76be002045660e3019781f3e862.dex.dex" as expected
04-16 19:55:08.488  5609  5609 V DexLibLoader: directory "/data/data/com.facebook.katana/app_secondary_program_dex_opt" contains "program-61020d1be1493c0b30c74f7598f15aba97e6f0fb81f3e862.dex.dex" as expected
04-16 19:55:08.488  5609  5609 V DexLibLoader: directory "/data/data/com.facebook.katana/app_secondary_program_dex_opt" contains "program-24bb8d0618a8e4a6f1ac6b1b34372adc9a7e362b81f3e862.dex.dex" as expected
04-16 19:55:08.488  5609  5609 V DexLibLoader: directory "/data/data/com.facebook.katana/app_secondary_program_dex_opt" contains "program-457210eb65340db71c12a8edcb311e5a8fc586e781f3e862.dex.dex" as expected
04-16 19:55:08.488  5609  5609 D DexLibLoader: directory "/data/data/com.facebook.katana/app_secondary_program_dex_opt" is valid
04-16 19:55:08.488 24199 24391 I Icing   : IndexChimeraService.getServiceInterface callingPackage=com.google.android.gms componentName=AppsCorpus serviceId=SEARCH_CORPORA
04-16 19:55:08.488  5609  5609 D DexLibLoader: loading pre-built fallback odex files
04-16 19:55:08.488 24199 24440 I Icing   : IndexChimeraService.getServiceInterface callingPackage=com.google.android.gms componentName=AppsCorpus serviceId=SEARCH_QUERIES
04-16 19:55:08.493  5609  5609 D DexLibLoader: released odex store lock
04-16 19:55:08.493  5609  5609 D DexLibLoader: DexLibLoader.loadAll took 10 ms
04-16 19:55:08.493  5609  5609 D SystemClassLoaderAdder: Marked as initialized entry corresponding to path /system/app/Facebook/Facebook.apk
04-16 19:55:08.503  5635  5635 I PCWCLIENTTRACE_LOG: DEFAULT_LOGON : true
04-16 19:55:08.503  5635  5635 I PCWCLIENTTRACE_LOG: DEFAULT_LOGLEVEL : 3
04-16 19:55:08.503  5635  5635 I PCWCLIENTTRACE_DMDBOpenHelper: new DMDBOpenHelper instance
04-16 19:55:08.508 24199  1821 I ContentMaintenance: Internal cache bytes used: 0; limit: 100000000; download size: 0
04-16 19:55:08.518  5635  5635 I PCWCLIENTTRACE_PushUtil: SPPPushClient is installed : true
04-16 19:55:08.518  5635  5635 I PCWCLIENTTRACE_PushUtil: sales region : global
04-16 19:55:08.518  5635  5635 I PCWCLIENTTRACE_PushUtil: getPushTypeList : [SPP, GCM]
04-16 19:55:08.518  5635  5635 I PCWCLIENTTRACE_SYSTEMReceiver: [onReceive] - android.intent.action.PACKAGE_REMOVED
04-16 19:55:08.518  3496  3568 D AutomaticBrightnessController: mCallbacks.updateBrightness()
04-16 19:55:08.518  3496  3568 D DisplayPowerController: getFinalBrightness : 4 -> 4
04-16 19:55:08.518  3496  3568 D DisplayPowerController: animation target = 4, rate=500 (PSM:false, AB limit:(-1 ~ -1) MB Limit:(-1 ~ -1) MAdj:(0, (0, 255)))
04-16 19:55:08.523  5586  5586 D AndroidRuntime: Shutting down VM
04-16 19:55:08.523 24199  1821 I RealtimeCacheCleanup: Beginning Realtime garbage collection.
04-16 19:55:08.528 24199  1821 I RealtimeCacheCleanup: Finished Realtime garbage collection.
04-16 19:55:08.533  3496  5913 E ActivityManager: checkUser: useridlist=null, currentuser=0
04-16 19:55:08.533  3496  5913 E ActivityManager: checkUser: useridlist=null, currentuser=0
04-16 19:55:08.533  5609  5609 E DalvikReplaceBuffer: Failed to replace LinearAlloc buffer (at size 33554432). Continuing with standard buffer.
04-16 19:55:08.533  5609  5609 E DalvikReplaceBuffer: java.io.IOException: Could not find LinearAlloc memory mapping.
04-16 19:55:08.533  5609  5609 E DalvikReplaceBuffer: 	at com.facebook.dalvik.DalvikInternals.a(DalvikInternals.java:103)
04-16 19:55:08.533  5609  5609 E DalvikReplaceBuffer: 	at com.facebook.dalvik.DalvikReplaceBuffer.b(DalvikReplaceBuffer.java:83)
04-16 19:55:08.533  5609  5609 E DalvikReplaceBuffer: 	at com.facebook.dalvik.DalvikReplaceBuffer.a(DalvikReplaceBuffer.java:60)
04-16 19:55:08.533  5609  5609 E DalvikReplaceBuffer: 	at com.facebook.katana.app.FacebookApplication.a(FacebookApplication.java:218)
04-16 19:55:08.533  5609  5609 E DalvikReplaceBuffer: 	at com.facebook.base.app.DelegatingApplication.e(DelegatingApplication.java:32)
04-16 19:55:08.533  5609  5609 E DalvikReplaceBuffer: 	at com.facebook.base.app.DelegatingApplication.attachBaseContext(DelegatingApplication.java:59)
04-16 19:55:08.533  5609  5609 E DalvikReplaceBuffer: 	at android.app.Application.attach(Application.java:205)
04-16 19:55:08.533  5609  5609 E DalvikReplaceBuffer: 	at android.app.Instrumentation.newApplication(Instrumentation.java:1004)
04-16 19:55:08.533  5609  5609 E DalvikReplaceBuffer: 	at android.app.Instrumentation.newApplication(Instrumentation.java:988)
04-16 19:55:08.533  5609  5609 E DalvikReplaceBuffer: 	at android.app.LoadedApk.makeApplication(LoadedApk.java:620)
04-16 19:55:08.533  5609  5609 E DalvikReplaceBuffer: 	at android.app.ActivityThread.handleBindApplication(ActivityThread.java:5088)
04-16 19:55:08.533  5609  5609 E DalvikReplaceBuffer: 	at android.app.ActivityThread.access$1600(ActivityThread.java:178)
04-16 19:55:08.533  5609  5609 E DalvikReplaceBuffer: 	at android.app.ActivityThread$H.handleMessage(ActivityThread.java:1510)
04-16 19:55:08.533  5609  5609 E DalvikReplaceBuffer: 	at android.os.Handler.dispatchMessage(Handler.java:102)
04-16 19:55:08.533  5609  5609 E DalvikReplaceBuffer: 	at android.os.Looper.loop(Looper.java:145)
04-16 19:55:08.533  5609  5609 E DalvikReplaceBuffer: 	at android.app.ActivityThread.main(ActivityThread.java:5944)
04-16 19:55:08.533  5609  5609 E DalvikReplaceBuffer: 	at java.lang.reflect.Method.invoke(Native Method)
04-16 19:55:08.533  5609  5609 E DalvikReplaceBuffer: 	at java.lang.reflect.Method.invoke(Method.java:372)
04-16 19:55:08.533  5609  5609 E DalvikReplaceBuffer: 	at com.android.internal.os.ZygoteInit$MethodAndArgsCaller.run(ZygoteInit.java:1399)
04-16 19:55:08.533  5609  5609 E DalvikReplaceBuffer: 	at com.android.internal.os.ZygoteInit.main(ZygoteInit.java:1194)
04-16 19:55:08.533  3496  5913 E ActivityManager: checkUser: useridlist=null, currentuser=0
04-16 19:55:08.533  3496  5913 E ActivityManager: checkUser: useridlist=null, currentuser=0
04-16 19:55:08.538 24199  4129 I Icing   : Usage reports ok 0, Failed Usage reports 0, indexed 0, rejected 0, imm upload false
04-16 19:55:08.548  5657  5657 E Zygote  : MountEmulatedStorage()
04-16 19:55:08.548  5657  5657 E Zygote  : v2
04-16 19:55:08.548  5657  5657 I libpersona: KNOX_SDCARD checking this for 10035
04-16 19:55:08.548  5657  5657 I libpersona: KNOX_SDCARD not a persona
04-16 19:55:08.548  5657  5657 I SELinux : Function: selinux_compare_spd_ram , priority [2] , priority version is VE=SEPF_SM-N910H_5.0.1_0009
04-16 19:55:08.553  5657  5657 E SELinux : [DEBUG] get_category: variable seinfo: platform sensitivity: NULL, cateogry: NULL
04-16 19:55:08.553  3496  5913 I ActivityManager: Start proc com.samsung.android.app.galaxyfinder for broadcast com.samsung.android.app.galaxyfinder/.ApplicationStatusReceiver: pid=5657 uid=10035 gids={50035, 9997, 1028, 1015, 3003, 3002} abi=armeabi-v7a
04-16 19:55:08.553  3496  5913 I ActivityManager: Killing 4635:com.samsung.helphub/1000 (adj 15): bgCount ##31
04-16 19:55:08.568  5657  5657 D TimaKeyStoreProvider: TimaSignature is unavailable
04-16 19:55:08.568  5657  5657 D ActivityThread: Added TimaKeyStore provider
04-16 19:55:08.568 24199  4129 I Icing   : Usage reports ok 0, Failed Usage reports 0, indexed 0, rejected 0, imm upload false
04-16 19:55:08.573  5657  5657 D ResourcesManager: creating new AssetManager and set to /system/priv-app/SFinder/SFinder.apk
04-16 19:55:08.588  5657  5672 I FeatureConfig: init() refresh[false], Select[false], DisplayOrder[false], HelpMenu[false]
04-16 19:55:08.593  5657  5672 D ResourcesManager: creating new AssetManager and set to /system/priv-app/SecMms_Candy/SecMms_Candy.apk
04-16 19:55:08.598  5657  5672 W ResourcesManager: Asset path '/system/framework/minimode.jar' does not exist or contains no resources.
04-16 19:55:08.598  5657  5672 W ResourcesManager: Asset path '/system/framework/com.google.android.maps.jar' does not exist or contains no resources.
04-16 19:55:08.598  5657  5672 W ResourcesManager: Asset path '/system/framework/multiwindow.jar' does not exist or contains no resources.
04-16 19:55:08.598  5657  5672 W ResourcesManager: Asset path '/system/framework/twframework.jar' does not exist or contains no resources.
04-16 19:55:08.598  5657  5672 W ResourcesManager: Asset path '/system/framework/secvision.jar' does not exist or contains no resources.
04-16 19:55:08.598  5657  5672 W ResourcesManager: Asset path '/system/framework/imsmanager.jar' does not exist or contains no resources.
04-16 19:55:08.603  5657  5672 D ResourcesManager: creating new AssetManager and set to /system/priv-app/Scrapbook/Scrapbook.apk
04-16 19:55:08.603  5657  5672 W ResourcesManager: Asset path '/system/framework/twframework.jar' does not exist or contains no resources.
04-16 19:55:08.603  5657  5672 W ResourcesManager: Asset path '/system/framework/SmpsManager.jar' does not exist or contains no resources.
04-16 19:55:08.603  5657  5672 W ResourcesManager: Asset path '/system/framework/secvision.jar' does not exist or contains no resources.
04-16 19:55:08.608  5657  5672 D ResourcesManager: creating new AssetManager and set to /system/priv-app/SecSettings/SecSettings.apk
04-16 19:55:08.608  5657  5672 W ResourcesManager: Asset path '/system/framework/sec_platform_library.jar' does not exist or contains no resources.
04-16 19:55:08.608  5657  5672 W ResourcesManager: Asset path '/system/framework/smatlib.jar' does not exist or contains no resources.
04-16 19:55:08.608  5657  5672 W ResourcesManager: Asset path '/system/framework/secvisualeffect.jar' does not exist or contains no resources.
04-16 19:55:08.608  5657  5672 W ResourcesManager: Asset path '/system/framework/sechardware.jar' does not exist or contains no resources.
04-16 19:55:08.608  5657  5672 W ResourcesManager: Asset path '/system/framework/com.google.android.maps.jar' does not exist or contains no resources.
04-16 19:55:08.608  5657  5672 W ResourcesManager: Asset path '/system/framework/twframework.jar' does not exist or contains no resources.
04-16 19:55:08.608  5657  5672 W ResourcesManager: Asset path '/system/framework/com.broadcom.bt.jar' does not exist or contains no resources.
04-16 19:55:08.613  5657  5672 D ResourcesManager: creating new AssetManager and set to /system/app/InteractiveTutorial/InteractiveTutorial.apk
04-16 19:55:08.618  3496  3625 E ActivityManager: checkUser: useridlist=null, currentuser=0
04-16 19:55:08.618  3496  3625 E ActivityManager: checkUser: useridlist=null, currentuser=0
04-16 19:55:08.618  3496  3625 E ActivityManager: checkUser: useridlist=null, currentuser=0
04-16 19:55:08.618  3496  3625 E ActivityManager: checkUser: useridlist=null, currentuser=0
04-16 19:55:08.623  5657  5672 D ResourcesManager: creating new AssetManager and set to /system/app/SPlanner_OS_UPG/SPlanner_OS_UPG.apk
04-16 19:55:08.623  5657  5672 W ResourcesManager: Asset path '/system/framework/sechardware.jar' does not exist or contains no resources.
04-16 19:55:08.623  5657  5672 W ResourcesManager: Asset path '/system/framework/com.google.android.maps.jar' does not exist or contains no resources.
04-16 19:55:08.623  5657  5672 W ResourcesManager: Asset path '/system/framework/twframework.jar' does not exist or contains no resources.
04-16 19:55:08.623  5657  5672 W ResourcesManager: Asset path '/system/framework/SmpsManager.jar' does not exist or contains no resources.
04-16 19:55:08.628  5675  5675 E Zygote  : MountEmulatedStorage()
04-16 19:55:08.628  5675  5675 I libpersona: KNOX_SDCARD checking this for 10036
04-16 19:55:08.628  5675  5675 E Zygote  : v2
04-16 19:55:08.628  5675  5675 I libpersona: KNOX_SDCARD not a persona
04-16 19:55:08.628  5675  5675 I SELinux : Function: selinux_compare_spd_ram , priority [2] , priority version is VE=SEPF_SM-N910H_5.0.1_0009
04-16 19:55:08.628  5675  5675 E SELinux : [DEBUG] get_category: variable seinfo: release sensitivity: NULL, cateogry: NULL
04-16 19:55:08.633  3496  3625 I ActivityManager: Start proc com.sec.android.app.shealth for broadcast com.sec.android.app.shealth/.receiver.InstalledReceiver: pid=5675 uid=10036 gids={50036, 9997, 3003, 1028, 1015, 3001, 3002} abi=armeabi-v7a
04-16 19:55:08.633  3496  3625 I ActivityManager: Killing 4842:com.android.externalstorage/u0a9 (adj 15): bgCount ##31
04-16 19:55:08.633  5657  5672 D ResourcesManager: creating new AssetManager and set to /system/priv-app/SecContacts_Note/SecContacts_Note.apk
04-16 19:55:08.638  5657  5672 W ResourcesManager: Asset path '/system/framework/smatlib.jar' does not exist or contains no resources.
04-16 19:55:08.638  5657  5672 W ResourcesManager: Asset path '/system/framework/twframework.jar' does not exist or contains no resources.
04-16 19:55:08.638  5657  5672 W ResourcesManager: Asset path '/system/framework/imsmanager.jar' does not exist or contains no resources.
04-16 19:55:08.643  5657  5672 D ResourcesManager: creating new AssetManager and set to /system/priv-app/SecGallery2014L/SecGallery2014L.apk
04-16 19:55:08.643  5657  5672 W ResourcesManager: Asset path '/system/framework/sechardware.jar' does not exist or contains no resources.
04-16 19:55:08.643  5657  5672 W ResourcesManager: Asset path '/system/framework/com.google.android.maps.jar' does not exist or contains no resources.
04-16 19:55:08.643  5657  5672 W ResourcesManager: Asset path '/system/framework/multiwindow.jar' does not exist or contains no resources.
04-16 19:55:08.643  5657  5672 W ResourcesManager: Asset path '/system/framework/twframework.jar' does not exist or contains no resources.
04-16 19:55:08.643  5657  5672 W ResourcesManager: Asset path '/system/framework/secimaging.jar' does not exist or contains no resources.
04-16 19:55:08.643  5657  5672 W ResourcesManager: Asset path '/system/framework/com.google.android.media.effects.jar' does not exist or contains no resources.
04-16 19:55:08.643  5657  5672 W ResourcesManager: Asset path '/system/framework/allshare.jar' does not exist or contains no resources.
04-16 19:55:08.643  5657  5672 W ResourcesManager: Asset path '/system/framework/secvision.jar' does not exist or contains no resources.
04-16 19:55:08.648  5657  5672 D ResourcesManager: creating new AssetManager and set to /system/priv-app/SecMyFiles2014/SecMyFiles2014.apk
04-16 19:55:08.648  5657  5672 W ResourcesManager: Asset path '/system/framework/twframework.jar' does not exist or contains no resources.
04-16 19:55:08.648  5657  5672 W ResourcesManager: Asset path '/system/framework/allshare.jar' does not exist or contains no resources.
04-16 19:55:08.648  5657  5672 W ResourcesManager: Asset path '/system/framework/secvision.jar' does not exist or contains no resources.
04-16 19:55:08.653  5657  5672 D ResourcesManager: creating new AssetManager and set to /system/priv-app/SecVideoPlayer/SecVideoPlayer.apk
04-16 19:55:08.653  5657  5672 W ResourcesManager: Asset path '/system/framework/minimode.jar' does not exist or contains no resources.
04-16 19:55:08.653  5657  5672 W ResourcesManager: Asset path '/system/framework/sechardware.jar' does not exist or contains no resources.
04-16 19:55:08.653  5657  5672 W ResourcesManager: Asset path '/system/framework/multiwindow.jar' does not exist or contains no resources.
04-16 19:55:08.653  5657  5672 W ResourcesManager: Asset path '/system/framework/twframework.jar' does not exist or contains no resources.
04-16 19:55:08.653  5657  5672 W ResourcesManager: Asset path '/system/framework/allshare.jar' does not exist or contains no resources.
04-16 19:55:08.658  5675  5675 D TimaKeyStoreProvider: TimaSignature is unavailable
04-16 19:55:08.658  5675  5675 D ActivityThread: Added TimaKeyStore provider
04-16 19:55:08.658  5657  5672 D ResourcesManager: creating new AssetManager and set to /system/app/SBrowser/SBrowser.apk
04-16 19:55:08.663  5657  5672 W ResourcesManager: Asset path '/system/framework/secsmartcard.jar' does not exist or contains no resources.
04-16 19:55:08.663  5657  5672 W ResourcesManager: Asset path '/system/framework/twframework.jar' does not exist or contains no resources.
04-16 19:55:08.663  5657  5672 W ResourcesManager: Asset path '/system/framework/secvision.jar' does not exist or contains no resources.
04-16 19:55:08.668  5675  5675 D ResourcesManager: creating new AssetManager and set to /system/priv-app/SHealth3_5/SHealth3_5.apk
04-16 19:55:08.673  5657  5672 D ResourcesManager: creating new AssetManager and set to /system/app/Evernote/Evernote.apk
04-16 19:55:08.673  5657  5672 W ResourcesManager: Asset path '/system/framework/com.google.android.maps.jar' does not exist or contains no resources.
04-16 19:55:08.683  5657  5672 D ResourcesManager: creating new AssetManager and set to /system/app/SecEmail_K/SecEmail_K.apk
04-16 19:55:08.683  5657  5672 W ResourcesManager: Asset path '/system/framework/secsmartcard.jar' does not exist or contains no resources.
04-16 19:55:08.683  5657  5672 W ResourcesManager: Asset path '/system/framework/com.google.android.maps.jar' does not exist or contains no resources.
04-16 19:55:08.683  5657  5672 W ResourcesManager: Asset path '/system/framework/multiwindow.jar' does not exist or contains no resources.
04-16 19:55:08.683  5657  5672 W ResourcesManager: Asset path '/system/framework/twframework.jar' does not exist or contains no resources.
04-16 19:55:08.683  5657  5672 W ResourcesManager: Asset path '/system/framework/SmpsManager.jar' does not exist or contains no resources.
04-16 19:55:08.683  5657  5672 W ResourcesManager: Asset path '/system/framework/secvision.jar' does not exist or contains no resources.
04-16 19:55:08.693  5657  5672 D ResourcesManager: creating new AssetManager and set to /system/app/SNote4.1Preload/SNote4.1Preload.apk
04-16 19:55:08.698  5657  5672 W ResourcesManager: Asset path '/system/framework/minimode.jar' does not exist or contains no resources.
04-16 19:55:08.698  5657  5672 W ResourcesManager: Asset path '/system/framework/twframework.jar' does not exist or contains no resources.
04-16 19:55:08.698  5657  5672 W ResourcesManager: Asset path '/system/framework/SmpsManager.jar' does not exist or contains no resources.
04-16 19:55:08.703  5657  5672 D ResourcesManager: creating new AssetManager and set to /data/app/com.android.chrome-1/base.apk
04-16 19:55:08.708  3496  3568 D AutomaticBrightnessController: mCallbacks.updateBrightness()
04-16 19:55:08.708  3496  3568 D DisplayPowerController: getFinalBrightness : 4 -> 4
04-16 19:55:08.708  3496  3568 D DisplayPowerController: animation target = 4, rate=500 (PSM:false, AB limit:(-1 ~ -1) MB Limit:(-1 ~ -1) MAdj:(0, (0, 255)))
