04-16 19:55:07.008  3496  3568 D DisplayPowerController: getFinalBrightness : 4 -> 4
04-16 19:55:07.008  3496  3568 D DisplayPowerController: animation target = 4, rate=500 (PSM:false, AB limit:(-1 ~ -1) MB Limit:(-1 ~ -1) MAdj:(0, (0, 255)))
04-16 19:55:07.023  5382  5382 D AndroidRuntime: 
04-16 19:55:07.023  5382  5382 D AndroidRuntime: >>>>>> AndroidRuntime START com.android.internal.os.RuntimeInit <<<<<<
04-16 19:55:07.028  5382  5382 D AndroidRuntime: CheckJNI is OFF
04-16 19:55:07.028  5382  5382 D AndroidRuntime: readGMSProperty: start
04-16 19:55:07.028  5382  5382 D AndroidRuntime: readGMSProperty: already setted!!
04-16 19:55:07.028  5382  5382 D AndroidRuntime: readGMSProperty: end
04-16 19:55:07.028  5382  5382 D AndroidRuntime: addProductProperty: start
04-16 19:55:07.078  3496  4008 D BatteryService: !@BatteryListener : batteryPropertiesChanged!
04-16 19:55:07.078  3496  4008 D BatteryService: level:100, scale:100, status:5, health:2, present:true, voltage: 4391, temperature: 242, technology: Li-ion, AC powered:false, USB powered:true, Wireless powered:false, icon:17303722, invalid charger:0
04-16 19:55:07.078  3496  4008 D BatteryService: online:4, current avg:-14, charge type:1, power sharing:false, high voltage charger:false, capacity:322000, current_now:77
04-16 19:55:07.078  3496  3496 D BatteryService: Sending ACTION_BATTERY_CHANGED.
04-16 19:55:07.083  3496  3496 I MotionRecognitionService: Plugged
04-16 19:55:07.083  3496  3496 I MotionRecognitionService: setPowerConnected  = true
04-16 19:55:07.088  3700  3700 D KeyguardUpdateMonitor: received broadcast android.intent.action.BATTERY_CHANGED
04-16 19:55:07.088  3700  3700 D KeyguardUpdateMonitor: handleBatteryUpdate
04-16 19:55:07.093  3700  3700 D STATUSBAR-PhoneStatusBar:  mBrightnessEnablebySettings = true mBrightnessEnablebyBattery = true mBrightnessEnablebyDisableFlag = true mPmsBrightnessEnablebySettings = true
04-16 19:55:07.103  3700  3700 D BatteryMeterView: ACTION_BATTERY_CHANGED : level:100 status:5 health:2
04-16 19:55:07.103  3700  3700 D BatteryMeterView: ACTION_BATTERY_CHANGED : level:100 status:5 health:2
04-16 19:55:07.103  3700  3700 D BatteryMeterView: ACTION_BATTERY_CHANGED : level:100 status:5 health:2
04-16 19:55:07.128  5382  5382 E AffinityControl: AffinityControl: registerfunction enter
04-16 19:55:07.143  5382  5382 D AndroidRuntime: Calling main entry com.android.commands.pm.Pm
04-16 19:55:07.148  3496  4020 D PackageManager: START PACKAGE DELETE: observer{221567198}
04-16 19:55:07.148  3496  4020 D PackageManager: pkg{<packageName>}
04-16 19:55:07.148  3496  4020 D PackageManager: user{0}
04-16 19:55:07.148  3496  4020 D PackageManager: caller{2000}
04-16 19:55:07.148  3496  4020 D PackageManager: flags{2}
04-16 19:55:07.148  3496  4020 D PersonaManagerService: isFromApprovedUnInstaller: uid, userId, appid : 2000 0 2000
04-16 19:55:07.148  3496  4020 D PersonaManagerService: isFromApprovedUnInstaller: isApproved : true
04-16 19:55:07.148  3496  4020 D PersonaManagerService: isFromApprovedUnInstaller: isApproved before exit: true
04-16 19:55:07.148  3496  4020 D PackageManager: deletePackageAsUser- pkg:com.trellis, userId:0, flag2
04-16 19:55:07.148  3496  3573 D PackageManager: [MSG] DELETE_PACKAGE_AS_USER
04-16 19:55:07.148  3496  4020 D PackageManager: deletePackageAsUser- pkg:com.trellis, userId:0, flag2
04-16 19:55:07.148  3496  3573 D PackageManagerService: deletePackage- pkg:com.trellis, edmuserId:0
04-16 19:55:07.148  3496  3573 D PackageManagerService: deletePackage- pkg:com.trellis, edmuserId:-1
04-16 19:55:07.148  3496  3573 D ApplicationPolicy: getApplicationUninstallationEnabled
04-16 19:55:07.148  3496  3573 D ApplicationPolicy: getApplicationUninstallationEnabled :  enabled true
04-16 19:55:07.153  3496  3573 D PackageManager: !@killApplicatoin: 10282, uninstall pkg
04-16 19:55:07.153  3496  3559 I ActivityManager: Force stopping com.trellis appid=10282 user=-1: uninstall pkg
04-16 19:55:07.193  3496  3568 D AutomaticBrightnessController: mCallbacks.updateBrightness()
04-16 19:55:07.193  3496  3568 D DisplayPowerController: getFinalBrightness : 4 -> 4
04-16 19:55:07.193  3496  3568 D DisplayPowerController: animation target = 4, rate=500 (PSM:false, AB limit:(-1 ~ -1) MB Limit:(-1 ~ -1) MAdj:(0, (0, 255)))
04-16 19:55:07.273  3496  3573 I ActivityManager: Force stopping com.trellis appid=10282 user=0: pkg removed
04-16 19:55:07.308  3496  3496 D ResourcesManager: creating new AssetManager and set to /data/app/com.google.android.gms-1/base.apk
04-16 19:55:07.308  3496  3557 D ResourcesManager: creating new AssetManager and set to /system/priv-app/Velvet/Velvet.apk
04-16 19:55:07.318   519   519 I art     : Explicit concurrent mark sweep GC freed 1244(76KB) AllocSpace objects, 0(0B) LOS objects, 22% free, 26MB/34MB, paused 971us total 32.726ms
04-16 19:55:07.318   783   783 I art     : Explicit concurrent mark sweep GC freed 1951(120KB) AllocSpace objects, 0(0B) LOS objects, 23% free, 26MB/34MB, paused 960us total 29.332ms
04-16 19:55:07.323  3496  3566 D ResourcesManager: creating new AssetManager and set to /system/priv-app/InputDevices/InputDevices.apk
04-16 19:55:07.328  3496  3496 D ResourcesManager: creating new AssetManager and set to /system/priv-app/SNS/SNS.apk
04-16 19:55:07.333  3496  3604 I InputReader: Reconfiguring input devices.  changes=0x00000010
04-16 19:55:07.333  3496  3496 D ResourcesManager: creating new AssetManager and set to /system/priv-app/Samsungservice2_xxxhdpi/Samsungservice2_xxxhdpi.apk
04-16 19:55:07.338 24136 24136 I GeofencerStateMachine: removeGeofences: removeRequest=RemoveGeofencingRequest[REMOVE_ALL packageName=com.trellis]
04-16 19:55:07.338 27177 27177 E SamsungIME: mOCRHelper is null
04-16 19:55:07.343  3496  3496 D ResourcesManager: creating new AssetManager and set to /system/app/Dropbox/Dropbox.apk
04-16 19:55:07.348  3496  3496 D ResourcesManager: creating new AssetManager and set to /system/app/Evernote/Evernote.apk
04-16 19:55:07.348  3496  3559 E ActivityManager: checkUser: useridlist=null, currentuser=0
04-16 19:55:07.348  3496  3559 E ActivityManager: checkUser: useridlist=null, currentuser=0
04-16 19:55:07.348  3496  3559 E ActivityManager: checkUser: useridlist=null, currentuser=0
04-16 19:55:07.348  3496  3559 E ActivityManager: checkUser: useridlist=null, currentuser=0
04-16 19:55:07.353  3496  3496 D ResourcesManager: creating new AssetManager and set to /system/app/Facebook/Facebook.apk
04-16 19:55:07.358  3496  3557 D ResourcesManager: creating new AssetManager and set to /system/app/SamsungIME/SamsungIME.apk
04-16 19:55:07.363  5396  5396 E Zygote  : MountEmulatedStorage()
04-16 19:55:07.363  5396  5396 E Zygote  : v2
04-16 19:55:07.363  5396  5396 I libpersona: KNOX_SDCARD checking this for 10063
04-16 19:55:07.363  5396  5396 I libpersona: KNOX_SDCARD not a persona
04-16 19:55:07.368  5396  5396 I SELinux : Function: selinux_compare_spd_ram , priority [2] , priority version is VE=SEPF_SM-N910H_5.0.1_0009
04-16 19:55:07.373  5396  5396 E SELinux : [DEBUG] get_category: variable seinfo: platform sensitivity: NULL, cateogry: NULL
04-16 19:55:07.373  3496  3559 I ActivityManager: Start proc com.samsung.android.app.vrsetupwizardstub for broadcast com.samsung.android.app.vrsetupwizardstub/.system.PackageIntentReceiver: pid=5396 uid=10063 gids={50063, 9997, 3003, 1028, 1015} abi=armeabi-v7a
04-16 19:55:07.383  3496  3568 D AutomaticBrightnessController: mCallbacks.updateBrightness()
04-16 19:55:07.383  3968  3968 D ResourcesManager: creating new AssetManager and set to /system/priv-app/Tag/Tag.apk
04-16 19:55:07.398  3496  3568 D DisplayPowerController: getFinalBrightness : 4 -> 4
04-16 19:55:07.398  3496  3568 D DisplayPowerController: animation target = 4, rate=500 (PSM:false, AB limit:(-1 ~ -1) MB Limit:(-1 ~ -1) MAdj:(0, (0, 255)))
04-16 19:55:07.408  5255  5279 W ResourceType: For resource 0x7f020753, entry index(1875) is beyond type entryCount(725)
04-16 19:55:07.408  5255  5279 W ResourceType: Failure getting entry for 0x7f020753 (t=1 e=1875) (error -75)
04-16 19:55:07.408  5255  5279 W ResourceType: For resource 0x7f02079c, entry index(1948) is beyond type entryCount(725)
04-16 19:55:07.408  5255  5279 W ResourceType: Failure getting entry for 0x7f02079c (t=1 e=1948) (error -75)
04-16 19:55:07.413  3496  3628 V NetworkStats: removeUidsLocked() for UIDs [10282]
04-16 19:55:07.413  3496  3628 D NtpTrustedTime: currentTimeMillis() cache hit
04-16 19:55:07.413  3496  3628 V NetworkStats: performPollLocked(flags=0x3)
04-16 19:55:07.418  3496  3628 D NetworkStatsFactory: UpdateStatsForKnox
04-16 19:55:07.418  5396  5396 D TimaKeyStoreProvider: TimaSignature is unavailable
04-16 19:55:07.418  5396  5396 D ActivityThread: Added TimaKeyStore provider
04-16 19:55:07.423  5255  5279 W ResourceType: For resource 0x7f02055f, entry index(1375) is beyond type entryCount(725)
04-16 19:55:07.423  5255  5279 W ResourceType: Failure getting entry for 0x7f02055f (t=1 e=1375) (error -75)
04-16 19:55:07.428  3496  3496 D ResourcesManager: creating new AssetManager and set to /system/app/Gmail2/Gmail2.apk
04-16 19:55:07.428  3496  3628 V NetworkStats: performPollLocked() took 15ms
04-16 19:55:07.428  3496  3628 D NtpTrustedTime: currentTimeMillis() cache hit
04-16 19:55:07.428  4824  5395 D Documents: Update found 6 roots in 78ms
04-16 19:55:07.433  3496  3496 D ResourcesManager: creating new AssetManager and set to /system/app/SBrowser/SBrowser.apk
04-16 19:55:07.438  3496  3496 D ResourcesManager: creating new AssetManager and set to /system/app/SecEmail_K/SecEmail_K.apk
04-16 19:55:07.443  3496  3557 D ResourcesManager: creating new AssetManager and set to /system/app/talkback/talkback.apk
04-16 19:55:07.443  3496  3496 D ResourcesManager: creating new AssetManager and set to /system/app/WhatsApp/WhatsApp.apk
04-16 19:55:07.448  3496  3496 D ResourcesManager: creating new AssetManager and set to /system/priv-app/SHealth3_5/SHealth3_5.apk
04-16 19:55:07.458  3496  3557 D EnterpriseDeviceManagerService: Package has changed for user 0
04-16 19:55:07.458  3496  3557 D EnterpriseDeviceManagerService: Admin package name: com.google.android.gms
04-16 19:55:07.458  5396  5396 D ResourcesManager: creating new AssetManager and set to /system/priv-app/VRSetupWizardStub/VRSetupWizardStub.apk
04-16 19:55:07.458  3496  3557 D ResourcesManager: creating new AssetManager and set to /system/priv-app/Phonesky/Phonesky.apk
04-16 19:55:07.463  3496  3496 D ResourcesManager: creating new AssetManager and set to /system/priv-app/Scrapbook/Scrapbook.apk
04-16 19:55:07.463  3496  3496 D ResourcesManager: creating new AssetManager and set to /system/priv-app/SecGallery2014L/SecGallery2014L.apk
04-16 19:55:07.463  3496  3557 D ResourcesManager: creating new AssetManager and set to /system/priv-app/SecContacts_Note/SecContacts_Note.apk
04-16 19:55:07.468  3496  3496 D ResourcesManager: creating new AssetManager and set to /system/priv-app/sCloudSyncCalendar/sCloudSyncCalendar.apk
04-16 19:55:07.468  3496  3496 D ResourcesManager: creating new AssetManager and set to /system/priv-app/sCloudSyncContacts/sCloudSyncContacts.apk
04-16 19:55:07.468  3496  3557 W Resources: Converting to string: TypedValue{t=0x12/d=0xffffffff a=-1}
04-16 19:55:07.468  3496  3557 D ResourcesManager: creating new AssetManager and set to /system/priv-app/SecMms_Candy/SecMms_Candy.apk
04-16 19:55:07.468  3496  3496 D ResourcesManager: creating new AssetManager and set to /system/priv-app/sCloudSyncMemo/sCloudSyncMemo.apk
04-16 19:55:07.473  3496  3496 D ResourcesManager: creating new AssetManager and set to /system/priv-app/sCloudSyncSBrowser/sCloudSyncSBrowser.apk
04-16 19:55:07.473  3496  3557 W Resources: Converting to string: TypedValue{t=0x12/d=0xffffffff a=-1}
04-16 19:55:07.473  3496  3557 W Resources: Converting to string: TypedValue{t=0x12/d=0xffffffff a=-1}
04-16 19:55:07.473  3496  3557 D ResourcesManager: creating new AssetManager and set to /system/app/Videos/Videos.apk
04-16 19:55:07.473  3496  3496 D ResourcesManager: creating new AssetManager and set to /system/app/GoogleCalendarSyncAdapter/GoogleCalendarSyncAdapter.apk
04-16 19:55:07.493  3968  3968 D ApduServiceInfo: seId: 0
04-16 19:55:07.493  3968  3968 D RegisteredServicesCache: empty dynamic service
04-16 19:55:07.493  3496  3629 D NtpTrustedTime: currentTimeMillis() cache hit
04-16 19:55:07.493  3496  3629 D NtpTrustedTime: currentTimeMillis() cache hit
04-16 19:55:07.498  5396  5396 D VRSetupWizardStub/PackageIntentReceiver: onReceive()
04-16 19:55:07.498  5396  5396 D VRSetupWizardStub/PackageIntentReceiver: Action Package Remove
04-16 19:55:07.498  5396  5396 D VRSetupWizardStub/PackageIntentReceiver: packagename:com.trellis
04-16 19:55:07.503  3496  4020 E ActivityManager: checkUser: useridlist=null, currentuser=0
04-16 19:55:07.503  3496  4020 E ActivityManager: checkUser: useridlist=null, currentuser=0
04-16 19:55:07.503  3496  4020 E ActivityManager: checkUser: useridlist=null, currentuser=0
04-16 19:55:07.503  3496  4020 E ActivityManager: checkUser: useridlist=null, currentuser=0
04-16 19:55:07.503  3496  3496 D ResourcesManager: creating new AssetManager and set to /system/app/GoogleContactsSyncAdapter/GoogleContactsSyncAdapter.apk
04-16 19:55:07.503  3496  3557 D ResourcesManager: creating new AssetManager and set to /data/app/com.google.android.youtube-1/base.apk
04-16 19:55:07.503  3496  3496 D ResourcesManager: creating new AssetManager and set to /system/app/SNote4.1Preload/SNote4.1Preload.apk
04-16 19:55:07.508  3496  3496 D ResourcesManager: creating new AssetManager and set to /system/app/SecExchange/SecExchange.apk
04-16 19:55:07.508  3496  3557 D ResourcesManager: creating new AssetManager and set to /data/app/com.google.android.music-2/base.apk
04-16 19:55:07.513  3496  3557 W Resources: Converting to string: TypedValue{t=0x12/d=0xffffffff a=-1}
04-16 19:55:07.518  5412  5412 I libpersona: KNOX_SDCARD checking this for 10021
04-16 19:55:07.513  3496  3557 D ResourcesManager: creating new AssetManager and set to /system/priv-app/HancomOfficeViewer/HancomOfficeViewer.apk
04-16 19:55:07.518  5412  5412 I libpersona: KNOX_SDCARD not a persona
04-16 19:55:07.518  5412  5412 E Zygote  : MountEmulatedStorage()
04-16 19:55:07.518  5412  5412 E Zygote  : v2
04-16 19:55:07.518  5412  5412 I SELinux : Function: selinux_compare_spd_ram , priority [2] , priority version is VE=SEPF_SM-N910H_5.0.1_0009
04-16 19:55:07.518  3496  3496 D ResourcesManager: creating new AssetManager and set to /data/app/com.google.android.apps.magazines-1/base.apk
04-16 19:55:07.518  5412  5412 E SELinux : [DEBUG] get_category: variable seinfo: platform sensitivity: NULL, cateogry: NULL
04-16 19:55:07.523  3496  4020 I ActivityManager: Start proc com.samsung.klmsagent for broadcast com.samsung.klmsagent/.listner.MainReciver: pid=5412 uid=10021 gids={50021, 9997, 3003} abi=armeabi-v7a
04-16 19:55:07.528  3968  3968 D NfcService: MSG_UNROUTE_ENTRY
04-16 19:55:07.528  3968  3968 D SecNfcJni: clearRouting : Enter
04-16 19:55:07.528  3968  3968 D SecNfcJni: clear all of aid based routing
04-16 19:55:07.528  3968  3968 D SecNfcJni: RoutingManager::removeAidRouting: enter
04-16 19:55:07.528  3968 31404 D SecNfcJni: RoutingManager::nfaEeCallback: NFA_EE_REMOVE_AID_EVT  status=0
04-16 19:55:07.528  3968  3968 D SecNfcJni: RoutingManager::removeAidRouting: routed AID : 0
04-16 19:55:07.528  3968  3968 D SecNfcJni: clearRouting: exit
04-16 19:55:07.533  3968  3968 D NfcService: MSG_ROUTE_AID route - 0 power 49
04-16 19:55:07.533  3968  3968 D SecNfcJni: RoutingManager::addAidRouting: enter
04-16 19:55:07.533  3968 31404 D SecNfcJni: RoutingManager::nfaEeCallback: NFA_EE_ADD_AID_EVT  status=0
04-16 19:55:07.533  3968  3968 D SecNfcJni: RoutingManager::addAidRouting: routed AID : 0
04-16 19:55:07.533  3968  3968 D NfcService: MSG_ROUTE_AID route - 0 power 49
04-16 19:55:07.533  3968  3968 D SecNfcJni: RoutingManager::addAidRouting: enter
04-16 19:55:07.533  3968 31404 D SecNfcJni: RoutingManager::nfaEeCallback: NFA_EE_ADD_AID_EVT  status=0
04-16 19:55:07.533  3968  3968 D SecNfcJni: RoutingManager::addAidRouting: routed AID : 0
04-16 19:55:07.533  3968  3968 D NfcService: MSG_ROUTE_AID route - 0 power 49
04-16 19:55:07.533  3968  3968 D SecNfcJni: RoutingManager::addAidRouting: enter
04-16 19:55:07.533  3968 31404 D SecNfcJni: RoutingManager::nfaEeCallback: NFA_EE_ADD_AID_EVT  status=0
04-16 19:55:07.533  3968  3968 D SecNfcJni: RoutingManager::addAidRouting: routed AID : 0
04-16 19:55:07.533  3968  3968 D NfcService: MSG_ROUTE_AID route - 0 power 49
04-16 19:55:07.533  3968  3968 D SecNfcJni: RoutingManager::addAidRouting: enter
04-16 19:55:07.533  3968 31404 D SecNfcJni: RoutingManager::nfaEeCallback: NFA_EE_ADD_AID_EVT  status=0
04-16 19:55:07.533  3968  3968 D SecNfcJni: RoutingManager::addAidRouting: routed AID : 0
04-16 19:55:07.533  3968  3968 D NfcService: MSG_ROUTE_AID route - 0 power 49
04-16 19:55:07.533  3968  3968 D SecNfcJni: RoutingManager::addAidRouting: enter
04-16 19:55:07.533  3968 31404 D SecNfcJni: RoutingManager::nfaEeCallback: NFA_EE_ADD_AID_EVT  status=0
04-16 19:55:07.533  3968  3968 D SecNfcJni: RoutingManager::addAidRouting: routed AID : 0
04-16 19:55:07.533  3968  3968 D NfcService: MSG_ROUTE_AID route - 0 power 49
04-16 19:55:07.533  3968  3968 D SecNfcJni: RoutingManager::addAidRouting: enter
04-16 19:55:07.533  3968 31404 D SecNfcJni: RoutingManager::nfaEeCallback: NFA_EE_ADD_AID_EVT  status=0
04-16 19:55:07.533  3968  3968 D SecNfcJni: RoutingManager::addAidRouting: routed AID : 0
04-16 19:55:07.533  3968  3968 D NfcService: MSG_ROUTE_AID route - 0 power 49
04-16 19:55:07.533  3968  3968 D SecNfcJni: RoutingManager::addAidRouting: enter
04-16 19:55:07.533  3968 31404 D SecNfcJni: RoutingManager::nfaEeCallback: NFA_EE_ADD_AID_EVT  status=0
04-16 19:55:07.533  3968  3968 D SecNfcJni: RoutingManager::addAidRouting: routed AID : 0
04-16 19:55:07.538  3968  3968 D NfcService: MSG_ROUTE_AID route - 0 power 49
04-16 19:55:07.538  3968  3968 D SecNfcJni: RoutingManager::addAidRouting: enter
04-16 19:55:07.538  3968 31404 D SecNfcJni: RoutingManager::nfaEeCallback: NFA_EE_ADD_AID_EVT  status=0
04-16 19:55:07.538  3968  3968 D SecNfcJni: RoutingManager::addAidRouting: routed AID : 0
04-16 19:55:07.538  3968  3968 D NfcService: MSG_ROUTE_AID route - 0 power 49
04-16 19:55:07.538  3968  3968 D SecNfcJni: RoutingManager::addAidRouting: enter
04-16 19:55:07.538  3968 31404 D SecNfcJni: RoutingManager::nfaEeCallback: NFA_EE_ADD_AID_EVT  status=0
04-16 19:55:07.538  3968  3968 D SecNfcJni: RoutingManager::addAidRouting: routed AID : 0
04-16 19:55:07.538  3968  3968 D NfcService: MSG_ROUTE_AID route - 0 power 49
04-16 19:55:07.543  3968  3968 D SecNfcJni: RoutingManager::addAidRouting: enter
04-16 19:55:07.543  3968 31404 D SecNfcJni: RoutingManager::nfaEeCallback: NFA_EE_ADD_AID_EVT  status=0
04-16 19:55:07.543  3968  3968 D SecNfcJni: RoutingManager::addAidRouting: routed AID : 0
04-16 19:55:07.543  3968  3968 D NfcService: MSG_ROUTE_AID route - 0 power 49
04-16 19:55:07.543  3968  3968 D SecNfcJni: RoutingManager::addAidRouting: enter
04-16 19:55:07.543  3968 31404 D SecNfcJni: RoutingManager::nfaEeCallback: NFA_EE_ADD_AID_EVT  status=0
04-16 19:55:07.543  3968  3968 D SecNfcJni: RoutingManager::addAidRouting: routed AID : 0
04-16 19:55:07.543  3968  3968 D NfcService: MSG_ROUTE_AID route - 0 power 49
04-16 19:55:07.543  3968  3968 D SecNfcJni: RoutingManager::addAidRouting: enter
04-16 19:55:07.543  3968 31404 D SecNfcJni: RoutingManager::nfaEeCallback: NFA_EE_ADD_AID_EVT  status=0
04-16 19:55:07.543  3968  3968 D SecNfcJni: RoutingManager::addAidRouting: routed AID : 0
04-16 19:55:07.543  3968  3968 D NfcService: MSG_ROUTE_AID route - 0 power 49
04-16 19:55:07.543  3968  3968 D SecNfcJni: RoutingManager::addAidRouting: enter
04-16 19:55:07.543  3968 31404 D SecNfcJni: RoutingManager::nfaEeCallback: NFA_EE_ADD_AID_EVT  status=0
04-16 19:55:07.543  3968  3968 D SecNfcJni: RoutingManager::addAidRouting: routed AID : 0
04-16 19:55:07.548  3968  3968 D NfcService: MSG_ROUTE_AID route - 0 power 49
04-16 19:55:07.548  3968  3968 D SecNfcJni: RoutingManager::addAidRouting: enter
04-16 19:55:07.548  3968 31404 D SecNfcJni: RoutingManager::nfaEeCallback: NFA_EE_ADD_AID_EVT  status=0
04-16 19:55:07.548  3496  3573 I art     : Explicit concurrent mark sweep GC freed 28325(2MB) AllocSpace objects, 9(144KB) LOS objects, 20% free, 63MB/79MB, paused 2.692ms total 163.863ms
04-16 19:55:07.548  3968  3968 D SecNfcJni: RoutingManager::addAidRouting: routed AID : 0
04-16 19:55:07.553  3968  3968 D NfcService: MSG_ROUTE_AID route - 0 power 49
04-16 19:55:07.553  3968  3968 D SecNfcJni: RoutingManager::addAidRouting: enter
04-16 19:55:07.553  3968 31404 D SecNfcJni: RoutingManager::nfaEeCallback: NFA_EE_ADD_AID_EVT  status=0
04-16 19:55:07.553  3968  3968 D SecNfcJni: RoutingManager::addAidRouting: routed AID : 0
04-16 19:55:07.553  3968  3968 D NfcService: MSG_ROUTE_AID route - 0 power 49
04-16 19:55:07.553  3968  3968 D SecNfcJni: RoutingManager::addAidRouting: enter
04-16 19:55:07.553  3968 31404 D SecNfcJni: RoutingManager::nfaEeCallback: NFA_EE_ADD_AID_EVT  status=0
04-16 19:55:07.553  3968  3968 D SecNfcJni: RoutingManager::addAidRouting: routed AID : 0
04-16 19:55:07.553  3968  3968 D NfcService: MSG_ROUTE_AID route - 0 power 49
04-16 19:55:07.553  3968  3968 D SecNfcJni: RoutingManager::addAidRouting: enter
04-16 19:55:07.553  5412  5412 D TimaKeyStoreProvider: TimaSignature is unavailable
04-16 19:55:07.553  3968 31404 D SecNfcJni: RoutingManager::nfaEeCallback: NFA_EE_ADD_AID_EVT  status=0
04-16 19:55:07.553  3968  3968 D SecNfcJni: RoutingManager::addAidRouting: routed AID : 0
04-16 19:55:07.553  5412  5412 D ActivityThread: Added TimaKeyStore provider
04-16 19:55:07.553  3968  3968 D NfcService: MSG_ROUTE_AID route - 0 power 49
04-16 19:55:07.553  3968  3968 D SecNfcJni: RoutingManager::addAidRouting: enter
04-16 19:55:07.553  3968 31404 D SecNfcJni: RoutingManager::nfaEeCallback: NFA_EE_ADD_AID_EVT  status=0
04-16 19:55:07.553  3968  3968 D SecNfcJni: RoutingManager::addAidRouting: routed AID : 0
04-16 19:55:07.553  3968  3968 D NfcService: MSG_ROUTE_AID route - 0 power 49
04-16 19:55:07.553  3968  3968 D SecNfcJni: RoutingManager::addAidRouting: enter
04-16 19:55:07.553  3968 31404 D SecNfcJni: RoutingManager::nfaEeCallback: NFA_EE_ADD_AID_EVT  status=0
04-16 19:55:07.553  3968  3968 D SecNfcJni: RoutingManager::addAidRouting: routed AID : 0
04-16 19:55:07.558  3968  3968 D NfcService: MSG_ROUTE_AID route - 0 power 49
04-16 19:55:07.558  3968  3968 D SecNfcJni: RoutingManager::addAidRouting: enter
04-16 19:55:07.558  3968 31404 D SecNfcJni: RoutingManager::nfaEeCallback: NFA_EE_ADD_AID_EVT  status=0
04-16 19:55:07.558  3968  3968 D SecNfcJni: RoutingManager::addAidRouting: routed AID : 0
04-16 19:55:07.558  3968  3968 D NfcService: MSG_ROUTE_AID route - 0 power 49
04-16 19:55:07.558  3968  3968 D SecNfcJni: RoutingManager::addAidRouting: enter
04-16 19:55:07.558  3968 31404 E SecNfcNfa: Exceed capacity: (len_needed:9 + len:224) > NFA_EE_MAX_AID_CFG_LEN:230
04-16 19:55:07.558  3968 31404 D SecNfcJni: RoutingManager::nfaEeCallback: NFA_EE_ADD_AID_EVT  status=224
04-16 19:55:07.558  3968  3968 E SecNfcJni: RoutingManager::addAidRouting: failed to route AID : 224
04-16 19:55:07.558  3968  3968 D NfcService: MSG_ROUTE_AID route - 0 power 49
04-16 19:55:07.558  3968  3968 D SecNfcJni: RoutingManager::addAidRouting: enter
04-16 19:55:07.558  3968 31404 E SecNfcNfa: Exceed capacity: (len_needed:9 + len:224) > NFA_EE_MAX_AID_CFG_LEN:230
04-16 19:55:07.558  3968 31404 D SecNfcJni: RoutingManager::nfaEeCallback: NFA_EE_ADD_AID_EVT  status=224
04-16 19:55:07.558  3968  3968 E SecNfcJni: RoutingManager::addAidRouting: failed to route AID : 224
04-16 19:55:07.558  3968  3968 D NfcService: MSG_ROUTE_AID route - 0 power 49
04-16 19:55:07.558  3968  3968 D SecNfcJni: RoutingManager::addAidRouting: enter
04-16 19:55:07.558  3968 31404 E SecNfcNfa: Exceed capacity: (len_needed:9 + len:224) > NFA_EE_MAX_AID_CFG_LEN:230
04-16 19:55:07.558  3968 31404 D SecNfcJni: RoutingManager::nfaEeCallback: NFA_EE_ADD_AID_EVT  status=224
04-16 19:55:07.558  3968  3968 E SecNfcJni: RoutingManager::addAidRouting: failed to route AID : 224
04-16 19:55:07.558  3968  3968 D NfcService: MSG_ROUTE_AID route - 0 power 49
04-16 19:55:07.558  3968  3968 D SecNfcJni: RoutingManager::addAidRouting: enter
04-16 19:55:07.558  3968 31404 E SecNfcNfa: Exceed capacity: (len_needed:8 + len:224) > NFA_EE_MAX_AID_CFG_LEN:230
04-16 19:55:07.558  3968 31404 D SecNfcJni: RoutingManager::nfaEeCallback: NFA_EE_ADD_AID_EVT  status=224
04-16 19:55:07.558  3968  3968 E SecNfcJni: RoutingManager::addAidRouting: failed to route AID : 224
04-16 19:55:07.558  3968  3968 D NfcService: MSG_ROUTE_AID route - 0 power 49
04-16 19:55:07.558  3968  3968 D SecNfcJni: RoutingManager::addAidRouting: enter
04-16 19:55:07.558  3968 31404 E SecNfcNfa: Exceed capacity: (len_needed:8 + len:224) > NFA_EE_MAX_AID_CFG_LEN:230
04-16 19:55:07.558  3968 31404 D SecNfcJni: RoutingManager::nfaEeCallback: NFA_EE_ADD_AID_EVT  status=224
04-16 19:55:07.558  3968  3968 E SecNfcJni: RoutingManager::addAidRouting: failed to route AID : 224
04-16 19:55:07.558  3968  3968 D NfcService: MSG_ROUTE_AID route - 0 power 49
04-16 19:55:07.558  3968  3968 D SecNfcJni: RoutingManager::addAidRouting: enter
04-16 19:55:07.558  3968 31404 E SecNfcNfa: Exceed capacity: (len_needed:9 + len:224) > NFA_EE_MAX_AID_CFG_LEN:230
04-16 19:55:07.558  3968 31404 D SecNfcJni: RoutingManager::nfaEeCallback: NFA_EE_ADD_AID_EVT  status=224
04-16 19:55:07.558  3968  3968 E SecNfcJni: RoutingManager::addAidRouting: failed to route AID : 224
04-16 19:55:07.558  3968  3968 D NfcService: MSG_ROUTE_AID route - 0 power 49
04-16 19:55:07.558  3968  3968 D SecNfcJni: RoutingManager::addAidRouting: enter
04-16 19:55:07.558  3968 31404 E SecNfcNfa: Exceed capacity: (len_needed:9 + len:224) > NFA_EE_MAX_AID_CFG_LEN:230
04-16 19:55:07.558  3968 31404 D SecNfcJni: RoutingManager::nfaEeCallback: NFA_EE_ADD_AID_EVT  status=224
04-16 19:55:07.558  3968  3968 E SecNfcJni: RoutingManager::addAidRouting: failed to route AID : 224
04-16 19:55:07.558  3968  3968 D NfcService: MSG_COMMIT_ROUTE
04-16 19:55:07.558  3968  3968 D NfcService: index : 0
04-16 19:55:07.558  3968  3968 D NfcService: index : 1
04-16 19:55:07.558  3968  3968 D NfcService: call the commitRouting - NfcService
04-16 19:55:07.558  3968  3968 D SecNfcJni: RoutingManager::commitRouting
04-16 19:55:07.573  3496  3568 D AutomaticBrightnessController: mCallbacks.updateBrightness()
04-16 19:55:07.573  3496  3568 D DisplayPowerController: getFinalBrightness : 4 -> 4
04-16 19:55:07.573  3496  3568 D DisplayPowerController: animation target = 4, rate=500 (PSM:false, AB limit:(-1 ~ -1) MB Limit:(-1 ~ -1) MAdj:(0, (0, 255)))
04-16 19:55:07.593  3968 31404 D SecNfcJni: RoutingManager::nfaEeCallback: NFA_EE_UPDATED_EVT
04-16 19:55:07.593  5412  5412 D ResourcesManager: creating new AssetManager and set to /system/priv-app/KLMSAgent/KLMSAgent.apk
04-16 19:55:07.593  3496  3557 W ResourceType: Failure getting entry for 0x7f07007b (t=6 e=123) (error -75)
04-16 19:55:07.593  3496  3557 D ResourcesManager: creating new AssetManager and set to /system/priv-app/SFinder/SFinder.apk
04-16 19:55:07.598  3496  3573 D PackageManager: delete codoeFile: 
04-16 19:55:07.598  3496  3573 I AASAUninstall:  com.trellis not target!
04-16 19:55:07.598  3496  3573 D PackageManager: result of delete: 1{221567198}
04-16 19:55:07.598  3496  3557 W Resources: Converting to string: TypedValue{t=0x12/d=0xffffffff a=-1}
04-16 19:55:07.598  3496  3557 D ResourcesManager: creating new AssetManager and set to /system/priv-app/Scrapbook/Scrapbook.apk
04-16 19:55:07.603  3496  3496 D ResourcesManager: creating new AssetManager and set to /data/app/com.google.android.apps.plus-1/base.apk
04-16 19:55:07.603  5382  5382 D AndroidRuntime: Shutting down VM
04-16 19:55:07.603  3496  3573 D ResourcesManager: creating new AssetManager and set to /system/priv-app/SecMms_Candy/SecMms_Candy.apk
04-16 19:55:07.603  3496  3557 W Resources: Converting to string: TypedValue{t=0x12/d=0xffffffff a=-1}
04-16 19:55:07.603  3496  3557 W Resources: Converting to string: TypedValue{t=0x12/d=0xffffffff a=-1}
04-16 19:55:07.603  3496  3557 D ResourcesManager: creating new AssetManager and set to /system/app/InteractiveTutorial/InteractiveTutorial.apk
04-16 19:55:07.613  5412  5412 I KLMS-2.4.521: : KLMSAbstractReciever(): onReceive(): Intent { act=android.intent.action.PACKAGE_REMOVED dat=package:com.trellis flg=0x4000010 cmp=com.samsung.klmsagent/.listner.MainReciver (has extras) } | timestamp: Tue Apr 16 19:55:07 EDT 2019
04-16 19:55:07.613  3496  3557 W Resources: Converting to string: TypedValue{t=0x12/d=0xffffffff a=-1}
04-16 19:55:07.613  3496  3557 D ResourcesManager: creating new AssetManager and set to /system/app/SNote4.1Preload/SNote4.1Preload.apk
04-16 19:55:07.613  3496  3496 D ResourcesManager: creating new AssetManager and set to /data/app/com.google.android.apps.books-2/base.apk
04-16 19:55:07.618  3496  3557 W Resources: Converting to string: TypedValue{t=0x12/d=0xffffffff a=-1}
04-16 19:55:07.618  3496  3573 D ResourcesManager: creating new AssetManager and set to /system/app/Hangouts/Hangouts.apk
04-16 19:55:07.618  3496  3557 W Resources: Converting to string: TypedValue{t=0x12/d=0xffffffff a=-1}
04-16 19:55:07.618  3496  3557 D ResourcesManager: creating new AssetManager and set to /system/app/SPlanner_OS_UPG/SPlanner_OS_UPG.apk
04-16 19:55:07.618  5412  5412 I KLMS-2.4.521: : KLMSAbstractReciever(): onReceive().END.
04-16 19:55:07.618  3496  3526 I splitIntent: Split this intent : android.intent.action.PACKAGE_REMOVED !!   mSplitNum[0]=12, mSplitNum[1]=20, mSplitNum[2]=30 divideNum= 9 r.nextReceiver= 2 receivers.size=39
04-16 19:55:07.618  3496  3526 I splitIntent: finish to split intent : android.intent.action.PACKAGE_REMOVED !! Enqueue -> schedule it!!
04-16 19:55:07.623  3496  3526 E ActivityManager: checkUser: useridlist=null, currentuser=0
04-16 19:55:07.623  3496  3526 E ActivityManager: checkUser: useridlist=null, currentuser=0
04-16 19:55:07.623  3496  3526 E ActivityManager: checkUser: useridlist=null, currentuser=0
04-16 19:55:07.623  3496  3526 E ActivityManager: checkUser: useridlist=null, currentuser=0
04-16 19:55:07.628  5412  5412 I KLMS-2.4.521: : KLMSIntentService(): onCreate()
04-16 19:55:07.628  5412  5412 I KLMS-2.4.521: : KLMSSystemProperties(): getBoolean(): ro.product_ship = true
04-16 19:55:07.628  3496  3557 W ResourcesManager: Asset path '/system/framework/sechardware.jar' does not exist or contains no resources.
04-16 19:55:07.628  3496  3557 W ResourcesManager: Asset path '/system/framework/com.google.android.maps.jar' does not exist or contains no resources.
04-16 19:55:07.628  3496  3557 W ResourcesManager: Asset path '/system/framework/twframework.jar' does not exist or contains no resources.
04-16 19:55:07.628  3496  3557 W ResourcesManager: Asset path '/system/framework/SmpsManager.jar' does not exist or contains no resources.
04-16 19:55:07.628  3496  3557 W Resources: Converting to string: TypedValue{t=0x12/d=0xffffffff a=-1}
04-16 19:55:07.633  3496  3557 D ResourcesManager: creating new AssetManager and set to /system/app/SmartRemote_T/SmartRemote_T.apk
04-16 19:55:07.633  3496  3573 W ResourcesManager: Asset path '/system/framework/com.google.android.media.effects.jar' does not exist or contains no resources.
04-16 19:55:07.633  5412  5412 I KLMS-2.4.521: : KLMSUtility(): isTestMode(): product_ship: true | testApk: false
04-16 19:55:07.638  3496  3631 I WifiStateMachine: CMD_RSSI_POLL : calculateWifiScore in!
04-16 19:55:07.643  5439  5439 E Zygote  : MountEmulatedStorage()
04-16 19:55:07.643  5439  5439 E Zygote  : v2
04-16 19:55:07.643  5439  5439 I libpersona: KNOX_SDCARD checking this for 10106
04-16 19:55:07.643  5439  5439 I libpersona: KNOX_SDCARD not a persona
04-16 19:55:07.643  5439  5439 I SELinux : Function: selinux_compare_spd_ram , priority [2] , priority version is VE=SEPF_SM-N910H_5.0.1_0009
04-16 19:55:07.643  5439  5439 E SELinux : [DEBUG] get_category: variable seinfo: platform sensitivity: NULL, cateogry: NULL
04-16 19:55:07.648  3496  3526 I ActivityManager: Start proc com.sec.esdk.elm for broadcast com.sec.esdk.elm/.receiver.MainReceiver: pid=5439 uid=10106 gids={50106, 9997, 3003} abi=armeabi-v7a
04-16 19:55:07.648  3496  3631 I WifiStateMachine: CMD_RSSI_POLL : calculateWifiScore out!
04-16 19:55:07.648  3496  3631 I WifiStateMachine: CMD_RSSI_POLL : out!
04-16 19:55:07.648  3496  3496 D ResourcesManager: creating new AssetManager and set to /data/app/com.google.android.music-2/base.apk
04-16 19:55:07.653  3496  3557 D ResourcesManager: creating new AssetManager and set to /system/app/Videos/Videos.apk
04-16 19:55:07.653  5412  5438 I KLMS-2.4.521: : KLMSIntentService(): onHandleIntent().START: Intent { act=android.intent.action.PACKAGE_REMOVED dat=package:com.trellis flg=0x4000010 cmp=com.samsung.klmsagent/.services.KLMSIntentService (has extras) }
04-16 19:55:07.658  4548  4548 I SA      : [SUR] onReceive log=[SA = 2.1.0088 V = 21 HWD = 2560X1440 4.0 dpi = 640  SIZE = 2 LOCALE = en_US CSC = TPA MCC = 0 MNC 0 T = user DEVICE = tre3g P = tre3gxx I = LRX22C M = SM-N910H OKLEFT false DIS LRX22C.N910HXXU1BOC5 PSS = 5.701614807006056  ]
04-16 19:55:07.663  4548  4548 I SA      : [SUR] onReceive Intent=[ action_PACKAGE_REMOVED package extra.REMOVED_FOR_ALL_USERS.:true extra.UID.:10282 extra.DATA_REMOVED.:true extra.user_handle.:0 ]
04-16 19:55:07.663  3496  3559 E ActivityManager: checkUser: useridlist=null, currentuser=0
04-16 19:55:07.663  3496  3559 E ActivityManager: checkUser: useridlist=null, currentuser=0
04-16 19:55:07.663  3496  3559 E ActivityManager: checkUser: useridlist=null, currentuser=0
04-16 19:55:07.663  3496  3559 E ActivityManager: checkUser: useridlist=null, currentuser=0
04-16 19:55:07.668  5439  5439 D TimaKeyStoreProvider: TimaSignature is unavailable
04-16 19:55:07.668  5412  5438 I KLMS-2.4.521: : KLMSIntentService(): PACKAGE_REMOVED
04-16 19:55:07.673  5412  5438 I KLMS-2.4.521: : KLMSIntentService(): listeningToPackageRemoved().START
04-16 19:55:07.673  5439  5439 D ActivityThread: Added TimaKeyStore provider
04-16 19:55:07.678  3496  3573 D PackageManager: [MSG] START_CLEANING_PACKAGE packageName{com.trellis}
04-16 19:55:07.678  3496  3573 D PackageManager: userId{-1}
04-16 19:55:07.678  3496  3573 D PackageManager: andCode{true}
04-16 19:55:07.678  5412  5438 I KLMS-2.4.521: : KLMSIntentService(): REPLACING: false | pkgName: com.trellis
04-16 19:55:07.678  5458  5458 E Zygote  : MountEmulatedStorage()
04-16 19:55:07.678  5458  5458 E Zygote  : v2
04-16 19:55:07.678  5458  5458 I libpersona: KNOX_SDCARD checking this for 1000
04-16 19:55:07.678  5458  5458 I libpersona: KNOX_SDCARD not a persona
04-16 19:55:07.678  5458  5458 I SELinux : Function: selinux_compare_spd_ram , priority [2] , priority version is VE=SEPF_SM-N910H_5.0.1_0009
04-16 19:55:07.683  5458  5458 E SELinux : [DEBUG] get_category: variable seinfo: platform sensitivity: NULL, cateogry: NULL
04-16 19:55:07.683  3496  3559 I ActivityManager: Start proc com.android.keychain for broadcast com.android.keychain/.KeyChainBroadcastReceiver: pid=5458 uid=1000 gids={41000, 9997, 3002, 3001, 3003, 1028, 1015, 1007, 1023, 2001, 1024, 1001} abi=armeabi-v7a
04-16 19:55:07.693  3496  3496 D ResourcesManager: creating new AssetManager and set to /data/app/com.google.android.apps.docs-2/base.apk
04-16 19:55:07.693  3496  3557 D ResourcesManager: creating new AssetManager and set to /system/app/WhatsApp/WhatsApp.apk
04-16 19:55:07.698  3496  3496 D ResourcesManager: creating new AssetManager and set to /data/app/com.android.chrome-1/base.apk
04-16 19:55:07.698  3496  3557 D ResourcesManager: creating new AssetManager and set to /data/app/com.google.android.gms-1/base.apk
04-16 19:55:07.708  3496  3496 D RCPManagerService: PackageReceiver onReceive()
04-16 19:55:07.708  3496  3557 D ResourcesManager: creating new AssetManager and set to /data/app/com.google.android.youtube-1/base.apk
04-16 19:55:07.708  3496  3496 I HarmonyEASService: onReceive : android.intent.action.PACKAGE_REMOVED for 0
04-16 19:55:07.713  4038  5470 I UpdateIcingCorporaServi: Updating corpora: APPS=com.trellis, CONTACTS=MAYBE
04-16 19:55:07.713  3496  3496 D KnoxMUMContainerPolicy: mPackageReceiver : action - android.intent.action.PACKAGE_REMOVED
04-16 19:55:07.718  3496  3496 D BackupManagerService: Received broadcast Intent { act=android.intent.action.PACKAGE_REMOVED dat=package:com.trellis flg=0x4000010 (has extras) }
04-16 19:55:07.718  3496  3496 D JobSchedulerService: Receieved: android.intent.action.PACKAGE_REMOVED
04-16 19:55:07.718  3496  3496 V EnterpriseBillingPolicy: packageModificationReceiver - onreceive - start - android.intent.action.PACKAGE_REMOVED
04-16 19:55:07.718  3496  3496 V EnterpriseBillingPolicy: uID is 10282
04-16 19:55:07.718  3496  3496 V EnterpriseBillingPolicy: Removed Packageuid is0
04-16 19:55:07.718  3496  3496 V EnterpriseBillingPolicyStorage: getProfileForApplication - enter
04-16 19:55:07.718  3496  3496 V EnterpriseBillingPolicyStorage: getProfileForApplication - exit null
04-16 19:55:07.718  3496  3496 V EnterpriseBillingPolicy: packageModificationReceiver - onreceive - personal application - profile null
04-16 19:55:07.718  3496  3496 V EnterpriseBillingPolicy: packageModificationReceiver - onreceive - might be a vpn vendor package 
04-16 19:55:07.718  3496  3496 V EnterpriseBillingPolicyStorage: getBillingProfileForVpnEngine - start - com.trellis
04-16 19:55:07.723  3496  3496 V EnterpriseBillingPolicyStorage: getBillingProfileForVpnEngine - end - null
04-16 19:55:07.733  5439  5439 D ResourcesManager: creating new AssetManager and set to /system/app/ELMAgent/ELMAgent.apk
04-16 19:55:07.738  5458  5458 D TimaKeyStoreProvider: TimaSignature is unavailable
04-16 19:55:07.738  5458  5458 D ActivityThread: Added TimaKeyStore provider
04-16 19:55:07.743  3496  3557 D ResourcesManager: creating new AssetManager and set to /system/priv-app/Velvet/Velvet.apk
04-16 19:55:07.748  3496  3557 D ResourcesManager: creating new AssetManager and set to /system/priv-app/SamsungMusic_20/SamsungMusic_20.apk
04-16 19:55:07.758  5439  5439 D elm:14491: ELMAbstractReceiver.onReceive() : Intent { act=android.intent.action.PACKAGE_REMOVED dat=package:com.trellis flg=0x4000010 cmp=com.sec.esdk.elm/.receiver.MainReceiver (has extras) }
04-16 19:55:07.763  3496  3568 D AutomaticBrightnessController: mCallbacks.updateBrightness()
04-16 19:55:07.763  3496  3568 D DisplayPowerController: getFinalBrightness : 4 -> 4
04-16 19:55:07.763  3496  3557 W Resources: Converting to string: TypedValue{t=0x12/d=0xffffffff a=-1}
04-16 19:55:07.763  3496  3568 D DisplayPowerController: animation target = 4, rate=500 (PSM:false, AB limit:(-1 ~ -1) MB Limit:(-1 ~ -1) MAdj:(0, (0, 255)))
04-16 19:55:07.763  3496  3557 D ResourcesManager: creating new AssetManager and set to /system/priv-app/SecContacts_Note/SecContacts_Note.apk
04-16 19:55:07.768  3496  3557 W Resources: Converting to string: TypedValue{t=0x12/d=0xffffffff a=-1}
04-16 19:55:07.768  3496  3557 D ResourcesManager: creating new AssetManager and set to /system/priv-app/SecGallery2014L/SecGallery2014L.apk
04-16 19:55:07.773  3496  3557 W Resources: Converting to string: TypedValue{t=0x12/d=0xffffffff a=-1}
04-16 19:55:07.773  3496  3557 W Resources: Converting to string: TypedValue{t=0x12/d=0x0 a=-1}
04-16 19:55:07.773  3496  3557 D ResourcesManager: creating new AssetManager and set to /system/priv-app/SecMyFiles2014/SecMyFiles2014.apk
04-16 19:55:07.773  3496  3557 W Resources: Converting to string: TypedValue{t=0x12/d=0xffffffff a=-1}
04-16 19:55:07.778  3496  3557 D ResourcesManager: creating new AssetManager and set to /system/priv-app/SecVideoPlayer/SecVideoPlayer.apk
04-16 19:55:07.778  5439  5439 D elm:14491: ELMEngine.ELMEngine( context ).
04-16 19:55:07.778  5439  5439 D elm:14491: MDMBridge.setEnterpriseBridge()
04-16 19:55:07.783  3496  3557 W Resources: Converting to string: TypedValue{t=0x12/d=0xffffffff a=-1}
04-16 19:55:07.783  3496  3557 W Resources: Converting to string: TypedValue{t=0x12/d=0x0 a=-1}
04-16 19:55:07.783  3496  3557 D ResourcesManager: creating new AssetManager and set to /system/priv-app/VoiceNote4T/VoiceNote4T.apk
04-16 19:55:07.793  3496  3557 W Resources: Converting to string: TypedValue{t=0x12/d=0xffffffff a=-1}
04-16 19:55:07.793  3496  3557 W Resources: Converting to string: TypedValue{t=0x12/d=0x0 a=-1}
04-16 19:55:07.793  3496  3557 D ResourcesManager: creating new AssetManager and set to /system/app/SBrowser/SBrowser.apk
04-16 19:55:07.798  3496  3557 W Resources: Converting to string: TypedValue{t=0x12/d=0xffffffff a=-1}
04-16 19:55:07.803  5439  5439 D elm:14491: ELMAbstractReceiver : Receive Intent { act=android.intent.action.PACKAGE_REMOVED dat=package:com.trellis flg=0x4000010 cmp=com.sec.esdk.elm/.service.ElmAgentService (has extras) } END.
04-16 19:55:07.803  3496  3557 D UsbSettingsManager: clearDefaults: com.trellis
04-16 19:55:07.803  3496  3557 I CrashAnrDetector: onPackageRemoved : com.trellis
04-16 19:55:07.808  5439  5439 D elm:14491: ElmAgentService : onCreate()
04-16 19:55:07.808  5439  5491 D elm:14491: ElmAgentService : onHandleIntent() Intent { act=android.intent.action.PACKAGE_REMOVED dat=package:com.trellis flg=0x4000010 cmp=com.sec.esdk.elm/.service.ElmAgentService (has extras) }
04-16 19:55:07.808  5439  5491 D elm:14491: MainReceiver.listeningToPackageRemoved()
04-16 19:55:07.808  5439  5491 D elm:14491: MDMBridge.getInstance()
04-16 19:55:07.808  5439  5491 D elm:14491: MDMBridge.getAllLicenseInfoFromSDK()
04-16 19:55:07.808  5439  5491 D elm:14491: MDMBridge.getAllLicenseInfoFromSDK()
04-16 19:55:07.818  5458  5458 D ResourcesManager: creating new AssetManager and set to /system/app/KeyChain/KeyChain.apk
04-16 19:55:07.823  5439  5439 D elm:14491: ElmAgentService : onDestroy().
04-16 19:55:07.823  3496  3526 E ActivityManager: checkUser: useridlist=null, currentuser=0
04-16 19:55:07.823  3496  3526 E ActivityManager: checkUser: useridlist=null, currentuser=0
04-16 19:55:07.828  3496  3526 E ActivityManager: checkUser: useridlist=null, currentuser=0
04-16 19:55:07.828  3496  3526 E ActivityManager: checkUser: useridlist=null, currentuser=0
04-16 19:55:07.828  5255  5279 D ResourcesManager: creating new AssetManager and set to /data/app/com.google.android.gms-1/base.apk
04-16 19:55:07.838  5255  5279 W ResourceType: For resource 0x7f02042c, entry index(1068) is beyond type entryCount(725)
04-16 19:55:07.838  5255  5279 W ResourceType: Failure getting entry for 0x7f02042c (t=1 e=1068) (error -75)
04-16 19:55:07.838  5255  5279 W ResourceType: For resource 0x7f02042c, entry index(1068) is beyond type entryCount(725)
04-16 19:55:07.843  5255  5279 W ResourceType: Failure getting entry for 0x7f02042c (t=1 e=1068) (error -75)
04-16 19:55:07.843  5494  5494 E Zygote  : MountEmulatedStorage()
04-16 19:55:07.843  5494  5494 I libpersona: KNOX_SDCARD checking this for 10003
04-16 19:55:07.843  5494  5494 E Zygote  : v2
04-16 19:55:07.843  5494  5494 I libpersona: KNOX_SDCARD not a persona
04-16 19:55:07.843  5458  5458 W ContextImpl: Calling a method in the system process without a qualified user: android.app.ContextImpl.startService:2064 android.content.ContextWrapper.startService:533 android.content.ContextWrapper.startService:533 com.android.keychain.KeyChainBroadcastReceiver.onReceive:12 android.app.ActivityThread.handleReceiver:2994 
04-16 19:55:07.843  5494  5494 I SELinux : Function: selinux_compare_spd_ram , priority [2] , priority version is VE=SEPF_SM-N910H_5.0.1_0009
04-16 19:55:07.843  4038  5470 I UpdateIcingCorporaServi: UpdateCorporaTask done [took 129 ms] updated apps [took 129 ms] 
04-16 19:55:07.843  5494  5494 E SELinux : [DEBUG] get_category: variable seinfo: platform sensitivity: NULL, cateogry: NULL
04-16 19:55:07.848  3496  3526 I ActivityManager: Start proc com.samsung.android.intelligenceservice for broadcast com.samsung.android.intelligenceservice/.useranalysis.UserAnalysisBroadcastReceiver: pid=5494 uid=10003 gids={50003, 9997, 3002, 3003, 1023, 1028, 1015, 3006, 1007, 3001} abi=armeabi-v7a
04-16 19:55:07.858  5255  5279 D ResourcesManager: creating new AssetManager and set to /data/app/com.google.android.apps.plus-1/base.apk
04-16 19:55:07.868  5412  5438 I KLMS-2.4.521: : KLMSIntentService(): Notification App List is Null. Remove Notification.
04-16 19:55:07.868  3496  3526 E ActivityManager: checkUser: useridlist=null, currentuser=0
04-16 19:55:07.868  3496  3526 E ActivityManager: checkUser: useridlist=null, currentuser=0
04-16 19:55:07.868  3496  3526 E ActivityManager: checkUser: useridlist=null, currentuser=0
04-16 19:55:07.868  5494  5494 D TimaKeyStoreProvider: TimaSignature is unavailable
04-16 19:55:07.873  3496  3526 E ActivityManager: checkUser: useridlist=null, currentuser=0
04-16 19:55:07.873  5494  5494 D ActivityThread: Added TimaKeyStore provider
04-16 19:55:07.878  3496  4107 D SecContentProvider2: uri = 11 selection = getMyKnoxAdmin
04-16 19:55:07.878  3496  4107 D SecContentProvider2: mCursor = null
04-16 19:55:07.888  5520  5520 E Zygote  : MountEmulatedStorage()
04-16 19:55:07.888  5520  5520 E Zygote  : v2
04-16 19:55:07.888  5520  5520 I libpersona: KNOX_SDCARD checking this for 10019
04-16 19:55:07.888  5520  5520 I libpersona: KNOX_SDCARD not a persona
04-16 19:55:07.888  5520  5520 I SELinux : Function: selinux_compare_spd_ram , priority [2] , priority version is VE=SEPF_SM-N910H_5.0.1_0009
04-16 19:55:07.888  5520  5520 E SELinux : [DEBUG] get_category: variable seinfo: platform sensitivity: NULL, cateogry: NULL
04-16 19:55:07.888  5412  5438 I KLMS-2.4.521: : KLMSValidator(): IsPackageExistInDevice().Not Exsit: com.trellis
04-16 19:55:07.893  5412  5438 I KLMS-2.4.521: : KLMSIntentService(): listeningToPackageRemoved().END
04-16 19:55:07.893  3496  3526 I ActivityManager: Start proc com.sec.android.service.health for broadcast com.sec.android.service.health/.upgrade.UninstallReceiver: pid=5520 uid=10019 gids={50019, 9997} abi=armeabi-v7a
04-16 19:55:07.908  5412  5412 I KLMS-2.4.521: : KLMSIntentService(): onDestroy()
04-16 19:55:07.913  5520  5520 D TimaKeyStoreProvider: TimaSignature is unavailable
04-16 19:55:07.913  5520  5520 D ActivityThread: Added TimaKeyStore provider
04-16 19:55:07.918  5494  5494 D ResourcesManager: creating new AssetManager and set to /system/priv-app/intelligenceservice/intelligenceservice.apk
04-16 19:55:07.933  3496  3526 E ActivityManager: checkUser: useridlist=null, currentuser=0
04-16 19:55:07.933  3496  3526 E ActivityManager: checkUser: useridlist=null, currentuser=0
04-16 19:55:07.933  3496  3526 E ActivityManager: checkUser: useridlist=null, currentuser=0
04-16 19:55:07.933  3496  3526 E ActivityManager: checkUser: useridlist=null, currentuser=0
04-16 19:55:07.943  5494  5494 D UserAnalysis.PlaceProvider: PlaceProvider onCreate()
04-16 19:55:07.943  5520  5520 D ResourcesManager: creating new AssetManager and set to /system/priv-app/HealthService/HealthService.apk
04-16 19:55:07.948  3496  3568 D AutomaticBrightnessController: mCallbacks.updateBrightness()
04-16 19:55:07.953  3496  3568 D DisplayPowerController: getFinalBrightness : 4 -> 4
04-16 19:55:07.953  5538  5538 E Zygote  : MountEmulatedStorage()
04-16 19:55:07.953  5538  5538 E Zygote  : v2
04-16 19:55:07.953  5538  5538 I libpersona: KNOX_SDCARD checking this for 1000
04-16 19:55:07.953  5538  5538 I libpersona: KNOX_SDCARD not a persona
04-16 19:55:07.953  3496  3568 D DisplayPowerController: animation target = 4, rate=500 (PSM:false, AB limit:(-1 ~ -1) MB Limit:(-1 ~ -1) MAdj:(0, (0, 255)))
04-16 19:55:07.953  5538  5538 I SELinux : Function: selinux_compare_spd_ram , priority [2] , priority version is VE=SEPF_SM-N910H_5.0.1_0009
04-16 19:55:07.953  5538  5538 E SELinux : [DEBUG] get_category: variable seinfo: platform sensitivity: NULL, cateogry: NULL
04-16 19:55:07.958  3496  3526 I ActivityManager: Start proc ACMS.Process for broadcast com.samsung.android.app.mirrorlink/com.samsung.android.mirrorlink.acms.receivers.AcmsPackageEventListener: pid=5538 uid=1000 gids={41000, 9997, 3002, 3001, 3003, 1028, 1015, 1007, 1023, 2001, 1024, 1001} abi=armeabi-v7a
04-16 19:55:07.963  3496  3526 I ActivityManager: Killing 1603:com.policydm/1000 (adj 15): bgCount ##31
04-16 19:55:07.973  3496  3526 I ActivityManager: Killing 1649:com.sec.spp.push/u0a39 (adj 15): bgCount ##31
04-16 19:55:07.978  5520  5520 D com.sec.android.service.health.upgrade.UninstallReceiver: onReceive()
04-16 19:55:07.978  5520  5520 I com.sec.android.service.health.upgrade.UninstallReceiver: onReceive called  PACKAGE_REMOVED package:com.trellis
04-16 19:55:07.978  5520  5520 D com.sec.android.service.health.upgrade.UninstallReceiver: onReceive() : package name is not s health. Return !!!
04-16 19:55:07.978  5538  5538 D TimaKeyStoreProvider: TimaSignature is unavailable
04-16 19:55:07.978  5538  5538 D ActivityThread: Added TimaKeyStore provider
04-16 19:55:07.983   433   433 D Mms/FreeMessageStatusReceiver: onReceive, action : android.intent.action.PACKAGE_REMOVED
04-16 19:55:07.988  5494  5494 D UserAnalysis.SecureDbManager: Key for secure DB is newly created
04-16 19:55:07.988  5494  5494 D UserAnalysis.SecurePlaceDbHelper: SecurePlaceDbHelper() 
04-16 19:55:07.988  5494  5494 D UserAnalysis.PlaceProvider: Create SecureDbHelper
04-16 19:55:07.993  5494  5494 D IntelligenceServiceApplication: onCreate()
04-16 19:55:07.993  5494  5494 D UserAnalysis.UserAnalysisBroadcastReceiver: Intent(action: android.intent.action.PACKAGE_REMOVED) is received.
04-16 19:55:07.993  5494  5494 D UserAnalysis.SecurePlaceDbHelper: SecurePlaceDbHelper() 
