04-16 19:55:08.713  5657  5672 D ResourcesManager: creating new AssetManager and set to /system/priv-app/SamsungMusic_20/SamsungMusic_20.apk
04-16 19:55:08.718  5657  5672 W ResourcesManager: Asset path '/system/framework/smatlib.jar' does not exist or contains no resources.
04-16 19:55:08.718  5657  5672 W ResourcesManager: Asset path '/system/framework/secvisualeffect.jar' does not exist or contains no resources.
04-16 19:55:08.718  5657  5672 W ResourcesManager: Asset path '/system/framework/sechardware.jar' does not exist or contains no resources.
04-16 19:55:08.718  5657  5672 W ResourcesManager: Asset path '/system/framework/multiwindow.jar' does not exist or contains no resources.
04-16 19:55:08.718  5657  5672 W ResourcesManager: Asset path '/system/framework/twframework.jar' does not exist or contains no resources.
04-16 19:55:08.718  5657  5672 W ResourcesManager: Asset path '/system/framework/allshare.jar' does not exist or contains no resources.
04-16 19:55:08.723  5657  5672 D ResourcesManager: creating new AssetManager and set to /system/priv-app/VoiceNote4T/VoiceNote4T.apk
04-16 19:55:08.723  5657  5672 W ResourcesManager: Asset path '/system/framework/secmediarecorder.jar' does not exist or contains no resources.
04-16 19:55:08.723  5657  5672 W ResourcesManager: Asset path '/system/framework/twframework.jar' does not exist or contains no resources.
04-16 19:55:08.728  5657  5672 W GalaxyFinderApplication: system/finder_cp/cpdata.xml file not found
04-16 19:55:08.738  5675  5675 D SHealthUpgrade(SHealthUpgradeUtil): isShealthServiceInstalled() : HealthService is Installed.
04-16 19:55:08.743  5675  5675 D SHealthUpgrade(SHealthUpgradeUtil): isShealthService2xInstalled() : HEALTH SERVICE is INSTALLED.
04-16 19:55:08.743  5675  5675 D SHealthUpgrade(SHealthUpgradeUtil): isShealthService2xInstalled() : HEALTH SERVICE VERSION = 2.x
04-16 19:55:08.758  5675  5675 D SHealthUpgrade(SHealthUpgradeUtil): checkState()
04-16 19:55:08.758  5675  5675 D SHealthUpgrade(SHealthUpgradeUtil): checkState() : APP TYPE = Full
04-16 19:55:08.763  5675  5675 D SHealthUpgrade(SHealthUpgradeUtil): isFitnessWithGearInstalled() : Fitness with Gear isn't Installed.
04-16 19:55:08.763  5675  5675 D SHealthUpgrade(SHealthUpgradeUtil): isShealthServiceInstalled() : HealthService is Installed.
04-16 19:55:08.763  5675  5675 D SHealthUpgrade(SHealthUpgradeUtil): isShealthService1xInstalled() : HEALTH SERVICE is INSTALLED.
04-16 19:55:08.763  5675  5675 D SHealthUpgrade(SHealthUpgradeUtil): isShealthService1xInstalled() : HEALTH SERVICE VERSION is NOT 1.x !!!
04-16 19:55:08.763  5675  5675 D SHealthUpgrade(SHealthUpgradeUtil): isShealthService0xInstalled() : HEALTH SERVICE is INSTALLED.
04-16 19:55:08.763  5675  5675 D SHealthUpgrade(SHealthUpgradeUtil): isShealthService0xInstalled() : HEALTH SERVICE VERSION is NOT 0.x !!!
04-16 19:55:08.768  5675  5675 D SHealthUpgrade(SHealthUpgradeUtil): isShealthService2xInstalled() : HEALTH SERVICE is INSTALLED.
04-16 19:55:08.768  5675  5675 D SHealthUpgrade(SHealthUpgradeUtil): isShealthService2xInstalled() : HEALTH SERVICE VERSION = 2.x
04-16 19:55:08.768  5675  5675 D SHealthUpgrade(SHealthUpgradeUtil): isShealthService2xInstalled() : HEALTH SERVICE is INSTALLED.
04-16 19:55:08.768  5675  5675 D SHealthUpgrade(SHealthUpgradeUtil): isShealthService2xInstalled() : HEALTH SERVICE VERSION = 2.x
04-16 19:55:08.773  5675  5675 D SHealthUpgrade(SHealthUpgradeUtil): checkState() : =========== UPGRADE_STATE_APP_UPGRADE_DONE ===========
04-16 19:55:08.773  5675  5675 D SHealthUpgrade(SHealthUpgradeUtil): isShealthServiceInstalled() : HealthService is Installed.
04-16 19:55:08.778  5675  5675 D SHealthUpgrade(SHealthUpgradeUtil): isShealthService2xInstalled() : HEALTH SERVICE is INSTALLED.
04-16 19:55:08.778  5675  5675 D SHealthUpgrade(SHealthUpgradeUtil): isShealthService2xInstalled() : HEALTH SERVICE VERSION = 2.x
04-16 19:55:08.778  5675  5675 D SHealthUpgrade(SHealthUpgradeUtil): isShealthServiceInstalled() : HealthService is Installed.
04-16 19:55:08.778  5675  5675 D SHealthUpgrade(SHealthUpgradeUtil): isShealthService2xInstalled() : HEALTH SERVICE is INSTALLED.
04-16 19:55:08.778  5675  5675 D SHealthUpgrade(SHealthUpgradeUtil): isShealthService2xInstalled() : HEALTH SERVICE VERSION = 2.x
04-16 19:55:08.783  5675  5675 D com.sec.android.service.health.keyManager.KeyManager: Current encrypted state : -1
04-16 19:55:08.783  5675  5675 I SecSQLiteOpenHelper: getWritableDatabase(pwd)
04-16 19:55:08.783  5675  5675 I SecSQLiteOpenHelper: getDatabaseLocked(b,b,pwd)...
04-16 19:55:08.783  5675  5675 I SecSQLiteOpenHelper: Open platform.db in secure mode
04-16 19:55:08.783  5675  5675 D SecSQLiteDatabase: Android Version: 5.0.1
04-16 19:55:08.783  5675  5675 D SecSQLiteDatabase: Load library secsqlite.so for Android 5.0.1
04-16 19:55:08.783  5675  5675 I SecSQLiteDatabase: openSecureDatabase...
04-16 19:55:08.783  5675  5675 I SecSQLiteDatabase: private openSecureDatabase...
04-16 19:55:08.783  5675  5675 I SecSQLiteConnectionPool: OpenSecure
04-16 19:55:08.783  5675  5675 I SecSQLiteConnectionPool: OpenSecure with password
04-16 19:55:08.783  5675  5675 I SecSQLiteConnectionPool: openSecureConnectionLocked
04-16 19:55:08.788  5675  5675 I SecSQLiteDatabase: ...private openSecureDatabase
04-16 19:55:08.788  5675  5675 I SecSQLiteDatabase: ...openSecureDatabase
04-16 19:55:08.803  5675  5675 E SQLiteLog: (26) statement aborts at 0: [PRAGMA user_version;] file is encrypted or is not a database
04-16 19:55:08.803  5675  5675 E SecDefaultDatabaseErrorHandler: Corruption reported by sqlite on database: /data/data/com.sec.android.app.shealth/databases/platform.db
04-16 19:55:08.803  5675  5675 E SecDefaultDatabaseErrorHandler: backup the database file: /data/data/com.sec.android.app.shealth/databases/platform.db
04-16 19:55:08.803  5675  5675 D SecSQLiteOpenHelper: ...getDatabaseLocked(b,b,pwd)
04-16 19:55:08.818  5520  5535 I SecureStorage: [INFO]: SPID(0x00000000)Processing data
04-16 19:55:08.823  2911  2911 I SecureStorage: [INFO]: SPID(0x00000010)Credentials: uid 10019, gid 10019, pid 5520
04-16 19:55:08.823  2911  2911 I SecureStorage: [INFO]: SPID(0x00000010)Received function mask & code: 0x00000106
04-16 19:55:08.893  3496  3568 D AutomaticBrightnessController: mCallbacks.updateBrightness()
04-16 19:55:08.893  3496  3568 D DisplayPowerController: getFinalBrightness : 4 -> 4
04-16 19:55:08.893  3496  3568 D DisplayPowerController: animation target = 4, rate=500 (PSM:false, AB limit:(-1 ~ -1) MB Limit:(-1 ~ -1) MAdj:(0, (0, 255)))
04-16 19:55:08.988  5609  5609 W art     : Before Android 4.1, method void com.facebook.reflex.view.AbstractListView.invalidate(boolean) would have incorrectly overridden the package-private method in android.view.View
04-16 19:55:08.993  5609  5609 W art     : Before Android 4.1, method void com.facebook.reflex.view.GalleryViewAutoReflex.invalidate(boolean) would have incorrectly overridden the package-private method in android.view.View
04-16 19:55:08.993  5609  5609 W art     : Before Android 4.1, method void com.facebook.reflex.view.GalleryView.invalidate(boolean) would have incorrectly overridden the package-private method in android.view.View
04-16 19:55:08.998  5609  5609 W art     : Before Android 4.1, method void com.facebook.reflex.view.HorizontalScrollViewAutoReflex.invalidate(boolean) would have incorrectly overridden the package-private method in android.view.View
04-16 19:55:08.998  5609  5609 W art     : Before Android 4.1, method void com.facebook.reflex.view.HorizontalScrollView.invalidate(boolean) would have incorrectly overridden the package-private method in android.view.View
04-16 19:55:09.003  5609  5609 W art     : Before Android 4.1, method void com.facebook.reflex.view.ImageViewAutoReflex.invalidate(boolean) would have incorrectly overridden the package-private method in android.view.View
04-16 19:55:09.008  5609  5609 W art     : Before Android 4.1, method void com.facebook.reflex.view.ViewPagerAutoReflex.invalidate(boolean) would have incorrectly overridden the package-private method in android.view.View
04-16 19:55:09.013  5609  5609 W art     : Before Android 4.1, method void com.facebook.reflex.view.ReflexViewPager.invalidate(boolean) would have incorrectly overridden the package-private method in android.view.View
04-16 19:55:09.018  5609  5609 W art     : Before Android 4.1, method void com.facebook.reflex.view.ScrollViewAutoReflex.invalidate(boolean) would have incorrectly overridden the package-private method in android.view.View
04-16 19:55:09.018  5609  5609 W art     : Before Android 4.1, method void com.facebook.reflex.view.ScrollView.invalidate(boolean) would have incorrectly overridden the package-private method in android.view.View
04-16 19:55:09.023  5609  5609 W art     : Before Android 4.1, method void com.facebook.reflex.view.FrameLayoutAutoReflex.invalidate(boolean) would have incorrectly overridden the package-private method in android.view.View
04-16 19:55:09.023  5609  5609 W art     : Before Android 4.1, method void com.facebook.reflex.view.ReflexFrameLayout.invalidate(boolean) would have incorrectly overridden the package-private method in android.view.View
04-16 19:55:09.083  3496  3568 D AutomaticBrightnessController: mCallbacks.updateBrightness()
04-16 19:55:09.083  3496  3568 D DisplayPowerController: getFinalBrightness : 4 -> 4
04-16 19:55:09.083  3496  3568 D DisplayPowerController: animation target = 4, rate=500 (PSM:false, AB limit:(-1 ~ -1) MB Limit:(-1 ~ -1) MAdj:(0, (0, 255)))
04-16 19:55:09.233  5708  5708 D AndroidRuntime: 
04-16 19:55:09.233  5708  5708 D AndroidRuntime: >>>>>> AndroidRuntime START com.android.internal.os.RuntimeInit <<<<<<
04-16 19:55:09.238  5708  5708 D AndroidRuntime: CheckJNI is OFF
04-16 19:55:09.238  5708  5708 D AndroidRuntime: readGMSProperty: start
04-16 19:55:09.238  5708  5708 D AndroidRuntime: readGMSProperty: already setted!!
04-16 19:55:09.238  5708  5708 D AndroidRuntime: readGMSProperty: end
04-16 19:55:09.238  5708  5708 D AndroidRuntime: addProductProperty: start
04-16 19:55:09.273  3496  3568 D AutomaticBrightnessController: mCallbacks.updateBrightness()
04-16 19:55:09.273  3496  3568 D DisplayPowerController: getFinalBrightness : 4 -> 4
04-16 19:55:09.273  3496  3568 D DisplayPowerController: animation target = 4, rate=500 (PSM:false, AB limit:(-1 ~ -1) MB Limit:(-1 ~ -1) MAdj:(0, (0, 255)))
04-16 19:55:09.313  5708  5708 E AffinityControl: AffinityControl: registerfunction enter
04-16 19:55:09.328  5708  5708 D AndroidRuntime: Calling main entry com.android.commands.am.Am
04-16 19:55:09.328  3496  4211 V ApplicationPolicy: isApplicationStateBlocked userId 0 pkgname com.amazonaws.devicefarm.android.referenceapp
04-16 19:55:09.328  3496  4211 I ActivityManager: Force stopping com.amazonaws.devicefarm.android.referenceapp appid=10281 user=0: from pid 5708
04-16 19:55:09.333  5708  5708 D AndroidRuntime: Shutting down VM
04-16 19:55:09.333  2911  2911 I SecureStorage: [INFO]: SPID(0x00000011)Secure Storage Daemon finished processing with result: 0
04-16 19:55:09.343  3968  3968 D ApduServiceInfo: seId: 0
04-16 19:55:09.343  3968  3968 D RegisteredServicesCache: empty dynamic service
04-16 19:55:09.348  3968  3968 D NfcService: MSG_UNROUTE_ENTRY
04-16 19:55:09.348  3968  3968 D SecNfcJni: clearRouting : Enter
04-16 19:55:09.348  3968  3968 D SecNfcJni: clear all of aid based routing
04-16 19:55:09.348  3968  3968 D SecNfcJni: RoutingManager::removeAidRouting: enter
04-16 19:55:09.348  3968 31404 D SecNfcJni: RoutingManager::nfaEeCallback: NFA_EE_REMOVE_AID_EVT  status=0
04-16 19:55:09.348  3968  3968 D SecNfcJni: RoutingManager::removeAidRouting: routed AID : 0
04-16 19:55:09.348  3968  3968 D SecNfcJni: clearRouting: exit
04-16 19:55:09.348  3968  3968 D NfcService: MSG_ROUTE_AID route - 0 power 49
04-16 19:55:09.348  3968  3968 D SecNfcJni: RoutingManager::addAidRouting: enter
04-16 19:55:09.348  3968 31404 D SecNfcJni: RoutingManager::nfaEeCallback: NFA_EE_ADD_AID_EVT  status=0
04-16 19:55:09.348  3968  3968 D SecNfcJni: RoutingManager::addAidRouting: routed AID : 0
04-16 19:55:09.348  3968  3968 D NfcService: MSG_ROUTE_AID route - 0 power 49
04-16 19:55:09.348  3968  3968 D SecNfcJni: RoutingManager::addAidRouting: enter
04-16 19:55:09.348  3968 31404 D SecNfcJni: RoutingManager::nfaEeCallback: NFA_EE_ADD_AID_EVT  status=0
04-16 19:55:09.348  3968  3968 D SecNfcJni: RoutingManager::addAidRouting: routed AID : 0
04-16 19:55:09.348  3968  3968 D NfcService: MSG_ROUTE_AID route - 0 power 49
04-16 19:55:09.348  3968  3968 D SecNfcJni: RoutingManager::addAidRouting: enter
04-16 19:55:09.348  3968 31404 D SecNfcJni: RoutingManager::nfaEeCallback: NFA_EE_ADD_AID_EVT  status=0
04-16 19:55:09.348  3968  3968 D SecNfcJni: RoutingManager::addAidRouting: routed AID : 0
04-16 19:55:09.348  3968  3968 D NfcService: MSG_ROUTE_AID route - 0 power 49
04-16 19:55:09.348  3968  3968 D SecNfcJni: RoutingManager::addAidRouting: enter
04-16 19:55:09.348  3968 31404 D SecNfcJni: RoutingManager::nfaEeCallback: NFA_EE_ADD_AID_EVT  status=0
04-16 19:55:09.348  3968  3968 D SecNfcJni: RoutingManager::addAidRouting: routed AID : 0
04-16 19:55:09.348  3968  3968 D NfcService: MSG_ROUTE_AID route - 0 power 49
04-16 19:55:09.348  3968  3968 D SecNfcJni: RoutingManager::addAidRouting: enter
04-16 19:55:09.348  3968 31404 D SecNfcJni: RoutingManager::nfaEeCallback: NFA_EE_ADD_AID_EVT  status=0
04-16 19:55:09.348  3968  3968 D SecNfcJni: RoutingManager::addAidRouting: routed AID : 0
04-16 19:55:09.348  3968  3968 D NfcService: MSG_ROUTE_AID route - 0 power 49
04-16 19:55:09.348  3968  3968 D SecNfcJni: RoutingManager::addAidRouting: enter
04-16 19:55:09.348  3968 31404 D SecNfcJni: RoutingManager::nfaEeCallback: NFA_EE_ADD_AID_EVT  status=0
04-16 19:55:09.348  3968  3968 D SecNfcJni: RoutingManager::addAidRouting: routed AID : 0
04-16 19:55:09.348  3968  3968 D NfcService: MSG_ROUTE_AID route - 0 power 49
04-16 19:55:09.348  3968  3968 D SecNfcJni: RoutingManager::addAidRouting: enter
04-16 19:55:09.348  3968 31404 D SecNfcJni: RoutingManager::nfaEeCallback: NFA_EE_ADD_AID_EVT  status=0
04-16 19:55:09.348  3968  3968 D SecNfcJni: RoutingManager::addAidRouting: routed AID : 0
04-16 19:55:09.348  3968  3968 D NfcService: MSG_ROUTE_AID route - 0 power 49
04-16 19:55:09.348  3968  3968 D SecNfcJni: RoutingManager::addAidRouting: enter
04-16 19:55:09.348  3968 31404 D SecNfcJni: RoutingManager::nfaEeCallback: NFA_EE_ADD_AID_EVT  status=0
04-16 19:55:09.348  3968  3968 D SecNfcJni: RoutingManager::addAidRouting: routed AID : 0
04-16 19:55:09.348  3968  3968 D NfcService: MSG_ROUTE_AID route - 0 power 49
04-16 19:55:09.348  3968  3968 D SecNfcJni: RoutingManager::addAidRouting: enter
04-16 19:55:09.348  3968 31404 D SecNfcJni: RoutingManager::nfaEeCallback: NFA_EE_ADD_AID_EVT  status=0
04-16 19:55:09.348  3968  3968 D SecNfcJni: RoutingManager::addAidRouting: routed AID : 0
04-16 19:55:09.348  3968  3968 D NfcService: MSG_ROUTE_AID route - 0 power 49
04-16 19:55:09.348  3968  3968 D SecNfcJni: RoutingManager::addAidRouting: enter
04-16 19:55:09.348  3968 31404 D SecNfcJni: RoutingManager::nfaEeCallback: NFA_EE_ADD_AID_EVT  status=0
04-16 19:55:09.348  3968  3968 D SecNfcJni: RoutingManager::addAidRouting: routed AID : 0
04-16 19:55:09.348  3968  3968 D NfcService: MSG_ROUTE_AID route - 0 power 49
04-16 19:55:09.348  3968  3968 D SecNfcJni: RoutingManager::addAidRouting: enter
04-16 19:55:09.348  3968 31404 D SecNfcJni: RoutingManager::nfaEeCallback: NFA_EE_ADD_AID_EVT  status=0
04-16 19:55:09.348  3968  3968 D SecNfcJni: RoutingManager::addAidRouting: routed AID : 0
04-16 19:55:09.348  3968  3968 D NfcService: MSG_ROUTE_AID route - 0 power 49
04-16 19:55:09.348  3968  3968 D SecNfcJni: RoutingManager::addAidRouting: enter
04-16 19:55:09.348  3968 31404 D SecNfcJni: RoutingManager::nfaEeCallback: NFA_EE_ADD_AID_EVT  status=0
04-16 19:55:09.348  3968  3968 D SecNfcJni: RoutingManager::addAidRouting: routed AID : 0
04-16 19:55:09.348  3968  3968 D NfcService: MSG_ROUTE_AID route - 0 power 49
04-16 19:55:09.348  3968  3968 D SecNfcJni: RoutingManager::addAidRouting: enter
04-16 19:55:09.348  3968 31404 D SecNfcJni: RoutingManager::nfaEeCallback: NFA_EE_ADD_AID_EVT  status=0
04-16 19:55:09.348  3968  3968 D SecNfcJni: RoutingManager::addAidRouting: routed AID : 0
04-16 19:55:09.348  3968  3968 D NfcService: MSG_ROUTE_AID route - 0 power 49
04-16 19:55:09.348  3968  3968 D SecNfcJni: RoutingManager::addAidRouting: enter
04-16 19:55:09.348  3968 31404 D SecNfcJni: RoutingManager::nfaEeCallback: NFA_EE_ADD_AID_EVT  status=0
04-16 19:55:09.348  3968  3968 D SecNfcJni: RoutingManager::addAidRouting: routed AID : 0
04-16 19:55:09.348  3968  3968 D NfcService: MSG_ROUTE_AID route - 0 power 49
04-16 19:55:09.348  3968  3968 D SecNfcJni: RoutingManager::addAidRouting: enter
04-16 19:55:09.348  3968 31404 D SecNfcJni: RoutingManager::nfaEeCallback: NFA_EE_ADD_AID_EVT  status=0
04-16 19:55:09.348  3968  3968 D SecNfcJni: RoutingManager::addAidRouting: routed AID : 0
04-16 19:55:09.348  3968  3968 D NfcService: MSG_ROUTE_AID route - 0 power 49
04-16 19:55:09.348  3968  3968 D SecNfcJni: RoutingManager::addAidRouting: enter
04-16 19:55:09.348  3968 31404 D SecNfcJni: RoutingManager::nfaEeCallback: NFA_EE_ADD_AID_EVT  status=0
04-16 19:55:09.348  3968  3968 D SecNfcJni: RoutingManager::addAidRouting: routed AID : 0
04-16 19:55:09.348  3968  3968 D NfcService: MSG_ROUTE_AID route - 0 power 49
04-16 19:55:09.348  3968  3968 D SecNfcJni: RoutingManager::addAidRouting: enter
04-16 19:55:09.348  3968 31404 D SecNfcJni: RoutingManager::nfaEeCallback: NFA_EE_ADD_AID_EVT  status=0
04-16 19:55:09.348  3968  3968 D SecNfcJni: RoutingManager::addAidRouting: routed AID : 0
04-16 19:55:09.348  3968  3968 D NfcService: MSG_ROUTE_AID route - 0 power 49
04-16 19:55:09.348  3968  3968 D SecNfcJni: RoutingManager::addAidRouting: enter
04-16 19:55:09.348  3968 31404 D SecNfcJni: RoutingManager::nfaEeCallback: NFA_EE_ADD_AID_EVT  status=0
04-16 19:55:09.348  3968  3968 D SecNfcJni: RoutingManager::addAidRouting: routed AID : 0
04-16 19:55:09.348  3968  3968 D NfcService: MSG_ROUTE_AID route - 0 power 49
04-16 19:55:09.348  3968  3968 D SecNfcJni: RoutingManager::addAidRouting: enter
04-16 19:55:09.348  3968 31404 D SecNfcJni: RoutingManager::nfaEeCallback: NFA_EE_ADD_AID_EVT  status=0
04-16 19:55:09.348  3968  3968 D SecNfcJni: RoutingManager::addAidRouting: routed AID : 0
04-16 19:55:09.348  3968  3968 D NfcService: MSG_ROUTE_AID route - 0 power 49
04-16 19:55:09.348  3968  3968 D SecNfcJni: RoutingManager::addAidRouting: enter
04-16 19:55:09.348  3968 31404 D SecNfcJni: RoutingManager::nfaEeCallback: NFA_EE_ADD_AID_EVT  status=0
04-16 19:55:09.348  3968  3968 D SecNfcJni: RoutingManager::addAidRouting: routed AID : 0
04-16 19:55:09.348  3968  3968 D NfcService: MSG_ROUTE_AID route - 0 power 49
04-16 19:55:09.348  3968  3968 D SecNfcJni: RoutingManager::addAidRouting: enter
04-16 19:55:09.348  3968 31404 E SecNfcNfa: Exceed capacity: (len_needed:9 + len:224) > NFA_EE_MAX_AID_CFG_LEN:230
04-16 19:55:09.348  3968 31404 D SecNfcJni: RoutingManager::nfaEeCallback: NFA_EE_ADD_AID_EVT  status=224
04-16 19:55:09.348  3968  3968 E SecNfcJni: RoutingManager::addAidRouting: failed to route AID : 224
04-16 19:55:09.348  3968  3968 D NfcService: MSG_ROUTE_AID route - 0 power 49
04-16 19:55:09.348  3968  3968 D SecNfcJni: RoutingManager::addAidRouting: enter
04-16 19:55:09.348  3968 31404 E SecNfcNfa: Exceed capacity: (len_needed:9 + len:224) > NFA_EE_MAX_AID_CFG_LEN:230
04-16 19:55:09.348  3968 31404 D SecNfcJni: RoutingManager::nfaEeCallback: NFA_EE_ADD_AID_EVT  status=224
04-16 19:55:09.348  3968  3968 E SecNfcJni: RoutingManager::addAidRouting: failed to route AID : 224
04-16 19:55:09.348  3968  3968 D NfcService: MSG_ROUTE_AID route - 0 power 49
04-16 19:55:09.348  3968  3968 D SecNfcJni: RoutingManager::addAidRouting: enter
04-16 19:55:09.348  3968 31404 E SecNfcNfa: Exceed capacity: (len_needed:9 + len:224) > NFA_EE_MAX_AID_CFG_LEN:230
04-16 19:55:09.348  3968 31404 D SecNfcJni: RoutingManager::nfaEeCallback: NFA_EE_ADD_AID_EVT  status=224
04-16 19:55:09.348  3968  3968 E SecNfcJni: RoutingManager::addAidRouting: failed to route AID : 224
04-16 19:55:09.348  3968  3968 D NfcService: MSG_ROUTE_AID route - 0 power 49
04-16 19:55:09.348  3968  3968 D SecNfcJni: RoutingManager::addAidRouting: enter
04-16 19:55:09.348  3968 31404 E SecNfcNfa: Exceed capacity: (len_needed:8 + len:224) > NFA_EE_MAX_AID_CFG_LEN:230
04-16 19:55:09.348  3968 31404 D SecNfcJni: RoutingManager::nfaEeCallback: NFA_EE_ADD_AID_EVT  status=224
04-16 19:55:09.348  3968  3968 E SecNfcJni: RoutingManager::addAidRouting: failed to route AID : 224
04-16 19:55:09.348  3968  3968 D NfcService: MSG_ROUTE_AID route - 0 power 49
04-16 19:55:09.348  3968  3968 D SecNfcJni: RoutingManager::addAidRouting: enter
04-16 19:55:09.348  3968 31404 E SecNfcNfa: Exceed capacity: (len_needed:8 + len:224) > NFA_EE_MAX_AID_CFG_LEN:230
04-16 19:55:09.348  3968 31404 D SecNfcJni: RoutingManager::nfaEeCallback: NFA_EE_ADD_AID_EVT  status=224
04-16 19:55:09.348  3968  3968 E SecNfcJni: RoutingManager::addAidRouting: failed to route AID : 224
04-16 19:55:09.348  3968  3968 D NfcService: MSG_ROUTE_AID route - 0 power 49
04-16 19:55:09.348  3968  3968 D SecNfcJni: RoutingManager::addAidRouting: enter
04-16 19:55:09.348  3968 31404 E SecNfcNfa: Exceed capacity: (len_needed:9 + len:224) > NFA_EE_MAX_AID_CFG_LEN:230
04-16 19:55:09.348  3968 31404 D SecNfcJni: RoutingManager::nfaEeCallback: NFA_EE_ADD_AID_EVT  status=224
04-16 19:55:09.348  3968  3968 E SecNfcJni: RoutingManager::addAidRouting: failed to route AID : 224
04-16 19:55:09.348  3968  3968 D NfcService: MSG_ROUTE_AID route - 0 power 49
04-16 19:55:09.348  3968  3968 D SecNfcJni: RoutingManager::addAidRouting: enter
04-16 19:55:09.348  3968 31404 E SecNfcNfa: Exceed capacity: (len_needed:9 + len:224) > NFA_EE_MAX_AID_CFG_LEN:230
04-16 19:55:09.348  3968 31404 D SecNfcJni: RoutingManager::nfaEeCallback: NFA_EE_ADD_AID_EVT  status=224
04-16 19:55:09.348  3968  3968 E SecNfcJni: RoutingManager::addAidRouting: failed to route AID : 224
04-16 19:55:09.348  3968  3968 D NfcService: MSG_COMMIT_ROUTE
04-16 19:55:09.348  3968  3968 D NfcService: index : 0
04-16 19:55:09.348  3968  3968 D NfcService: index : 1
04-16 19:55:09.353  3968  3968 D NfcService: call the commitRouting - NfcService
04-16 19:55:09.353  3968  3968 D SecNfcJni: RoutingManager::commitRouting
04-16 19:55:09.383  3968 31404 D SecNfcJni: RoutingManager::nfaEeCallback: NFA_EE_UPDATED_EVT
04-16 19:55:09.403  5609  5609 E FbInjectorInitializer: Multi-binding Key[type=com.facebook.gk.SessionlessGatekeeperSetProvider, annotation=[none]] wasn't declared.
04-16 19:55:09.463  5609  5609 W fb4a(:dash):StaticBindingVerifier: Verify
04-16 19:55:09.463  3496  3568 D AutomaticBrightnessController: mCallbacks.updateBrightness()
04-16 19:55:09.463  3496  3568 D DisplayPowerController: getFinalBrightness : 4 -> 4
04-16 19:55:09.463  3496  3568 D DisplayPowerController: animation target = 4, rate=500 (PSM:false, AB limit:(-1 ~ -1) MB Limit:(-1 ~ -1) MAdj:(0, (0, 255)))
04-16 19:55:09.503  3496  3632 D WifiService: New client listening to asynchronous messages
04-16 19:55:09.573 24199 24587 I Icing   : Indexing com.google.android.gms-apps from com.google.android.gms
04-16 19:55:09.578 24199 24587 I Icing   : Indexing done com.google.android.gms-apps
04-16 19:55:09.598  5609  5609 W fb4a(:dash):BaseAnalyticsConfig: willEventBeLogged() called before shared prefs were initialized! Defaulting to true.
04-16 19:55:09.608  5520  5535 I SecureStorage: [INFO]: SPID(0x00000011)Processing data has been completed
04-16 19:55:09.608  5520  5535 I SecureStorage: [INFO]: SPID(0x00000011)Skip using SecureStorageExceptionJNI
04-16 19:55:09.608  3496  3799 E ActivityManager: checkUser: useridlist=null, currentuser=0
04-16 19:55:09.608  3496  3799 E ActivityManager: checkUser: useridlist=null, currentuser=0
04-16 19:55:09.608  3496  3799 E ActivityManager: checkUser: useridlist=null, currentuser=0
04-16 19:55:09.608  3496  3799 E ActivityManager: checkUser: useridlist=null, currentuser=0
04-16 19:55:09.623  5727  5727 E Zygote  : MountEmulatedStorage()
04-16 19:55:09.623  5727  5727 I libpersona: KNOX_SDCARD checking this for 1000
04-16 19:55:09.623  5727  5727 E Zygote  : v2
04-16 19:55:09.623  5727  5727 I libpersona: KNOX_SDCARD not a persona
04-16 19:55:09.623  5727  5727 I SELinux : Function: selinux_compare_spd_ram , priority [2] , priority version is VE=SEPF_SM-N910H_5.0.1_0009
04-16 19:55:09.623  5727  5727 E SELinux : [DEBUG] get_category: variable seinfo: platform sensitivity: NULL, cateogry: NULL
04-16 19:55:09.628  3496  3799 I ActivityManager: Start proc com.samsung.android.app.filterinstaller for broadcast com.samsung.android.app.filterinstaller/.PackageIntentReceiver: pid=5727 uid=1000 gids={41000, 9997, 3002, 3001, 3003, 1028, 1015, 1007, 1023, 2001, 1024, 1001} abi=armeabi-v7a
04-16 19:55:09.628  5675  5675 I SecSQLiteOpenHelper: getWritableDatabase(pwd)
04-16 19:55:09.628  5675  5675 I SecSQLiteOpenHelper: getDatabaseLocked(b,b,pwd)...
04-16 19:55:09.628  5675  5675 I SecSQLiteOpenHelper: Open platform.db in secure mode
04-16 19:55:09.628  5675  5675 I SecSQLiteDatabase: openSecureDatabase...
04-16 19:55:09.628  5675  5675 I SecSQLiteDatabase: private openSecureDatabase...
04-16 19:55:09.628  5675  5675 I SecSQLiteConnectionPool: OpenSecure
04-16 19:55:09.628  5675  5675 I SecSQLiteConnectionPool: OpenSecure with password
04-16 19:55:09.628  5675  5675 I SecSQLiteConnectionPool: openSecureConnectionLocked
04-16 19:55:09.633  5675  5675 I SecSQLiteDatabase: ...private openSecureDatabase
04-16 19:55:09.633  5675  5675 I SecSQLiteDatabase: ...openSecureDatabase
04-16 19:55:09.643  5727  5727 D TimaKeyStoreProvider: TimaSignature is unavailable
04-16 19:55:09.643  5727  5727 D ActivityThread: Added TimaKeyStore provider
04-16 19:55:09.653  5675  5675 I SecSQLiteOpenHelper: ...getDatabaseLocked(b,b,pwd)
04-16 19:55:09.653  5675  5675 D SecSQLiteOpenHelper: ...getDatabaseLocked(b,b,pwd)
04-16 19:55:09.653  3496  3568 D AutomaticBrightnessController: mCallbacks.updateBrightness()
04-16 19:55:09.653  3496  3568 D DisplayPowerController: getFinalBrightness : 4 -> 4
04-16 19:55:09.653  3496  3568 D DisplayPowerController: animation target = 4, rate=500 (PSM:false, AB limit:(-1 ~ -1) MB Limit:(-1 ~ -1) MAdj:(0, (0, 255)))
04-16 19:55:09.653  5675  5675 D SHealthUpgrade(SHealthUpgradeUtil): isShealthService2xInstalled() : HEALTH SERVICE is INSTALLED.
04-16 19:55:09.653  5675  5675 D SHealthUpgrade(SHealthUpgradeUtil): isShealthService2xInstalled() : HEALTH SERVICE VERSION = 2.x
04-16 19:55:09.658  5727  5727 D ResourcesManager: creating new AssetManager and set to /system/app/FilterInstaller/FilterInstaller.apk
04-16 19:55:09.663  5727  5727 W ContextImpl: Calling a method in the system process without a qualified user: android.app.ContextImpl.startService:2064 android.content.ContextWrapper.startService:533 android.content.ContextWrapper.startService:533 com.samsung.android.app.filterinstaller.PackageIntentReceiver.onReceive:55 android.app.ActivityThread.handleReceiver:2994 
04-16 19:55:09.663  3496  3526 E ActivityManager: checkUser: useridlist=null, currentuser=0
04-16 19:55:09.663  3496  3526 E ActivityManager: checkUser: useridlist=null, currentuser=0
04-16 19:55:09.663  3496  3526 E ActivityManager: checkUser: useridlist=null, currentuser=0
04-16 19:55:09.663  3496  3526 E ActivityManager: checkUser: useridlist=null, currentuser=0
04-16 19:55:09.678  5756  5756 E Zygote  : MountEmulatedStorage()
04-16 19:55:09.678  5756  5756 I libpersona: KNOX_SDCARD checking this for 10114
04-16 19:55:09.678  5756  5756 E Zygote  : v2
04-16 19:55:09.678  5756  5756 I libpersona: KNOX_SDCARD not a persona
04-16 19:55:09.678  5756  5756 I SELinux : Function: selinux_compare_spd_ram , priority [2] , priority version is VE=SEPF_SM-N910H_5.0.1_0009
04-16 19:55:09.678  5756  5756 E SELinux : [DEBUG] get_category: variable seinfo: default sensitivity: NULL, cateogry: NULL
04-16 19:55:09.678  3496  3526 I ActivityManager: Start proc com.facebook.katana for content provider com.facebook.katana/.provider.orca.FbSharedPreferencesContentProvider: pid=5756 uid=10114 gids={50114, 9997, 1028, 1015, 3003} abi=armeabi-v7a
04-16 19:55:09.683  3496  4020 E ActivityManager: checkUser: useridlist=null, currentuser=0
04-16 19:55:09.683  3496  4020 E ActivityManager: checkUser: useridlist=null, currentuser=0
04-16 19:55:09.683  3496  4020 E ActivityManager: checkUser: useridlist=null, currentuser=0
04-16 19:55:09.683  3496  4020 E ActivityManager: checkUser: useridlist=null, currentuser=0
04-16 19:55:09.693  5756  5756 D TimaKeyStoreProvider: TimaSignature is unavailable
04-16 19:55:09.693  5756  5756 D ActivityThread: Added TimaKeyStore provider
04-16 19:55:09.698  5772  5772 E Zygote  : MountEmulatedStorage()
04-16 19:55:09.698  5772  5772 E Zygote  : v2
04-16 19:55:09.698  5772  5772 I libpersona: KNOX_SDCARD checking this for 10121
04-16 19:55:09.698  5772  5772 I libpersona: KNOX_SDCARD not a persona
04-16 19:55:09.698  5772  5772 I SELinux : Function: selinux_compare_spd_ram , priority [2] , priority version is VE=SEPF_SM-N910H_5.0.1_0009
04-16 19:55:09.698  5772  5772 E SELinux : [DEBUG] get_category: variable seinfo: platform sensitivity: NULL, cateogry: NULL
04-16 19:55:09.698  3496  4020 I ActivityManager: Start proc com.samsung.android.app.watchmanagerstub for broadcast com.samsung.android.app.watchmanagerstub/com.sec.android.applicationmgr.PackageIntentReceiver: pid=5772 uid=10121 gids={50121, 9997, 3003, 1028, 1015, 3002, 3001} abi=armeabi-v7a
04-16 19:55:09.703  3496  5913 E ActivityManager: checkUser: useridlist=null, currentuser=0
04-16 19:55:09.703  3496  5913 E ActivityManager: checkUser: useridlist=null, currentuser=0
04-16 19:55:09.703  3496  5913 E ActivityManager: checkUser: useridlist=null, currentuser=0
04-16 19:55:09.703  3496  5913 E ActivityManager: checkUser: useridlist=null, currentuser=0
04-16 19:55:09.713  5772  5772 D TimaKeyStoreProvider: TimaSignature is unavailable
04-16 19:55:09.713  5772  5772 D ActivityThread: Added TimaKeyStore provider
04-16 19:55:09.713  5787  5787 I libpersona: KNOX_SDCARD checking this for 10116
04-16 19:55:09.713  5787  5787 E Zygote  : MountEmulatedStorage()
04-16 19:55:09.713  5787  5787 I libpersona: KNOX_SDCARD not a persona
04-16 19:55:09.713  5787  5787 E Zygote  : v2
04-16 19:55:09.713  5787  5787 I SELinux : Function: selinux_compare_spd_ram , priority [2] , priority version is VE=SEPF_SM-N910H_5.0.1_0009
04-16 19:55:09.713  5787  5787 E SELinux : [DEBUG] get_category: variable seinfo: platform sensitivity: NULL, cateogry: NULL
04-16 19:55:09.713  3496  5913 I ActivityManager: Start proc com.samsung.android.provider.filterprovider for content provider com.samsung.android.provider.filterprovider/.FilterProvider: pid=5787 uid=10116 gids={50116, 9997, 1023} abi=armeabi-v7a
04-16 19:55:09.718  3496  4211 I ActivityManager: Killing 5044:com.sec.android.widgetapp.activeapplicationwidget/u0a173 (adj 15): bgCount ##31
04-16 19:55:09.723  5675  5752 I SecSQLiteOpenHelper: getWritableDatabase(pwd)
04-16 19:55:09.723  5675  5752 I SecSQLiteOpenHelper: getDatabaseLocked(b,b,pwd)...
04-16 19:55:09.723  5675  5752 I SecSQLiteOpenHelper: Open platform.db in secure mode
04-16 19:55:09.723  5675  5752 I SecSQLiteDatabase: openSecureDatabase...
04-16 19:55:09.723  5675  5752 I SecSQLiteDatabase: private openSecureDatabase...
04-16 19:55:09.723  5675  5752 I SecSQLiteConnectionPool: OpenSecure
04-16 19:55:09.723  5675  5752 I SecSQLiteConnectionPool: OpenSecure with password
04-16 19:55:09.723  5675  5752 I SecSQLiteConnectionPool: openSecureConnectionLocked
04-16 19:55:09.723  5675  5752 I SecSQLiteDatabase: ...private openSecureDatabase
04-16 19:55:09.723  5675  5752 I SecSQLiteDatabase: ...openSecureDatabase
04-16 19:55:09.728  5787  5787 D TimaKeyStoreProvider: TimaSignature is unavailable
04-16 19:55:09.728  5787  5787 D ActivityThread: Added TimaKeyStore provider
04-16 19:55:09.728  5772  5772 D ResourcesManager: creating new AssetManager and set to /system/app/GearManagerStub/GearManagerStub.apk
04-16 19:55:09.738  5756  5756 D ResourcesManager: creating new AssetManager and set to /system/app/Facebook/Facebook.apk
04-16 19:55:09.738  5675  5675 D -----SIC-----: ------------------skip TGH
04-16 19:55:09.738  5675  5752 I SecSQLiteOpenHelper: ...getDatabaseLocked(b,b,pwd)
04-16 19:55:09.738  5675  5752 D SecSQLiteOpenHelper: ...getDatabaseLocked(b,b,pwd)
04-16 19:55:09.743  5787  5787 D ResourcesManager: creating new AssetManager and set to /system/app/FilterProvider/FilterProvider.apk
04-16 19:55:09.743  3496  4040 E ActivityManager: checkUser: useridlist=null, currentuser=0
04-16 19:55:09.743  3496  4040 E ActivityManager: checkUser: useridlist=null, currentuser=0
04-16 19:55:09.743  3496  4040 E ActivityManager: checkUser: useridlist=null, currentuser=0
04-16 19:55:09.743  3496  4040 E ActivityManager: checkUser: useridlist=null, currentuser=0
04-16 19:55:09.753  5808  5808 E Zygote  : MountEmulatedStorage()
04-16 19:55:09.753  5808  5808 E Zygote  : v2
04-16 19:55:09.753  5808  5808 I libpersona: KNOX_SDCARD checking this for 1000
04-16 19:55:09.753  5808  5808 I libpersona: KNOX_SDCARD not a persona
04-16 19:55:09.758  3496  4040 I ActivityManager: Start proc com.samsung.helphub for broadcast com.samsung.helphub/.broadcast.HelpHubBroadcastReceiver: pid=5808 uid=1000 gids={41000, 9997, 3002, 3001, 3003, 1028, 1015, 1007, 1023, 2001, 1024, 1001} abi=armeabi-v7a
04-16 19:55:09.758  5808  5808 I SELinux : Function: selinux_compare_spd_ram , priority [2] , priority version is VE=SEPF_SM-N910H_5.0.1_0009
04-16 19:55:09.758  3496  4040 I ActivityManager: Killing 5164:com.sec.android.widgetapp.digitalclock/u0a97 (adj 15): bgCount ##31
04-16 19:55:09.758  5808  5808 E SELinux : [DEBUG] get_category: variable seinfo: platform sensitivity: NULL, cateogry: NULL
04-16 19:55:09.768  5756  5756 W ResourcesManager: Asset path '/system/framework/com.google.android.maps.jar' does not exist or contains no resources.
04-16 19:55:09.778  5787  5805 E SQLiteLog: (284) automatic index on titles(filter_id)
04-16 19:55:09.783  5808  5808 D TimaKeyStoreProvider: TimaSignature is unavailable
04-16 19:55:09.783  5808  5808 D ActivityThread: Added TimaKeyStore provider
04-16 19:55:09.793  5808  5808 D ResourcesManager: creating new AssetManager and set to /system/app/InteractiveTutorial/InteractiveTutorial.apk
04-16 19:55:09.798  5756  5756 D CatchMeIfYouCan: Process (<default>) ca: '/data/user/0/com.facebook.katana/app_cmiyc/A1657CCD543F12E66E587EE52ED9D802E22AAC4701'
04-16 19:55:09.798  5756  5756 D CatchMeIfYouCan: Process (<default>) fc: '/data/user/0/com.facebook.katana/app_cmiyc/A1657CCD543F12E66E587EE52ED9D802E22AAC4702'
04-16 19:55:09.798  5756  5756 D CatchMeIfYouCan: Process (<default>) cp: '('default', 3, 120000, silent [true], restart [false], logout [false])'
04-16 19:55:09.803  5756  5756 D ACRA    : ACRA is enabled for com.facebook.katana, intializing...
04-16 19:55:09.803  5756  5756 D ACRA    : Looking for error files in /data/user/0/com.facebook.katana/app_acra-reports
04-16 19:55:09.803  5756  5756 D ACRA    : Looking for error files in /data/user/0/com.facebook.katana/app_minidumps
04-16 19:55:09.808  5756  5756 W SoLoader: Failed to load library!
04-16 19:55:09.808  5756  5756 W SoLoader: java.lang.UnsatisfiedLinkError: dalvik.system.PathClassLoader[DexPathList[[zip file "/system/framework/com.google.android.maps.jar", zip file "/system/app/Facebook/Facebook.apk"],nativeLibraryDirectories=[/vendor/lib, /system/lib]]] couldn't find "libfb_stl_shared.so"
04-16 19:55:09.808  5756  5756 W SoLoader: 	at java.lang.Runtime.loadLibrary(Runtime.java:366)
04-16 19:55:09.808  5756  5756 W SoLoader: 	at java.lang.System.loadLibrary(System.java:989)
04-16 19:55:09.808  5756  5756 W SoLoader: 	at com.facebook.soloader.SoLoader.a(SoLoader.java:142)
04-16 19:55:09.808  5756  5756 W SoLoader: 	at com.facebook.breakpad.BreakpadManager.b(BreakpadManager.java:62)
04-16 19:55:09.808  5756  5756 W SoLoader: 	at com.facebook.katana.app.FacebookApplication.b(FacebookApplication.java:168)
04-16 19:55:09.808  5756  5756 W SoLoader: 	at com.facebook.base.app.DelegatingApplication.attachBaseContext(DelegatingApplication.java:58)
04-16 19:55:09.808  5756  5756 W SoLoader: 	at android.app.Application.attach(Application.java:205)
04-16 19:55:09.808  5756  5756 W SoLoader: 	at android.app.Instrumentation.newApplication(Instrumentation.java:1004)
04-16 19:55:09.808  5756  5756 W SoLoader: 	at android.app.Instrumentation.newApplication(Instrumentation.java:988)
04-16 19:55:09.808  5756  5756 W SoLoader: 	at android.app.LoadedApk.makeApplication(LoadedApk.java:620)
04-16 19:55:09.808  5756  5756 W SoLoader: 	at android.app.ActivityThread.handleBindApplication(ActivityThread.java:5088)
04-16 19:55:09.808  5756  5756 W SoLoader: 	at android.app.ActivityThread.access$1600(ActivityThread.java:178)
04-16 19:55:09.808  5756  5756 W SoLoader: 	at android.app.ActivityThread$H.handleMessage(ActivityThread.java:1510)
04-16 19:55:09.808  5756  5756 W SoLoader: 	at android.os.Handler.dispatchMessage(Handler.java:102)
04-16 19:55:09.808  5756  5756 W SoLoader: 	at android.os.Looper.loop(Looper.java:145)
04-16 19:55:09.808  5756  5756 W SoLoader: 	at android.app.ActivityThread.main(ActivityThread.java:5944)
04-16 19:55:09.808  5756  5756 W SoLoader: 	at java.lang.reflect.Method.invoke(Native Method)
04-16 19:55:09.808  5756  5756 W SoLoader: 	at java.lang.reflect.Method.invoke(Method.java:372)
04-16 19:55:09.808  5756  5756 W SoLoader: 	at com.android.internal.os.ZygoteInit$MethodAndArgsCaller.run(ZygoteInit.java:1399)
04-16 19:55:09.808  5756  5756 W SoLoader: 	at com.android.internal.os.ZygoteInit.main(ZygoteInit.java:1194)
04-16 19:55:09.808  5756  5756 W SoLoader: Failed to load library!
04-16 19:55:09.808  5756  5756 W SoLoader: java.lang.UnsatisfiedLinkError: dalvik.system.PathClassLoader[DexPathList[[zip file "/system/framework/com.google.android.maps.jar", zip file "/system/app/Facebook/Facebook.apk"],nativeLibraryDirectories=[/vendor/lib, /system/lib]]] couldn't find "libfb_breakpad_client.so"
04-16 19:55:09.808  5756  5756 W SoLoader: 	at java.lang.Runtime.loadLibrary(Runtime.java:366)
04-16 19:55:09.808  5756  5756 W SoLoader: 	at java.lang.System.loadLibrary(System.java:989)
04-16 19:55:09.808  5756  5756 W SoLoader: 	at com.facebook.soloader.SoLoader.a(SoLoader.java:142)
04-16 19:55:09.808  5756  5756 W SoLoader: 	at com.facebook.breakpad.BreakpadManager.b(BreakpadManager.java:63)
04-16 19:55:09.808  5756  5756 W SoLoader: 	at com.facebook.katana.app.FacebookApplication.b(FacebookApplication.java:168)
04-16 19:55:09.808  5756  5756 W SoLoader: 	at com.facebook.base.app.DelegatingApplication.attachBaseContext(DelegatingApplication.java:58)
04-16 19:55:09.808  5756  5756 W SoLoader: 	at android.app.Application.attach(Application.java:205)
04-16 19:55:09.808  5756  5756 W SoLoader: 	at android.app.Instrumentation.newApplication(Instrumentation.java:1004)
04-16 19:55:09.808  5756  5756 W SoLoader: 	at android.app.Instrumentation.newApplication(Instrumentation.java:988)
04-16 19:55:09.808  5756  5756 W SoLoader: 	at android.app.LoadedApk.makeApplication(LoadedApk.java:620)
04-16 19:55:09.808  5756  5756 W SoLoader: 	at android.app.ActivityThread.handleBindApplication(ActivityThread.java:5088)
04-16 19:55:09.808  5756  5756 W SoLoader: 	at android.app.ActivityThread.access$1600(ActivityThread.java:178)
04-16 19:55:09.808  5756  5756 W SoLoader: 	at android.app.ActivityThread$H.handleMessage(ActivityThread.java:1510)
04-16 19:55:09.808  5756  5756 W SoLoader: 	at android.os.Handler.dispatchMessage(Handler.java:102)
04-16 19:55:09.808  5756  5756 W SoLoader: 	at android.os.Looper.loop(Looper.java:145)
04-16 19:55:09.808  5756  5756 W SoLoader: 	at android.app.ActivityThread.main(ActivityThread.java:5944)
04-16 19:55:09.808  5756  5756 W SoLoader: 	at java.lang.reflect.Method.invoke(Native Method)
04-16 19:55:09.808  5756  5756 W SoLoader: 	at java.lang.reflect.Method.invoke(Method.java:372)
04-16 19:55:09.808  5756  5756 W SoLoader: 	at com.android.internal.os.ZygoteInit$MethodAndArgsCaller.run(ZygoteInit.java:1399)
04-16 19:55:09.808  5756  5756 W SoLoader: 	at com.android.internal.os.ZygoteInit.main(ZygoteInit.java:1194)
04-16 19:55:09.813  5756  5756 I DexLibLoader: not using cross-dex optimization: ART in use
04-16 19:55:09.813  5756  5756 W SoLoader: Failed to load library!
04-16 19:55:09.813  5756  5756 W SoLoader: java.lang.UnsatisfiedLinkError: dalvik.system.PathClassLoader[DexPathList[[zip file "/system/framework/com.google.android.maps.jar", zip file "/system/app/Facebook/Facebook.apk"],nativeLibraryDirectories=[/vendor/lib, /system/lib]]] couldn't find "libfb_dalvik-internals.so"
04-16 19:55:09.813  5756  5756 W SoLoader: 	at java.lang.Runtime.loadLibrary(Runtime.java:366)
04-16 19:55:09.813  5756  5756 W SoLoader: 	at java.lang.System.loadLibrary(System.java:989)
04-16 19:55:09.813  5756  5756 W SoLoader: 	at com.facebook.soloader.SoLoader.a(SoLoader.java:142)
04-16 19:55:09.813  5756  5756 W SoLoader: 	at com.facebook.dalvik.DalvikInternals.<clinit>(DalvikInternals.java:14)
04-16 19:55:09.813  5756  5756 W SoLoader: 	at com.facebook.common.dextricks.DexLibLoader.c(DexLibLoader.java:1162)
04-16 19:55:09.813  5756  5756 W SoLoader: 	at com.facebook.common.dextricks.DexLibLoader.a(DexLibLoader.java:1498)
04-16 19:55:09.813  5756  5756 W SoLoader: 	at com.facebook.katana.app.FacebookApplication.e(FacebookApplication.java:244)
04-16 19:55:09.813  5756  5756 W SoLoader: 	at com.facebook.katana.app.FacebookApplication.a(FacebookApplication.java:201)
04-16 19:55:09.813  5756  5756 W SoLoader: 	at com.facebook.base.app.DelegatingApplication.e(DelegatingApplication.java:32)
04-16 19:55:09.813  5756  5756 W SoLoader: 	at com.facebook.base.app.DelegatingApplication.attachBaseContext(DelegatingApplication.java:59)
04-16 19:55:09.813  5756  5756 W SoLoader: 	at android.app.Application.attach(Application.java:205)
04-16 19:55:09.813  5756  5756 W SoLoader: 	at android.app.Instrumentation.newApplication(Instrumentation.java:1004)
04-16 19:55:09.813  5756  5756 W SoLoader: 	at android.app.Instrumentation.newApplication(Instrumentation.java:988)
04-16 19:55:09.813  5756  5756 W SoLoader: 	at android.app.LoadedApk.makeApplication(LoadedApk.java:620)
04-16 19:55:09.813  5756  5756 W SoLoader: 	at android.app.ActivityThread.handleBindApplication(ActivityThread.java:5088)
04-16 19:55:09.813  5756  5756 W SoLoader: 	at android.app.ActivityThread.access$1600(ActivityThread.java:178)
04-16 19:55:09.813  5756  5756 W SoLoader: 	at android.app.ActivityThread$H.handleMessage(ActivityThread.java:1510)
04-16 19:55:09.813  5756  5756 W SoLoader: 	at android.os.Handler.dispatchMessage(Handler.java:102)
04-16 19:55:09.813  5756  5756 W SoLoader: 	at android.os.Looper.loop(Looper.java:145)
04-16 19:55:09.813  5756  5756 W SoLoader: 	at android.app.ActivityThread.main(ActivityThread.java:5944)
04-16 19:55:09.813  5756  5756 W SoLoader: 	at java.lang.reflect.Method.invoke(Native Method)
04-16 19:55:09.813  5756  5756 W SoLoader: 	at java.lang.reflect.Method.invoke(Method.java:372)
04-16 19:55:09.813  5756  5756 W SoLoader: 	at com.android.internal.os.ZygoteInit$MethodAndArgsCaller.run(ZygoteInit.java:1399)
04-16 19:55:09.813  5756  5756 W SoLoader: 	at com.android.internal.os.ZygoteInit.main(ZygoteInit.java:1194)
04-16 19:55:09.818  5756  5756 I dalvik-internals: dlopen(libdvm) failed: no Dalvik modifications possible
04-16 19:55:09.818  5756  5756 V DexLibLoader: about to lock odex store
04-16 19:55:09.818  5756  5756 V DexLibLoader: locking odex store took 0 ms
04-16 19:55:09.818  5756  5756 V DexLibLoader: Secondary program dex metadata: secondary-1.dex.jar.xz 9aa81bd480087c49e9445e21fa7fb682498159eb secondary.dex01.Canary
04-16 19:55:09.818  5756  5756 V DexLibLoader: Secondary program dex metadata: secondary-2.dex.jar.xz 120dfeb7954c7f00d5afb76be002045660e30197 secondary.dex02.Canary
04-16 19:55:09.818  5756  5756 V DexLibLoader: Secondary program dex metadata: secondary-3.dex.jar.xz 61020d1be1493c0b30c74f7598f15aba97e6f0fb secondary.dex03.Canary
04-16 19:55:09.818  5727  5768 W ContextImpl: Calling a method in the system process without a qualified user: android.app.ContextImpl.sendBroadcast:1699 android.content.ContextWrapper.sendBroadcast:391 com.samsung.android.app.filterinstaller.FilterUninstaller.uninstallFilters:44 com.samsung.android.app.filterinstaller.FilterPackageService$ServiceHandler.handleMessage:149 android.os.Handler.dispatchMessage:102 
04-16 19:55:09.818  5756  5756 V DexLibLoader: Secondary program dex metadata: secondary-4.dex.jar.xz 24bb8d0618a8e4a6f1ac6b1b34372adc9a7e362b secondary.dex04.Canary
04-16 19:55:09.818  5756  5756 V DexLibLoader: Secondary program dex metadata: secondary-5.dex.jar.xz 457210eb65340db71c12a8edcb311e5a8fc586e7 secondary.dex05.Canary
04-16 19:55:09.818  5756  5756 V DexLibLoader: directory "/data/user/0/com.facebook.katana/app_secondary_program_dex" contains "program-9aa81bd480087c49e9445e21fa7fb682498159eb81f3e862.dex.jar" as expected
04-16 19:55:09.818  5756  5756 V DexLibLoader: directory "/data/user/0/com.facebook.katana/app_secondary_program_dex" contains "program-120dfeb7954c7f00d5afb76be002045660e3019781f3e862.dex.jar" as expected
04-16 19:55:09.818  5756  5756 V DexLibLoader: directory "/data/user/0/com.facebook.katana/app_secondary_program_dex" contains "program-61020d1be1493c0b30c74f7598f15aba97e6f0fb81f3e862.dex.jar" as expected
04-16 19:55:09.818  5756  5756 V DexLibLoader: directory "/data/user/0/com.facebook.katana/app_secondary_program_dex" contains "program-24bb8d0618a8e4a6f1ac6b1b34372adc9a7e362b81f3e862.dex.jar" as expected
04-16 19:55:09.818  5756  5756 V DexLibLoader: directory "/data/user/0/com.facebook.katana/app_secondary_program_dex" contains "program-457210eb65340db71c12a8edcb311e5a8fc586e781f3e862.dex.jar" as expected
04-16 19:55:09.818  5756  5756 D DexLibLoader: directory "/data/user/0/com.facebook.katana/app_secondary_program_dex" is valid
04-16 19:55:09.818  5756  5756 V DexLibLoader: directory "/data/user/0/com.facebook.katana/app_secondary_program_dex_opt" contains "program-9aa81bd480087c49e9445e21fa7fb682498159eb81f3e862.dex.dex" as expected
04-16 19:55:09.818  5756  5756 V DexLibLoader: directory "/data/user/0/com.facebook.katana/app_secondary_program_dex_opt" contains "program-120dfeb7954c7f00d5afb76be002045660e3019781f3e862.dex.dex" as expected
04-16 19:55:09.818  5756  5756 V DexLibLoader: directory "/data/user/0/com.facebook.katana/app_secondary_program_dex_opt" contains "program-61020d1be1493c0b30c74f7598f15aba97e6f0fb81f3e862.dex.dex" as expected
04-16 19:55:09.818  3496  4020 I ActivityManager: Killing 5179:com.sec.android.app.camera/u0a168 (adj 15): bgCount ##31
04-16 19:55:09.818  5756  5756 V DexLibLoader: directory "/data/user/0/com.facebook.katana/app_secondary_program_dex_opt" contains "program-24bb8d0618a8e4a6f1ac6b1b34372adc9a7e362b81f3e862.dex.dex" as expected
04-16 19:55:09.818  5756  5756 V DexLibLoader: directory "/data/user/0/com.facebook.katana/app_secondary_program_dex_opt" contains "program-457210eb65340db71c12a8edcb311e5a8fc586e781f3e862.dex.dex" as expected
04-16 19:55:09.818  5756  5756 D DexLibLoader: directory "/data/user/0/com.facebook.katana/app_secondary_program_dex_opt" is valid
04-16 19:55:09.823  2829  3079 E Vold    : Failed to find mounted volume for /storage/extSdCard/Android/data/com.sec.android.app.shealth/cache/
04-16 19:55:09.823  2829  3079 W Vold    : Returning OperationFailed - no handler for errno 0
04-16 19:55:09.823  5675  5827 W ContextImpl: Failed to ensure directory: /storage/extSdCard/Android/data/com.sec.android.app.shealth/cache
04-16 19:55:09.823  3496  5913 I ActivityManager: Killing 5195:com.sec.android.widgetapp.dualclockdigital/u0a105 (adj 15): bgCount ##31
04-16 19:55:09.823  3496  3527 I ActivityManager: Killing 4779:com.samsung.dcm:DCMService/u0a4 (adj 13): bgCount ##31
04-16 19:55:09.823  2829  3079 E Vold    : Failed to find mounted volume for /storage/extSdCard/Android/data/com.sec.android.app.shealth/files/
04-16 19:55:09.823  2829  3079 W Vold    : Returning OperationFailed - no handler for errno 0
04-16 19:55:09.828  5675  5827 W ContextImpl: Failed to ensure directory: /storage/extSdCard/Android/data/com.sec.android.app.shealth/files
04-16 19:55:09.838  5756  5756 D DexLibLoader: loading pre-built fallback odex files
04-16 19:55:09.838  5675  5835 V MediaPlayer: decode(34, 20880676, 4230)
04-16 19:55:09.838  3496  5913 E ActivityManager: checkUser: useridlist=null, currentuser=0
04-16 19:55:09.838  3496  5913 E ActivityManager: checkUser: useridlist=null, currentuser=0
04-16 19:55:09.838  3496  5913 E ActivityManager: checkUser: useridlist=null, currentuser=0
04-16 19:55:09.838  3496  5913 E ActivityManager: checkUser: useridlist=null, currentuser=0
04-16 19:55:09.838  3496  3568 D AutomaticBrightnessController: mCallbacks.updateBrightness()
04-16 19:55:09.838  2853  3365 V MediaPlayerService: decode(35, 20880676, 4230)
04-16 19:55:09.838  3496  3568 D DisplayPowerController: getFinalBrightness : 4 -> 4
04-16 19:55:09.838  3496  3568 D DisplayPowerController: animation target = 4, rate=500 (PSM:false, AB limit:(-1 ~ -1) MB Limit:(-1 ~ -1) MAdj:(0, (0, 255)))
04-16 19:55:09.843  2853  3365 V MediaPlayerService: player type = 3
04-16 19:55:09.843  2853  3365 V AwesomePlayer: setDefault
04-16 19:55:09.843  2853  3365 V AwesomePlayer: constructor
04-16 19:55:09.843  5756  5756 D DexLibLoader: released odex store lock
04-16 19:55:09.843  5756  5756 D DexLibLoader: DexLibLoader.loadAll took 30 ms
