04-16 19:47:15.223  2853  2853 I WVCdm   : Level3 Library Sep 25 2014 17:10:03
04-16 19:47:15.228 31621 31621 I QuickConnect: PeriphStartReceiver.onReceive - no need to start
04-16 19:47:15.228  3496  4191 E ActivityManager: checkUser: useridlist=null, currentuser=0
04-16 19:47:15.228  3496  4191 E ActivityManager: checkUser: useridlist=null, currentuser=0
04-16 19:47:15.228  3496  4191 E ActivityManager: checkUser: useridlist=null, currentuser=0
04-16 19:47:15.228  3496  4191 E ActivityManager: checkUser: useridlist=null, currentuser=0
04-16 19:47:15.238  2853  2853 W WVCdm   : Could not read /data/mediadrm/IDM1013/ay64.dat2: No such file or directory
04-16 19:47:15.243 31639 31639 E Zygote  : MountEmulatedStorage()
04-16 19:47:15.243 31639 31639 I libpersona: KNOX_SDCARD checking this for 10178
04-16 19:47:15.243 31639 31639 E Zygote  : v2
04-16 19:47:15.243 31639 31639 I libpersona: KNOX_SDCARD not a persona
04-16 19:47:15.243 31639 31639 I SELinux : Function: selinux_compare_spd_ram , priority [2] , priority version is VE=SEPF_SM-N910H_5.0.1_0009
04-16 19:47:15.243  3496  4191 I ActivityManager: Start proc com.android.email for broadcast com.android.email/.EmailConnectivityManager: pid=31639 uid=10178 gids={50178, 9997, 3003, 1028, 1015, 1023, 3002, 3001, 1003} abi=armeabi-v7a
04-16 19:47:15.243 30850 31636 D Aatp    : sha1: d1a2373d77202710c500c9e265f09f80d5939faf
04-16 19:47:15.243 30850 31636 D AatpDeviceManager: k: NanoHttpd.QUERY_STRING v: locale=en_US
04-16 19:47:15.243 30850 31636 D AatpDeviceManager: k: locale v: en_US
04-16 19:47:15.243 31639 31639 E SELinux : [DEBUG] get_category: variable seinfo: platform sensitivity: NULL, cateogry: NULL
04-16 19:47:15.248  3496  4191 I ActivityManager: Killing 29777:com.sec.android.app.camera/u0a168 (adj 15): bgCount ##31
04-16 19:47:15.268 30850 31636 D Aatp    : /task/d1a2373d77202710c500c9e265f09f80d5939faf
04-16 19:47:15.273 30850 30850 D AatpDeviceManager: taskStatus update (d1a2373d77202710c500c9e265f09f80d5939faf: {"state":1})
04-16 19:47:15.273 30850 31649 D AatpDeviceManager: Setting locale to: en_US
04-16 19:47:15.273 30850 31649 D AWSDeviceFarmAndroidLib: Setting locale to: en_US
04-16 19:47:15.273  3496  3496 D WindowManager: showStatusBarByNotification() mOpenByNotification=false
04-16 19:47:15.273 31534 31572 I SA      : [RC New] Execute method=[GET] start
04-16 19:47:15.283 31639 31639 D TimaKeyStoreProvider: TimaSignature is unavailable
04-16 19:47:15.283 31639 31639 D ActivityThread: Added TimaKeyStore provider
04-16 19:47:15.293  2853  2853 E wv_dash : No saved usage table. Creating new table.
04-16 19:47:15.293 31534 31572 I SA      : [RC New] Security=[true]
04-16 19:47:15.293 31534 31572 I System.out: Thread-4725(ApacheHTTPLog):Reading from variable values from setDefaultValuesToVariables
04-16 19:47:15.293 31534 31572 I System.out: Thread-4725(ApacheHTTPLog):isSBSettingEnabled false
04-16 19:47:15.293 31534 31572 I System.out: Thread-4725(ApacheHTTPLog):isShipBuild true
04-16 19:47:15.293 31534 31572 I System.out: Thread-4725(ApacheHTTPLog):SmartBonding Enabling is false, SHIP_BUILD is true, log to file is false, DBG is false
04-16 19:47:15.293  2844  3357 D EnterpriseController: mIsMarkChainAdded is 0 mIsBlockChainAdded is 0 netId is 0
04-16 19:47:15.293  2844  3357 D Netd    : getNetworkForDns: using netid 502 for uid 10045
04-16 19:47:15.308  2853  2853 D WVCdm   : OEMCrypto_Initialize Level 1 success. I will use level 1.
04-16 19:47:15.318 24136 31345 I akva    : updateFromConfigurations using legacy put method [CONTEXT service_id=51 ]
04-16 19:47:15.318  3496  3990 D SettingsProvider: name = phenotype_test_setting
04-16 19:47:15.318  3496  3990 D SettingsProvider: edmUri: content://com.sec.knox.provider/RestrictionPolicy3
04-16 19:47:15.318  3496  3990 D SettingsProvider: projectionArgs: isSettingsChangesAllowed
04-16 19:47:15.318  3496  3990 D SettingsProvider: selectionArgs: false
04-16 19:47:15.318  3496  3990 D SettingsProvider: selectionArgs: 10014
04-16 19:47:15.318  3496  3990 D SecContentProvider: uri = 17 selection = isSettingsChangesAllowed
04-16 19:47:15.318  3496  3990 D SettingsProvider: ret = -1
04-16 19:47:15.328  3496  4107 D SettingsProvider: name = Phenotype_flags
04-16 19:47:15.328  3496  4107 D SettingsProvider: edmUri: content://com.sec.knox.provider/RestrictionPolicy3
04-16 19:47:15.328  3496  4107 D SettingsProvider: projectionArgs: isSettingsChangesAllowed
04-16 19:47:15.328  3496  4107 D SettingsProvider: selectionArgs: false
04-16 19:47:15.328  2853  2853 I WVCdm   : CdmEngine::QueryKeyControlInfo
04-16 19:47:15.328  3496  4107 D SettingsProvider: selectionArgs: 10014
04-16 19:47:15.328  3496  4107 D SecContentProvider: uri = 17 selection = isSettingsChangesAllowed
04-16 19:47:15.328  3496  4107 D SettingsProvider: ret = -1
04-16 19:47:15.338 31639 31639 D ResourcesManager: creating new AssetManager and set to /system/app/SecEmail_K/SecEmail_K.apk
04-16 19:47:15.338  2853  3305 W WVCdm   : BufferReader::Read<T> : Failure during parse: Not enough bytes (4)
04-16 19:47:15.338  2853  3305 W WVCdm   : CdmEngine::ExtractWidevinePssh: Unable to read PSSH atom size
04-16 19:47:15.338  2853  3305 I WVCdm   : CdmEngine::GenerateKeyRequest
04-16 19:47:15.338  2853  3305 W WVCdm   : CdmLicense::PrepareKeyRequest: unexpected HDCP max capability version 255
04-16 19:47:15.343 31639 31639 W ResourcesManager: Asset path '/system/framework/secsmartcard.jar' does not exist or contains no resources.
04-16 19:47:15.343  2853  3305 D WVCdm   : PrepareKeyRequest: nonce=1901074578
04-16 19:47:15.343 31639 31639 W ResourcesManager: Asset path '/system/framework/com.google.android.maps.jar' does not exist or contains no resources.
04-16 19:47:15.343 31639 31639 W ResourcesManager: Asset path '/system/framework/multiwindow.jar' does not exist or contains no resources.
04-16 19:47:15.343 31639 31639 W ResourcesManager: Asset path '/system/framework/twframework.jar' does not exist or contains no resources.
04-16 19:47:15.343 31639 31639 W ResourcesManager: Asset path '/system/framework/SmpsManager.jar' does not exist or contains no resources.
04-16 19:47:15.343  3496  3631 I WifiStateMachine: REQUEST_POWER_SAVE_ON
04-16 19:47:15.343 31639 31639 W ResourcesManager: Asset path '/system/framework/secvision.jar' does not exist or contains no resources.
04-16 19:47:15.343  3700  3700 D KnoxNotification: ----- inflateViews : modified publicViewLocal -----
04-16 19:47:15.358  3496  3568 D AutomaticBrightnessController: mCallbacks.updateBrightness()
04-16 19:47:15.358  3700  3700 D KnoxNotification: ----- inflateViews : modified KnoxViewLocal -----
04-16 19:47:15.358  3496  3568 D DisplayPowerController: getFinalBrightness : 4 -> 4
04-16 19:47:15.358  3496  3568 D DisplayPowerController: animation target = 4, rate=500 (PSM:false, AB limit:(-1 ~ -1) MB Limit:(-1 ~ -1) MAdj:(0, (0, 255)))
04-16 19:47:15.363  3700  3700 D PersonaManager: PersonaID is invalid or persona doesn't exists. : 0
04-16 19:47:15.363  3700  3700 D PhoneStatusBar: tick(): knoxCustomManager = android.app.enterprise.knoxcustom.KnoxCustomManager@12b2765b
04-16 19:47:15.363  3700  3700 D PersonaManager: isKioskContainerExistOnDevice
04-16 19:47:15.363  3700  3700 D PersonaManager: isKioskContainerExistOnDevice
04-16 19:47:15.363  3700  3700 I PhoneStatusBar: Icon Only
04-16 19:47:15.383  3496  3631 E WifiStateMachine: CAPTIVE_PORTAL_EVENT_AUTHENTICATED
04-16 19:47:15.388 31501 31620 I System.out: (HTTPLog)-Static: isSBSettingEnabled false
04-16 19:47:15.388 31501 31620 I System.out: (HTTPLog)-Static: isShipBuild true
04-16 19:47:15.388 31501 31620 I System.out: (HTTPLog)-Thread-4721-497327255: SmartBonding Enabling is false, SHIP_BUILD is true, log to file is false, DBG is false
04-16 19:47:15.388 31501 31620 I System.out: (HTTPLog)-Static: isSBSettingEnabled false
04-16 19:47:15.393  2844  3357 D EnterpriseController: mIsMarkChainAdded is 0 mIsBlockChainAdded is 0 netId is 0
04-16 19:47:15.393  2844  3357 D Netd    : getNetworkForDns: using netid 502 for uid 10014
04-16 19:47:15.398 31501 31620 I System.out: KnoxVpnUidStorageknoxVpnSupported API value returned is false
04-16 19:47:15.398 31501 31620 I qtaguid : Tagging socket 32 with tag 3000180300000000{805312515,0} uid -1, pid: 31501, getuid(): 10014
04-16 19:47:15.398 30850 31657 D Aatp    : /task/d1a2373d77202710c500c9e265f09f80d5939faf/status
04-16 19:47:15.413  3700  3700 I StatusBar: Icon Only
04-16 19:47:15.413  3700  3700 D PanelView: There is/are notification(s) 
04-16 19:47:15.418  3700  3700 D PanelView: There is/are notification(s) 
04-16 19:47:15.418  3700  3700 D PersonaManager: isKioskContainerExistOnDevice
04-16 19:47:15.418 24136 31345 I akww    : Scheduling a periodic sync task every 14400 seconds, with flex of 1800 seconds [CONTEXT service_id=51 ]
04-16 19:47:15.423  3700  3700 I PhoneStatusBar: Icon Only
04-16 19:47:15.423  3700  3700 I StatusBar: Icon Only
04-16 19:47:15.423  3700  3700 D PanelView: There is/are notification(s) 
04-16 19:47:15.443 24136 31345 I akww    : Scheduling adaptive one off task with window [14400, 604800] in seconds [CONTEXT service_id=51 ]
04-16 19:47:15.478 30850 31601 D AatpDeviceManager: Connection established
04-16 19:47:15.488  3700  3700 D PanelView: mClearAll.setVisibility - mIsFullyOpened : false isShade : true mHasNotification : true mIsUpwardFling : false mQsFullyExpanded : true isShadeLocked : false mClearAllVisible : false
04-16 19:47:15.528  3496  4020 I LocationManagerService: remove 2f11d6ee by com.google.android.gms
04-16 19:47:15.528  3496  4020 D LocationManagerService: provider request: passive ProviderRequest[ON interval=0]
04-16 19:47:15.548  3496  3568 D AutomaticBrightnessController: mCallbacks.updateBrightness()
04-16 19:47:15.548  3496  3568 D DisplayPowerController: getFinalBrightness : 4 -> 4
04-16 19:47:15.548  3496  3568 D DisplayPowerController: animation target = 4, rate=500 (PSM:false, AB limit:(-1 ~ -1) MB Limit:(-1 ~ -1) MAdj:(0, (0, 255)))
04-16 19:47:15.603  3496  4194 D RCPManagerService: exchangeData() failure , invalid userId
04-16 19:47:15.608  2853  3365 I WVCdm   : CdmEngine::CloseSession
04-16 19:47:15.608  2853  3365 I WVCdm   : L3 Terminate.
04-16 19:47:15.613  3496  5913 D RCPManagerService: exchangeData() failure , invalid userId
04-16 19:47:15.623  3496  4040 D RCPManagerService: exchangeData() failure , invalid userId
04-16 19:47:15.663  3496  5913 D PowerManagerService: [api] [s] userActivity : event: 0 flags: 0 (uid: 1000 pid: 3496) eventTime = 7937584
04-16 19:47:15.668  3496  5913 D PowerManagerService: [api] release WakeLock flags=0x2000000a tag=WindowManager uid=1000 pid=3496 (0x0)
04-16 19:47:15.668  3496  5913 D PowerManagerService: [api] applyWakeLockFlagsOnReleaseLocked : userActivityNoUpdateLocked is called : SCREEN_BRIGHT_WAKE_LOCK        'WindowManager' ON_AFTER_RELEASE (uid=1000, pid=3496, ws=WorkSource{10060}) (elapsedTime=3461)
04-16 19:47:15.693  3496  3799 D RCPManagerService: exchangeData() failure , invalid userId
04-16 19:47:15.698  2848  2951 I SurfaceFlinger: id=39 Removed Uoast (8/8)
04-16 19:47:15.698  2848  2953 I SurfaceFlinger: id=39 Removed Uoast (-2/8)
04-16 19:47:15.703 31639 31639 W System.err: android.provider.Settings$SettingNotFoundException: airplane_mode_on
04-16 19:47:15.703 31639 31639 W System.err: 	at android.provider.Settings$Global.getInt(Settings.java:11591)
04-16 19:47:15.703 31639 31639 W System.err: 	at com.android.email.EmailConnectivityManager.onReceive(EmailConnectivityManager.java:165)
04-16 19:47:15.703 31639 31639 W System.err: 	at android.app.ActivityThread.handleReceiver(ActivityThread.java:2994)
04-16 19:47:15.703 31639 31639 W System.err: 	at android.app.ActivityThread.access$1800(ActivityThread.java:178)
04-16 19:47:15.703 31639 31639 W System.err: 	at android.app.ActivityThread$H.handleMessage(ActivityThread.java:1526)
04-16 19:47:15.703 31639 31639 W System.err: 	at android.os.Handler.dispatchMessage(Handler.java:102)
04-16 19:47:15.703 31639 31639 W System.err: 	at android.os.Looper.loop(Looper.java:145)
04-16 19:47:15.703 31639 31639 W System.err: 	at android.app.ActivityThread.main(ActivityThread.java:5944)
04-16 19:47:15.703 31639 31639 W System.err: 	at java.lang.reflect.Method.invoke(Native Method)
04-16 19:47:15.703 31639 31639 W System.err: 	at java.lang.reflect.Method.invoke(Method.java:372)
04-16 19:47:15.703 31639 31639 W System.err: 	at com.android.internal.os.ZygoteInit$MethodAndArgsCaller.run(ZygoteInit.java:1399)
04-16 19:47:15.708 31639 31639 W System.err: 	at com.android.internal.os.ZygoteInit.main(ZygoteInit.java:1194)
04-16 19:47:15.708  3496  3988 E ActivityManager: checkUser: useridlist=null, currentuser=0
04-16 19:47:15.708  3496  3988 E ActivityManager: checkUser: useridlist=null, currentuser=0
04-16 19:47:15.708  3496  3988 E ActivityManager: checkUser: useridlist=null, currentuser=0
04-16 19:47:15.708  3496  3988 E ActivityManager: checkUser: useridlist=null, currentuser=0
04-16 19:47:15.708  3496  3526 D RCPManagerService: exchangeData() failure , invalid userId
04-16 19:47:15.723 31670 31670 E Zygote  : MountEmulatedStorage()
04-16 19:47:15.723 31670 31670 E Zygote  : v2
04-16 19:47:15.723 31670 31670 I libpersona: KNOX_SDCARD checking this for 10082
04-16 19:47:15.723 31670 31670 I libpersona: KNOX_SDCARD not a persona
04-16 19:47:15.723 31670 31670 I SELinux : Function: selinux_compare_spd_ram , priority [2] , priority version is VE=SEPF_SM-N910H_5.0.1_0009
04-16 19:47:15.723 31670 31670 E SELinux : [DEBUG] get_category: variable seinfo: release sensitivity: NULL, cateogry: NULL
04-16 19:47:15.723  3496  3988 I ActivityManager: Start proc com.sec.android.provider.badge for content provider com.sec.android.provider.badge/.BadgeProvider: pid=31670 uid=10082 gids={50082, 9997} abi=armeabi-v7a
04-16 19:47:15.733 31146 31146 D SecurityLogAgent: KnoxConfiguration : Current State = 1
04-16 19:47:15.733 31146 31146 D SecurityLogAgent: KnoxConfiguration : Current State Mapping Found 
04-16 19:47:15.733 31146 31146 D SecurityLogAgent: StateMachine : Current State = 1
04-16 19:47:15.738 31146 31146 D SecurityLogAgent: StateMachine : Changed Current State = 1
04-16 19:47:15.738  3496  3568 D AutomaticBrightnessController: mCallbacks.updateBrightness()
04-16 19:47:15.738  3496  3568 D DisplayPowerController: getFinalBrightness : 4 -> 4
04-16 19:47:15.738  3496  3568 D DisplayPowerController: animation target = 4, rate=500 (PSM:false, AB limit:(-1 ~ -1) MB Limit:(-1 ~ -1) MAdj:(0, (0, 255)))
04-16 19:47:15.743  3496  4211 I ActivityManager: Killing 29808:com.sec.android.widgetapp.dualclockdigital/u0a105 (adj 15): bgCount ##31
04-16 19:47:15.758 31670 31670 D TimaKeyStoreProvider: TimaSignature is unavailable
04-16 19:47:15.763 31162 31162 D com.peel.receiver.ConnectivityActionReceiver: ConnectivityActionReceiver onReceive
04-16 19:47:15.763 31162 31162 D com.peel.receiver.ConnectivityActionReceiver: 
04-16 19:47:15.763 31162 31162 D com.peel.receiver.ConnectivityActionReceiver: 
04-16 19:47:15.763 31162 31162 D com.peel.receiver.ConnectivityActionReceiver: country_code: PANAMA -- rom region: GB
04-16 19:47:15.763 31162 31162 D com.peel.receiver.ConnectivityActionReceiver: 
04-16 19:47:15.768 31670 31670 D ActivityThread: Added TimaKeyStore provider
04-16 19:47:15.768 31162 31162 D com.peel.receiver.ConnectivityActionReceiver: 
04-16 19:47:15.768 31162 31162 D com.peel.receiver.ConnectivityActionReceiver: 
04-16 19:47:15.768 31162 31162 D com.peel.receiver.ConnectivityActionReceiver:  network type WIFI path... network offline: false
04-16 19:47:15.768 31162 31162 D com.peel.receiver.ConnectivityActionReceiver: 
04-16 19:47:15.768 31162 31162 D com.peel.receiver.ConnectivityActionReceiver: has active network... run services...
04-16 19:47:15.768 31162 31162 D com.peel.receiver.ConnectivityActionReceiver: 
04-16 19:47:15.768 31162 31162 D com.peel.receiver.ConnectivityActionReceiver: 
04-16 19:47:15.768 31162 31162 D com.peel.receiver.ConnectivityActionReceiver: last run: 1555450155660 -- System.currentTimeMillis()-last_run: 8280110
04-16 19:47:15.768 31162 31162 D com.peel.receiver.ConnectivityActionReceiver: ... skip 
04-16 19:47:15.768 31162 31162 D com.peel.receiver.ConnectivityActionReceiver: ... skip last_72_check
04-16 19:47:15.778  3496  3799 I ActivityManager: Killing 30924:com.vlingo.midas/u0a34 (adj 15): bgCount ##31
04-16 19:47:15.793 31670 31670 D ResourcesManager: creating new AssetManager and set to /system/app/BadgeProvider/BadgeProvider.apk
04-16 19:47:15.803  2844  3357 D EnterpriseController: mIsMarkChainAdded is 0 mIsBlockChainAdded is 0 netId is 0
04-16 19:47:15.803  2844  3357 D Netd    : getNetworkForDns: using netid 502 for uid 10014
04-16 19:47:15.823 31670 31670 D BadgeProvider: onCreate
04-16 19:47:15.823 31670 31670 D BadgeProvider: DatabaseHelper
04-16 19:47:15.833 24199 31689 I iu.SyncManager: SYNC; picasa accounts
04-16 19:47:15.838 31670 31681 D BadgeProvider: query, [selection] : package='com.android.email' AND class='com.android.email.activity.Welcome' AND extraData='base_extra_badge'
04-16 19:47:15.838 24199 24199 I iu.Environment: update connectivity state; isNetworkMetered? false, isRoaming? false, isBackgroundDataAllowed? true*
04-16 19:47:15.848  3496  4020 E ActivityManager: checkUser: useridlist=null, currentuser=0
04-16 19:47:15.848  3496  4020 E ActivityManager: checkUser: useridlist=null, currentuser=0
04-16 19:47:15.848  3496  4020 E ActivityManager: checkUser: useridlist=null, currentuser=0
04-16 19:47:15.848  3496  4020 E ActivityManager: checkUser: useridlist=null, currentuser=0
04-16 19:47:15.868 24199 31689 I UploadsDatabaseHelper: Creating database tables at version 33
04-16 19:47:15.878 31690 31690 E Zygote  : MountEmulatedStorage()
04-16 19:47:15.878 31690 31690 E Zygote  : v2
04-16 19:47:15.878 31690 31690 I libpersona: KNOX_SDCARD checking this for 10147
04-16 19:47:15.878 31690 31690 I libpersona: KNOX_SDCARD not a persona
04-16 19:47:15.878 31690 31690 I SELinux : Function: selinux_compare_spd_ram , priority [2] , priority version is VE=SEPF_SM-N910H_5.0.1_0009
04-16 19:47:15.878  3496  4020 I ActivityManager: Start proc com.google.android.apps.plus for broadcast com.google.android.apps.plus/com.google.android.libraries.social.autobackup.AutoBackupEnvironment$ConnectivityReceiver: pid=31690 uid=10147 gids={50147, 9997, 3003, 1028, 1015} abi=armeabi-v7a
04-16 19:47:15.883 31690 31690 E SELinux : [DEBUG] get_category: variable seinfo: untrusted sensitivity: NULL, cateogry: NULL
04-16 19:47:15.898 31670 31681 D BadgeProvider: sendNotify entered. [uri] : content://com.sec.badge/apps/1
04-16 19:47:15.898 31670 31681 D BadgeProvider: sendNotify, [notify] : null
04-16 19:47:15.898 31670 31681 D BadgeProvider: update, [uri] : content://com.sec.badge/apps/1
04-16 19:47:15.898 31670 31681 D BadgeProvider: update, [BadgeCount] : badgecount=0
04-16 19:47:15.898  4004  4004 D Launcher.Model: reloadBadges entered.
04-16 19:47:15.898 31670 31681 D BadgeProvider: update, [UpdateCount] : 1
04-16 19:47:15.908 24199 31689 I iu.UploadsManager: num queued entries: 0
04-16 19:47:15.913 24199 31689 I iu.UploadsManager: num updated entries: 0
04-16 19:47:15.913 24199 31689 I iu.SyncManager: NEXT; no task
04-16 19:47:15.918 31501 31514 I art     : Background sticky concurrent mark sweep GC freed 66606(3MB) AllocSpace objects, 195(12MB) LOS objects, 7% free, 39MB/42MB, paused 6.510ms total 102.365ms
04-16 19:47:15.918 31690 31690 D TimaKeyStoreProvider: TimaSignature is unavailable
04-16 19:47:15.923 31690 31690 D ActivityThread: Added TimaKeyStore provider
04-16 19:47:15.923  3496  4191 W ActivityManager: Unable to start service Intent { cmp=com.android.email/.service.AttachmentDownloadService } U=0: not found
04-16 19:47:15.928  3496  3568 D AutomaticBrightnessController: mCallbacks.updateBrightness()
04-16 19:47:15.928  3496  3568 D DisplayPowerController: getFinalBrightness : 4 -> 4
04-16 19:47:15.928  3496  3568 D DisplayPowerController: animation target = 4, rate=500 (PSM:false, AB limit:(-1 ~ -1) MB Limit:(-1 ~ -1) MAdj:(0, (0, 255)))
04-16 19:47:15.938 31501 31620 I qtaguid : Untagging socket 32
04-16 19:47:15.938 31690 31690 D ResourcesManager: creating new AssetManager and set to /data/app/com.google.android.apps.plus-1/base.apk
04-16 19:47:15.973 31501 31514 I art     : Background partial concurrent mark sweep GC freed 44139(2MB) AllocSpace objects, 224(14MB) LOS objects, 34% free, 30MB/46MB, paused 5.919ms total 45.636ms
04-16 19:47:15.998 24136 31686 I qtaguid : Tagging socket 103 with tag 3000040700000000{805307399,0} uid -1, pid: 24136, getuid(): 10014
04-16 19:47:16.008 31501 31620 I DynamiteModule: Considering local module com.google.android.gms.googlecertificates:4 and remote module com.google.android.gms.googlecertificates:4
04-16 19:47:16.008 31501 31620 I DynamiteModule: Selected local version of com.google.android.gms.googlecertificates
04-16 19:47:16.058 31534 31572 I SA      : [RC New] [v2liruge] api execute + 766
04-16 19:47:16.058 31534 31572 I SA      : [RC New] executeRequest [v2liruge] httpResponse : HTTP/1.1 200 OK
04-16 19:47:16.058 31534 31572 I System.out: AsyncTask #1 calls detatch()
04-16 19:47:16.063 31534 31572 I SA      : [TPMU] getNetworkMcc : 
04-16 19:47:16.068 31534 31572 I SA      : [SCU] saveMccToPreferece Start
04-16 19:47:16.068 31534 31572 I SA      : [SCU] RegionMCC : 316
04-16 19:47:16.068 31534 31572 I SA      : [SSP] query invoked
04-16 19:47:16.073 31534 31572 I SA      : [TPMU] GetMccFromDB : null
04-16 19:47:16.073 31534 31572 I SA      : [SCU] getMccFromPreferece mcc = 316
04-16 19:47:16.073 31534 31572 I SA      : [SCU] saveMccToPreferece End
04-16 19:47:16.073 31534 31572 I SA      : [RC New] executeRequest [v2liruge] end. 800
04-16 19:47:16.073 31534 31572 I SA      : [RC New] Execute end
04-16 19:47:16.073 31534 31534 I SA      : [OR] GetMyCountryZoneTask mcc = 316
04-16 19:47:16.073 31534 31534 I SA      : [OR] GetMyCountryZoneTask Success
04-16 19:47:16.093 31706 31706 I dex2oat : ----------------------------------------------------
04-16 19:47:16.093 31706 31706 I dex2oat : <SS>: S T A R T I N G . . .
04-16 19:47:16.093 31706 31706 I dex2oat : <SS>: Zip is absent. Canceled.
04-16 19:47:16.093 31706 31706 I dex2oat : /system/bin/dex2oat --runtime-arg -classpath --runtime-arg  --instruction-set=arm --instruction-set-features=div --runtime-arg -Xrelocate --boot-image=/system/framework/boot.art --dex-file=/data/data/com.google.android.gms/app_dg_cache/5F15702C560178CA6215704BB2E0117E504AE75A/the.apk --oat-fd=43 --art-fd=-1 --oat-location=/data/data/com.google.android.gms/app_dg_cache/5F15702C560178CA6215704BB2E0117E504AE75A/opt/the.dex --runtime-arg -Xms64m --runtime-arg -Xmx512m
04-16 19:47:16.113  3496  3568 D AutomaticBrightnessController: mCallbacks.updateBrightness()
04-16 19:47:16.113  3496  3568 D DisplayPowerController: getFinalBrightness : 4 -> 4
04-16 19:47:16.113  3496  3568 D DisplayPowerController: animation target = 4, rate=500 (PSM:false, AB limit:(-1 ~ -1) MB Limit:(-1 ~ -1) MAdj:(0, (0, 255)))
04-16 19:47:16.148 31706 31706 I dex2oat : dex2oat took 55.156ms (threads: 8)
04-16 19:47:16.168 31690 31690 W PrimesInit: Primes instant initialization
04-16 19:47:16.168 31690 31719 W Primes  : background initialization
04-16 19:47:16.198 31383 31383 I FOTA_Client: [com.sec.android.fotaclient.FotaRegisterReceiver(101/onReceive)] Need to device registering...
04-16 19:47:16.198 31383 31383 I FOTA_Client: [com.sec.android.fotaclient.FotaRegisterReceiver(169/llIIIIlllllIIllIIllI)] Reset disclaimer time.
04-16 19:47:16.198 31383 31383 I FOTA_Client: [lIIlIIIlIllllIlIIlII(40/llIIIIlllllIIllIIllI)] Calculate auto register time
04-16 19:47:16.198  3496  3527 D SettingsProvider: name = FOTA_CLIENT_FOTA_TIME
04-16 19:47:16.198  3496  3527 D SettingsProvider: edmUri: content://com.sec.knox.provider/RestrictionPolicy3
04-16 19:47:16.198  3496  3527 D SettingsProvider: projectionArgs: isSettingsChangesAllowed
04-16 19:47:16.198  3496  3527 D SettingsProvider: selectionArgs: false
04-16 19:47:16.198  3496  3527 D SettingsProvider: selectionArgs: 10012
04-16 19:47:16.203  3496  3527 D SecContentProvider: uri = 17 selection = isSettingsChangesAllowed
04-16 19:47:16.203  3496  3527 D SettingsProvider: ret = -1
04-16 19:47:16.208  3496  3527 W BackupManagerService: dataChanged but no participant pkg='com.android.providers.settings' uid=10012
04-16 19:47:16.213 31383 31383 I FOTA_Client: [lIIlIIIlIllllIlIIlII(89/llIlIIIIlIIIIIlIlIII)] Disclaimer time is vaild
04-16 19:47:16.213 31383 31383 I FOTA_Client: [com.sec.android.fotaclient.FotaRegisterReceiver(188/llIIIIlllllIIllIIllI)] Waiting until disclaimer timer...
04-16 19:47:16.303  3496  3568 D AutomaticBrightnessController: mCallbacks.updateBrightness()
04-16 19:47:16.303  3496  3568 D DisplayPowerController: getFinalBrightness : 4 -> 4
04-16 19:47:16.303  3496  3568 D DisplayPowerController: animation target = 4, rate=500 (PSM:false, AB limit:(-1 ~ -1) MB Limit:(-1 ~ -1) MAdj:(0, (0, 255)))
04-16 19:47:16.353  3496  3625 I art     : Explicit concurrent mark sweep GC freed 32840(1909KB) AllocSpace objects, 5(95KB) LOS objects, 20% free, 62MB/78MB, paused 1.851ms total 143.440ms
04-16 19:47:16.353  3496  4113 I splitIntent: Split this intent : android.intent.action.TIME_SET !!   mSplitNum[0]=6, mSplitNum[1]=11, mSplitNum[2]=16 divideNum= 4 r.nextReceiver= 1 receivers.size=20
04-16 19:47:16.353  3496  4113 I splitIntent: finish to split intent : android.intent.action.TIME_SET !! Enqueue -> schedule it!!
04-16 19:47:16.358 31383 31383 I FOTA_Client: [com.sec.android.fota.osp.time.ServerTimeReceiver(47/onReceive)] No action is available before server time settings
04-16 19:47:16.368  3496  3559 E ActivityManager: checkUser: useridlist=null, currentuser=0
04-16 19:47:16.368  3496  3559 E ActivityManager: checkUser: useridlist=null, currentuser=0
04-16 19:47:16.368  3496  3559 E ActivityManager: checkUser: useridlist=null, currentuser=0
04-16 19:47:16.368  3496  3559 E ActivityManager: checkUser: useridlist=null, currentuser=0
04-16 19:47:16.383 31725 31725 E Zygote  : MountEmulatedStorage()
04-16 19:47:16.383 31725 31725 E Zygote  : v2
04-16 19:47:16.383 31725 31725 I libpersona: KNOX_SDCARD checking this for 10106
04-16 19:47:16.383 31725 31725 I libpersona: KNOX_SDCARD not a persona
04-16 19:47:16.383 31725 31725 I SELinux : Function: selinux_compare_spd_ram , priority [2] , priority version is VE=SEPF_SM-N910H_5.0.1_0009
04-16 19:47:16.388 31725 31725 E SELinux : [DEBUG] get_category: variable seinfo: platform sensitivity: NULL, cateogry: NULL
04-16 19:47:16.388  3496  3559 I ActivityManager: Start proc com.sec.esdk.elm for broadcast com.sec.esdk.elm/.receiver.MainReceiver: pid=31725 uid=10106 gids={50106, 9997, 3003} abi=armeabi-v7a
04-16 19:47:16.388  3496  3559 E ActivityManager: checkUser: useridlist=null, currentuser=0
04-16 19:47:16.388  3496  3559 E ActivityManager: checkUser: useridlist=null, currentuser=0
04-16 19:47:16.388  3496  3559 E ActivityManager: checkUser: useridlist=null, currentuser=0
04-16 19:47:16.388  3496  3559 E ActivityManager: checkUser: useridlist=null, currentuser=0
04-16 19:47:16.408 31740 31740 E Zygote  : MountEmulatedStorage()
04-16 19:47:16.408 31740 31740 E Zygote  : v2
04-16 19:47:16.408 31740 31740 I libpersona: KNOX_SDCARD checking this for 10191
04-16 19:47:16.408 31740 31740 I libpersona: KNOX_SDCARD not a persona
04-16 19:47:16.408 31725 31725 D TimaKeyStoreProvider: TimaSignature is unavailable
04-16 19:47:16.408 31740 31740 I SELinux : Function: selinux_compare_spd_ram , priority [2] , priority version is VE=SEPF_SM-N910H_5.0.1_0009
04-16 19:47:16.408 31725 31725 D ActivityThread: Added TimaKeyStore provider
04-16 19:47:16.408 31740 31740 E SELinux : [DEBUG] get_category: variable seinfo: platform sensitivity: NULL, cateogry: NULL
04-16 19:47:16.413  3496  3559 I ActivityManager: Start proc com.sec.android.app.taskmanager for broadcast com.sec.android.app.taskmanager/.UnusedAppsIntentReceiver: pid=31740 uid=10191 gids={50191, 9997} abi=armeabi-v7a
04-16 19:47:16.423 31433 31433 I KLMS-2.4.521: : KLMSAbstractReciever(): onReceive(): Intent { act=android.intent.action.TIME_SET flg=0x24000010 cmp=com.samsung.klmsagent/.listner.MainReciver } | timestamp: Tue Apr 16 19:47:16 EDT 2019
04-16 19:47:16.428 10279 10279 W System.err: android.provider.Settings$SettingNotFoundException: TIME_DIFFERENCE
04-16 19:47:16.433 31740 31740 D TimaKeyStoreProvider: TimaSignature is unavailable
04-16 19:47:16.433 10279 10279 W System.err: 	at android.provider.Settings$System.getLongForUser(Settings.java:1679)
04-16 19:47:16.433 10279 10279 W System.err: 	at android.provider.Settings$System.getLong(Settings.java:1669)
04-16 19:47:16.433 10279 10279 W System.err: 	at com.sec.android.sCloudSync.g.d.b(SourceFile:83)
04-16 19:47:16.433 10279 10279 W System.err: 	at com.sec.android.sCloudSync.Receivers.TimeChangedReceiver.onReceive(SourceFile:64)
04-16 19:47:16.433 10279 10279 W System.err: 	at android.app.ActivityThread.handleReceiver(ActivityThread.java:2994)
04-16 19:47:16.433 10279 10279 W System.err: 	at android.app.ActivityThread.access$1800(ActivityThread.java:178)
04-16 19:47:16.433 10279 10279 W System.err: 	at android.app.ActivityThread$H.handleMessage(ActivityThread.java:1526)
04-16 19:47:16.433 10279 10279 W System.err: 	at android.os.Handler.dispatchMessage(Handler.java:102)
04-16 19:47:16.433 10279 10279 W System.err: 	at android.os.Looper.loop(Looper.java:145)
04-16 19:47:16.433 10279 10279 W System.err: 	at android.app.ActivityThread.main(ActivityThread.java:5944)
04-16 19:47:16.433 10279 10279 W System.err: 	at java.lang.reflect.Method.invoke(Native Method)
04-16 19:47:16.433 10279 10279 W System.err: 	at java.lang.reflect.Method.invoke(Method.java:372)
04-16 19:47:16.433 10279 10279 W System.err: 	at com.android.internal.os.ZygoteInit$MethodAndArgsCaller.run(ZygoteInit.java:1399)
04-16 19:47:16.433 10279 10279 W System.err: 	at com.android.internal.os.ZygoteInit.main(ZygoteInit.java:1194)
04-16 19:47:16.433 31740 31740 D ActivityThread: Added TimaKeyStore provider
04-16 19:47:16.438  3496  4191 E ActivityManager: checkUser: useridlist=null, currentuser=0
04-16 19:47:16.438 31433 31433 I KLMS-2.4.521: : KLMSAbstractReciever(): onReceive().END.
04-16 19:47:16.438  3496  4191 E ActivityManager: checkUser: useridlist=null, currentuser=0
04-16 19:47:16.438  3496  4191 E ActivityManager: checkUser: useridlist=null, currentuser=0
04-16 19:47:16.438  3496  4191 E ActivityManager: checkUser: useridlist=null, currentuser=0
04-16 19:47:16.438 31433 31433 I KLMS-2.4.521: : KLMSIntentService(): onCreate()
04-16 19:47:16.443 31725 31725 D ResourcesManager: creating new AssetManager and set to /system/app/ELMAgent/ELMAgent.apk
04-16 19:47:16.443 31433 31433 I KLMS-2.4.521: : KLMSSystemProperties(): getBoolean(): ro.product_ship = true
04-16 19:47:16.443 30850 31755 D Aatp    : /task/d1a2373d77202710c500c9e265f09f80d5939faf/status
04-16 19:47:16.443 31433 31433 I KLMS-2.4.521: : KLMSUtility(): isTestMode(): product_ship: true | testApk: false
04-16 19:47:16.448 31433 31756 I KLMS-2.4.521: : KLMSIntentService(): onHandleIntent().START: Intent { act=android.intent.action.TIME_SET flg=0x24000010 cmp=com.samsung.klmsagent/.services.KLMSIntentService }
04-16 19:47:16.448 31757 31757 E Zygote  : MountEmulatedStorage()
04-16 19:47:16.448 31757 31757 E Zygote  : v2
04-16 19:47:16.448 31757 31757 I libpersona: KNOX_SDCARD checking this for 10052
04-16 19:47:16.448 31757 31757 I libpersona: KNOX_SDCARD not a persona
04-16 19:47:16.448 31757 31757 I SELinux : Function: selinux_compare_spd_ram , priority [2] , priority version is VE=SEPF_SM-N910H_5.0.1_0009
04-16 19:47:16.453 31433 31756 I KLMS-2.4.521: : KLMSIntentService(): TIME_CHANGED
04-16 19:47:16.453 31757 31757 E SELinux : [DEBUG] get_category: variable seinfo: release sensitivity: NULL, cateogry: NULL
04-16 19:47:16.453 31433 31756 I KLMS-2.4.521: : StateImplV2(): dateTimeChanged().START : Tue Apr 16 19:47:16 EDT 2019
04-16 19:47:16.458  3496  4191 I ActivityManager: Start proc com.android.mms for broadcast com.android.mms/.transaction.MessagingNotification: pid=31757 uid=10052 gids={50052, 9997, 3003, 1028, 1015, 1023, 1003} abi=armeabi-v7a
04-16 19:47:16.468 31725 31725 D elm:14491: ELMAbstractReceiver.onReceive() : Intent { act=android.intent.action.TIME_SET flg=0x24000010 cmp=com.sec.esdk.elm/.receiver.MainReceiver }
04-16 19:47:16.473 31725 31725 D elm:14491: ELMEngine.ELMEngine( context ).
04-16 19:47:16.473  3496  4191 E ActivityManager: checkUser: useridlist=null, currentuser=0
04-16 19:47:16.473  3496  4191 E ActivityManager: checkUser: useridlist=null, currentuser=0
04-16 19:47:16.473  3496  4191 E ActivityManager: checkUser: useridlist=null, currentuser=0
04-16 19:47:16.473  3496  4191 E ActivityManager: checkUser: useridlist=null, currentuser=0
04-16 19:47:16.473 31725 31725 D elm:14491: MDMBridge.setEnterpriseBridge()
04-16 19:47:16.483 31433 31756 I KLMS-2.4.521: : StateImplV2(): dateTimeChanged().END
04-16 19:47:16.488 31740 31740 D ResourcesManager: creating new AssetManager and set to /system/app/TaskManager/TaskManager.apk
04-16 19:47:16.488 31757 31757 D TimaKeyStoreProvider: TimaSignature is unavailable
04-16 19:47:16.488 31772 31772 E Zygote  : MountEmulatedStorage()
04-16 19:47:16.488 31772 31772 I libpersona: KNOX_SDCARD checking this for 10036
04-16 19:47:16.488 31772 31772 E Zygote  : v2
04-16 19:47:16.488 31772 31772 I libpersona: KNOX_SDCARD not a persona
04-16 19:47:16.488 31757 31757 D ActivityThread: Added TimaKeyStore provider
04-16 19:47:16.488 31772 31772 I SELinux : Function: selinux_compare_spd_ram , priority [2] , priority version is VE=SEPF_SM-N910H_5.0.1_0009
04-16 19:47:16.493 31772 31772 E SELinux : [DEBUG] get_category: variable seinfo: release sensitivity: NULL, cateogry: NULL
04-16 19:47:16.493  3496  4191 I ActivityManager: Start proc com.sec.android.app.shealth for broadcast com.sec.android.app.shealth/com.cigna.mobile.coach.CoachBroadcastReceiver: pid=31772 uid=10036 gids={50036, 9997, 3003, 1028, 1015, 3001, 3002} abi=armeabi-v7a
04-16 19:47:16.493  3496  3568 D AutomaticBrightnessController: mCallbacks.updateBrightness()
04-16 19:47:16.493  3496  3568 D DisplayPowerController: getFinalBrightness : 4 -> 4
04-16 19:47:16.493  3496  3568 D DisplayPowerController: animation target = 4, rate=500 (PSM:false, AB limit:(-1 ~ -1) MB Limit:(-1 ~ -1) MAdj:(0, (0, 255)))
04-16 19:47:16.493 31740 31740 W ResourcesManager: Asset path '/system/framework/twframework.jar' does not exist or contains no resources.
04-16 19:47:16.503 31725 31725 D elm:14491: ELMAbstractReceiver : Receive Intent { act=android.intent.action.TIME_SET flg=0x24000010 cmp=com.sec.esdk.elm/.service.ElmAgentService } END.
04-16 19:47:16.503 31433 31433 I KLMS-2.4.521: : KLMSIntentService(): onDestroy()
04-16 19:47:16.503 31725 31725 D elm:14491: ElmAgentService : onCreate()
04-16 19:47:16.503 31725 31786 D elm:14491: ElmAgentService : onHandleIntent() Intent { act=android.intent.action.TIME_SET flg=0x24000010 cmp=com.sec.esdk.elm/.service.ElmAgentService }
04-16 19:47:16.508 31725 31786 D elm:14491: ELMAgentService.listeningToTimeDateChanges( context, intent ).
04-16 19:47:16.508 31725 31725 D elm:14491: ELMEngine.ServiceHandler.handleMessage( ALARM_MODIFY ). 
04-16 19:47:16.508 31725 31725 D elm:14491: ModuleBase.ModifySetAlarm()
04-16 19:47:16.508 31725 31725 D elm:14491: MDMBridge.getInstance()
04-16 19:47:16.508 31725 31725 D elm:14491: MDMBridge.getAllLicenseInfoFromSDK()
04-16 19:47:16.513 31725 31725 D elm:14491: ElmAgentService : onDestroy().
04-16 19:47:16.518 31772 31772 D TimaKeyStoreProvider: TimaSignature is unavailable
04-16 19:47:16.518 31772 31772 D ActivityThread: Added TimaKeyStore provider
04-16 19:47:16.523 31757 31757 D ResourcesManager: creating new AssetManager and set to /system/priv-app/SecMms_Candy/SecMms_Candy.apk
04-16 19:47:16.528 31757 31757 W ResourcesManager: Asset path '/system/framework/minimode.jar' does not exist or contains no resources.
04-16 19:47:16.533 31757 31757 W ResourcesManager: Asset path '/system/framework/com.google.android.maps.jar' does not exist or contains no resources.
04-16 19:47:16.533 31757 31757 W ResourcesManager: Asset path '/system/framework/multiwindow.jar' does not exist or contains no resources.
04-16 19:47:16.533 31757 31757 W ResourcesManager: Asset path '/system/framework/twframework.jar' does not exist or contains no resources.
04-16 19:47:16.533 31757 31757 W ResourcesManager: Asset path '/system/framework/secvision.jar' does not exist or contains no resources.
04-16 19:47:16.533 31757 31757 W ResourcesManager: Asset path '/system/framework/imsmanager.jar' does not exist or contains no resources.
04-16 19:47:16.538 31772 31772 D ResourcesManager: creating new AssetManager and set to /system/priv-app/SHealth3_5/SHealth3_5.apk
04-16 19:47:16.538  3496  4211 I ActivityManager: Killing 30904:com.sec.android.automotive.drivelink/u0a102 (adj 15): bgCount ##31
04-16 19:47:16.553  3496  4191 I ActivityManager: Killing 30956:com.android.providers.calendar/u0a47 (adj 15): bgCount ##31
04-16 19:47:16.558  3496  4040 W ActivityManager: ProcessRecord{25d20064 30956:com.android.providers.calendar/u0a47} is already killed
04-16 19:47:16.558  2827  2827 E lowmemorykiller: Error writing /proc/30956/oom_score_adj; errno=22
04-16 19:47:16.558  3496  4040 I ActivityManager: Existing provider com.android.providers.calendar/.CalendarProvider2 is crashing; detaching ProcessRecord{7e0d2cd 31037:com.android.calendar/u0a164}
04-16 19:47:16.568  3496  4040 E ActivityManager: checkUser: useridlist=null, currentuser=0
04-16 19:47:16.568  3496  4040 E ActivityManager: checkUser: useridlist=null, currentuser=0
04-16 19:47:16.568  3496  4040 E ActivityManager: checkUser: useridlist=null, currentuser=0
04-16 19:47:16.568  3496  4040 E ActivityManager: checkUser: useridlist=null, currentuser=0
04-16 19:47:16.578  3777  3777 D daemonapp: [MSC_Daemon]>>> WU:264 [0:0] regintype : LA
04-16 19:47:16.578  3777  3777 D daemonapp: [MSC_Daemon]>>> WU:320 [0:0] cp type is : cp_eng
04-16 19:47:16.578  3777  3777 D daemonapp: [MSC_Daemon]>>> WCP:1142 [0:0] Provider query : content://apaccuweatherprovider/settings
04-16 19:47:16.583 31805 31805 E Zygote  : MountEmulatedStorage()
04-16 19:47:16.583 31805 31805 E Zygote  : v2
04-16 19:47:16.583 31805 31805 I libpersona: KNOX_SDCARD checking this for 10047
04-16 19:47:16.583 31805 31805 I libpersona: KNOX_SDCARD not a persona
04-16 19:47:16.583 31805 31805 I SELinux : Function: selinux_compare_spd_ram , priority [2] , priority version is VE=SEPF_SM-N910H_5.0.1_0009
04-16 19:47:16.583 31805 31805 E SELinux : [DEBUG] get_category: variable seinfo: release sensitivity: NULL, cateogry: NULL
04-16 19:47:16.588  3496  4040 I ActivityManager: Start proc com.android.providers.calendar for content provider com.android.providers.calendar/.CalendarProvider2: pid=31805 uid=10047 gids={50047, 9997, 3003, 1028, 1015} abi=armeabi-v7a
04-16 19:47:16.588  3777  3777 D daemonapp: [MSC_Daemon]>>> WCP:1142 [0:0] Provider query : content://apaccuweatherprovider/settings
04-16 19:47:16.603 31757 31757 D Mms/MmsApp: [start]    onCreate() consume time = 0.0
04-16 19:47:16.603  3777  3777 D daemonapp: [MSC_Daemon]>>> WCP:1142 [0:0] Provider query : content://apaccuweatherprovider/weatherinfo
04-16 19:47:16.603 31757 31821 D Mms/ArtClassLoader: init before art
04-16 19:47:16.608 31757 31821 D Mms/ArtClassLoader: init [DONE] art
04-16 19:47:16.608  3777  3777 D daemonapp: [MSC_Daemon]>>> WDSM:54 [0:0] Act : androidintentactionTIME_SET, run:true
04-16 19:47:16.608 31805 31805 D TimaKeyStoreProvider: TimaSignature is unavailable
04-16 19:47:16.608 31805 31805 D ActivityThread: Added TimaKeyStore provider
04-16 19:47:16.608 31757 31757 D Mms/TelephonyPermission: start operation mode monitor
04-16 19:47:16.608 31146 31146 D SecurityLogAgent: KnoxConfiguration : Current State = 1
04-16 19:47:16.608 31146 31146 D SecurityLogAgent: KnoxConfiguration : Current State Mapping Found 
04-16 19:47:16.608 31146 31146 D SecurityLogAgent: StateMachine : Current State = 1
04-16 19:47:16.613  3777  3777 D comsamsunglog: [MSC_Daemon]>>> ====================================================================================================================
04-16 19:47:16.613  3777  3777 D comsamsunglog: [MSC_Daemon]>>> daemonapp [Version : 15012801 ] [ 3 ] 
04-16 19:47:16.613 31757 31757 D ResourcesManager: creating new AssetManager and set to /system/app/Hangouts/Hangouts.apk
04-16 19:47:16.613  3777  3777 D comsamsunglog: [MSC_Daemon]>>> Header set to : ===> "daemonapp" <===
04-16 19:47:16.613  3777  3777 D comsamsunglog: [MSC_Daemon]>>> ====================================================================================================================
04-16 19:47:16.613  3777  3777 D daemonapp: [MSC_Daemon]>>> WDSM:95 [0:0] c:null, r:3, slted:null
04-16 19:47:16.613  3777  3777 D daemonapp: [MSC_Daemon]>>> WCP:1142 [0:0] Provider query : content://apaccuweatherprovider/packagename
04-16 19:47:16.618 31757 31757 W ResourcesManager: Asset path '/system/framework/com.google.android.media.effects.jar' does not exist or contains no resources.
04-16 19:47:16.623  3777  3777 D daemonapp: [MSC_Daemon]>>> WU:1746 [0:0] PakNme size = 5
04-16 19:47:16.623 31805 31805 D ResourcesManager: creating new AssetManager and set to /system/priv-app/SecCalendarProvider/SecCalendarProvider.apk
04-16 19:47:16.628 31805 31805 W ResourcesManager: Asset path '/system/framework/android.test.runner.jar' does not exist or contains no resources.
04-16 19:47:16.628  3777  3777 D daemonapp: [MSC_Daemon]>>> WU:264 [0:0] regintype : LA
04-16 19:47:16.628  3777  3777 D daemonapp: [MSC_Daemon]>>> WU:320 [0:0] cp type is : cp_eng
04-16 19:47:16.628  3777  3777 D daemonapp: [MSC_Daemon]>>> WU:1750 [0:0] CP Name cp_eng
04-16 19:47:16.633  3777  3777 D daemonapp: [MSC_Daemon]>>> WCP:1142 [0:0] Provider query : content://apaccuweatherprovider/packagename
04-16 19:47:16.633 31757 31757 D Mms/TelephonyPermission: DefaultSmsApp is com.android.mms
04-16 19:47:16.633 31757 31757 D Mms/TelephonyPermission: isDefault true
04-16 19:47:16.633 31757 31757 D Mms/MmsApp: onCreate() com.android.mms
04-16 19:47:16.633  3777  3777 E daemonapp: [MSC_Daemon]>>> WU:1730 [0:0] [NameNotFoundException] !!
04-16 19:47:16.648 31757 31757 D Mms/MmsApp: [start]    initCountryIso consume time = 47.097167
04-16 19:47:16.648  3496  4113 D CountryDetector: The first listener is added
04-16 19:47:16.653 31772 31772 D SHealthUpgrade(SHealthUpgradeUtil): isShealthServiceInstalled() : HealthService is Installed.
04-16 19:47:16.653 31772 31772 D SHealthUpgrade(SHealthUpgradeUtil): isShealthService2xInstalled() : HEALTH SERVICE is INSTALLED.
04-16 19:47:16.653 31772 31772 D SHealthUpgrade(SHealthUpgradeUtil): isShealthService2xInstalled() : HEALTH SERVICE VERSION = 2.x
04-16 19:47:16.653 31805 31805 I CalendarProvider2: CalendarProvider2.onCreate() called
04-16 19:47:16.653 31757 31757 D Mms/MmsApp: [end]    initCountryIso consume time = 6.763208
04-16 19:47:16.653 31757 31757 D Mms/MmsConfig: [start]    MmsConfig.init() consume time = 0.070375
04-16 19:47:16.658  3777  3777 D comdaemonstockapp: [Daemon_Stock]>>> StockclockDaemonService.java:61 [0:0] onReceive: androidintentactionTIME_SET
04-16 19:47:16.658  3777  3777 D comdaemonstockapp: [Daemon_Stock]>>> StockclockDaemonService.java:62 [0:0] appServiceStatus: 0
04-16 19:47:16.658 31757 31757 D Mms/MmsConfig: before partial update
04-16 19:47:16.663  3496  3557 D LocationManagerService: getProviders()=[passive, gps]
04-16 19:47:16.663  3496  3557 D LocationManagerService: request 26b28e85 passive Request[POWER_NONE passive fastest=0] from android(1000)
04-16 19:47:16.663  3496  3557 D LocationManagerService: provider request: passive ProviderRequest[ON interval=0]
04-16 19:47:16.678 31757 31757 D Mms/MmsConfig: Load Resize quality : 80
04-16 19:47:16.678 31772 31772 D SHealthUpgrade(SHealthUpgradeUtil): checkState()
04-16 19:47:16.678 31772 31772 D SHealthUpgrade(SHealthUpgradeUtil): checkState() : APP TYPE = Full
04-16 19:47:16.683 31772 31772 D SHealthUpgrade(SHealthUpgradeUtil): isFitnessWithGearInstalled() : Fitness with Gear isn't Installed.
04-16 19:47:16.683 31772 31772 D SHealthUpgrade(SHealthUpgradeUtil): isShealthServiceInstalled() : HealthService is Installed.
04-16 19:47:16.683 31772 31772 D SHealthUpgrade(SHealthUpgradeUtil): isShealthService1xInstalled() : HEALTH SERVICE is INSTALLED.
04-16 19:47:16.683 31772 31772 D SHealthUpgrade(SHealthUpgradeUtil): isShealthService1xInstalled() : HEALTH SERVICE VERSION is NOT 1.x !!!
04-16 19:47:16.683 31772 31772 D SHealthUpgrade(SHealthUpgradeUtil): isShealthService0xInstalled() : HEALTH SERVICE is INSTALLED.
04-16 19:47:16.683 31772 31772 D SHealthUpgrade(SHealthUpgradeUtil): isShealthService0xInstalled() : HEALTH SERVICE VERSION is NOT 0.x !!!
04-16 19:47:16.683  3496  3568 D AutomaticBrightnessController: mCallbacks.updateBrightness()
04-16 19:47:16.683  3496  3568 D DisplayPowerController: getFinalBrightness : 4 -> 4
04-16 19:47:16.683  3496  3568 D DisplayPowerController: animation target = 4, rate=500 (PSM:false, AB limit:(-1 ~ -1) MB Limit:(-1 ~ -1) MAdj:(0, (0, 255)))
04-16 19:47:16.683 31772 31772 D SHealthUpgrade(SHealthUpgradeUtil): isShealthService2xInstalled() : HEALTH SERVICE is INSTALLED.
04-16 19:47:16.683 31772 31772 D SHealthUpgrade(SHealthUpgradeUtil): isShealthService2xInstalled() : HEALTH SERVICE VERSION = 2.x
04-16 19:47:16.688 31772 31772 D SHealthUpgrade(SHealthUpgradeUtil): isShealthService2xInstalled() : HEALTH SERVICE is INSTALLED.
04-16 19:47:16.688 31772 31772 D SHealthUpgrade(SHealthUpgradeUtil): isShealthService2xInstalled() : HEALTH SERVICE VERSION = 2.x
04-16 19:47:16.688 31690 31719 I PrimesTesting: GserviceFlagsSupplier.get()
04-16 19:47:16.688 24199 31835 I SystemUpdate: [Installation,ReceiverIntentOperation] Received intent: Intent { act=android.intent.action.TIME_SET flg=0x24000010 cmp=com.google.android.gms/.chimera.GmsIntentOperationService$PersistentTrustedReceiver }.
04-16 19:47:16.688  3496  4191 E ActivityManager: checkUser: useridlist=null, currentuser=0
04-16 19:47:16.688  3496  4191 E ActivityManager: checkUser: useridlist=null, currentuser=0
04-16 19:47:16.688  3496  4191 E ActivityManager: checkUser: useridlist=null, currentuser=0
04-16 19:47:16.688  3496  4191 E ActivityManager: checkUser: useridlist=null, currentuser=0
04-16 19:47:16.693 31757 31757 D Mms/MmsConfig:  enable multiwindow = true
04-16 19:47:16.703 31757 31757 E Mms/MessageUtils: setCountryDetector : update country detector info 
04-16 19:47:16.703 31757 31757 E Mms/MessageUtils: updateCountryIso : update country iso info 
04-16 19:47:16.703 31836 31836 E Zygote  : MountEmulatedStorage()
04-16 19:47:16.703 31836 31836 E Zygote  : v2
04-16 19:47:16.703 31836 31836 I libpersona: KNOX_SDCARD checking this for 10019
04-16 19:47:16.703 31836 31836 I libpersona: KNOX_SDCARD not a persona
04-16 19:47:16.708 31836 31836 I SELinux : Function: selinux_compare_spd_ram , priority [2] , priority version is VE=SEPF_SM-N910H_5.0.1_0009
04-16 19:47:16.708 31836 31836 E SELinux : [DEBUG] get_category: variable seinfo: platform sensitivity: NULL, cateogry: NULL
04-16 19:47:16.708 31757 31757 D Mms/PackageInfo: com.sec.imsservice is not installed
04-16 19:47:16.708 31757 31757 D Mms/MmsConfig: [end]    init() consume time = 52.6475
04-16 19:47:16.708 31757 31757 D Mms/Contact: [start]    init() consume time = 0.428375
04-16 19:47:16.708  3496  4191 I ActivityManager: Start proc com.sec.android.service.health for content provider com.sec.android.service.health/.cp.MigrationCpProvider: pid=31836 uid=10019 gids={50019, 9997} abi=armeabi-v7a
04-16 19:47:16.713 24199 31835 W ChimeraUtils: Non Chimera context
04-16 19:47:16.718 31757 31757 D Mms/Contact: [end]    init consume time = 7.427834
04-16 19:47:16.718 31757 31848 D Mms/DraftCache: [start]    rebuildCache consume time = 1.130208
04-16 19:47:16.718  3981  5986 D TP/MmsSmsProvider: query,matched:13, calling pid = 31757
04-16 19:47:16.718  3981  5986 D TP/MmsSmsProvider: match 13:Elapsed time : 1.335 ms
04-16 19:47:16.723  3981  4003 D TP/MmsSmsProvider: query,matched:12, calling pid = 31757
04-16 19:47:16.728  3981  4003 D TP/MmsSmsProvider: match 12:Elapsed time : 3.285 ms
04-16 19:47:16.728 31757 31757 D Mms/TelephonyUtils: getSubId from simSlot 0, return Value = -1
04-16 19:47:16.728 31757 31757 D Mms/DownloadManager: roaming -> false (slotId = 0)
04-16 19:47:16.728 31757 31757 D Mms/DownloadManager: [NotificationTransaction] getAutoDownloadState simSlot : 0
04-16 19:47:16.728 31757 31757 D Mms/DownloadManager: auto download without roaming -> true
04-16 19:47:16.728 31757 31757 D Mms/DownloadManager: [NotificationTransaction] getAutoDownloadState alwaysAuto : false, roaming : false
04-16 19:47:16.733 31757 31757 E Mms/TelephonyUtils: subID is null or 0 length, so get DefaultSubId!!
04-16 19:47:16.733 31757 31757 D Mms/TelephonyUtils: getSubId from simSlot 1, return Value = 9223372036854775807
04-16 19:47:16.733 31757 31757 D Mms/DownloadManager: roaming -> false (slotId = 1)
04-16 19:47:16.733 31757 31757 D Mms/DownloadManager: [NotificationTransaction] getAutoDownloadState simSlot : 1
04-16 19:47:16.733 31757 31757 D Mms/DownloadManager: auto download without roaming -> true
04-16 19:47:16.733 31757 31757 D Mms/DownloadManager: [NotificationTransaction] getAutoDownloadState alwaysAutoSecondary : false, roaming : false
04-16 19:47:16.733 31757 31757 D Mms/DownloadManager: auto download during roaming secondary -> false
04-16 19:47:16.733 31757 31757 D Mms/DownloadManager: mAutoDownload ------> true
04-16 19:47:16.733 24199 31835 W ChimeraUtils: Non Chimera context
04-16 19:47:16.743 31836 31836 D TimaKeyStoreProvider: TimaSignature is unavailable
