04-16 19:46:58.620 30904 30944 D [CarModeFW]: Framework-Request-com.sec.android.app.automotive.carmode.framework.command.RequestRecommendedLocationList => execute time : 231
04-16 19:46:58.625 30850 30850 D AatpDeviceManager: taskStatus update (8746aee160e04ea73d012fbb3b051642954f052f: {"state":1})
04-16 19:46:58.625  3496  3496 D WindowManager: showStatusBarByNotification() mOpenByNotification=false
04-16 19:46:58.625 30850 30997 D AatpDeviceManager: Keyguard enabled: false
04-16 19:46:58.630 30850 30850 D AatpDeviceManager: taskStatus update (8746aee160e04ea73d012fbb3b051642954f052f: {"result":{"enabled":false},"state":2})
04-16 19:46:58.630 30850 30996 D Aatp    : /task/8746aee160e04ea73d012fbb3b051642954f052f
04-16 19:46:58.630  3496  3496 D LightsService: [api] [SvcLED] turnOff:: id = 4 (uid: 1000 pid: 3496) 
04-16 19:46:58.630  3496  3496 D LightsService: [SvcLED] setSvcLedStateLocked:: SvcLEDState : 0x0 -> 0x0 | SvcLED(id=4) set Off
04-16 19:46:58.630  3496  3578 D LightsService: [SvcLED] Lux failed to be updated in 700ms. -> handleForcedSvcLEDTasK
04-16 19:46:58.630  3496  3578 D LightsService: [SvcLED]  setSvcLedLightLocked :: Current SvcLED(id=3) maintains its priority right
04-16 19:46:58.640  3700  3700 D KnoxNotification: ----- inflateViews : modified publicViewLocal -----
04-16 19:46:58.645  3700  3700 D KnoxNotification: ----- inflateViews : modified KnoxViewLocal -----
04-16 19:46:58.645  3700  3700 D PersonaManager: PersonaID is invalid or persona doesn't exists. : 0
04-16 19:46:58.645  3700  3700 D PhoneStatusBar: tick(): knoxCustomManager = android.app.enterprise.knoxcustom.KnoxCustomManager@12b2765b
04-16 19:46:58.645  3700  3700 D PersonaManager: isKioskContainerExistOnDevice
04-16 19:46:58.645  3700  3700 D PersonaManager: isKioskContainerExistOnDevice
04-16 19:46:58.645  3700  3700 I PhoneStatusBar: Icon Only
04-16 19:46:58.655  3700  3700 I StatusBar: Icon Only
04-16 19:46:58.655  3700  3700 D PanelView: There is/are notification(s) 
04-16 19:46:58.655  3700  3700 D PanelView: There is/are notification(s) 
04-16 19:46:58.655  3700  3700 D PersonaManager: isKioskContainerExistOnDevice
04-16 19:46:58.655  3700  3700 I PhoneStatusBar: Icon Only
04-16 19:46:58.655  3700  3700 I StatusBar: Icon Only
04-16 19:46:58.655  3700  3700 D PanelView: There is/are notification(s) 
04-16 19:46:58.655  3700  3700 D PersonaManager: isKioskContainerExistOnDevice
04-16 19:46:58.655  3700  3700 D PersonaManager: isKioskContainerExistOnDevice
04-16 19:46:58.655  3700  3700 I PhoneStatusBar: Icon Only
04-16 19:46:58.660  3700  3700 I StatusBar: Icon Only
04-16 19:46:58.660  3700  3700 D PanelView: There is/are notification(s) 
04-16 19:46:58.660  3700  3700 D PanelView: There is/are notification(s) 
04-16 19:46:58.660  3700  3700 D PersonaManager: isKioskContainerExistOnDevice
04-16 19:46:58.660  3700  3700 I PhoneStatusBar: Icon Only
04-16 19:46:58.660  3700  3700 I StatusBar: Icon Only
04-16 19:46:58.660  3700  3700 D PanelView: There is/are notification(s) 
04-16 19:46:58.675  3496  3641 D SettingsProvider: name = mode_ringer
04-16 19:46:58.690 30924 30954 I System.out: INFO:Resource not found:/Common.properties Using default values
04-16 19:46:58.725  3700  3700 D PanelView: mClearAll.setVisibility - mIsFullyOpened : false isShade : true mHasNotification : true mIsUpwardFling : false mQsFullyExpanded : true isShadeLocked : false mClearAllVisible : false
04-16 19:46:58.730  3700  3700 D PanelView: mClearAll.setVisibility - mIsFullyOpened : false isShade : true mHasNotification : true mIsUpwardFling : false mQsFullyExpanded : true isShadeLocked : false mClearAllVisible : false
04-16 19:46:58.735  3496  3568 D AutomaticBrightnessController: mCallbacks.updateBrightness()
04-16 19:46:58.735  3496  3568 D DisplayPowerController: getFinalBrightness : 4 -> 4
04-16 19:46:58.735  3496  3568 D DisplayPowerController: animation target = 4, rate=500 (PSM:false, AB limit:(-1 ~ -1) MB Limit:(-1 ~ -1) MAdj:(0, (0, 255)))
04-16 19:46:58.735  3700  3700 D PanelView: mClearAll.setVisibility - mIsFullyOpened : false isShade : true mHasNotification : true mIsUpwardFling : false mQsFullyExpanded : true isShadeLocked : false mClearAllVisible : false
04-16 19:46:58.745 30850 30999 D Aatp    : /task/8746aee160e04ea73d012fbb3b051642954f052f/status
04-16 19:46:58.890  3496  3496 D CustomFrequencyManagerService: releaseDVFSLockLocked : Getting Lock type frm List : DVFS_MIN_LIMIT  frequency : 1800000  uid : 1000  pid : 3496  tag : ACTIVITY_RESUME_BOOSTER@6
04-16 19:46:58.925  3496  3568 D AutomaticBrightnessController: mCallbacks.updateBrightness()
04-16 19:46:58.925  3496  3568 D DisplayPowerController: getFinalBrightness : 4 -> 4
04-16 19:46:58.925  3496  3568 D DisplayPowerController: animation target = 4, rate=500 (PSM:false, AB limit:(-1 ~ -1) MB Limit:(-1 ~ -1) MAdj:(0, (0, 255)))
04-16 19:46:59.115  3496  3568 D AutomaticBrightnessController: mCallbacks.updateBrightness()
04-16 19:46:59.115  3496  3568 D DisplayPowerController: getFinalBrightness : 4 -> 4
04-16 19:46:59.115  3496  3568 D DisplayPowerController: animation target = 4, rate=500 (PSM:false, AB limit:(-1 ~ -1) MB Limit:(-1 ~ -1) MAdj:(0, (0, 255)))
04-16 19:46:59.305  3496  3568 D AutomaticBrightnessController: mCallbacks.updateBrightness()
04-16 19:46:59.305  3496  3568 D DisplayPowerController: getFinalBrightness : 4 -> 4
04-16 19:46:59.305  3496  3568 D DisplayPowerController: animation target = 4, rate=500 (PSM:false, AB limit:(-1 ~ -1) MB Limit:(-1 ~ -1) MAdj:(0, (0, 255)))
04-16 19:46:59.320 31002 31002 D AndroidRuntime: 
04-16 19:46:59.320 31002 31002 D AndroidRuntime: >>>>>> AndroidRuntime START com.android.internal.os.RuntimeInit <<<<<<
04-16 19:46:59.320 31002 31002 D AndroidRuntime: CheckJNI is OFF
04-16 19:46:59.320 31002 31002 D AndroidRuntime: readGMSProperty: start
04-16 19:46:59.320 31002 31002 D AndroidRuntime: readGMSProperty: already setted!!
04-16 19:46:59.325 31002 31002 D AndroidRuntime: readGMSProperty: end
04-16 19:46:59.325 31002 31002 D AndroidRuntime: addProductProperty: start
04-16 19:46:59.325 31002 31002 I art     : RelocateImage: /system/bin/patchoat --input-image-location=/system/framework/boot.art --output-image-file=/data/local/tmp/dalvik-cache/arm/system@framework@boot.art --input-oat-location=/system/framework/boot.oat --output-oat-file=/data/local/tmp/dalvik-cache/arm/system@framework@boot.oat --instruction-set=arm --base-offset-delta=-995328
04-16 19:46:59.490  3496  3568 D AutomaticBrightnessController: mCallbacks.updateBrightness()
04-16 19:46:59.495  3496  3568 D DisplayPowerController: getFinalBrightness : 4 -> 4
04-16 19:46:59.495  3496  3568 D DisplayPowerController: animation target = 4, rate=500 (PSM:false, AB limit:(-1 ~ -1) MB Limit:(-1 ~ -1) MAdj:(0, (0, 255)))
04-16 19:46:59.520 30956 30956 I CalendarProvider2: Sending notification intent: Intent { act=android.intent.action.PROVIDER_CHANGED dat=content://com.android.calendar }
04-16 19:46:59.525  3496  3559 E ActivityManager: checkUser: useridlist=null, currentuser=0
04-16 19:46:59.525  3496  3559 E ActivityManager: checkUser: useridlist=null, currentuser=0
04-16 19:46:59.525  3496  3559 E ActivityManager: checkUser: useridlist=null, currentuser=0
04-16 19:46:59.525  3496  3559 E ActivityManager: checkUser: useridlist=null, currentuser=0
04-16 19:46:59.565 31005 31005 E Zygote  : MountEmulatedStorage()
04-16 19:46:59.565 31005 31005 E Zygote  : v2
04-16 19:46:59.565 31005 31005 I libpersona: KNOX_SDCARD checking this for 10022
04-16 19:46:59.565 31005 31005 I libpersona: KNOX_SDCARD not a persona
04-16 19:46:59.565 31005 31005 I SELinux : Function: selinux_compare_spd_ram , priority [2] , priority version is VE=SEPF_SM-N910H_5.0.1_0009
04-16 19:46:59.570 31005 31005 E SELinux : [DEBUG] get_category: variable seinfo: platform sensitivity: NULL, cateogry: NULL
04-16 19:46:59.570  3496  3559 I ActivityManager: Start proc com.sec.android.widgetapp.locationwidget for broadcast com.sec.android.widgetapp.locationwidget/.cocktail.LocationWidgetCocktailProvider: pid=31005 uid=10022 gids={50022, 9997, 3003, 3002, 3001, 1028, 1015} abi=armeabi-v7a
04-16 19:46:59.580  3496  3799 I ActivityManager: Killing 29877:com.samsung.android.securitylogagent/1000 (adj 15): empty for 7363s
04-16 19:46:59.600 31005 31005 D TimaKeyStoreProvider: TimaSignature is unavailable
04-16 19:46:59.600 31005 31005 D ActivityThread: Added TimaKeyStore provider
04-16 19:46:59.615 31005 31005 D ResourcesManager: creating new AssetManager and set to /system/priv-app/LocationWidget/LocationWidget.apk
04-16 19:46:59.620 31005 31005 W ResourcesManager: Asset path '/system/framework/com.google.android.maps.jar' does not exist or contains no resources.
04-16 19:46:59.620 31005 31005 W ResourcesManager: Asset path '/system/framework/twframework.jar' does not exist or contains no resources.
04-16 19:46:59.620 31005 31005 W ResourcesManager: Asset path '/system/framework/sws.jar' does not exist or contains no resources.
04-16 19:46:59.660 31005 31005 I LocationWidgetApplication: onCreate() : start
04-16 19:46:59.660 31005 31005 D LocationWidgetApplication: countryCode = PANAMA
04-16 19:46:59.675 31005 31021 D LocationWidgetUtils: getUpcommingInstances() start: 1555458419681, end: 1555991999999
04-16 19:46:59.675 31005 31021 D LocationWidgetUtils: getUpcommingInstances() DB begin time >= start:1555458419681, DB begin time <= end:1555991999999
04-16 19:46:59.675  3496  3526 E ActivityManager: checkUser: useridlist=null, currentuser=0
04-16 19:46:59.675  3496  3526 E ActivityManager: checkUser: useridlist=null, currentuser=0
04-16 19:46:59.675  3496  3526 E ActivityManager: checkUser: useridlist=null, currentuser=0
04-16 19:46:59.675  3496  3526 E ActivityManager: checkUser: useridlist=null, currentuser=0
04-16 19:46:59.680  3496  3568 D AutomaticBrightnessController: mCallbacks.updateBrightness()
04-16 19:46:59.680  3496  3568 D DisplayPowerController: getFinalBrightness : 4 -> 4
04-16 19:46:59.680  3496  3568 D DisplayPowerController: animation target = 4, rate=500 (PSM:false, AB limit:(-1 ~ -1) MB Limit:(-1 ~ -1) MAdj:(0, (0, 255)))
04-16 19:46:59.690  3496  5347 W libprocessgroup: failed to open /acct/uid_1000/pid_29877/cgroup.procs: No such file or directory
04-16 19:46:59.690 31022 31022 E Zygote  : MountEmulatedStorage()
04-16 19:46:59.690 31022 31022 I libpersona: KNOX_SDCARD checking this for 10163
04-16 19:46:59.690 31022 31022 E Zygote  : v2
04-16 19:46:59.690 31022 31022 I libpersona: KNOX_SDCARD not a persona
04-16 19:46:59.695 31022 31022 I SELinux : Function: selinux_compare_spd_ram , priority [2] , priority version is VE=SEPF_SM-N910H_5.0.1_0009
04-16 19:46:59.695 31022 31022 E SELinux : [DEBUG] get_category: variable seinfo: shared sensitivity: NULL, cateogry: NULL
04-16 19:46:59.695  3496  3526 I ActivityManager: Start proc com.sec.android.widgetapp.SPlannerAppWidget for broadcast com.sec.android.widgetapp.SPlannerAppWidget/.EasyWidget.EasyCalendarAppWidgetProvider: pid=31022 uid=10163 gids={50163, 9997} abi=armeabi-v7a
04-16 19:46:59.700  3496  3526 I ActivityManager: Killing 30561:com.google.android.talk/u0a125 (adj 15): empty for 2522s
04-16 19:46:59.730 31022 31022 D TimaKeyStoreProvider: TimaSignature is unavailable
04-16 19:46:59.730 31022 31022 D ActivityThread: Added TimaKeyStore provider
04-16 19:46:59.745 31022 31022 D ResourcesManager: creating new AssetManager and set to /system/app/SPlannerWidget_OS_UPG_Transparent/SPlannerWidget_OS_UPG_Transparent.apk
04-16 19:46:59.750 31022 31022 W ResourcesManager: Asset path '/system/framework/twframework.jar' does not exist or contains no resources.
04-16 19:46:59.750 31022 31022 W ResourcesManager: Asset path '/system/framework/sws.jar' does not exist or contains no resources.
04-16 19:46:59.780  3496  3526 E ActivityManager: checkUser: useridlist=null, currentuser=0
04-16 19:46:59.780  3496  3526 E ActivityManager: checkUser: useridlist=null, currentuser=0
04-16 19:46:59.780  3496  3526 E ActivityManager: checkUser: useridlist=null, currentuser=0
04-16 19:46:59.780  3496  3526 E ActivityManager: checkUser: useridlist=null, currentuser=0
04-16 19:46:59.795 31037 31037 E Zygote  : MountEmulatedStorage()
04-16 19:46:59.795 31037 31037 I libpersona: KNOX_SDCARD checking this for 10164
04-16 19:46:59.795 31037 31037 E Zygote  : v2
04-16 19:46:59.795 31037 31037 I libpersona: KNOX_SDCARD not a persona
04-16 19:46:59.795 31037 31037 I SELinux : Function: selinux_compare_spd_ram , priority [2] , priority version is VE=SEPF_SM-N910H_5.0.1_0009
04-16 19:46:59.795 31037 31037 E SELinux : [DEBUG] get_category: variable seinfo: platform sensitivity: NULL, cateogry: NULL
04-16 19:46:59.800  3496  3526 I ActivityManager: Start proc com.android.calendar for broadcast com.android.calendar/.alerts.AlertReceiver: pid=31037 uid=10164 gids={50164, 9997, 3003, 1028, 1015, 1023, 3002} abi=armeabi-v7a
04-16 19:46:59.800  3496  3526 I ActivityManager: Killing 28734:com.google.process.gapps/u0a14 (adj 15): empty for 2522s
04-16 19:46:59.810  3496  5346 W libprocessgroup: failed to open /acct/uid_10125/pid_30561/cgroup.procs: No such file or directory
04-16 19:46:59.815 31037 31037 D TimaKeyStoreProvider: TimaSignature is unavailable
04-16 19:46:59.820 31037 31037 D ActivityThread: Added TimaKeyStore provider
04-16 19:46:59.830 31037 31037 D ResourcesManager: creating new AssetManager and set to /system/app/SPlanner_OS_UPG/SPlanner_OS_UPG.apk
04-16 19:46:59.835 31037 31037 W ResourcesManager: Asset path '/system/framework/sechardware.jar' does not exist or contains no resources.
04-16 19:46:59.835 31037 31037 W ResourcesManager: Asset path '/system/framework/com.google.android.maps.jar' does not exist or contains no resources.
04-16 19:46:59.835 31037 31037 W ResourcesManager: Asset path '/system/framework/twframework.jar' does not exist or contains no resources.
04-16 19:46:59.835 31037 31037 W ResourcesManager: Asset path '/system/framework/SmpsManager.jar' does not exist or contains no resources.
04-16 19:46:59.865  3496  5346 W libprocessgroup: failed to open /acct/uid_10014/pid_28734/cgroup.procs: No such file or directory
04-16 19:46:59.870  3496  3568 D AutomaticBrightnessController: mCallbacks.updateBrightness()
04-16 19:46:59.870  3496  3568 D DisplayPowerController: getFinalBrightness : 4 -> 4
04-16 19:46:59.870  3496  3568 D DisplayPowerController: animation target = 4, rate=500 (PSM:false, AB limit:(-1 ~ -1) MB Limit:(-1 ~ -1) MAdj:(0, (0, 255)))
04-16 19:46:59.900  3777  4021 D daemonapp: [MSC_Daemon]>>> WCP:1142 [0:0] Provider query : content://apaccuweatherprovider/settings
04-16 19:46:59.925 31052 31052 I dex2oat : ----------------------------------------------------
04-16 19:46:59.925 31052 31052 I dex2oat : <SS>: S T A R T I N G . . .
04-16 19:46:59.925 31052 31052 I dex2oat : <SS>: Zip is absent. Canceled.
04-16 19:46:59.930 31052 31052 I dex2oat : /system/bin/dex2oat --runtime-arg -classpath --runtime-arg /system/framework/android.test.runner.jar:/system/framework/uiautomator.jar::/sdcard/SUTUtils.jar --instruction-set=arm --instruction-set-features=div --runtime-arg -Xrelocate --boot-image=/system/framework/boot.art --dex-file=/sdcard/SUTUtils.jar --oat-fd=7 --art-fd=-1 --oat-location=/data/local/tmp/dalvik-cache/arm/sdcard@SUTUtils.jar@classes.dex --runtime-arg -Xms64m --runtime-arg -Xmx512m
04-16 19:46:59.940 31052 31052 W dex2oat : Failed to open dex file '/system/framework/android.test.runner.jar': Entry not found
04-16 19:46:59.940 31052 31052 W dex2oat : Failed to open dex file '/system/framework/uiautomator.jar': Entry not found
04-16 19:46:59.945  3496  3799 D LocationManagerService: getProviders()=[]
04-16 19:46:59.945  3496  3799 D LocationManagerService: getProviders()=[passive]
04-16 19:46:59.945  3496  3799 D LocationManagerService: getBestProvider(Criteria[power=LOW acc=LOW], true)=passive
04-16 19:46:59.945 24199 31068 I IcingInternalCorpora: Received calendar change notification.
04-16 19:46:59.960 31005 31005 D LWLocationManager: mPrivacy is null
04-16 19:46:59.960 31005 31005 W ContextImpl: Implicit intents with startService are not safe: Intent { act=com.samsung.android.providers.context.privacy.IPrivacyManager } android.content.ContextWrapper.bindService:559 com.samsung.android.providers.context.privacy.PrivacyManager.bindService:394 com.sec.android.widgetapp.locationwidget.data.LWLocationManager.bindPrivacyService:150 
04-16 19:46:59.970 31005 31005 D ContextFramework:PrivacyManager: Service for PrivacyManager is connected
04-16 19:46:59.980 31005 31005 D LWLocationManager: Privacy service : STATUS_PLACE
04-16 19:46:59.980 31005 31005 D LWLocationManager: updateLocationStatus()
04-16 19:46:59.995  3496  3598 V AlarmManager: waitForAlarm result :8
04-16 19:47:00.000  3496  3496 V AlarmManager: ___SyncScheduler (v3) ACTIVATED___
04-16 19:47:00.000  3496  3496 V AlarmManager: <AppSync3 Whitelist>
04-16 19:47:00.000  3496  3496 V AlarmManager: (AppSync) ### 0 added ###
04-16 19:47:00.000 31005 31005 I LocationWidgetFuctionData: readDB
04-16 19:47:00.000  3700  3700 D KeyguardUpdateMonitor: received broadcast android.intent.action.TIME_TICK
04-16 19:47:00.000  3700  3700 D KeyguardUpdateMonitor: handleTimeUpdate
04-16 19:47:00.005  3700  3700 D KeyguardEffectViewController: onReceive action : android.intent.action.TIME_TICK
04-16 19:47:00.005  3700  3700 I KeyguardEffectViewController: *** don't update sliding image ***
04-16 19:47:00.005 31005 31005 I LocationWidgetFuctionData: selectedAppSize: 3
04-16 19:47:00.005 31005 31005 I LocationWidgetFuctionData: configPlaceList aroundMeItems
04-16 19:47:00.035 31005 31005 I LocationWidgetFuctionData: selectedAppSize: 3
04-16 19:47:00.040 31005 31005 I LocationWidgetFuctionData: selectedAppSize: 3
04-16 19:47:00.040 31005 31005 I LocationWidgetFuctionData: selectedAppSize: 3
04-16 19:47:00.045 31052 31052 I dex2oat : dex2oat took 115.237ms (threads: 8)
04-16 19:47:00.045 31005 31005 I LocationWidgetFuctionData: selectedAppSize: 3
04-16 19:47:00.060  3496  3568 D AutomaticBrightnessController: mCallbacks.updateBrightness()
04-16 19:47:00.060  3496  3568 D DisplayPowerController: getFinalBrightness : 4 -> 4
04-16 19:47:00.060  3496  3990 D BatteryService: !@BatteryListener : batteryPropertiesChanged!
04-16 19:47:00.060  3496  3990 D BatteryService: level:100, scale:100, status:5, health:2, present:true, voltage: 4331, temperature: 233, technology: Li-ion, AC powered:false, USB powered:true, Wireless powered:false, icon:17303722, invalid charger:0
04-16 19:47:00.060  3496  3568 D DisplayPowerController: animation target = 4, rate=500 (PSM:false, AB limit:(-1 ~ -1) MB Limit:(-1 ~ -1) MAdj:(0, (0, 255)))
04-16 19:47:00.060  3496  3990 D BatteryService: online:4, current avg:-115, charge type:0, power sharing:false, high voltage charger:false, capacity:322000, current_now:-289
04-16 19:47:00.060  3496  3496 D BatteryService: Sending ACTION_BATTERY_CHANGED.
04-16 19:47:00.060  3496  3496 I MotionRecognitionService: Plugged
04-16 19:47:00.060  3496  3496 I MotionRecognitionService: setPowerConnected  = true
04-16 19:47:00.070  3700  3700 D DateView: regionalDateFormat = 11/22/3333 isRTLlanguage = false returnDateFormat = E, MMMM d
04-16 19:47:00.070  3700  3700 D KeyguardUpdateMonitor: received broadcast android.intent.action.BATTERY_CHANGED
04-16 19:47:00.070  3700  3700 D KeyguardUpdateMonitor: handleBatteryUpdate
04-16 19:47:00.075  3700  3700 D STATUSBAR-PhoneStatusBar:  mBrightnessEnablebySettings = true mBrightnessEnablebyBattery = true mBrightnessEnablebyDisableFlag = true mPmsBrightnessEnablebySettings = true
04-16 19:47:00.080  3700  3700 D BatteryMeterView: ACTION_BATTERY_CHANGED : level:100 status:5 health:2
04-16 19:47:00.080  3700  3700 D BatteryMeterView: ACTION_BATTERY_CHANGED : level:100 status:5 health:2
04-16 19:47:00.080  3700  3700 D BatteryMeterView: ACTION_BATTERY_CHANGED : level:100 status:5 health:2
04-16 19:47:00.085  3700  3700 D DateView: regionalDateFormat = 11/22/3333 isRTLlanguage = false returnDateFormat = E, MMMM d
04-16 19:47:00.095  4867  4867 D accuweather: [KK AccuPhone]>>> WCS:144 [0:0] action : androidintentactionTIME_TICK
04-16 19:47:00.095  4867  4867 D accuweather: [KK AccuPhone]>>> UIM:118 [0:0] getInstance
04-16 19:47:00.095  4867  4867 D accuweather: [KK AccuPhone]>>> UIM:288 [0:0] direct update clock
04-16 19:47:00.100  4867  4867 D accuweather: [KK AccuPhone]>>> UIM:157 [0:0] make widget 4x1 view!!! 
04-16 19:47:00.100  4867  4867 D accuweather: [KK AccuPhone]>>> UIM:159 [0:0] make widget 4x2 view!!! 
04-16 19:47:00.100  4867  4867 D accuweather: [KK AccuPhone]>>> RU:73 [0:0] get ww = 339, wh = 160span x = 4, span y = 2
04-16 19:47:00.100  4867  4867 D accuweather: [KK AccuPhone]>>> UIM:1426 [0:0] mc sy = 2
04-16 19:47:00.105  4867  4867 D accuweather: [KK AccuPhone]>>> RU:73 [0:0] get ww = 339, wh = 160span x = 4, span y = 2
04-16 19:47:00.105  4867  4867 D accuweather: [KK AccuPhone]>>> UIM:184 [0:0] get widget 4x2 view!!! wid = 2
04-16 19:47:00.105  4867  4867 E accuweather: [KK AccuPhone]>>> UIM:1464 [0:0] bTM 7 47
04-16 19:47:00.125 31005 31005 E LWLocationManager: findLocationType() : cursor_location.moveToFirst() return false!!
04-16 19:47:00.130 31005 31005 D LWLocationManager: Intent broadcast sent with action: com.sec.android.widgetapp.locationwidget.LOCATION_SOURCES_UPDATED
04-16 19:47:00.130 31005 31005 D LWLocationManager: setShouldUpdateLocationId
04-16 19:47:00.130 31005 31005 D LWLocationManager: setShouldUpdateLocationId return false
04-16 19:47:00.130 31005 31005 D LWLocationManager: setShouldUpdateLocationId
04-16 19:47:00.130 31005 31005 D LWLocationManager: setShouldUpdateLocationId return false
04-16 19:47:00.130 31005 31005 D LWLocationManager: setShouldUpdateLocationId
04-16 19:47:00.130 31005 31005 D LWLocationManager: setShouldUpdateLocationId return false
04-16 19:47:00.130 31005 31005 D LWLocationManager: updateDeviceLocation() : lastDeviceLocationId = -100 mDeviceLocationId: -100 cocktailId: -1
04-16 19:47:00.155  4004  4364 D OpenGLRenderer: SFEffectCache::callback: name, removed size, mSize = 60, 443848, 24472052
04-16 19:47:00.155  4004  4364 W OpenGLRenderer: SFEffectCache::get: create texture(0xa03ff6f4): name, size, mSize = 60, 428792, 24900844
04-16 19:47:00.160 31002 31002 E AffinityControl: AffinityControl: registerfunction enter
04-16 19:47:00.185 31002 31002 D AndroidRuntime: Calling main entry com.android.commands.uiautomator.Launcher
04-16 19:47:00.245  3496  3568 D AutomaticBrightnessController: mCallbacks.updateBrightness()
04-16 19:47:00.245  3496  3568 D DisplayPowerController: getFinalBrightness : 4 -> 4
04-16 19:47:00.245  3496  3568 D DisplayPowerController: animation target = 4, rate=500 (PSM:false, AB limit:(-1 ~ -1) MB Limit:(-1 ~ -1) MAdj:(0, (0, 255)))
04-16 19:47:00.360  3496  3990 I art     : Explicit concurrent mark sweep GC freed 21733(1526KB) AllocSpace objects, 1(2MB) LOS objects, 20% free, 61MB/77MB, paused 1.511ms total 144.754ms
04-16 19:47:00.435  3496  3568 D AutomaticBrightnessController: mCallbacks.updateBrightness()
04-16 19:47:00.435  3496  3568 D DisplayPowerController: getFinalBrightness : 4 -> 4
04-16 19:47:00.435  3496  3568 D DisplayPowerController: animation target = 4, rate=500 (PSM:false, AB limit:(-1 ~ -1) MB Limit:(-1 ~ -1) MAdj:(0, (0, 255)))
04-16 19:47:00.625  3496  3568 D AutomaticBrightnessController: mCallbacks.updateBrightness()
04-16 19:47:00.625  3496  3568 D DisplayPowerController: getFinalBrightness : 4 -> 4
04-16 19:47:00.625  3496  3568 D DisplayPowerController: animation target = 4, rate=500 (PSM:false, AB limit:(-1 ~ -1) MB Limit:(-1 ~ -1) MAdj:(0, (0, 255)))
04-16 19:47:00.715  4004  4004 W ResourceType: No known package when getting name for resource number 0x9c010000
04-16 19:47:00.715  4004  4004 W ResourceType: No known package when getting name for resource number 0x9c010002
04-16 19:47:00.715  4004  4004 W ResourceType: No known package when getting name for resource number 0x9c010003
04-16 19:47:00.715  4004  4004 W ResourceType: No known package when getting name for resource number 0x9c010103
04-16 19:47:00.715  4004  4004 W ResourceType: No known package when getting name for resource number 0x9c010203
04-16 19:47:00.720  4004  4004 W ResourceType: No known package when getting name for resource number 0x9c010303
04-16 19:47:00.725  4004  4004 W ResourceType: No known package when getting name for resource number 0x9c010000
04-16 19:47:00.725  4004  4004 W ResourceType: No known package when getting name for resource number 0x9c010100
04-16 19:47:00.725  4004  4004 W ResourceType: No known package when getting name for resource number 0x9c010200
04-16 19:47:00.725  4004  4004 W ResourceType: No known package when getting name for resource number 0x9c010300
04-16 19:47:00.735  4004  4004 W ResourceType: No known package when getting name for resource number 0x9c010000
04-16 19:47:00.735  4004  4004 W ResourceType: No known package when getting name for resource number 0x9c010002
04-16 19:47:00.735  4004  4004 W ResourceType: No known package when getting name for resource number 0x9c010003
04-16 19:47:00.735  4004  4004 W ResourceType: No known package when getting name for resource number 0x9c010103
04-16 19:47:00.735  4004  4004 W ResourceType: No known package when getting name for resource number 0x9c010203
04-16 19:47:00.740  4004  4004 W ResourceType: No known package when getting name for resource number 0x9c010303
04-16 19:47:00.745  4004  4004 W ResourceType: No known package when getting name for resource number 0x9c010000
04-16 19:47:00.745  4004  4004 W ResourceType: No known package when getting name for resource number 0x9c010100
04-16 19:47:00.745  4004  4004 W ResourceType: No known package when getting name for resource number 0x9c010200
04-16 19:47:00.745  4004  4004 W ResourceType: No known package when getting name for resource number 0x9c010300
04-16 19:47:00.755  4004  4004 W ResourceType: No known package when getting name for resource number 0x9c010000
04-16 19:47:00.755  4004  4004 W ResourceType: No known package when getting name for resource number 0x9c010002
04-16 19:47:00.755  4004  4004 W ResourceType: No known package when getting name for resource number 0x9c010003
04-16 19:47:00.755  4004  4004 W ResourceType: No known package when getting name for resource number 0x9c010103
04-16 19:47:00.755  4004  4004 W ResourceType: No known package when getting name for resource number 0x9c010203
04-16 19:47:00.755  4004  4004 W ResourceType: No known package when getting name for resource number 0x9c010303
04-16 19:47:00.760  4004  4004 W ResourceType: No known package when getting name for resource number 0x9c010000
04-16 19:47:00.760  4004  4004 W ResourceType: No known package when getting name for resource number 0x9c010100
04-16 19:47:00.760  4004  4004 W ResourceType: No known package when getting name for resource number 0x9c010200
04-16 19:47:00.760  4004  4004 W ResourceType: No known package when getting name for resource number 0x9c010300
04-16 19:47:00.770  3496  4113 D ResourcesManager: creating new AssetManager and set to /system/app/talkback/talkback.apk
04-16 19:47:00.775  3496  4008 D SettingsProvider: name = user_rotation
04-16 19:47:00.775  3496  4008 V WindowManager: rotationForOrientationLw(orient=1, last=0); user=0 USER_ROTATION_LOCKED sensorRotation=-1 mLidState=-1 mDockMode=0 mHdmiPlugged=false
04-16 19:47:00.775  3496  4008 D SettingsProvider: name = accelerometer_rotation
04-16 19:47:00.775  3496  4008 V WindowOrientationListener: mSContextAutoRotationListener.getProposedRotation, mbResultFaceDectection: false
04-16 19:47:00.775  3496  4008 V WindowOrientationListener: mSContextAutoRotationListener.getProposedRotation, Rotation: -1
04-16 19:47:00.775  3496  4008 V WindowOrientationListener: mSContextAutoRotationListener.getProposedRotation, mbResultFaceDectection: false
04-16 19:47:00.775  3496  4008 V WindowOrientationListener: mSContextAutoRotationListener.getProposedRotation, Rotation: -1
04-16 19:47:00.780 31002 31002 I art     : System.exit called, status: 0
04-16 19:47:00.785 31002 31002 I AndroidRuntime: VM exiting with result code 0.
04-16 19:47:00.815  3496  3568 D AutomaticBrightnessController: mCallbacks.updateBrightness()
04-16 19:47:00.815  3496  3568 D DisplayPowerController: getFinalBrightness : 4 -> 4
04-16 19:47:00.815  3496  3568 D DisplayPowerController: animation target = 4, rate=500 (PSM:false, AB limit:(-1 ~ -1) MB Limit:(-1 ~ -1) MAdj:(0, (0, 255)))
04-16 19:47:00.850 30850 31083 D Aatp    : /ping
04-16 19:47:00.980 30850 31084 D Aatp    : /apps-to-uninstall
04-16 19:47:00.985 24199 24907 I IcingInternalCorpora: EventIndexer: starting incremental update
04-16 19:47:00.985 24199 24907 I IcingInternalCorpora: EventIndexer: 0 added, 0 removed, 0 changed, 0 unchanged, 0 errors.
04-16 19:47:00.985 24199 24907 I IcingInternalCorpora: EventIndexer: finished after 2 ms.
04-16 19:47:00.995 30850 31084 D Aatp    : sha1: fc89a9a9d6ad276e52233306330f78747c5d9518
04-16 19:47:01.005  3496  3568 D AutomaticBrightnessController: mCallbacks.updateBrightness()
04-16 19:47:01.005  3496  3568 D DisplayPowerController: getFinalBrightness : 4 -> 4
04-16 19:47:01.005  3496  3568 D DisplayPowerController: animation target = 4, rate=500 (PSM:false, AB limit:(-1 ~ -1) MB Limit:(-1 ~ -1) MAdj:(0, (0, 255)))
04-16 19:47:01.010 30850 30850 D AatpDeviceManager: taskStatus update (fc89a9a9d6ad276e52233306330f78747c5d9518: {"state":1})
04-16 19:47:01.010  3496  3496 D WindowManager: showStatusBarByNotification() mOpenByNotification=false
04-16 19:47:01.015 30850 31084 D Aatp    : /task/fc89a9a9d6ad276e52233306330f78747c5d9518
04-16 19:47:01.050  3700  3700 D KnoxNotification: ----- inflateViews : modified publicViewLocal -----
04-16 19:47:01.065  3700  3700 D KnoxNotification: ----- inflateViews : modified KnoxViewLocal -----
04-16 19:47:01.070 30850 30850 D AatpDeviceManager: taskStatus update (fc89a9a9d6ad276e52233306330f78747c5d9518: {"result":[],"state":2})
04-16 19:47:01.070  3700  3700 D PersonaManager: PersonaID is invalid or persona doesn't exists. : 0
04-16 19:47:01.070  3700  3700 D PhoneStatusBar: tick(): knoxCustomManager = android.app.enterprise.knoxcustom.KnoxCustomManager@12b2765b
04-16 19:47:01.070  3700  3700 D PersonaManager: isKioskContainerExistOnDevice
04-16 19:47:01.075  3700  3700 D PersonaManager: isKioskContainerExistOnDevice
04-16 19:47:01.075  3700  3700 I PhoneStatusBar: Icon Only
04-16 19:47:01.075  3496  3496 D LightsService: [api] [SvcLED] turnOff:: id = 4 (uid: 1000 pid: 3496) 
04-16 19:47:01.075  3496  3496 D LightsService: [SvcLED] setSvcLedStateLocked:: SvcLEDState : 0x0 -> 0x0 | SvcLED(id=4) set Off
04-16 19:47:01.075  3496  3578 D LightsService: [SvcLED] Lux failed to be updated in 700ms. -> handleForcedSvcLEDTasK
04-16 19:47:01.075  3496  3578 D LightsService: [SvcLED]  setSvcLedLightLocked :: Current SvcLED(id=3) maintains its priority right
04-16 19:47:01.095  3700  3700 I StatusBar: Icon Only
04-16 19:47:01.095  3700  3700 D PanelView: There is/are notification(s) 
04-16 19:47:01.095  3700  3700 D PanelView: There is/are notification(s) 
04-16 19:47:01.095  3700  3700 D PersonaManager: isKioskContainerExistOnDevice
04-16 19:47:01.095  3700  3700 I PhoneStatusBar: Icon Only
04-16 19:47:01.095  3700  3700 I StatusBar: Icon Only
04-16 19:47:01.095  3700  3700 D PanelView: There is/are notification(s) 
04-16 19:47:01.100  3700  3700 D PersonaManager: isKioskContainerExistOnDevice
04-16 19:47:01.100  3700  3700 D PersonaManager: isKioskContainerExistOnDevice
04-16 19:47:01.100  3700  3700 I PhoneStatusBar: Icon Only
04-16 19:47:01.105  3700  3700 I StatusBar: Icon Only
04-16 19:47:01.105  3700  3700 D PanelView: There is/are notification(s) 
04-16 19:47:01.105  3700  3700 D PanelView: There is/are notification(s) 
04-16 19:47:01.105  3700  3700 D PersonaManager: isKioskContainerExistOnDevice
04-16 19:47:01.105  3700  3700 I PhoneStatusBar: Icon Only
04-16 19:47:01.105  3700  3700 I StatusBar: Icon Only
04-16 19:47:01.105  3700  3700 D PanelView: There is/are notification(s) 
04-16 19:47:01.140 30850 31086 D Aatp    : /task/fc89a9a9d6ad276e52233306330f78747c5d9518/status
04-16 19:47:01.165  3700  3700 D PanelView: mClearAll.setVisibility - mIsFullyOpened : false isShade : true mHasNotification : true mIsUpwardFling : false mQsFullyExpanded : true isShadeLocked : false mClearAllVisible : false
04-16 19:47:01.175  3700  3700 D PanelView: mClearAll.setVisibility - mIsFullyOpened : false isShade : true mHasNotification : true mIsUpwardFling : false mQsFullyExpanded : true isShadeLocked : false mClearAllVisible : false
04-16 19:47:01.180  3700  3700 D PanelView: mClearAll.setVisibility - mIsFullyOpened : false isShade : true mHasNotification : true mIsUpwardFling : false mQsFullyExpanded : true isShadeLocked : false mClearAllVisible : false
04-16 19:47:01.190  3496  3568 D AutomaticBrightnessController: mCallbacks.updateBrightness()
04-16 19:47:01.195  3496  3568 D DisplayPowerController: getFinalBrightness : 4 -> 4
04-16 19:47:01.195  3496  3568 D DisplayPowerController: animation target = 4, rate=500 (PSM:false, AB limit:(-1 ~ -1) MB Limit:(-1 ~ -1) MAdj:(0, (0, 255)))
04-16 19:47:01.270 30850 31087 D Aatp    : /ping
04-16 19:47:01.385  3496  3568 D AutomaticBrightnessController: mCallbacks.updateBrightness()
04-16 19:47:01.385  3496  3568 D DisplayPowerController: getFinalBrightness : 4 -> 4
04-16 19:47:01.385  3496  3568 D DisplayPowerController: animation target = 4, rate=500 (PSM:false, AB limit:(-1 ~ -1) MB Limit:(-1 ~ -1) MAdj:(0, (0, 255)))
04-16 19:47:01.430 30850 31088 D Aatp    : /clean-accounts
04-16 19:47:01.440 30850 31088 D Aatp    : sha1: 67481d8f9539a01d5f8971e818037247864708ea
04-16 19:47:01.455 30850 30850 D AatpDeviceManager: taskStatus update (67481d8f9539a01d5f8971e818037247864708ea: {"state":1})
04-16 19:47:01.460  3496  3496 D WindowManager: showStatusBarByNotification() mOpenByNotification=false
04-16 19:47:01.460 30850 31088 D Aatp    : /task/67481d8f9539a01d5f8971e818037247864708ea
04-16 19:47:01.470 30850 30850 D AatpDeviceManager: taskStatus update (67481d8f9539a01d5f8971e818037247864708ea: {"result":"Cleaned Accounts PASS","state":2})
04-16 19:47:01.475  3496  3496 D LightsService: [api] [SvcLED] turnOff:: id = 4 (uid: 1000 pid: 3496) 
04-16 19:47:01.475  3496  3496 D LightsService: [SvcLED] setSvcLedStateLocked:: SvcLEDState : 0x0 -> 0x0 | SvcLED(id=4) set Off
04-16 19:47:01.475  3496  3578 D LightsService: [SvcLED] Lux failed to be updated in 700ms. -> handleForcedSvcLEDTasK
04-16 19:47:01.475  3496  3578 D LightsService: [SvcLED]  setSvcLedLightLocked :: Current SvcLED(id=3) maintains its priority right
04-16 19:47:01.510  3700  3700 D KnoxNotification: ----- inflateViews : modified publicViewLocal -----
04-16 19:47:01.525  3700  3700 D KnoxNotification: ----- inflateViews : modified KnoxViewLocal -----
04-16 19:47:01.530  3700  3700 D PersonaManager: PersonaID is invalid or persona doesn't exists. : 0
04-16 19:47:01.530  3700  3700 D PhoneStatusBar: tick(): knoxCustomManager = android.app.enterprise.knoxcustom.KnoxCustomManager@12b2765b
04-16 19:47:01.530  3700  3700 D PersonaManager: isKioskContainerExistOnDevice
04-16 19:47:01.530  3700  3700 D PersonaManager: isKioskContainerExistOnDevice
04-16 19:47:01.530  3700  3700 I PhoneStatusBar: Icon Only
04-16 19:47:01.555  3700  3700 I StatusBar: Icon Only
04-16 19:47:01.560  3700  3700 D PanelView: There is/are notification(s) 
04-16 19:47:01.560  3700  3700 D PanelView: There is/are notification(s) 
04-16 19:47:01.560  3700  3700 D PersonaManager: isKioskContainerExistOnDevice
04-16 19:47:01.560  3700  3700 I PhoneStatusBar: Icon Only
04-16 19:47:01.560  3700  3700 I StatusBar: Icon Only
04-16 19:47:01.560  3700  3700 D PanelView: There is/are notification(s) 
04-16 19:47:01.560  3700  3700 D PersonaManager: isKioskContainerExistOnDevice
04-16 19:47:01.560  3700  3700 D PersonaManager: isKioskContainerExistOnDevice
04-16 19:47:01.560  3700  3700 I PhoneStatusBar: Icon Only
04-16 19:47:01.565  3700  3700 I StatusBar: Icon Only
04-16 19:47:01.570  3700  3700 D PanelView: There is/are notification(s) 
04-16 19:47:01.570  3700  3700 D PanelView: There is/are notification(s) 
04-16 19:47:01.570  3700  3700 D PersonaManager: isKioskContainerExistOnDevice
04-16 19:47:01.570  3700  3700 I PhoneStatusBar: Icon Only
04-16 19:47:01.570  3700  3700 I StatusBar: Icon Only
04-16 19:47:01.570  3700  3700 D PanelView: There is/are notification(s) 
04-16 19:47:01.570  3496  3568 D AutomaticBrightnessController: mCallbacks.updateBrightness()
04-16 19:47:01.570  3496  3568 D DisplayPowerController: getFinalBrightness : 4 -> 4
04-16 19:47:01.570  3496  3568 D DisplayPowerController: animation target = 4, rate=500 (PSM:false, AB limit:(-1 ~ -1) MB Limit:(-1 ~ -1) MAdj:(0, (0, 255)))
04-16 19:47:01.600 30850 31091 D Aatp    : /task/67481d8f9539a01d5f8971e818037247864708ea/status
04-16 19:47:01.630  3700  3700 D PanelView: mClearAll.setVisibility - mIsFullyOpened : false isShade : true mHasNotification : true mIsUpwardFling : false mQsFullyExpanded : true isShadeLocked : false mClearAllVisible : false
04-16 19:47:01.640  3700  3700 D PanelView: mClearAll.setVisibility - mIsFullyOpened : false isShade : true mHasNotification : true mIsUpwardFling : false mQsFullyExpanded : true isShadeLocked : false mClearAllVisible : false
04-16 19:47:01.640  3700  3700 D PanelView: mClearAll.setVisibility - mIsFullyOpened : false isShade : true mHasNotification : true mIsUpwardFling : false mQsFullyExpanded : true isShadeLocked : false mClearAllVisible : false
04-16 19:47:01.715 30850 31092 D Aatp    : /rm-external-files
04-16 19:47:01.745 30850 31092 D Aatp    : sha1: 86928b3bbfadecf479d7f0aa317bef8c42115146
04-16 19:47:01.760  3496  3568 D AutomaticBrightnessController: mCallbacks.updateBrightness()
04-16 19:47:01.760  3496  3568 D DisplayPowerController: getFinalBrightness : 4 -> 4
04-16 19:47:01.760  3496  3568 D DisplayPowerController: animation target = 4, rate=500 (PSM:false, AB limit:(-1 ~ -1) MB Limit:(-1 ~ -1) MAdj:(0, (0, 255)))
04-16 19:47:01.760  3496  3496 D WindowManager: showStatusBarByNotification() mOpenByNotification=false
04-16 19:47:01.760 30850 30850 D AatpDeviceManager: taskStatus update (86928b3bbfadecf479d7f0aa317bef8c42115146: {"state":1})
04-16 19:47:01.765 30850 31093 W System.err: java.io.FileNotFoundException: /system/etc/vold.fstab: open failed: ENOENT (No such file or directory)
04-16 19:47:01.765 30850 31092 D Aatp    : /task/86928b3bbfadecf479d7f0aa317bef8c42115146
04-16 19:47:01.765 30850 31093 W System.err: 	at libcore.io.IoBridge.open(IoBridge.java:456)
04-16 19:47:01.765 30850 31093 W System.err: 	at java.io.FileInputStream.<init>(FileInputStream.java:76)
04-16 19:47:01.765 30850 31093 W System.err: 	at java.util.Scanner.<init>(Scanner.java:158)
04-16 19:47:01.765 30850 31093 W System.err: 	at java.util.Scanner.<init>(Scanner.java:138)
04-16 19:47:01.765 30850 31093 W System.err: 	at com.amazon.aatp.util.StorageOptions.readVoldFile(StorageOptions.java:43)
04-16 19:47:01.765 30850 31093 W System.err: 	at com.amazon.aatp.util.StorageOptions.determineStorageOptions(StorageOptions.java:20)
04-16 19:47:01.765 30850 31093 W System.err: 	at com.amazon.aatp.aatpdevicemanager.tasks.RmExternalFiles.onHandleIntent(RmExternalFiles.java:34)
04-16 19:47:01.765 30850 31093 W System.err: 	at android.app.IntentService$ServiceHandler.handleMessage(IntentService.java:65)
04-16 19:47:01.765 30850 31093 W System.err: 	at android.os.Handler.dispatchMessage(Handler.java:102)
04-16 19:47:01.765 30850 31093 W System.err: 	at android.os.Looper.loop(Looper.java:145)
04-16 19:47:01.770 30850 31093 W System.err: 	at android.os.HandlerThread.run(HandlerThread.java:61)
04-16 19:47:01.770 30850 31093 W System.err: Caused by: android.system.ErrnoException: open failed: ENOENT (No such file or directory)
04-16 19:47:01.770 30850 31093 W System.err: 	at libcore.io.Posix.open(Native Method)
04-16 19:47:01.770 30850 31093 W System.err: 	at libcore.io.BlockGuardOs.open(BlockGuardOs.java:186)
04-16 19:47:01.770 30850 31093 W System.err: 	at libcore.io.IoBridge.open(IoBridge.java:442)
04-16 19:47:01.770 30850 31093 W System.err: 	... 10 more
04-16 19:47:01.770 30850 31093 D AatpDeviceManager: Wiping files from: /sdcard
04-16 19:47:01.805  3700  3700 D KnoxNotification: ----- inflateViews : modified publicViewLocal -----
04-16 19:47:01.820  3700  3700 D KnoxNotification: ----- inflateViews : modified KnoxViewLocal -----
04-16 19:47:01.830  3700  3700 D PersonaManager: PersonaID is invalid or persona doesn't exists. : 0
04-16 19:47:01.830  3700  3700 D PhoneStatusBar: tick(): knoxCustomManager = android.app.enterprise.knoxcustom.KnoxCustomManager@12b2765b
04-16 19:47:01.830  3700  3700 D PersonaManager: isKioskContainerExistOnDevice
04-16 19:47:01.830  3700  3700 D PersonaManager: isKioskContainerExistOnDevice
04-16 19:47:01.830  3700  3700 I PhoneStatusBar: Icon Only
04-16 19:47:01.855 30850 31093 D AatpDeviceManager: Wiping files from: /mnt/sdcard
04-16 19:47:01.855 30850 31093 D AatpDeviceManager: 0 files left!
04-16 19:47:01.855 30850 30850 D AatpDeviceManager: taskStatus update (86928b3bbfadecf479d7f0aa317bef8c42115146: {"result":[],"state":2})
04-16 19:47:01.855  3496  3496 D LightsService: [api] [SvcLED] turnOff:: id = 4 (uid: 1000 pid: 3496) 
04-16 19:47:01.855  3496  3496 D LightsService: [SvcLED] setSvcLedStateLocked:: SvcLEDState : 0x0 -> 0x0 | SvcLED(id=4) set Off
04-16 19:47:01.855  3496  3578 D LightsService: [SvcLED] Lux failed to be updated in 700ms. -> handleForcedSvcLEDTasK
04-16 19:47:01.855  3700  3700 I StatusBar: Icon Only
04-16 19:47:01.855  3496  3578 D LightsService: [SvcLED]  setSvcLedLightLocked :: Current SvcLED(id=3) maintains its priority right
04-16 19:47:01.860  3700  3700 D PanelView: There is/are notification(s) 
04-16 19:47:01.860  3700  3700 D PanelView: There is/are notification(s) 
04-16 19:47:01.860  3700  3700 D PersonaManager: isKioskContainerExistOnDevice
04-16 19:47:01.860  3700  3700 I PhoneStatusBar: Icon Only
04-16 19:47:01.860  3700  3700 I StatusBar: Icon Only
04-16 19:47:01.860  3700  3700 D PanelView: There is/are notification(s) 
04-16 19:47:01.860  3700  3700 D PersonaManager: isKioskContainerExistOnDevice
04-16 19:47:01.865  3700  3700 D PersonaManager: isKioskContainerExistOnDevice
04-16 19:47:01.865  3700  3700 I PhoneStatusBar: Icon Only
04-16 19:47:01.870  3700  3700 I StatusBar: Icon Only
04-16 19:47:01.870  3700  3700 D PanelView: There is/are notification(s) 
04-16 19:47:01.870  3700  3700 D PanelView: There is/are notification(s) 
04-16 19:47:01.870  3700  3700 D PersonaManager: isKioskContainerExistOnDevice
04-16 19:47:01.870  3700  3700 I PhoneStatusBar: Icon Only
04-16 19:47:01.870  3700  3700 I StatusBar: Icon Only
04-16 19:47:01.870  3700  3700 D PanelView: There is/are notification(s) 
04-16 19:47:01.895 30850 31094 D Aatp    : /task/86928b3bbfadecf479d7f0aa317bef8c42115146/status
04-16 19:47:01.930  3700  3700 D PanelView: mClearAll.setVisibility - mIsFullyOpened : false isShade : true mHasNotification : true mIsUpwardFling : false mQsFullyExpanded : true isShadeLocked : false mClearAllVisible : false
04-16 19:47:01.940  3700  3700 D PanelView: mClearAll.setVisibility - mIsFullyOpened : false isShade : true mHasNotification : true mIsUpwardFling : false mQsFullyExpanded : true isShadeLocked : false mClearAllVisible : false
04-16 19:47:01.945  3700  3700 D PanelView: mClearAll.setVisibility - mIsFullyOpened : false isShade : true mHasNotification : true mIsUpwardFling : false mQsFullyExpanded : true isShadeLocked : false mClearAllVisible : false
04-16 19:47:01.950  3496  3568 D AutomaticBrightnessController: mCallbacks.updateBrightness()
04-16 19:47:01.950  3496  3568 D DisplayPowerController: getFinalBrightness : 4 -> 4
04-16 19:47:01.950  3496  3568 D DisplayPowerController: animation target = 4, rate=500 (PSM:false, AB limit:(-1 ~ -1) MB Limit:(-1 ~ -1) MAdj:(0, (0, 255)))
04-16 19:47:02.140  3496  3568 D AutomaticBrightnessController: mCallbacks.updateBrightness()
04-16 19:47:02.140  3496  3568 D DisplayPowerController: getFinalBrightness : 4 -> 4
04-16 19:47:02.140  3496  3568 D DisplayPowerController: animation target = 4, rate=500 (PSM:false, AB limit:(-1 ~ -1) MB Limit:(-1 ~ -1) MAdj:(0, (0, 255)))
04-16 19:47:02.330  3496  3568 D AutomaticBrightnessController: mCallbacks.updateBrightness()
04-16 19:47:02.330  3496  3568 D DisplayPowerController: getFinalBrightness : 4 -> 4
04-16 19:47:02.330  3496  3568 D DisplayPowerController: animation target = 4, rate=500 (PSM:false, AB limit:(-1 ~ -1) MB Limit:(-1 ~ -1) MAdj:(0, (0, 255)))
04-16 19:47:02.475  3496  5480 D SSRM:n  : SIOP:: AP = 230, PST = 211, CUR = -115
04-16 19:47:02.515  3496  3568 D AutomaticBrightnessController: mCallbacks.updateBrightness()
04-16 19:47:02.515  3496  3568 D DisplayPowerController: getFinalBrightness : 4 -> 4
04-16 19:47:02.515  3496  3568 D DisplayPowerController: animation target = 4, rate=500 (PSM:false, AB limit:(-1 ~ -1) MB Limit:(-1 ~ -1) MAdj:(0, (0, 255)))
04-16 19:47:02.600 30850 31099 D Aatp    : /keyguard
04-16 19:47:02.620 30850 31099 D Aatp    : sha1: 748f17bc4305a1929ab630494e4b59483c63f5d9
04-16 19:47:02.635 30850 30850 D AatpDeviceManager: taskStatus update (748f17bc4305a1929ab630494e4b59483c63f5d9: {"state":1})
04-16 19:47:02.635  3496  3496 D WindowManager: showStatusBarByNotification() mOpenByNotification=false
04-16 19:47:02.635 30850 31100 D AatpDeviceManager: Keyguard enabled: false
04-16 19:47:02.640 30850 30850 D AatpDeviceManager: taskStatus update (748f17bc4305a1929ab630494e4b59483c63f5d9: {"result":{"enabled":false},"state":2})
04-16 19:47:02.640 30850 31099 D Aatp    : /task/748f17bc4305a1929ab630494e4b59483c63f5d9
04-16 19:47:02.640  3496  3496 D LightsService: [api] [SvcLED] turnOff:: id = 4 (uid: 1000 pid: 3496) 
04-16 19:47:02.640  3496  3496 D LightsService: [SvcLED] setSvcLedStateLocked:: SvcLEDState : 0x0 -> 0x0 | SvcLED(id=4) set Off
04-16 19:47:02.645  3496  3578 D LightsService: [SvcLED] Lux failed to be updated in 700ms. -> handleForcedSvcLEDTasK
04-16 19:47:02.645  3496  3578 D LightsService: [SvcLED]  setSvcLedLightLocked :: Current SvcLED(id=3) maintains its priority right
04-16 19:47:02.690  3700  3700 D KnoxNotification: ----- inflateViews : modified publicViewLocal -----
04-16 19:47:02.705  3700  3700 D KnoxNotification: ----- inflateViews : modified KnoxViewLocal -----
04-16 19:47:02.705  3496  3568 D AutomaticBrightnessController: mCallbacks.updateBrightness()
04-16 19:47:02.705  3496  3568 D DisplayPowerController: getFinalBrightness : 4 -> 4
04-16 19:47:02.705  3496  3568 D DisplayPowerController: animation target = 4, rate=500 (PSM:false, AB limit:(-1 ~ -1) MB Limit:(-1 ~ -1) MAdj:(0, (0, 255)))
04-16 19:47:02.710  3700  3700 D PersonaManager: PersonaID is invalid or persona doesn't exists. : 0
04-16 19:47:02.710  3700  3700 D PhoneStatusBar: tick(): knoxCustomManager = android.app.enterprise.knoxcustom.KnoxCustomManager@12b2765b
04-16 19:47:02.710  3700  3700 D PersonaManager: isKioskContainerExistOnDevice
04-16 19:47:02.710  3700  3700 D PersonaManager: isKioskContainerExistOnDevice
04-16 19:47:02.710  3700  3700 I PhoneStatusBar: Icon Only
04-16 19:47:02.735  3700  3700 I StatusBar: Icon Only
04-16 19:47:02.740  3700  3700 D PanelView: There is/are notification(s) 
04-16 19:47:02.740  3700  3700 D PanelView: There is/are notification(s) 
04-16 19:47:02.740  3700  3700 D PersonaManager: isKioskContainerExistOnDevice
04-16 19:47:02.740  3700  3700 I PhoneStatusBar: Icon Only
04-16 19:47:02.740  3700  3700 I StatusBar: Icon Only
04-16 19:47:02.740  3700  3700 D PanelView: There is/are notification(s) 
04-16 19:47:02.740  3700  3700 D PersonaManager: isKioskContainerExistOnDevice
04-16 19:47:02.740  3700  3700 D PersonaManager: isKioskContainerExistOnDevice
04-16 19:47:02.740  3700  3700 I PhoneStatusBar: Icon Only
04-16 19:47:02.750  3700  3700 I StatusBar: Icon Only
04-16 19:47:02.750  3700  3700 D PanelView: There is/are notification(s) 
04-16 19:47:02.750  3700  3700 D PanelView: There is/are notification(s) 
04-16 19:47:02.750  3700  3700 D PersonaManager: isKioskContainerExistOnDevice
04-16 19:47:02.750  3700  3700 I PhoneStatusBar: Icon Only
04-16 19:47:02.750  3700  3700 I StatusBar: Icon Only
04-16 19:47:02.750  3700  3700 D PanelView: There is/are notification(s) 
04-16 19:47:02.775 30850 31101 D Aatp    : /task/748f17bc4305a1929ab630494e4b59483c63f5d9/status
04-16 19:47:02.810  3700  3700 D PanelView: mClearAll.setVisibility - mIsFullyOpened : false isShade : true mHasNotification : true mIsUpwardFling : false mQsFullyExpanded : true isShadeLocked : false mClearAllVisible : false
04-16 19:47:02.820  3700  3700 D PanelView: mClearAll.setVisibility - mIsFullyOpened : false isShade : true mHasNotification : true mIsUpwardFling : false mQsFullyExpanded : true isShadeLocked : false mClearAllVisible : false
04-16 19:47:02.820  3700  3700 D PanelView: mClearAll.setVisibility - mIsFullyOpened : false isShade : true mHasNotification : true mIsUpwardFling : false mQsFullyExpanded : true isShadeLocked : false mClearAllVisible : false
04-16 19:47:02.825  3496  3598 V AlarmManager: waitForAlarm result :8
04-16 19:47:02.835  3496  3573 D PackageManager: [MSG] WRITE_PACKAGE_RESTRICTIONS
04-16 19:47:02.890 30850 31102 D Aatp    : /wifi
04-16 19:47:02.895  3496  3568 D AutomaticBrightnessController: mCallbacks.updateBrightness()
04-16 19:47:02.895  3496  3568 D DisplayPowerController: getFinalBrightness : 4 -> 4
04-16 19:47:02.895  3496  3568 D DisplayPowerController: animation target = 4, rate=500 (PSM:false, AB limit:(-1 ~ -1) MB Limit:(-1 ~ -1) MAdj:(0, (0, 255)))
04-16 19:47:02.915 30850 31102 D Aatp    : sha1: fcfca0b9d01bf1231eac92c3d5cef4dd096913d7
04-16 19:47:02.915 30850 31102 D AatpDeviceManager: k: enabled v: True
