04-16 19:47:02.915 30850 31102 D AatpDeviceManager: k: NanoHttpd.QUERY_STRING v: enabled=True
04-16 19:47:02.930 30850 30850 D AatpDeviceManager: taskStatus update (fcfca0b9d01bf1231eac92c3d5cef4dd096913d7: {"state":1})
04-16 19:47:02.935  3496  3496 D WindowManager: showStatusBarByNotification() mOpenByNotification=false
04-16 19:47:02.940 30850 31102 D Aatp    : /task/fcfca0b9d01bf1231eac92c3d5cef4dd096913d7
04-16 19:47:02.950  3496  3632 D WifiService: New client listening to asynchronous messages
04-16 19:47:02.950 30850 31103 D AWSDeviceFarmAndroidLib: setWifiEnabled: setting wifi to: true
04-16 19:47:02.955 30850 31103 I WifiManager: packageName : com.amazon.aatp.aatpdevicemanager
04-16 19:47:02.955  3496  5913 D SecContentProvider: uri = 18 selection = isWifiEnabled
04-16 19:47:02.955  3496  5913 D SecContentProvider2: uri = 20 selection = isWifiStateChangeAllowed
04-16 19:47:02.955  3496  5913 D SecContentProvider2: mCursor = null
04-16 19:47:02.965  3496  5913 D WifiService: setWifiEnabled: true pid=30850, uid=10278
04-16 19:47:02.965  3496  5913 E WifiService: Invoking mWifiStateMachine.setWifiEnabled
04-16 19:47:02.965  3496  5913 W ActivityManager: Permission Denial: getCurrentUser() from pid=30850, uid=10278 requires android.permission.INTERACT_ACROSS_USERS
04-16 19:47:02.965  3496  5913 W WifiService: Failed getting userId using ActivityManagerNative
04-16 19:47:02.965  3496  5913 W WifiService: java.lang.SecurityException: Permission Denial: getCurrentUser() from pid=30850, uid=10278 requires android.permission.INTERACT_ACROSS_USERS
04-16 19:47:02.965  3496  5913 W WifiService: 	at com.android.server.am.ActivityManagerService.getCurrentUser(ActivityManagerService.java:23203)
04-16 19:47:02.965  3496  5913 W WifiService: 	at com.android.server.wifi.WifiServiceImpl.setWifiEnabled(WifiServiceImpl.java:2182)
04-16 19:47:02.965  3496  5913 W WifiService: 	at com.android.server.wifi.WifiServiceImpl.setWifiEnabled(WifiServiceImpl.java:2170)
04-16 19:47:02.965  3496  5913 W WifiService: 	at android.net.wifi.IWifiManager$Stub.onTransact(IWifiManager.java:223)
04-16 19:47:02.965  3496  5913 W WifiService: 	at android.os.Binder.execTransact(Binder.java:446)
04-16 19:47:02.965  3496  5913 D SettingsProvider: name = wifi_on
04-16 19:47:02.970  3496  3632 E WifiStateMachine: setting operational mode to 1
04-16 19:47:02.975  3496  3631 D WifiConfigStore: Loading config and enabling all networks 
04-16 19:47:02.985  3700  3700 D KnoxNotification: ----- inflateViews : modified publicViewLocal -----
04-16 19:47:02.985  3496  3631 E WifiConfigStore: --- Begin wpa_supplicant.conf Contents ---
04-16 19:47:02.990  3496  3631 E WifiConfigStore: ctrl_interface=/data/misc/wifi/sockets
04-16 19:47:02.990  3496  3631 E WifiConfigStore: update_config=1
04-16 19:47:02.990  3496  3631 E WifiConfigStore: device_name=tre3gxx
04-16 19:47:02.990  3496  3631 E WifiConfigStore: manufacturer=samsung
04-16 19:47:02.990  3496  3631 E WifiConfigStore: model_name=SM-N910H
04-16 19:47:02.990  3496  3631 E WifiConfigStore: model_number=SM-N910H
04-16 19:47:02.990  3496  3631 E WifiConfigStore: serial_number=41001988dca822bd
04-16 19:47:02.990  3496  3631 E WifiConfigStore: device_type=10-0050F204-5
04-16 19:47:02.990  3496  3631 E WifiConfigStore: config_methods=physical_display virtual_push_button
04-16 19:47:02.990  3496  3631 E WifiConfigStore: p2p_disabled=1
04-16 19:47:02.990  3496  3631 E WifiConfigStore: okc=1
04-16 19:47:02.990  3496  3631 E WifiConfigStore: ss_enc=1
04-16 19:47:02.990  3496  3631 E WifiConfigStore: pmf=1
04-16 19:47:02.990  3496  3631 E WifiConfigStore: external_sim=1
04-16 19:47:02.990  3496  3631 E WifiConfigStore: --- End wpa_supplicant.conf Contents ---
04-16 19:47:02.990  3496  3631 D WifiNative-HAL: callSECApiBoolean - ID [11]
04-16 19:47:02.990  3654  3654 I wpa_supplicant: STOP_PERIODIC_SCAN command
04-16 19:47:02.995  3654  3654 I wpa_supplicant: wlan0: Setting scan request: 0 sec 0 usec
04-16 19:47:02.995  3654  3654 I wpa_supplicant: P2P: Current p2p state = IDLE
04-16 19:47:02.995  3654  3654 I wpa_supplicant: wlan0: State: DISCONNECTED -> SCANNING
04-16 19:47:02.995  3654  3654 I wpa_supplicant: CTRL-EVENT-STATE-CHANGE id=-1 state=3 BSSID=00.00.00 SSID=
04-16 19:47:02.995  3496  3630 D WifiP2pService: P2pDisabledState{ what=131203 }
04-16 19:47:02.995  3496  3631 E WifiStateMachine: skipWifiStateBroadcast:false, LastBroadcastedWifiState:1
04-16 19:47:03.005  3496  3631 D WifiNative-HAL: callSECApiBoolean - ID [21]
04-16 19:47:03.005  2844  3361 D CommandListener: Setting iface cfg
04-16 19:47:03.005  3700  3700 D KnoxNotification: ----- inflateViews : modified KnoxViewLocal -----
04-16 19:47:03.015  3700  3700 D PersonaManager: PersonaID is invalid or persona doesn't exists. : 0
04-16 19:47:03.015  3700  3700 D PhoneStatusBar: tick(): knoxCustomManager = android.app.enterprise.knoxcustom.KnoxCustomManager@12b2765b
04-16 19:47:03.015  3700  3700 D PersonaManager: isKioskContainerExistOnDevice
04-16 19:47:03.015  3700  3700 D PersonaManager: isKioskContainerExistOnDevice
04-16 19:47:03.015  3700  3700 I PhoneStatusBar: Icon Only
04-16 19:47:03.035  2844  3361 D CommandListener: Trying to bring up p2p0
04-16 19:47:03.035  3654  3654 I wpa_supplicant: Scan requested (ret=0) - scan timeout 30 seconds
04-16 19:47:03.035  3654  3654 I wpa_supplicant: HOTSPOT20_ENABLE called
04-16 19:47:03.035  3654  3654 I wpa_supplicant: [set_default_callid]: set_default_callid simnumber = 0,default_callid = 0
04-16 19:47:03.040  3496  3630 D WifiMonitor: startMonitoring(p2p0) with mConnected = true
04-16 19:47:03.040  3654  3654 E wpa_supplicant: getIMSI cannot open /data/misc/radio/kmem: No such file or directory
04-16 19:47:03.040  3654  3654 E wpa_supplicant: SIM READ ERROR
04-16 19:47:03.040  3496  3630 D WifiP2pService: P2pEnablingState
04-16 19:47:03.040  3654  3654 I wpa_supplicant: Blacklist: Clear (all) 
04-16 19:47:03.040  3496  3630 D WifiP2pService: P2pEnablingState{ what=147457 }
04-16 19:47:03.040  3496  3630 D WifiP2pService: P2p socket connection successful
04-16 19:47:03.040  3496  3630 D WifiP2pService: P2pEnabledState
04-16 19:47:03.045  3496  3630 D WifiP2pService: sending p2p connection changed broadcast: IDLE
04-16 19:47:03.045  3496  3496 E WifiStateMachine: BroadcastReceiver : WIFI_P2P_STATE_CHANGED_ACTION is : android.net.wifi.p2p.STATE_CHANGED
04-16 19:47:03.045  3496  3566 D WifiDisplayController: Received WIFI_P2P_STATE_CHANGED_ACTION: enabled=true
04-16 19:47:03.045  3496  3566 D WifiDisplayController: updateScanState() mScanRequested = false, mWfdEnabled = false, mDiscoverPeersInProgress = false
04-16 19:47:03.045  3496  3566 D WifiDisplayController: disconnect
04-16 19:47:03.045  3496  3566 D WifiDisplayController: updateConnection
04-16 19:47:03.045  3496  3566 D WifiDisplayController: updateScanState() mScanRequested = false, mWfdEnabled = false, mDiscoverPeersInProgress = false
04-16 19:47:03.045  3496  3566 D WifiDisplayAdapter: getWifiDisplayStatusLocked: result=WifiDisplayStatus{featureState=2, scanState=0, activeDisplayState=0, activeDisplay=null, displays=[], sessionInfo=WifiDisplaySessionInfo: Client/Owner: Client GroupId:  Passphrase:  SessionId: 0 IP Address: , connectedState=-1, networkQoS=0}
04-16 19:47:03.055  3700  3700 I StatusBar: Icon Only
04-16 19:47:03.055  3654  3654 I wpa_supplicant: wlan0: Setting scan request: 0 sec 0 usec
04-16 19:47:03.055  3496  3630 D WifiP2pService: create mNetworkAgent
04-16 19:47:03.055  3700  3700 D PanelView: There is/are notification(s) 
04-16 19:47:03.055  3700  3700 D PanelView: There is/are notification(s) 
04-16 19:47:03.060  3496  3566 D WifiDisplayController: Received WIFI_P2P_CONNECTION_CHANGED_ACTION: networkInfo=[type: WIFI_P2P[] - WIFI_P2P, state: UNKNOWN/IDLE, reason: (unspecified), extra: (none), roaming: false, failover: false, isAvailable: true, isConnectedToProvisioningNetwork: false]
04-16 19:47:03.060  3700  3700 D PersonaManager: isKioskContainerExistOnDevice
04-16 19:47:03.060  3700  3700 I PhoneStatusBar: Icon Only
04-16 19:47:03.060  3700  3700 I StatusBar: Icon Only
04-16 19:47:03.060  3700  3700 D PanelView: There is/are notification(s) 
04-16 19:47:03.060  3700  3700 D AllShareCastTile: action: android.hardware.display.action.WIFI_DISPLAY_STATUS_CHANGED
04-16 19:47:03.060  3496  4008 D WifiDisplayAdapter: getWifiDisplayStatusLocked: result=WifiDisplayStatus{featureState=2, scanState=0, activeDisplayState=0, activeDisplay=null, displays=[], sessionInfo=WifiDisplaySessionInfo: Client/Owner: Client GroupId:  Passphrase:  SessionId: 0 IP Address: , connectedState=-1, networkQoS=0}
04-16 19:47:03.060  3700  3700 D AllShareCastTile: wifi display status changed! scanstate : 0, ActiveDisplayState : 0
04-16 19:47:03.075 30850 31107 D Aatp    : /task/fcfca0b9d01bf1231eac92c3d5cef4dd096913d7/status
04-16 19:47:03.080  3496  3631 E WifiStateMachine: setWifiState: enabled
04-16 19:47:03.080  3496  3631 D WifiStateMachine: WifiNative.WIFI_NATIVE_CMD_NOTIFY_STATE_SCANONLY : exit
04-16 19:47:03.080  3496  3631 D WifiNative-HAL: callSECApiInt - ID [53]
04-16 19:47:03.080  3496  3631 E WifiNative-HAL: invaild command id : 53
04-16 19:47:03.080  3496  3631 E WifiStateMachine: skipWifiStateBroadcast:false, LastBroadcastedWifiState:3
04-16 19:47:03.080  3496  3631 D WifiStateMachine: updateConfiguredNetworkExpiration - currTime: 1555458423087
04-16 19:47:03.085  3496  3568 D AutomaticBrightnessController: mCallbacks.updateBrightness()
04-16 19:47:03.085  3496  3568 D DisplayPowerController: getFinalBrightness : 4 -> 4
04-16 19:47:03.085  3496  3568 D DisplayPowerController: animation target = 4, rate=500 (PSM:false, AB limit:(-1 ~ -1) MB Limit:(-1 ~ -1) MAdj:(0, (0, 255)))
04-16 19:47:03.085  3496  3630 D ConnectivityService: registerNetworkAgent NetworkAgentInfo{ ni{[type: WIFI_P2P[] - WIFI_P2P, state: UNKNOWN/IDLE, reason: (unspecified), extra: (none), roaming: false, failover: false, isAvailable: true, isConnectedToProvisioningNetwork: false]}  network{null}  lp{{LinkAddresses: []  Routes: [] DnsAddresses: [] Domains: null MTU: 0 TcpBufferSizes: 524288,1048576,4525824,524288,1048576,4525824}}  nc{[ Transports: WIFI Capabilities: WIFI_P2P&NOT_RESTRICTED&TRUSTED&NOT_VPN LinkUpBandwidth>=1048576Kbps LinkDnBandwidth>=1048576Kbps]}  Score{60} validated{false} created{false} explicitlySelected{false} }
04-16 19:47:03.085  3496  3634 D ConnectivityService: hsengiv:checkWhatTypeOfNetwork and the value is false
04-16 19:47:03.085  3496  3634 E ConnectivityService: updateNetworkInfo()
04-16 19:47:03.085  3496  3634 D ConnectivityService: NetworkAgentInfo [WIFI_P2P () - 501] EVENT_NETWORK_INFO_CHANGED, going from null to UNKNOWN, reason = null, [ Transports: WIFI Capabilities: WIFI_P2P&NOT_RESTRICTED&TRUSTED&NOT_VPN LinkUpBandwidth>=1048576Kbps LinkDnBandwidth>=1048576Kbps]
04-16 19:47:03.090  3496  3634 E CSLegacyTypeTracker: add() : Adding agent NetworkAgentInfo{ ni{[type: WIFI_P2P[] - WIFI_P2P, state: UNKNOWN/IDLE, reason: (unspecified), extra: (none), roaming: false, failover: false, isAvailable: true, isConnectedToProvisioningNetwork: false]}  network{501}  lp{{LinkAddresses: []  Routes: [] DnsAddresses: [] Domains: null MTU: 0 TcpBufferSizes: 524288,1048576,4525824,524288,1048576,4525824}}  nc{[ Transports: WIFI Capabilities: WIFI_P2P&NOT_RESTRICTED&TRUSTED&NOT_VPN LinkUpBandwidth>=1048576Kbps LinkDnBandwidth>=1048576Kbps]}  Score{60} validated{false} created{false} explicitlySelected{false} } for legacy network type 13
04-16 19:47:03.090  3496  3631 E WifiStateMachine: setSuspendOptimizationsNative: 2 true -want true stack:setSuspendOptimizationsNative - access$16900 - processMessage - processMsg
04-16 19:47:03.090  3496  3631 E WifiStateMachine: SUPPLICANT_STATE_CHANGE_EVENT state=SCANNING -> state= SCANNING debouncing=false
04-16 19:47:03.090  3496  3631 E WifiStateMachine: setDetailed state, old =DISCONNECTED and new state=SCANNING hidden=false
04-16 19:47:03.095  3496  3630 D WifiNative-HAL: p2pGetDeviceAddress
04-16 19:47:03.095  3496  3630 D WifiNative-HAL: p2pGetDeviceAddress returning ea:50:8b:c2:6d:da
04-16 19:47:03.095  3496  3630 D WifiP2pService: DeviceAddress: ea:6d:da
04-16 19:47:03.095 29482 29482 D NearbySettings: MountReceiver.onReceive - Create HandlerThread
04-16 19:47:03.095  3496  3631 E WifiStateMachine: Turn on scanning after p2p disconnected
04-16 19:47:03.100  3496  3631 D SecContentProvider2: uri = 20 selection = getPromptCredentialsEnabled
04-16 19:47:03.100  3496  3631 D SecContentProvider2: mCursor = null
04-16 19:47:03.100 29482 29482 D NearbySettings: MountReceiver.onReceive - Start HandlerThread
04-16 19:47:03.100 29482 29482 D NearbySettings: MountReceiver.onReceive - Create mPrefHandler
04-16 19:47:03.105 29482 29482 D NearbySettings: MountReceiver.onReceive - ACTION: android.net.wifi.p2p.CONNECTION_STATE_CHANGE
04-16 19:47:03.110 29482 29482 V NearbySettings: DMSUtil.isNetworkConnected - flag-null, state-null
04-16 19:47:03.115  3496  3630 D WifiP2pService: sending p2p persistent groups changed broadcast
04-16 19:47:03.115  3496  3630 D WifiP2pService: InactiveState
04-16 19:47:03.115  3496  3634 E ConnectivityService: updateNetworkInfo()
04-16 19:47:03.115  3496  3630 D WifiP2pService: InactiveState{ what=143376 }
04-16 19:47:03.115 29482 29482 I NearbySettings: DMSUtil.isNetworkConnected - WIFI: DISCONNECTED
04-16 19:47:03.115  3496  3630 D WifiP2pService: P2pEnabledState{ what=143376 }
04-16 19:47:03.120  3654  3654 I wpa_supplicant: p2p0: CTRL-EVENT-REGDOM-CHANGE init=USER type=COUNTRY alpha2=US
04-16 19:47:03.120  3496  3632 D WifiService: New client listening to asynchronous messages
04-16 19:47:03.125 29482 29482 I NearbySettings: DMSUtil.isNetworkConnected - P2P: IDLE
04-16 19:47:03.125 29482 29482 I NearbySettings: DMSUtil.isNetworkConnected - WIFI-false, Hotspot-false, P2P-false, Eth-false
04-16 19:47:03.125 29482 29482 I NearbySettings: MountReceiver.onReceive - Set preference state off
04-16 19:47:03.125  3700  3700 D PanelView: mClearAll.setVisibility - mIsFullyOpened : false isShade : true mHasNotification : true mIsUpwardFling : false mQsFullyExpanded : true isShadeLocked : false mClearAllVisible : false
04-16 19:47:03.130 29482 31109 V NearbySettings: MountReceiver.mPrefHandler - 7002
04-16 19:47:03.135  3496  3566 D WifiDisplayController: Received WIFI_P2P_THIS_DEVICE_CHANGED_ACTION: mThisDevice= Device: Galaxy Note4
04-16 19:47:03.135  3496  3566 D WifiDisplayController:  deviceAddress: ea:50:8b:c2:6d:da
04-16 19:47:03.135  3496  3566 D WifiDisplayController:  primary type: 10-0050F204-5
04-16 19:47:03.135  3496  3566 D WifiDisplayController:  secondary type: null
04-16 19:47:03.135  3496  3566 D WifiDisplayController:  wps: 0
04-16 19:47:03.135  3496  3566 D WifiDisplayController:  grpcapab: 0
04-16 19:47:03.135  3496  3566 D WifiDisplayController:  devcapab: 0
04-16 19:47:03.135  3496  3566 D WifiDisplayController:  status: 3
04-16 19:47:03.135  3496  3566 D WifiDisplayController:  wfdInfo: null
04-16 19:47:03.135  3496  3566 D WifiDisplayController:  groupownerAddress: null
04-16 19:47:03.135  3496  3566 D WifiDisplayController:  GOdeviceName: null
04-16 19:47:03.135  3496  3566 D WifiDisplayController:  interfaceAddress: 
04-16 19:47:03.135  3496  3566 D WifiDisplayController:  SConnectInfo : null
04-16 19:47:03.140  3496  4194 E ActivityManager: checkUser: useridlist=null, currentuser=0
04-16 19:47:03.140  3496  4194 E ActivityManager: checkUser: useridlist=null, currentuser=0
04-16 19:47:03.140  3496  4194 E ActivityManager: checkUser: useridlist=null, currentuser=0
04-16 19:47:03.140  3496  4194 E ActivityManager: checkUser: useridlist=null, currentuser=0
04-16 19:47:03.145  3700  3700 D StatusBar.NetworkController: NoService, mRoamingIconId = 0
04-16 19:47:03.145  3496  3496 D SmartBondingService: SmartBondingReceiver: onReceive action=android.net.wifi.WIFI_STATE_CHANGED
04-16 19:47:03.150  3700  3700 D StatusBar.NetworkController: refreshViews connected={ } level=0 combinedSignalIconId=0x7f02069c/com.android.systemui:drawable/tw_stat_sys_signal_null mobileLabel=No service wifiLabel= emergencyOnly=false combinedLabel=No Internet connection mAirplaneMode=false mDataActivity=0 mPhoneSignalIconId=0x7f02069c/com.android.systemui:drawable/tw_stat_sys_signal_null mQSPhoneSignalIconId=0x7f02014f/com.android.systemui:drawable/ic_qs_signal_no_signal mDataDirectionIconId=0x0/(null) mDataSignalIconId=0x7f02069c/com.android.systemui:drawable/tw_stat_sys_signal_null mDataTypeIconId=0x0/(null) mQSDataTypeIconId=0x0/(null) mNoSimIconId=0x0/(null) mWifiIconId=0x7f020584/com.android.systemui:drawable/stat_sys_wifi_signal_null mQSWifiIconId=0x7f020160/com.android.systemui:drawable/ic_qs_wifi_no_network mWifiActivityIconId=0x0/(null) mBluetoothTetherIconId=0x10808ef/android:drawable/stat_sys_tether_bluetooth
04-16 19:47:03.150  3700  3700 D STATUSBAR-WifiQuickSettingButton: onWifiSignalChanged enabled=true enabledDesc:null
04-16 19:47:03.150  3700  3700 D StatusBar.NetworkController: refreshSignalCluster - setNWBoosterIndicators(false)
04-16 19:47:03.150  3700  4277 D STATUSBAR-QSTileView: onStateChanged: Wi-Fi
04-16 19:47:03.150  3700  3700 D StatusBar.NetworkController: applyOpen
04-16 19:47:03.150  3496  3636 D SmartBondingService: getNetworkEnabled : wifi : true mobile : true
04-16 19:47:03.155  3700  3700 D StatusBar.NetworkController: refreshSignalCluster - setNWBoosterIndicators(false)
04-16 19:47:03.155  3700  3700 D StatusBar.NetworkController: applyOpen
04-16 19:47:03.155 31113 31113 E Zygote  : MountEmulatedStorage()
04-16 19:47:03.155 31113 31113 E Zygote  : v2
04-16 19:47:03.155 31113 31113 I libpersona: KNOX_SDCARD checking this for 10079
04-16 19:47:03.155 31113 31113 I libpersona: KNOX_SDCARD not a persona
04-16 19:47:03.155  3496  3496 D SLocation: BroadcastReceiver : WIFI_STATE_CHANGED_ACTION
04-16 19:47:03.155 31113 31113 I SELinux : Function: selinux_compare_spd_ram , priority [2] , priority version is VE=SEPF_SM-N910H_5.0.1_0009
04-16 19:47:03.160 31113 31113 E SELinux : [DEBUG] get_category: variable seinfo: platform sensitivity: NULL, cateogry: NULL
04-16 19:47:03.160  3496  4194 I ActivityManager: Start proc com.samsung.android.app.FileShareServer for broadcast com.samsung.android.app.FileShareServer/.ServerBroadcastReceiver: pid=31113 uid=10079 gids={50079, 9997, 3003, 1028, 1015} abi=armeabi-v7a
04-16 19:47:03.160  3700  3700 D StatusBar.NetworkController: refreshSignalCluster - setNWBoosterIndicators(false)
04-16 19:47:03.160  3700  3700 D StatusBar.NetworkController: applyOpen
04-16 19:47:03.160  3700  3700 D StatusBar.NetworkController: refreshSignalCluster - setNWBoosterIndicators(false)
04-16 19:47:03.160  3700  3700 D StatusBar.NetworkController: applyOpen
04-16 19:47:03.165  3700  3700 D STATUSBAR-WifiQuickSettingButton: onReceive : android.net.wifi.WIFI_STATE_CHANGED
04-16 19:47:03.165  3700  3700 D STATUSBAR-WifiQuickSettingButton: Wifi onReceive(3)
04-16 19:47:03.165  3700  3700 D HotspotTile: onReceive : android.net.wifi.WIFI_STATE_CHANGED
04-16 19:47:03.165  3700  3700 D HotspotTile: onReceive : 3, 0
04-16 19:47:03.180 31113 31113 D TimaKeyStoreProvider: TimaSignature is unavailable
04-16 19:47:03.180 31113 31113 D ActivityThread: Added TimaKeyStore provider
04-16 19:47:03.195 31113 31113 D ResourcesManager: creating new AssetManager and set to /system/app/AllshareFileShareServer/AllshareFileShareServer.apk
04-16 19:47:03.215 31113 31113 D FileShare-Server: ServerBroadcastReceiver.onReceive - action android.net.wifi.p2p.CONNECTION_STATE_CHANGE // null
04-16 19:47:03.235  6432  6432 I Hs20UtilService: Starting #2
04-16 19:47:03.235  6432  6465 I Hs20UtilService: Message received 5011
04-16 19:47:03.235  3496  3988 I WifiStateMachine: callSECApi what=207
04-16 19:47:03.240  3496  3631 E WifiStateMachine: DriverStatedState::CMD_SEC_STRING_API - inner msg [207]
04-16 19:47:03.240  3496  3631 D WifiNative-HAL: callSECStringApiVoid - ID [215]
04-16 19:47:03.240  3496  3631 E WifiNative-HAL: invaild command id : 215
04-16 19:47:03.240  3496  4107 E ActivityManager: checkUser: useridlist=null, currentuser=0
04-16 19:47:03.240  3496  4107 E ActivityManager: checkUser: useridlist=null, currentuser=0
04-16 19:47:03.240  3496  4107 E ActivityManager: checkUser: useridlist=null, currentuser=0
04-16 19:47:03.240  3496  4107 E ActivityManager: checkUser: useridlist=null, currentuser=0
04-16 19:47:03.255 31130 31130 E Zygote  : MountEmulatedStorage()
04-16 19:47:03.255 31130 31130 I libpersona: KNOX_SDCARD checking this for 10127
04-16 19:47:03.255 31130 31130 E Zygote  : v2
04-16 19:47:03.255 31130 31130 I libpersona: KNOX_SDCARD not a persona
04-16 19:47:03.255 31130 31130 I SELinux : Function: selinux_compare_spd_ram , priority [2] , priority version is VE=SEPF_SM-N910H_5.0.1_0009
04-16 19:47:03.260 31130 31130 E SELinux : [DEBUG] get_category: variable seinfo: platform sensitivity: NULL, cateogry: NULL
04-16 19:47:03.260  3496  4107 I ActivityManager: Start proc com.samsung.android.keyguardwallpaperupdator for broadcast com.samsung.android.keyguardwallpaperupdator/.manager.WallpaperBroadcastReceiver: pid=31130 uid=10127 gids={50127, 9997, 3003, 1028, 1015} abi=armeabi-v7a
04-16 19:47:03.270  3496  3568 D AutomaticBrightnessController: mCallbacks.updateBrightness()
04-16 19:47:03.270  3496  3568 D DisplayPowerController: getFinalBrightness : 4 -> 4
04-16 19:47:03.270  3496  3568 D DisplayPowerController: animation target = 4, rate=500 (PSM:false, AB limit:(-1 ~ -1) MB Limit:(-1 ~ -1) MAdj:(0, (0, 255)))
04-16 19:47:03.275 31130 31130 D TimaKeyStoreProvider: TimaSignature is unavailable
04-16 19:47:03.280 31130 31130 D ActivityThread: Added TimaKeyStore provider
04-16 19:47:03.290 31130 31130 D ResourcesManager: creating new AssetManager and set to /system/app/KeyguardWallpaperUpdator/KeyguardWallpaperUpdator.apk
04-16 19:47:03.330 31130 31130 D KeyguardWallpaperUpdator: cancelUpdateWallpaper
04-16 19:47:03.330 31130 31130 D KeyguardWallpaperUpdator: cancelUpdateCategory
04-16 19:47:03.330 31130 31130 D KeyguardWallpaperUpdator: stopCheckCategoryVersion
04-16 19:47:03.340 29300 29300 I SignOutReceiver: WIFI_STATE_CHANGED_ACTION
04-16 19:47:03.345  3496  3527 E ActivityManager: checkUser: useridlist=null, currentuser=0
04-16 19:47:03.345  3496  3527 E ActivityManager: checkUser: useridlist=null, currentuser=0
04-16 19:47:03.345  3496  3527 E ActivityManager: checkUser: useridlist=null, currentuser=0
04-16 19:47:03.345  3496  3527 E ActivityManager: checkUser: useridlist=null, currentuser=0
04-16 19:47:03.360 31146 31146 E Zygote  : MountEmulatedStorage()
04-16 19:47:03.360 31146 31146 I libpersona: KNOX_SDCARD checking this for 1000
04-16 19:47:03.360 31146 31146 E Zygote  : v2
04-16 19:47:03.360 31146 31146 I libpersona: KNOX_SDCARD not a persona
04-16 19:47:03.360 31146 31146 I SELinux : Function: selinux_compare_spd_ram , priority [2] , priority version is VE=SEPF_SM-N910H_5.0.1_0009
04-16 19:47:03.360 31146 31146 E SELinux : [DEBUG] get_category: variable seinfo: platform sensitivity: NULL, cateogry: NULL
04-16 19:47:03.365  3496  3527 I ActivityManager: Start proc com.samsung.android.securitylogagent for broadcast com.samsung.android.securitylogagent/.receivers.NetworkReceiver: pid=31146 uid=1000 gids={41000, 9997, 3002, 3001, 3003, 1028, 1015, 1007, 1023, 2001, 1024, 1001} abi=armeabi-v7a
04-16 19:47:03.380 31146 31146 D TimaKeyStoreProvider: TimaSignature is unavailable
04-16 19:47:03.385 31146 31146 D ActivityThread: Added TimaKeyStore provider
04-16 19:47:03.400 31146 31146 D ResourcesManager: creating new AssetManager and set to /system/app/SecurityLogAgent/SecurityLogAgent.apk
04-16 19:47:03.425 31146 31146 D SecurityLogAgent: KnoxConfiguration : Current State = 1
04-16 19:47:03.425 31146 31146 D SecurityLogAgent: KnoxConfiguration : Current State Mapping Found 
04-16 19:47:03.425 31146 31146 D SecurityLogAgent: StateMachine : Current State = 1
04-16 19:47:03.430 31146 31146 D SecurityLogAgent: StateMachine : Changed Current State = 1
04-16 19:47:03.430  3496  3526 E ActivityManager: checkUser: useridlist=null, currentuser=0
04-16 19:47:03.430  3496  3526 E ActivityManager: checkUser: useridlist=null, currentuser=0
04-16 19:47:03.430  3496  3526 E ActivityManager: checkUser: useridlist=null, currentuser=0
04-16 19:47:03.430  3496  3526 E ActivityManager: checkUser: useridlist=null, currentuser=0
04-16 19:47:03.445 31162 31162 E Zygote  : MountEmulatedStorage()
04-16 19:47:03.445 31162 31162 E Zygote  : v2
04-16 19:47:03.445 31162 31162 I libpersona: KNOX_SDCARD checking this for 10186
04-16 19:47:03.445 31162 31162 I libpersona: KNOX_SDCARD not a persona
04-16 19:47:03.450 31162 31162 I SELinux : Function: selinux_compare_spd_ram , priority [2] , priority version is VE=SEPF_SM-N910H_5.0.1_0009
04-16 19:47:03.450 31162 31162 E SELinux : [DEBUG] get_category: variable seinfo: untrusted sensitivity: NULL, cateogry: NULL
04-16 19:47:03.455  3496  3526 I ActivityManager: Start proc tv.peel.smartremote for broadcast tv.peel.smartremote/com.peel.receiver.ConnectivityActionReceiver: pid=31162 uid=10186 gids={50186, 9997, 3003, 1028, 1015, 3001, 3002} abi=armeabi-v7a
04-16 19:47:03.460  3496  3568 D AutomaticBrightnessController: mCallbacks.updateBrightness()
04-16 19:47:03.460  3496  3568 D DisplayPowerController: getFinalBrightness : 4 -> 4
04-16 19:47:03.460  3496  3568 D DisplayPowerController: animation target = 4, rate=500 (PSM:false, AB limit:(-1 ~ -1) MB Limit:(-1 ~ -1) MAdj:(0, (0, 255)))
04-16 19:47:03.475 31162 31162 D TimaKeyStoreProvider: TimaSignature is unavailable
04-16 19:47:03.475 31162 31162 D ActivityThread: Added TimaKeyStore provider
04-16 19:47:03.490 31162 31162 D ResourcesManager: creating new AssetManager and set to /system/app/SmartRemote_T/SmartRemote_T.apk
04-16 19:47:03.495 31162 31162 W ResourcesManager: Asset path '/system/framework/android.test.runner.jar' does not exist or contains no resources.
04-16 19:47:03.650  3496  3568 D AutomaticBrightnessController: mCallbacks.updateBrightness()
04-16 19:47:03.650  3496  3568 D DisplayPowerController: getFinalBrightness : 4 -> 4
04-16 19:47:03.650  3496  3568 D DisplayPowerController: animation target = 4, rate=500 (PSM:false, AB limit:(-1 ~ -1) MB Limit:(-1 ~ -1) MAdj:(0, (0, 255)))
04-16 19:47:03.715 31162 31162 I WebViewFactory: Loading com.google.android.webview version 37 (1589900-arm) (code 110601)
04-16 19:47:03.720 31162 31162 D ResourcesManager: creating new AssetManager and set to /system/app/WebViewGoogle/WebViewGoogle.apk
04-16 19:47:03.750 31162 31162 I LibraryLoader: Loading: webviewchromium
04-16 19:47:03.805 31162 31162 I LibraryLoader: Time to load native libraries: 57 ms (timestamps 6788-6845)
04-16 19:47:03.805 31162 31162 I LibraryLoader: Expected native library version number "",actual native library version number ""
04-16 19:47:03.840  3496  3568 D AutomaticBrightnessController: mCallbacks.updateBrightness()
04-16 19:47:03.840  3496  3568 D DisplayPowerController: getFinalBrightness : 4 -> 4
04-16 19:47:03.840  3496  3568 D DisplayPowerController: animation target = 4, rate=500 (PSM:false, AB limit:(-1 ~ -1) MB Limit:(-1 ~ -1) MAdj:(0, (0, 255)))
04-16 19:47:03.860 31162 31162 V WebViewChromiumFactoryProvider: Binding Chromium to main looper Looper (main, tid 1) {3e109b72}
04-16 19:47:03.865 31162 31162 I LibraryLoader: Expected native library version number "",actual native library version number ""
04-16 19:47:03.870 31162 31162 I chromium: [INFO:library_loader_hooks.cc(106)] Chromium logging enabled: level = 0, default verbosity = 0
04-16 19:47:03.915 31162 31162 I BrowserStartupController: Initializing chromium process, renderers=0
04-16 19:47:03.920 31162 31162 W art     : Attempt to remove local handle scope entry from IRT, ignoring
04-16 19:47:03.930 31162 31178 W chromium: [WARNING:dns_config_service_posix.cc(293)] Failed to read DnsConfig.
04-16 19:47:03.945 31162 31162 W chromium: [WARNING:resource_bundle.cc(315)] locale_file_path.empty()
04-16 19:47:03.950 31162 31162 I chromium: [INFO:aw_browser_main_parts.cc(63)] Load from apk succesful, fd=36 off=46764 len=2953
04-16 19:47:03.950 31162 31162 I chromium: [INFO:aw_browser_main_parts.cc(78)] Loading webviewchromium.pak from, fd:37 off:229520 len:643667
04-16 19:47:03.975 30850 31103 D AWSDeviceFarmAndroidLib: setWifiEnabled: wifi is: true
04-16 19:47:03.990  3496  3631 E WifiStateMachine: wifistatemachine did save config true
04-16 19:47:03.995 30850 31103 D AWSDeviceFarmAndroidLib: Getting AWS Device Farm Network SSID: 9902856467
04-16 19:47:03.995  3496  3625 E addOrUpdateNetwork:  uid = 10278 SSID "9902856467" nid=-1
04-16 19:47:03.995  3496  3631 D SecContentProvider2: uri = 20 selection = getAllowUserProfiles
04-16 19:47:03.995  3496  3631 D SecContentProvider2: mCursor = null
04-16 19:47:04.000  3496  3631 E WifiConfigStore:  key="9902856467"WPA_PSK netId=-1 uid=10278/0
04-16 19:47:04.000  3496  3631 E WifiConfigStore: addOrUpdateNetworkNative created netId=0
04-16 19:47:04.030  3496  3568 D AutomaticBrightnessController: mCallbacks.updateBrightness()
04-16 19:47:04.030  3496  3568 D DisplayPowerController: getFinalBrightness : 4 -> 4
04-16 19:47:04.030  3496  3568 D DisplayPowerController: animation target = 4, rate=500 (PSM:false, AB limit:(-1 ~ -1) MB Limit:(-1 ~ -1) MAdj:(0, (0, 255)))
04-16 19:47:04.055  3496  3631 E WifiConfigStore: created new config netId=0 uid=10278
04-16 19:47:04.055  3496  3631 E WifiConfigStore: will read network variables netId=0
04-16 19:47:04.060  3496  3631 E WifiConfigStore: Not a HS20
04-16 19:47:04.075  3496  3631 E WifiStateMachine: wifistatemachine did save config true
04-16 19:47:04.075 30850 31103 I AWSDeviceFarmAndroidLib: Attempting Wi-Fi connection: attempt 1 out of 2.
04-16 19:47:04.075 30850 31103 D AWSDeviceFarmAndroidLib: connectToNetwork: ssid: 9902856467
04-16 19:47:04.075 30850 31103 D AWSDeviceFarmAndroidLib: getWifiConfigBySsid: ssid: 9902856467
04-16 19:47:04.080 30850 31103 D AWSDeviceFarmAndroidLib: networks: 1
04-16 19:47:04.080 30850 31103 D AWSDeviceFarmAndroidLib: getWifiConfigBySsid: checking: "9902856467" against "9902856467"
04-16 19:47:04.080 30850 31103 D AWSDeviceFarmAndroidLib: Network profile found!
04-16 19:47:04.080  3496  3990 I WifiService: disconnect: pid=30850, uid=10278
04-16 19:47:04.080  3496  3631 E WifiConfigStore: setLastSelectedConfiguration -1
04-16 19:47:04.080  3654  3654 I wpa_supplicant: [wpa_supplicant_ctrl_iface_process] : DISCONNECT
04-16 19:47:04.080  3654  3654 I wpa_supplicant: wlan0: State: SCANNING -> DISCONNECTED
04-16 19:47:04.080  3654  3654 I wpa_supplicant: CTRL-EVENT-STATE-CHANGE id=-1 state=0 BSSID=00.00.00 SSID=
04-16 19:47:04.085 31162 31188 W chromium: [WARNING:proxy_service.cc(901)] PAC support disabled because there is no system implementation
04-16 19:47:04.085  3496  3631 E WifiConfigStore: setLastSelectedConfiguration 0
04-16 19:47:04.085  3496  3631 E WifiConfigStore: saveWifiConfigBSSID Setting BSSID for "9902856467"WPA_PSK to any
04-16 19:47:04.090 31162 31162 W chromium: [WARNING:data_reduction_proxy_settings.cc(403)] SPDY proxy OFF at startup
04-16 19:47:04.095  3496  3631 D WifiStateMachine: mManualConnectionId : 0
04-16 19:47:04.095  3654  3654 I wpa_supplicant: wlan0: Setting scan request: 0 sec 0 usec
04-16 19:47:04.095  3654  3654 I wpa_supplicant: P2P: Current p2p state = IDLE
04-16 19:47:04.095  3654  3654 I wpa_supplicant: wlan0: State: DISCONNECTED -> SCANNING
04-16 19:47:04.095  3654  3654 I wpa_supplicant: CTRL-EVENT-STATE-CHANGE id=0 state=3 BSSID=00.00.00 SSID=39393032383536343637
04-16 19:47:04.095  3654  3654 I wpa_supplicant: First Scan Start
04-16 19:47:04.095  3654  3654 I wpa_supplicant: wlan0: Reject scan trigger since one is already pending
04-16 19:47:04.095  3654  3654 W wpa_supplicant: wlan0: Failed to initiate AP scan
04-16 19:47:04.095  3654  3654 I wpa_supplicant: wlan0: State: SCANNING -> DISCONNECTED
04-16 19:47:04.095  3654  3654 I wpa_supplicant: CTRL-EVENT-STATE-CHANGE id=0 state=0 BSSID=00.00.00 SSID=39393032383536343637
04-16 19:47:04.095  3654  3654 I wpa_supplicant: wlan0: Setting scan request: 10 sec 0 usec
04-16 19:47:04.095  3496  3631 E WifiStateMachine: SUPPLICANT_STATE_CHANGE_EVENT state=DISCONNECTED -> state= DISCONNECTED debouncing=false
04-16 19:47:04.095  3496  3631 E WifiStateMachine: setDetailed state, old =SCANNING and new state=DISCONNECTED hidden=false
04-16 19:47:04.095  3496  3631 E WifiStateMachine: setDetailed state send new extra info
04-16 19:47:04.095  3496  3631 E WifiStateMachine: SUPPLICANT_STATE_CHANGE_EVENT state=SCANNING -> state= SCANNING debouncing=false
04-16 19:47:04.095  3496  3631 E WifiStateMachine: setDetailed state, old =DISCONNECTED and new state=SCANNING hidden=false
04-16 19:47:04.100  3496  3631 E WifiStateMachine: SUPPLICANT_STATE_CHANGE_EVENT state=DISCONNECTED -> state= DISCONNECTED debouncing=false
04-16 19:47:04.100  3496  3631 E WifiStateMachine: setDetailed state, old =SCANNING and new state=DISCONNECTED hidden=false
04-16 19:47:04.100  3496  3631 E WifiStateMachine: setDetailed state send new extra info"9902856467"
04-16 19:47:04.100  3496  3631 D SecContentProvider2: uri = 20 selection = getPromptCredentialsEnabled
04-16 19:47:04.100  3496  3631 D SecContentProvider2: mCursor = null
04-16 19:47:04.105  3496  3631 D SecContentProvider2: uri = 20 selection = getPromptCredentialsEnabled
04-16 19:47:04.105  3496  3631 D SecContentProvider2: mCursor = null
04-16 19:47:04.105  3496  3631 D SecContentProvider2: uri = 20 selection = getPromptCredentialsEnabled
04-16 19:47:04.105  3496  3631 D SecContentProvider2: mCursor = null
04-16 19:47:04.110 31162 31162 W art     : Attempt to remove local handle scope entry from IRT, ignoring
04-16 19:47:04.115 31162 31162 W AwContents: onDetachedFromWindow called when already detached. Ignoring
04-16 19:47:04.125 31162 31162 D com.peel.util.a.e: ***************************** InsightsJournal version: 1
04-16 19:47:04.125 30850 31211 D Aatp    : /task/fcfca0b9d01bf1231eac92c3d5cef4dd096913d7/status
04-16 19:47:04.175 31162 31213 D com.peel.e.c: ***************************** DB version: 19
04-16 19:47:04.180 31162 31162 D com.peel.receiver.ConnectivityActionReceiver: ConnectivityActionReceiver onReceive
04-16 19:47:04.180 31162 31162 D com.peel.receiver.ConnectivityActionReceiver: 
04-16 19:47:04.180 31162 31162 D com.peel.receiver.ConnectivityActionReceiver: 
04-16 19:47:04.180 31162 31162 D com.peel.receiver.ConnectivityActionReceiver: country_code: PANAMA -- rom region: GB
04-16 19:47:04.180 31162 31162 D com.peel.receiver.ConnectivityActionReceiver: 
04-16 19:47:04.180 31162 31162 D com.peel.receiver.ConnectivityActionReceiver: NO active network... no services...
04-16 19:47:04.180 31162 31162 D com.peel.receiver.ConnectivityActionReceiver: 
04-16 19:47:04.180 31162 31162 D com.peel.receiver.ConnectivityActionReceiver: 
04-16 19:47:04.180 31162 31162 D com.peel.receiver.ConnectivityActionReceiver: last run: 1555450155660 -- System.currentTimeMillis()-last_run: 8268528
04-16 19:47:04.180 31162 31162 D com.peel.receiver.ConnectivityActionReceiver: ... skip 
04-16 19:47:04.185 31162 31162 D com.peel.receiver.ConnectivityActionReceiver: ... skip last_72_check
04-16 19:47:04.190 31162 31213 D com.peel.data.m: 
04-16 19:47:04.190 31162 31213 D com.peel.data.m: 
04-16 19:47:04.190 31162 31213 D com.peel.data.m:  ######### Clean Up Bad Data ########
04-16 19:47:04.190 31162 31213 D com.peel.data.m: 
04-16 19:47:04.190 31162 31213 D com.peel.data.m: 
04-16 19:47:04.190 31162 31213 D com.peel.data.m: 
04-16 19:47:04.190 31162 31213 D com.peel.data.m:  ######### restoreControlDevice ########
04-16 19:47:04.190 31162 31213 D com.peel.data.m: 
04-16 19:47:04.200 31162 31213 D com.peel.control.ar: 
04-16 19:47:04.200 31162 31213 D com.peel.control.ar: *************Loader.load()
04-16 19:47:04.200 31162 31213 D com.peel.control.ar: load +
04-16 19:47:04.200 31162 31212 D com.peel.util.i: NON-UI THREAD notify observers (0ms)
04-16 19:47:04.210 31162 31213 D com.peel.control.ar: load -
04-16 19:47:04.210 31162 31213 D com.peel.util.i: DB THREAD load stuff from the database (65ms)
04-16 19:47:04.210 31162 31212 D c       : ControlEvents.LOADED received
04-16 19:47:04.210 31162 31212 D com.peel.util.i: NON-UI THREAD notify observers (0ms)
04-16 19:47:04.210 31162 31212 D com.peel.util.i: NON-UI THREAD notify observers (0ms)
04-16 19:47:04.215 31162 31213 D com.peel.util.i: DB THREAD loading room null (7ms)
04-16 19:47:04.215 31162 31212 D com.peel.util.i: NON-UI THREAD notify observers (0ms)
04-16 19:47:04.215 31162 31212 D c       : ContentEvents.LOADED received
04-16 19:47:04.215  3496  3568 D AutomaticBrightnessController: mCallbacks.updateBrightness()
04-16 19:47:04.215  3496  3568 D DisplayPowerController: getFinalBrightness : 4 -> 4
04-16 19:47:04.215  3496  3568 D DisplayPowerController: animation target = 4, rate=500 (PSM:false, AB limit:(-1 ~ -1) MB Limit:(-1 ~ -1) MAdj:(0, (0, 255)))
04-16 19:47:04.220 31162 31212 D com.peel.util.i: NON-UI THREAD notify observers (5ms)
04-16 19:47:04.220 31162 31162 D com.peel.util.i: UI THREAD load ui from app (0ms)
04-16 19:47:04.410  3496  3568 D AutomaticBrightnessController: mCallbacks.updateBrightness()
04-16 19:47:04.410  3496  3568 D DisplayPowerController: getFinalBrightness : 4 -> 4
04-16 19:47:04.410  3496  3568 D DisplayPowerController: animation target = 4, rate=500 (PSM:false, AB limit:(-1 ~ -1) MB Limit:(-1 ~ -1) MAdj:(0, (0, 255)))
04-16 19:47:04.595  3496  3568 D AutomaticBrightnessController: mCallbacks.updateBrightness()
04-16 19:47:04.595  3496  3568 D DisplayPowerController: getFinalBrightness : 4 -> 4
04-16 19:47:04.595  3496  3568 D DisplayPowerController: animation target = 4, rate=500 (PSM:false, AB limit:(-1 ~ -1) MB Limit:(-1 ~ -1) MAdj:(0, (0, 255)))
04-16 19:47:04.785  3496  3568 D AutomaticBrightnessController: mCallbacks.updateBrightness()
04-16 19:47:04.785  3496  3568 D DisplayPowerController: getFinalBrightness : 4 -> 4
04-16 19:47:04.785  3496  3568 D DisplayPowerController: animation target = 4, rate=500 (PSM:false, AB limit:(-1 ~ -1) MB Limit:(-1 ~ -1) MAdj:(0, (0, 255)))
04-16 19:47:04.975  3496  3568 D AutomaticBrightnessController: mCallbacks.updateBrightness()
04-16 19:47:04.975  3496  3568 D DisplayPowerController: getFinalBrightness : 4 -> 4
04-16 19:47:04.975  3496  3568 D DisplayPowerController: animation target = 4, rate=500 (PSM:false, AB limit:(-1 ~ -1) MB Limit:(-1 ~ -1) MAdj:(0, (0, 255)))
04-16 19:47:05.165  3496  3568 D AutomaticBrightnessController: mCallbacks.updateBrightness()
04-16 19:47:05.165  3496  3568 D DisplayPowerController: getFinalBrightness : 4 -> 4
04-16 19:47:05.165  3496  3568 D DisplayPowerController: animation target = 4, rate=500 (PSM:false, AB limit:(-1 ~ -1) MB Limit:(-1 ~ -1) MAdj:(0, (0, 255)))
04-16 19:47:05.170 30850 31220 D Aatp    : /task/fcfca0b9d01bf1231eac92c3d5cef4dd096913d7/status
04-16 19:47:05.355  3496  3568 D AutomaticBrightnessController: mCallbacks.updateBrightness()
04-16 19:47:05.355  3496  3568 D DisplayPowerController: getFinalBrightness : 4 -> 4
04-16 19:47:05.355  3496  3568 D DisplayPowerController: animation target = 4, rate=500 (PSM:false, AB limit:(-1 ~ -1) MB Limit:(-1 ~ -1) MAdj:(0, (0, 255)))
04-16 19:47:05.545  3496  3568 D AutomaticBrightnessController: mCallbacks.updateBrightness()
04-16 19:47:05.545  3496  3568 D DisplayPowerController: getFinalBrightness : 4 -> 4
04-16 19:47:05.545  3496  3568 D DisplayPowerController: animation target = 4, rate=500 (PSM:false, AB limit:(-1 ~ -1) MB Limit:(-1 ~ -1) MAdj:(0, (0, 255)))
04-16 19:47:05.735  3496  3568 D AutomaticBrightnessController: mCallbacks.updateBrightness()
04-16 19:47:05.735  3496  3568 D DisplayPowerController: getFinalBrightness : 4 -> 4
04-16 19:47:05.735  3496  3568 D DisplayPowerController: animation target = 4, rate=500 (PSM:false, AB limit:(-1 ~ -1) MB Limit:(-1 ~ -1) MAdj:(0, (0, 255)))
04-16 19:47:05.920  3496  3568 D AutomaticBrightnessController: mCallbacks.updateBrightness()
04-16 19:47:05.925  3496  3568 D DisplayPowerController: getFinalBrightness : 4 -> 4
04-16 19:47:05.925  3496  3568 D DisplayPowerController: animation target = 4, rate=500 (PSM:false, AB limit:(-1 ~ -1) MB Limit:(-1 ~ -1) MAdj:(0, (0, 255)))
04-16 19:47:06.110  3496  3568 D AutomaticBrightnessController: mCallbacks.updateBrightness()
04-16 19:47:06.110  3496  3568 D DisplayPowerController: getFinalBrightness : 4 -> 4
04-16 19:47:06.115  3496  3568 D DisplayPowerController: animation target = 4, rate=500 (PSM:false, AB limit:(-1 ~ -1) MB Limit:(-1 ~ -1) MAdj:(0, (0, 255)))
04-16 19:47:06.245 30850 31221 D Aatp    : /task/fcfca0b9d01bf1231eac92c3d5cef4dd096913d7/status
04-16 19:47:06.295  3496  3568 D AutomaticBrightnessController: mCallbacks.updateBrightness()
04-16 19:47:06.295  3496  3568 D DisplayPowerController: getFinalBrightness : 4 -> 4
04-16 19:47:06.295  3496  3568 D DisplayPowerController: animation target = 4, rate=500 (PSM:false, AB limit:(-1 ~ -1) MB Limit:(-1 ~ -1) MAdj:(0, (0, 255)))
04-16 19:47:06.430  3654  3654 I wpa_supplicant: nl80211: Received scan results (5 BSSes)
04-16 19:47:06.435  3654  3654 I wpa_supplicant: Trying to associate with 74.96.F1 (SSID='39393032383536343637' freq=2462 MHz)
04-16 19:47:06.435  3654  3654 I wpa_supplicant: wlan0: State: DISCONNECTED -> ASSOCIATING
04-16 19:47:06.435  3654  3654 I wpa_supplicant: CTRL-EVENT-STATE-CHANGE id=0 state=5 BSSID=00.00.00 SSID=39393032383536343637
04-16 19:47:06.435  3496  3631 I WifiNative-HAL: startHal
04-16 19:47:06.435  3496  3631 E wifi    : getStaticLongField sWifiHalHandle 0x91e4987c
04-16 19:47:06.440  3496  3631 D wifi    : halHandle = 0x0, mVM = 0xb4e5c280, mCls = 0x18024f2
04-16 19:47:06.440  3496  3631 I WifiNative-HAL: Could not start hal
04-16 19:47:06.440  3496  3631 E WifiStateMachine: [1,555,458,426,445 ms] noteScanEnd no scan source
04-16 19:47:06.485  3496  3568 D AutomaticBrightnessController: mCallbacks.updateBrightness()
04-16 19:47:06.485  3496  3568 D DisplayPowerController: getFinalBrightness : 4 -> 4
04-16 19:47:06.485  3496  3568 D DisplayPowerController: animation target = 4, rate=500 (PSM:false, AB limit:(-1 ~ -1) MB Limit:(-1 ~ -1) MAdj:(0, (0, 255)))
04-16 19:47:06.505  3496  3631 E WifiStateMachine: wifi setScanResults statecom.android.server.wifi.WifiStateMachine$DisconnectedState@ec48334 sup_state=DISCONNECTED debouncing=false
04-16 19:47:06.515  3496  3631 E WifiStateMachine: SUPPLICANT_STATE_CHANGE_EVENT state=ASSOCIATING -> state= CONNECTING debouncing=false
04-16 19:47:06.515  3496  3631 E WifiStateMachine: setDetailed state, old =DISCONNECTED and new state=CONNECTING hidden=false
04-16 19:47:06.520  3496  3631 D SecContentProvider2: uri = 20 selection = getPromptCredentialsEnabled
04-16 19:47:06.520  3496  3631 D SecContentProvider2: mCursor = null
04-16 19:47:06.585  3654  3654 I wpa_supplicant: wlan0: State: ASSOCIATING -> ASSOCIATED
04-16 19:47:06.585  3654  3654 I wpa_supplicant: CTRL-EVENT-STATE-CHANGE id=0 state=6 BSSID=00.00.00 SSID=39393032383536343637
04-16 19:47:06.585  3496  3631 E WifiStateMachine: SUPPLICANT_STATE_CHANGE_EVENT state=ASSOCIATED -> state= CONNECTING debouncing=false
04-16 19:47:06.585  3496  3631 E WifiStateMachine: setDetailed state, old =CONNECTING and new state=CONNECTING hidden=false
04-16 19:47:06.585  3654  3654 I wpa_supplicant: Associated with 74.96.F1
04-16 19:47:06.585  3654  3654 I wpa_supplicant: wlan0: State: ASSOCIATED -> 4WAY_HANDSHAKE
04-16 19:47:06.585  3654  3654 I wpa_supplicant: CTRL-EVENT-STATE-CHANGE id=0 state=7 BSSID=74.96.F1 SSID=39393032383536343637
04-16 19:47:06.590  3496  3631 E WifiStateMachine: SUPPLICANT_STATE_CHANGE_EVENT state=FOUR_WAY_HANDSHAKE -> state= AUTHENTICATING debouncing=false
04-16 19:47:06.590  3496  3631 E WifiStateMachine: setDetailed state, old =CONNECTING and new state=AUTHENTICATING hidden=false
04-16 19:47:06.595  3496  3631 D SecContentProvider2: uri = 20 selection = getPromptCredentialsEnabled
04-16 19:47:06.595  3496  3631 D SecContentProvider2: mCursor = null
04-16 19:47:06.600  3496  3631 D SecContentProvider2: uri = 20 selection = getPromptCredentialsEnabled
04-16 19:47:06.600  3496  3631 D SecContentProvider2: mCursor = null
04-16 19:47:06.600  3654  3654 I wpa_supplicant: wlan0: State: 4WAY_HANDSHAKE -> 4WAY_HANDSHAKE
04-16 19:47:06.605  3654  3654 I wpa_supplicant: wlan0: State: 4WAY_HANDSHAKE -> GROUP_HANDSHAKE
04-16 19:47:06.605  3654  3654 I wpa_supplicant: CTRL-EVENT-STATE-CHANGE id=0 state=8 BSSID=74.96.F1 SSID=39393032383536343637
04-16 19:47:06.605  3496  3631 E WifiStateMachine: SUPPLICANT_STATE_CHANGE_EVENT state=GROUP_HANDSHAKE -> state= AUTHENTICATING debouncing=false
04-16 19:47:06.605  3496  3631 E WifiStateMachine: setDetailed state, old =AUTHENTICATING and new state=AUTHENTICATING hidden=false
04-16 19:47:06.610  3654  3654 I wpa_supplicant: wlan0: WPA: Key negotiation completed with 74:da:38:ca:96:f1 [PTK=CCMP GTK=TKIP]
04-16 19:47:06.610  3654  3654 I wpa_supplicant: wlan0: State: GROUP_HANDSHAKE -> COMPLETED
04-16 19:47:06.610  3654  3654 I wpa_supplicant: CTRL-EVENT-CONNECTED - Connection to 74.96.F1 completed (auth) [id=0 id_str=]
04-16 19:47:06.610  3654  3654 I wpa_supplicant: Blacklist: Clear (temp) 
04-16 19:47:06.610  3654  3654 I wpa_supplicant: CTRL-EVENT-STATE-CHANGE id=0 state=9 BSSID=74.96.F1 SSID=39393032383536343637
04-16 19:47:06.615  3496  3631 E WifiStateMachine: Network connection established
04-16 19:47:06.615  3496  3631 D WifiNative-HAL: callSECApiVoid - ID [50]
04-16 19:47:06.615  3496  3631 E WifiStateMachine: setDetailed state, old =AUTHENTICATING and new state=OBTAINING_IPADDR hidden=false
04-16 19:47:06.615  3496  3631 E WifiStateMachine: setDetailed state, old =OBTAINING_IPADDR and new state=CONNECTING hidden=false
04-16 19:47:06.620  3496  3631 D ConnectivityService: registerNetworkAgent NetworkAgentInfo{ ni{[type: WIFI[] - WIFI, state: CONNECTING/CONNECTING, reason: (unspecified), extra: "9902856467", roaming: false, failover: false, isAvailable: true, isConnectedToProvisioningNetwork: false]}  network{null}  lp{{LinkAddresses: []  Routes: [] DnsAddresses: [] Domains: null MTU: 0 TcpBufferSizes: 524288,1048576,4525824,524288,1048576,4525824}}  nc{[ Transports: WIFI Capabilities: INTERNET&NOT_RESTRICTED&TRUSTED&NOT_VPN LinkUpBandwidth>=1048576Kbps LinkDnBandwidth>=1048576Kbps]}  Score{60} validated{false} created{false} explicitlySelected{false} }
04-16 19:47:06.625  3496  3634 D ConnectivityService: hsengiv:checkWhatTypeOfNetwork and the value is false
04-16 19:47:06.625  3496  3634 E ConnectivityService: updateNetworkInfo()
04-16 19:47:06.625  3496  3634 D ConnectivityService: NetworkAgentInfo [WIFI () - 502] EVENT_NETWORK_INFO_CHANGED, going from null to CONNECTING, reason = null, [ Transports: WIFI Capabilities: INTERNET&NOT_RESTRICTED&TRUSTED&NOT_VPN LinkUpBandwidth>=1048576Kbps LinkDnBandwidth>=1048576Kbps]
04-16 19:47:06.625  3496  3631 E WifiStateMachine: L2ConnectedState 74:da:38:ca:96:f1 config "9902856467"WPA_PSK config.bssid null
04-16 19:47:06.625  3496  3631 E WifiStateMachine: L2ConnectedState "9902856467" nid=0
04-16 19:47:06.625  3496  3631 E WifiConfigStore: saveWifiConfigBSSID Setting BSSID for "9902856467"WPA_PSK to any
04-16 19:47:06.630  3700  3700 D StatusBar.NetworkController: NoService, mRoamingIconId = 0
04-16 19:47:06.630  3700  3700 D StatusBar.NetworkController: refreshViews connected={ } level=0 combinedSignalIconId=0x7f02069c/com.android.systemui:drawable/tw_stat_sys_signal_null mobileLabel=No service wifiLabel= emergencyOnly=false combinedLabel=No Internet connection mAirplaneMode=false mDataActivity=0 mPhoneSignalIconId=0x7f02069c/com.android.systemui:drawable/tw_stat_sys_signal_null mQSPhoneSignalIconId=0x7f02014f/com.android.systemui:drawable/ic_qs_signal_no_signal mDataDirectionIconId=0x0/(null) mDataSignalIconId=0x7f02069c/com.android.systemui:drawable/tw_stat_sys_signal_null mDataTypeIconId=0x0/(null) mQSDataTypeIconId=0x0/(null) mNoSimIconId=0x0/(null) mWifiIconId=0x7f020584/com.android.systemui:drawable/stat_sys_wifi_signal_null mQSWifiIconId=0x7f020160/com.android.systemui:drawable/ic_qs_wifi_no_network mWifiActivityIconId=0x0/(null) mBluetoothTetherIconId=0x10808ef/android:drawable/stat_sys_tether_bluetooth
04-16 19:47:06.630  3700  3700 D STATUSBAR-WifiQuickSettingButton: onWifiSignalChanged enabled=true enabledDesc:null
04-16 19:47:06.635  3496  3631 E WifiStateMachine: enter ObtainingIpState netId=0 "9902856467"WPA_PSK  roam=0 static=false watchdog= 0
04-16 19:47:06.635  3496  3631 E WifiStateMachine: ObtainingIpAddress 74:da:38:ca:96:f1 config "9902856467"WPA_PSK config.bssid any
04-16 19:47:06.635  3496  3631 E WifiStateMachine: ObtainingIpAddress "9902856467" nid=0
04-16 19:47:06.635  3496  3631 E WifiConfigStore: saveWifiConfigBSSID Setting BSSID for "9902856467"WPA_PSK to any
04-16 19:47:06.640  6432  6432 I Hs20UtilService: Starting #3
04-16 19:47:06.640  6432  6465 I Hs20UtilService: Message received 5007
04-16 19:47:06.645 29482 29482 D NearbySettings: MountReceiver.onReceive - ACTION: android.net.wifi.STATE_CHANGE
04-16 19:47:06.645 29482 29482 V NearbySettings: DMSUtil.isNetworkConnected - flag-null, state-null
04-16 19:47:06.645 29482 29482 I NearbySettings: DMSUtil.isNetworkConnected - WIFI: DISCONNECTED
04-16 19:47:06.645 29482 29482 I NearbySettings: DMSUtil.isNetworkConnected - P2P: IDLE
04-16 19:47:06.645 29482 29482 I NearbySettings: DMSUtil.isNetworkConnected - WIFI-false, Hotspot-false, P2P-false, Eth-false
04-16 19:47:06.645 29482 29482 I NearbySettings: MountReceiver.onReceive - Set preference state off
04-16 19:47:06.645 29482 31109 V NearbySettings: MountReceiver.mPrefHandler - 7002
04-16 19:47:06.645  2844  3361 D CommandListener: Setting iface cfg
04-16 19:47:06.655  3496  3631 E WifiStateMachine: Start Dhcp Watchdog 1
