04-16 19:47:14.618  2853  3305 V AwesomePlayer: setAudioSink
04-16 19:47:14.618  2853  3305 V StagefrightPlayer: setDataSource(35, 82592, 11242)
04-16 19:47:14.618  2853  3305 V AwesomePlayer: reset_l()
04-16 19:47:14.618  2853  3305 V AwesomePlayer: notifyListner_l() msg (8-MEDIA_STOPPED), ext1 (0), ext2 (0)
04-16 19:47:14.618  2853  3305 V AudioCache: notify(0xb050f290, 8, 0, 0)
04-16 19:47:14.618  2853  3305 V AudioCache: ignored
04-16 19:47:14.618  2853  3305 V AwesomePlayer: cancelPlayerEvents (keepNotifications=0)
04-16 19:47:14.618  2853  3305 V AwesomePlayer: mAudioTrackVector clear
04-16 19:47:14.618  2853  3305 V AwesomePlayer: reset_l() mAudioPlayer successfully deleted
04-16 19:47:14.618  2853  3305 V AwesomePlayer: mSecCapture clear
04-16 19:47:14.618  2853  3305 V AwesomePlayer: mSecMediaClock clear
04-16 19:47:14.618 31534 31534 I SA      : [SCU] isHaveSA() - false
04-16 19:47:14.618 31534 31534 I SA      : [TPM] getModelProperty : null
04-16 19:47:14.618 31534 31534 I SA      : [TPM] getCSCProperty : null
04-16 19:47:14.618  2853  3305 V AwesomePlayer: track of type 'audio/vorbis' does not publish bitrate
04-16 19:47:14.623  2853  3305 V AwesomePlayer: mBitrate = -1 bits/sec
04-16 19:47:14.623  2853  3305 I OggExtractor: OggSource::OggSource() mExtractor ref count = 4
04-16 19:47:14.623  2853  3305 V AwesomePlayer: current audio track index (0) is added to vector
04-16 19:47:14.623  2853  3305 V AwesomePlayer: setDataSource_l: Audio(1), Video(0)
04-16 19:47:14.623  2853  3305 I AwesomePlayer: checkRightsStatus is not necessary - AwesomePlayer::setDataSource_l
04-16 19:47:14.623  2853  3305 V MediaPlayerService: prepare
04-16 19:47:14.623  2853  3305 V AwesomePlayer: prepareAsync
04-16 19:47:14.623  2853  3305 V MediaPlayerService: wait for prepare
04-16 19:47:14.623  2853 31563 V AwesomePlayer: onPrepareAsyncEvent
04-16 19:47:14.623  2853 31563 I SecMediaClock: SecMediaClock constructor
04-16 19:47:14.623  2853 31563 I SecMediaClock: reset
04-16 19:47:14.623  2853 31563 I SecVideoCapture: SecVideoCapture constructor
04-16 19:47:14.623  2853 31563 I SecVideoCapture: reset
04-16 19:47:14.623  2853 31563 V AwesomePlayer: initAudioDecoder
04-16 19:47:14.623  2853 31563 V AwesomePlayer: checkOffloadExceptions is true
04-16 19:47:14.623  2853 31563 V AudioPolicyManager: isOffloadSupported: SR=44100, CM=0x3, Format=0x7000000, StreamType=-1, BitRate=4294967295, duration=552267 us, has_video=0
04-16 19:47:14.623  2853 31563 V AudioPolicyManager: isOffloadSupported: stream_type != MUSIC, returning false
04-16 19:47:14.623  2853 31563 I OMXCodec: Attempting to allocate OMX node 'OMX.google.vorbis.decoder'
04-16 19:47:14.623  2853 31563 I OMXCodec: Successfully allocated OMX node 'OMX.google.vorbis.decoder'
04-16 19:47:14.623  2853 31563 I OMXCodec: >>>UHQA initOutputFormat 16
04-16 19:47:14.623  2853 31563 I AwesomePlayer: Could not offload audio decode, try pcm offload
04-16 19:47:14.623  2853 31563 V AudioPolicyManager: isOffloadSupported: SR=44100, CM=0x1, Format=0x1, StreamType=-1, BitRate=4294967295, duration=552267 us, has_video=0
04-16 19:47:14.623  2853 31563 V AudioPolicyManager: isOffloadSupported: stream_type != MUSIC, returning false
04-16 19:47:14.623  2853 31563 I OMXCodec: [OMX.google.vorbis.decoder] OMXCodec::start mState=1
04-16 19:47:14.623  2853 31563 I OMXCodec: [OMX.google.vorbis.decoder] allocating 4 buffers of size 8192 on input port
04-16 19:47:14.623 31534 31534 I SA      : [DM] init START
04-16 19:47:14.623  2853 31563 I OMXCodec: [OMX.google.vorbis.decoder] allocating 4 buffers of size 32768 on output port
04-16 19:47:14.623  2853 31565 I OMXCodec: [OMX.google.vorbis.decoder] Now Idle. Component sends idle done Event 
04-16 19:47:14.623  3968 31382 D NfcService: index : 0
04-16 19:47:14.623  3968 31382 D NfcService: index : 1
04-16 19:47:14.623  3968 31382 D NfcService: call the commitRouting - NfcService
04-16 19:47:14.623  3968 31382 D SecNfcJni: RoutingManager::commitRouting
04-16 19:47:14.623  2853 31563 V AwesomePlayer: finishAsyncPrepare_l
04-16 19:47:14.623  2853 31563 V AwesomePlayer: notifyListner_l() msg (200-MEDIA_INFO), ext1 (973), ext2 (0)
04-16 19:47:14.623  2853 31563 V AudioCache: notify(0xb050f290, 200, 973, 0)
04-16 19:47:14.623  2853 31563 V AudioCache: ignored
04-16 19:47:14.623  2853 31563 V AwesomePlayer: notifyListner_l() msg (5-MEDIA_SET_VIDEO_SIZE), ext1 (0), ext2 (0)
04-16 19:47:14.623  2853 31563 V AudioCache: notify(0xb050f290, 5, 0, 0)
04-16 19:47:14.623  2853 31563 V AudioCache: ignored
04-16 19:47:14.623  2853 31563 V AwesomePlayer: notifyListner_l() msg (1-MEDIA_PREPARED), ext1 (0), ext2 (0)
04-16 19:47:14.623  2853 31563 V AudioCache: notify(0xb050f290, 1, 0, 0)
04-16 19:47:14.623  2853 31563 V AudioCache: prepared
04-16 19:47:14.623  2853  3305 V AudioCache: wait - success
04-16 19:47:14.623  2853  3305 V MediaPlayerService: start
04-16 19:47:14.623  2853  3305 V StagefrightPlayer: start
04-16 19:47:14.623  2853  3305 V AwesomePlayer: play
04-16 19:47:14.623  2853  3305 V AwesomePlayer: AwesomePlayer::play_l():: This is not a DRM content
04-16 19:47:14.623  2853  3305 V AwesomePlayer: startAudioPlayer_l, sendErrorNotification (0)
04-16 19:47:14.628  3968 31404 D SecNfcJni: RoutingManager::nfaEeCallback: NFA_EE_UPDATED_EVT
04-16 19:47:14.628 31534 31534 I SA      : [DM] This device is not a Vodafone
04-16 19:47:14.628 31534 31534 I SA      : checkReactivationActive for LOLLIPOP
04-16 19:47:14.628 31534 31534 I SA      : checkReactivationActive for reactiveActive
04-16 19:47:14.628 31534 31534 I SA      : setSupportRL : true
04-16 19:47:14.633  2853 31565 I OMXCodec: [OMX.google.vorbis.decoder] 0onCmdComplete  mState =  7
04-16 19:47:14.633  2853 31565 I OMXCodec: [OMX.google.vorbis.decoder] PORT_DISABLED(1)
04-16 19:47:14.633  2853 31565 I OMXCodec: >>>UHQA initOutputFormat 16
04-16 19:47:14.633  2853 31565 I OMXCodec: [OMX.google.vorbis.decoder] allocating 4 buffers of size 32768 on output port
04-16 19:47:14.633  2853  3305 I AudioPlayer: Audioplayer kKeyAudioPCMFormat:2, 1, 0
04-16 19:47:14.633  2853  3305 I AudioPlayer: Audioplayer kKeyAudioPCMFormat read fail(2, 1)
04-16 19:47:14.633  2853  3305 V AudioCache: open(44100, 2, 0x0, 1, 0)
04-16 19:47:14.633  2853  3305 V AwesomePlayer: notifyListner_l() msg (6-MEDIA_STARTED), ext1 (0), ext2 (0)
04-16 19:47:14.633  2853  3305 V AudioCache: notify(0xb050f290, 6, 0, 0)
04-16 19:47:14.633  2853  3305 V AudioCache: ignored
04-16 19:47:14.633  2853  3305 V AwesomePlayer: addBatteryData
04-16 19:47:14.633  2853 31567 I AudioPlayer: First fillBuffer call!!
04-16 19:47:14.633  2853 31567 I AudioPlayer: >>> setAudioEffect Read mAudioFormat : 1, event : 1347078729, value : -934492341
04-16 19:47:14.633  2853 31567 E AudioPlayer: >>> setAudioEffect Error mAudioFormat : 1, event : 1347078729, value : -934492341
04-16 19:47:14.633  2853  3305 V MediaPlayerService: wait for playback complete
04-16 19:47:14.638 31534 31534 I SA      : [SCU] isHaveSA() - false
04-16 19:47:14.638 31534 31534 I SA      : support phone number id : false
04-16 19:47:14.638 31534 31534 I SA      : [DM] init END
04-16 19:47:14.638 31534 31534 I SA      : [OR] onReceive log=[SA = 2.1.0088 V = 21 HWD = 2560X1440 4.0 dpi = 640  SIZE = 2 LOCALE = en_US CSC = TPA MCC = 0 MNC 0 T = user DEVICE = tre3g P = tre3gxx I = LRX22C M = SM-N910H OKLEFT false DIS LRX22C.N910HXXU1BOC5 PSS = 5.701614807006056  ]
04-16 19:47:14.638  3968  3968 W Settings: Setting device_provisioned has moved from android.provider.Settings.Secure to android.provider.Settings.Global.
04-16 19:47:14.638 30850 31380 D AWSDeviceFarmAndroidLib: setEnabled: nfc is: true
04-16 19:47:14.638 31534 31534 I SA      : [OR] onReceive Intent=[ conn.CONNECTIVITY_CHANGE. networkInfo:[type: WIFI[] - WIFI, state: CONNECTED/CONNECTED, reason: (unspecified), extra: "9902856467", roaming: false, failover: false, isAvailable: true, isConnectedToProvisioningNetwork: false] networkType:1 inetCondition:0 extraInfo:? isDefault:true ]
04-16 19:47:14.638 31534 31534 I SA      : [OR] == ACTION_CONNECTIVITY_CHANGE ==
04-16 19:47:14.638 30850 30850 D AatpDeviceManager: taskStatus update (d2bdffe5475c075cbd21b1ef6697ee75d2ccca24: {"result":"NFC enabled: true","state":2})
04-16 19:47:14.643  3496  3496 D LightsService: [api] [SvcLED] turnOff:: id = 4 (uid: 1000 pid: 3496) 
04-16 19:47:14.643 31534 31534 I SA      : [SLFUCHKMGR] constructor called
04-16 19:47:14.643  3496  3496 D LightsService: [SvcLED] setSvcLedStateLocked:: SvcLEDState : 0x0 -> 0x0 | SvcLED(id=4) set Off
04-16 19:47:14.648  3496  3578 D LightsService: [SvcLED] Lux failed to be updated in 700ms. -> handleForcedSvcLEDTasK
04-16 19:47:14.648  3496  3578 D LightsService: [SvcLED]  setSvcLedLightLocked :: Current SvcLED(id=3) maintains its priority right
04-16 19:47:14.648  2853 31565 I OMXCodec: [OMX.google.vorbis.decoder] End Of Stream
04-16 19:47:14.648  3700  3700 D PersonaManager: isKioskContainerExistOnDevice
04-16 19:47:14.648  3700  3700 D PersonaManager: isKioskContainerExistOnDevice
04-16 19:47:14.648  2853 31567 V AwesomePlayer: postAudioEOS delayUs (0)
04-16 19:47:14.648  3700  3700 I PhoneStatusBar: Icon Only
04-16 19:47:14.648  2853 31563 V AwesomePlayer: onCheckAudioStatus
04-16 19:47:14.648  2853 31563 V AwesomePlayer: onCheckAudioStatus() set AUDIO_AT_EOS flag
04-16 19:47:14.648  2853 31563 V AwesomePlayer: onStreamDone
04-16 19:47:14.648  2853 31563 V AwesomePlayer: MEDIA_PLAYBACK_COMPLETE
04-16 19:47:14.648  2853 31563 V AwesomePlayer: notifyListner_l() msg (2-MEDIA_PLAYBACK_COMPLETE), ext1 (0), ext2 (0)
04-16 19:47:14.648  2853 31563 V AudioCache: notify(0xb050f290, 2, 0, 0)
04-16 19:47:14.648  2853 31563 V AudioCache: playback complete - thread will wake up later
04-16 19:47:14.648  2853 31563 V AwesomePlayer: notifyListner_l() msg (7-MEDIA_PAUSED), ext1 (0), ext2 (0)
04-16 19:47:14.648  2853 31563 V AudioCache: notify(0xb050f290, 7, 0, 0)
04-16 19:47:14.648  2853 31563 V AudioCache: ignored
04-16 19:47:14.648  2853 31563 V AwesomePlayer: cancelPlayerEvents (keepNotifications=1)
04-16 19:47:14.648  2853 31563 V AwesomePlayer: addBatteryData
04-16 19:47:14.648  2853  3305 V AudioCache: wait - success
04-16 19:47:14.648  2853  3305 V StagefrightPlayer: reset
04-16 19:47:14.653  2853  3305 V AwesomePlayer: reset_l()
04-16 19:47:14.653  2853  3305 V AwesomePlayer: notifyListner_l() msg (8-MEDIA_STOPPED), ext1 (0), ext2 (0)
04-16 19:47:14.653  2853  3305 V AudioCache: notify(0xb050f290, 8, 0, 0)
04-16 19:47:14.653  2853  3305 V AudioCache: ignored
04-16 19:47:14.653  2853  3305 V AwesomePlayer: cancelPlayerEvents (keepNotifications=0)
04-16 19:47:14.653  2853  3305 V AwesomePlayer: mAudioTrackVector clear
04-16 19:47:14.653  2853  3305 I OMXCodec: [OMX.google.vorbis.decoder] stop mState=4
04-16 19:47:14.653  2853  3305 I OMXCodec: [OMX.google.vorbis.decoder] stop() sendCommand(0x135, OMX_CommandStateSet, OMX_StateIdle)
04-16 19:47:14.653  2853 31565 I OMXCodec: [OMX.google.vorbis.decoder] Now Idle. Component sends idle done Event 
04-16 19:47:14.653 31534 31534 I SA      : [TPMU]  strSIMState 	:SIM_STATE_ABSENT
04-16 19:47:14.653 31534 31534 I SA      : [OR] == isSIMCardReady false ==
04-16 19:47:14.653  2853  3305 I OMXCodec: [OMX.google.vorbis.decoder] stopOmxComponent_l() mstate = 1
04-16 19:47:14.653  2853  3305 I OggExtractor: OggSource::stop() mExtractor ref count = 1
04-16 19:47:14.653  2853  3305 I OggExtractor: OggSource::~OggSource() mExtractor !mStarted ref count = 1
04-16 19:47:14.653  2853  3305 I OggExtractor: ~OggSource --
04-16 19:47:14.653  2853  3305 I OggExtractor: ~OggExtractor ++
04-16 19:47:14.653  2853  3305 I OggExtractor: ~MyVorbisExtractor ++ 
04-16 19:47:14.653  2853  3305 I OggExtractor: ~MyVorbisExtractor --
04-16 19:47:14.653  2853  3305 I OggExtractor: ~OggExtractor --
04-16 19:47:14.658  2853  3305 I AudioPlayer: reset out
04-16 19:47:14.658  2853  3305 V AwesomePlayer: reset_l() mAudioPlayer successfully deleted
04-16 19:47:14.658 31534 31534 I SA      : [SCU] == networkStateCheck == true
04-16 19:47:14.658 31534 31534 I SA      : [DM] getCountryCodeFromCSC : PA
04-16 19:47:14.658 31534 31534 I SA      : isChinaCountryCode : false
04-16 19:47:14.658 31534 31534 I SA      : [SCU] is ChinestModel Data Restricted   : false
04-16 19:47:14.658 31534 31534 I SA      : [OR] == networkStateCheck true ==
04-16 19:47:14.658  2853  3305 I SecVideoCapture: SecVideoCapture destructor
04-16 19:47:14.658  2853  3305 I SecVideoCapture: reset
04-16 19:47:14.658  2853  3305 V AwesomePlayer: mSecCapture clear
04-16 19:47:14.658  2853  3305 I SecMediaClock: SecMediaClock destructor
04-16 19:47:14.658  2853  3305 V AwesomePlayer: mSecMediaClock clear
04-16 19:47:14.658  2853  3305 V StagefrightPlayer: ~StagefrightPlayer
04-16 19:47:14.658  2853  3305 V StagefrightPlayer: reset
04-16 19:47:14.658  2853  3305 V AwesomePlayer: reset_l()
04-16 19:47:14.658  2853  3305 V AwesomePlayer: notifyListner_l() msg (8-MEDIA_STOPPED), ext1 (0), ext2 (0)
04-16 19:47:14.658  2853  3305 V AwesomePlayer: cancelPlayerEvents (keepNotifications=0)
04-16 19:47:14.658  2853  3305 V AwesomePlayer: mAudioTrackVector clear
04-16 19:47:14.658  2853  3305 V AwesomePlayer: reset_l() mAudioPlayer successfully deleted
04-16 19:47:14.658  2853  3305 V AwesomePlayer: mSecCapture clear
04-16 19:47:14.658  2853  3305 V AwesomePlayer: mSecMediaClock clear
04-16 19:47:14.658  2853  3305 V AwesomePlayer: destructor
04-16 19:47:14.658  2853  3305 V AwesomePlayer: reset_l()
04-16 19:47:14.658  2853  3305 V AwesomePlayer: notifyListner_l() msg (8-MEDIA_STOPPED), ext1 (0), ext2 (0)
04-16 19:47:14.658  2853  3305 V AwesomePlayer: cancelPlayerEvents (keepNotifications=0)
04-16 19:47:14.658  2853  3305 V AwesomePlayer: mAudioTrackVector clear
04-16 19:47:14.658  2853  3305 V AwesomePlayer: reset_l() mAudioPlayer successfully deleted
04-16 19:47:14.658  2853  3305 V AwesomePlayer: mSecCapture clear
04-16 19:47:14.658  2853  3305 V AwesomePlayer: mSecMediaClock clear
04-16 19:47:14.658  3968 31553 V MediaPlayer: decode(37, 93884, 12070)
04-16 19:47:14.658  2853  3365 V MediaPlayerService: decode(36, 93884, 12070)
04-16 19:47:14.658  2853  3365 V MediaPlayerService: player type = 3
04-16 19:47:14.658  2853  3365 V AwesomePlayer: setDefault
04-16 19:47:14.658  2853  3365 V AwesomePlayer: constructor
04-16 19:47:14.658  2853  3365 V AwesomePlayer: setDefault
04-16 19:47:14.658  2853  3365 V AwesomePlayer: reset_l()
04-16 19:47:14.658  2853  3365 V AwesomePlayer: notifyListner_l() msg (8-MEDIA_STOPPED), ext1 (0), ext2 (0)
04-16 19:47:14.658  2853  3365 V AwesomePlayer: cancelPlayerEvents (keepNotifications=0)
04-16 19:47:14.658  2853  3365 V AwesomePlayer: mAudioTrackVector clear
04-16 19:47:14.658  2853  3365 V AwesomePlayer: reset_l() mAudioPlayer successfully deleted
04-16 19:47:14.658  2853  3365 V AwesomePlayer: mSecCapture clear
04-16 19:47:14.658  2853  3365 V AwesomePlayer: mSecMediaClock clear
04-16 19:47:14.658  2853  3365 V StagefrightPlayer: StagefrightPlayer
04-16 19:47:14.658  2853  3365 V AwesomePlayer: setListener
04-16 19:47:14.658  2853  3365 V StagefrightPlayer: initCheck
04-16 19:47:14.658  2853  3365 V AwesomePlayer: setAudioSink
04-16 19:47:14.658  2853  3365 V StagefrightPlayer: setDataSource(36, 93884, 12070)
04-16 19:47:14.658  2853  3365 V AwesomePlayer: reset_l()
04-16 19:47:14.658  2853  3365 V AwesomePlayer: notifyListner_l() msg (8-MEDIA_STOPPED), ext1 (0), ext2 (0)
04-16 19:47:14.658  2853  3365 V AudioCache: notify(0xaea1be70, 8, 0, 0)
04-16 19:47:14.658  2853  3365 V AudioCache: ignored
04-16 19:47:14.658  2853  3365 V AwesomePlayer: cancelPlayerEvents (keepNotifications=0)
04-16 19:47:14.658  2853  3365 V AwesomePlayer: mAudioTrackVector clear
04-16 19:47:14.658  2853  3365 V AwesomePlayer: reset_l() mAudioPlayer successfully deleted
04-16 19:47:14.658  2853  3365 V AwesomePlayer: mSecCapture clear
04-16 19:47:14.658  2853  3365 V AwesomePlayer: mSecMediaClock clear
04-16 19:47:14.663  2853  3365 V AwesomePlayer: track of type 'audio/vorbis' does not publish bitrate
04-16 19:47:14.663  2853  3365 V AwesomePlayer: mBitrate = -1 bits/sec
04-16 19:47:14.663  2853  3365 I OggExtractor: OggSource::OggSource() mExtractor ref count = 4
04-16 19:47:14.663  2853  3365 V AwesomePlayer: current audio track index (0) is added to vector
04-16 19:47:14.663  2853  3365 V AwesomePlayer: setDataSource_l: Audio(1), Video(0)
04-16 19:47:14.663  2853  3365 I AwesomePlayer: checkRightsStatus is not necessary - AwesomePlayer::setDataSource_l
04-16 19:47:14.663  2853  3365 V MediaPlayerService: prepare
04-16 19:47:14.663  2853  3365 V AwesomePlayer: prepareAsync
04-16 19:47:14.663  2853  3365 V MediaPlayerService: wait for prepare
04-16 19:47:14.663  2853 31569 V AwesomePlayer: onPrepareAsyncEvent
04-16 19:47:14.663  2853 31569 I SecMediaClock: SecMediaClock constructor
04-16 19:47:14.663  2853 31569 I SecMediaClock: reset
04-16 19:47:14.663  2853 31569 I SecVideoCapture: SecVideoCapture constructor
04-16 19:47:14.663  2853 31569 I SecVideoCapture: reset
04-16 19:47:14.663  2853 31569 V AwesomePlayer: initAudioDecoder
04-16 19:47:14.663  2853 31569 V AwesomePlayer: checkOffloadExceptions is true
04-16 19:47:14.663  2853 31569 V AudioPolicyManager: isOffloadSupported: SR=44100, CM=0x3, Format=0x7000000, StreamType=-1, BitRate=4294967295, duration=572403 us, has_video=0
04-16 19:47:14.663  2853 31569 V AudioPolicyManager: isOffloadSupported: stream_type != MUSIC, returning false
04-16 19:47:14.663  2853 31569 I OMXCodec: Attempting to allocate OMX node 'OMX.google.vorbis.decoder'
04-16 19:47:14.663  2853 31569 I OMXCodec: Successfully allocated OMX node 'OMX.google.vorbis.decoder'
04-16 19:47:14.663  2853 31569 I OMXCodec: >>>UHQA initOutputFormat 16
04-16 19:47:14.663  2853 31569 I AwesomePlayer: Could not offload audio decode, try pcm offload
04-16 19:47:14.663  2853 31569 V AudioPolicyManager: isOffloadSupported: SR=44100, CM=0x1, Format=0x1, StreamType=-1, BitRate=4294967295, duration=572403 us, has_video=0
04-16 19:47:14.663  2853 31569 V AudioPolicyManager: isOffloadSupported: stream_type != MUSIC, returning false
04-16 19:47:14.663  2853 31569 I OMXCodec: [OMX.google.vorbis.decoder] OMXCodec::start mState=1
04-16 19:47:14.663  2853 31569 I OMXCodec: [OMX.google.vorbis.decoder] allocating 4 buffers of size 8192 on input port
04-16 19:47:14.663  2853 31569 I OMXCodec: [OMX.google.vorbis.decoder] allocating 4 buffers of size 32768 on output port
04-16 19:47:14.663  3700  3700 I StatusBar: Icon Only
04-16 19:47:14.668 31534 31534 I SA      : [OR] GetMyCountryZoneTask
04-16 19:47:14.668 31534 31534 I SA      : [OR] onReceive END
04-16 19:47:14.668  2853 31571 I OMXCodec: [OMX.google.vorbis.decoder] Now Idle. Component sends idle done Event 
04-16 19:47:14.668  2853 31569 V AwesomePlayer: finishAsyncPrepare_l
04-16 19:47:14.668  2853 31569 V AwesomePlayer: notifyListner_l() msg (200-MEDIA_INFO), ext1 (973), ext2 (0)
04-16 19:47:14.668  2853 31569 V AudioCache: notify(0xaea1be70, 200, 973, 0)
04-16 19:47:14.668  2853 31569 V AudioCache: ignored
04-16 19:47:14.668  2853 31569 V AwesomePlayer: notifyListner_l() msg (5-MEDIA_SET_VIDEO_SIZE), ext1 (0), ext2 (0)
04-16 19:47:14.668  2853 31569 V AudioCache: notify(0xaea1be70, 5, 0, 0)
04-16 19:47:14.668  2853 31569 V AudioCache: ignored
04-16 19:47:14.668  2853 31569 V AwesomePlayer: notifyListner_l() msg (1-MEDIA_PREPARED), ext1 (0), ext2 (0)
04-16 19:47:14.668  2853 31569 V AudioCache: notify(0xaea1be70, 1, 0, 0)
04-16 19:47:14.668  2853 31569 V AudioCache: prepared
04-16 19:47:14.668  2853  3365 V AudioCache: wait - success
04-16 19:47:14.668  2853  3365 V MediaPlayerService: start
04-16 19:47:14.668  2853  3365 V StagefrightPlayer: start
04-16 19:47:14.668  3700  3700 D PanelView: There is/are notification(s) 
04-16 19:47:14.668  2853  3365 V AwesomePlayer: play
04-16 19:47:14.668  2853  3365 V AwesomePlayer: AwesomePlayer::play_l():: This is not a DRM content
04-16 19:47:14.668  2853  3365 V AwesomePlayer: startAudioPlayer_l, sendErrorNotification (0)
04-16 19:47:14.673  2853 31571 I OMXCodec: [OMX.google.vorbis.decoder] 0onCmdComplete  mState =  7
04-16 19:47:14.673  2853 31571 I OMXCodec: [OMX.google.vorbis.decoder] PORT_DISABLED(1)
04-16 19:47:14.673  2853 31571 I OMXCodec: >>>UHQA initOutputFormat 16
04-16 19:47:14.673  2853 31571 I OMXCodec: [OMX.google.vorbis.decoder] allocating 4 buffers of size 32768 on output port
04-16 19:47:14.673  3700  3700 D PanelView: There is/are notification(s) 
04-16 19:47:14.673 31534 31572 I SA      : [SRS] prepareGetMyCountryZone
04-16 19:47:14.678  3700  3700 D PersonaManager: isKioskContainerExistOnDevice
04-16 19:47:14.678  3700  3700 I PhoneStatusBar: Icon Only
04-16 19:47:14.678  3700  3700 I StatusBar: Icon Only
04-16 19:47:14.678  3700  3700 D PanelView: There is/are notification(s) 
04-16 19:47:14.678  2853  3365 I AudioPlayer: Audioplayer kKeyAudioPCMFormat:2, 1, 0
04-16 19:47:14.678  2853  3365 I AudioPlayer: Audioplayer kKeyAudioPCMFormat read fail(2, 1)
04-16 19:47:14.678  2853  3365 V AudioCache: open(44100, 2, 0x0, 1, 0)
04-16 19:47:14.678  5489  5489 V DownloadManager: onReceive intent + android.net.conn.CONNECTIVITY_CHANGE
04-16 19:47:14.678  2853  3365 V AwesomePlayer: notifyListner_l() msg (6-MEDIA_STARTED), ext1 (0), ext2 (0)
04-16 19:47:14.678  2853  3365 V AudioCache: notify(0xaea1be70, 6, 0, 0)
04-16 19:47:14.678  2853  3365 V AudioCache: ignored
04-16 19:47:14.678  2853  3365 V AwesomePlayer: addBatteryData
04-16 19:47:14.678  2853 31574 I AudioPlayer: First fillBuffer call!!
04-16 19:47:14.678  2853 31574 I AudioPlayer: >>> setAudioEffect Read mAudioFormat : 1, event : 1371687361, value : -825995581
04-16 19:47:14.678  2853 31574 E AudioPlayer: >>> setAudioEffect Error mAudioFormat : 1, event : 1371687361, value : -825995581
04-16 19:47:14.683 31534 31572 I SA      : [TPMU]  strSIMState 	:SIM_STATE_ABSENT
04-16 19:47:14.683 31534 31572 I SA      : [SSP] query invoked
04-16 19:47:14.688  2853  3365 V MediaPlayerService: wait for playback complete
04-16 19:47:14.688 31534 31572 I SA      : [TPMU] GetMccFromDB : null
04-16 19:47:14.688 31534 31572 I SA      : [SCU] getMccFromPreferece mcc = 316
04-16 19:47:14.688 31534 31572 I SA      : [TPM] isNoProxy(default) : true
04-16 19:47:14.693  2853 31571 I OMXCodec: [OMX.google.vorbis.decoder] End Of Stream
04-16 19:47:14.693  2853 31574 V AwesomePlayer: postAudioEOS delayUs (0)
04-16 19:47:14.693  2853 31569 V AwesomePlayer: onCheckAudioStatus
04-16 19:47:14.693  2853 31569 V AwesomePlayer: onCheckAudioStatus() set AUDIO_AT_EOS flag
04-16 19:47:14.693  2853 31569 V AwesomePlayer: onStreamDone
04-16 19:47:14.693  2853 31569 V AwesomePlayer: MEDIA_PLAYBACK_COMPLETE
04-16 19:47:14.693  2853 31569 V AwesomePlayer: notifyListner_l() msg (2-MEDIA_PLAYBACK_COMPLETE), ext1 (0), ext2 (0)
04-16 19:47:14.693  2853 31569 V AudioCache: notify(0xaea1be70, 2, 0, 0)
04-16 19:47:14.693  2853 31569 V AudioCache: playback complete - thread will wake up later
04-16 19:47:14.693  2853 31569 V AwesomePlayer: notifyListner_l() msg (7-MEDIA_PAUSED), ext1 (0), ext2 (0)
04-16 19:47:14.693  2853 31569 V AudioCache: notify(0xaea1be70, 7, 0, 0)
04-16 19:47:14.693  2853 31569 V AudioCache: ignored
04-16 19:47:14.693  2853 31569 V AwesomePlayer: cancelPlayerEvents (keepNotifications=1)
04-16 19:47:14.693  2853 31569 V AwesomePlayer: addBatteryData
04-16 19:47:14.698  2853  3365 V AudioCache: wait - success
04-16 19:47:14.698  2853  3365 V StagefrightPlayer: reset
04-16 19:47:14.698  2853  3365 V AwesomePlayer: reset_l()
04-16 19:47:14.698 31501 31501 W DynamiteModule: Local module descriptor class for providerinstaller not found.
04-16 19:47:14.698  2853  3365 V AwesomePlayer: notifyListner_l() msg (8-MEDIA_STOPPED), ext1 (0), ext2 (0)
04-16 19:47:14.698  2853  3365 V AudioCache: notify(0xaea1be70, 8, 0, 0)
04-16 19:47:14.698  2853  3365 V AudioCache: ignored
04-16 19:47:14.698  2853  3365 V AwesomePlayer: cancelPlayerEvents (keepNotifications=0)
04-16 19:47:14.698  2853  3365 V AwesomePlayer: mAudioTrackVector clear
04-16 19:47:14.698  2853  3365 I OMXCodec: [OMX.google.vorbis.decoder] stop mState=4
04-16 19:47:14.698  2853  3365 I OMXCodec: [OMX.google.vorbis.decoder] stop() sendCommand(0x136, OMX_CommandStateSet, OMX_StateIdle)
04-16 19:47:14.698  2853 31571 I OMXCodec: [OMX.google.vorbis.decoder] Now Idle. Component sends idle done Event 
04-16 19:47:14.703  2853  3365 I OMXCodec: [OMX.google.vorbis.decoder] stopOmxComponent_l() mstate = 1
04-16 19:47:14.703  2853  3365 I OggExtractor: OggSource::stop() mExtractor ref count = 1
04-16 19:47:14.703  2853  3365 I OggExtractor: OggSource::~OggSource() mExtractor !mStarted ref count = 1
04-16 19:47:14.703  2853  3365 I OggExtractor: ~OggSource --
04-16 19:47:14.703  2853  3365 I OggExtractor: ~OggExtractor ++
04-16 19:47:14.703  2853  3365 I OggExtractor: ~MyVorbisExtractor ++ 
04-16 19:47:14.703  2853  3365 I OggExtractor: ~MyVorbisExtractor --
04-16 19:47:14.703  2853  3365 I OggExtractor: ~OggExtractor --
04-16 19:47:14.703  2853  3365 I AudioPlayer: reset out
04-16 19:47:14.703  2853  3365 V AwesomePlayer: reset_l() mAudioPlayer successfully deleted
04-16 19:47:14.703  2853  3365 I SecVideoCapture: SecVideoCapture destructor
04-16 19:47:14.703  2853  3365 I SecVideoCapture: reset
04-16 19:47:14.703  2853  3365 V AwesomePlayer: mSecCapture clear
04-16 19:47:14.703  2853  3365 I SecMediaClock: SecMediaClock destructor
04-16 19:47:14.703  2853  3365 V AwesomePlayer: mSecMediaClock clear
04-16 19:47:14.703  3496  3527 E ActivityManager: checkUser: useridlist=null, currentuser=0
04-16 19:47:14.703  2853  3365 V StagefrightPlayer: ~StagefrightPlayer
04-16 19:47:14.703  3496  3527 E ActivityManager: checkUser: useridlist=null, currentuser=0
04-16 19:47:14.703  2853  3365 V StagefrightPlayer: reset
04-16 19:47:14.703  3496  3527 E ActivityManager: checkUser: useridlist=null, currentuser=0
04-16 19:47:14.703  2853  3365 V AwesomePlayer: reset_l()
04-16 19:47:14.703  3496  3527 E ActivityManager: checkUser: useridlist=null, currentuser=0
04-16 19:47:14.703  2853  3365 V AwesomePlayer: notifyListner_l() msg (8-MEDIA_STOPPED), ext1 (0), ext2 (0)
04-16 19:47:14.703  2853  3365 V AwesomePlayer: cancelPlayerEvents (keepNotifications=0)
04-16 19:47:14.703  2853  3365 V AwesomePlayer: mAudioTrackVector clear
04-16 19:47:14.703  2853  3365 V AwesomePlayer: reset_l() mAudioPlayer successfully deleted
04-16 19:47:14.703  2853  3365 V AwesomePlayer: mSecCapture clear
04-16 19:47:14.703  2853  3365 V AwesomePlayer: mSecMediaClock clear
04-16 19:47:14.703  2853  3365 V AwesomePlayer: destructor
04-16 19:47:14.703  2853  3365 V AwesomePlayer: reset_l()
04-16 19:47:14.703  2853  3365 V AwesomePlayer: notifyListner_l() msg (8-MEDIA_STOPPED), ext1 (0), ext2 (0)
04-16 19:47:14.703  2853  3365 V AwesomePlayer: cancelPlayerEvents (keepNotifications=0)
04-16 19:47:14.703  2853  3365 V AwesomePlayer: mAudioTrackVector clear
04-16 19:47:14.703  2853  3365 V AwesomePlayer: reset_l() mAudioPlayer successfully deleted
04-16 19:47:14.703  2853  3365 V AwesomePlayer: mSecCapture clear
04-16 19:47:14.703  2853  3365 V AwesomePlayer: mSecMediaClock clear
04-16 19:47:14.713  3496  5392 I System.out: AsyncTask #6 calls detatch()
04-16 19:47:14.713  3496  5392 W System.err: javax.net.ssl.SSLPeerUnverifiedException: No peer certificate
04-16 19:47:14.713  3496  5392 W System.err: 	at com.android.org.conscrypt.SSLNullSession.getPeerCertificates(SSLNullSession.java:104)
04-16 19:47:14.713  3496  5392 W System.err: 	at org.apache.http.conn.ssl.AbstractVerifier.verify(AbstractVerifier.java:93)
04-16 19:47:14.713  3496  5392 W System.err: 	at org.apache.http.conn.ssl.SSLSocketFactory.createSocket(SSLSocketFactory.java:388)
04-16 19:47:14.713  3496  5392 W System.err: 	at org.apache.http.impl.conn.DefaultClientConnectionOperator.openConnection(DefaultClientConnectionOperator.java:214)
04-16 19:47:14.718  3496  5392 W System.err: 	at org.apache.http.impl.conn.AbstractPoolEntry.open(AbstractPoolEntry.java:167)
04-16 19:47:14.718  3496  5392 W System.err: 	at org.apache.http.impl.conn.AbstractPooledConnAdapter.open(AbstractPooledConnAdapter.java:125)
04-16 19:47:14.718  3496  5392 W System.err: 	at org.apache.http.impl.client.DefaultRequestDirector.executeOriginal(DefaultRequestDirector.java:1288)
04-16 19:47:14.718  3496  5392 W System.err: 	at org.apache.http.impl.client.DefaultRequestDirector.execute(DefaultRequestDirector.java:700)
04-16 19:47:14.718  3496  5392 W System.err: 	at org.apache.http.impl.client.AbstractHttpClient.execute(AbstractHttpClient.java:691)
04-16 19:47:14.718  3496  5392 W System.err: 	at org.apache.http.impl.client.AbstractHttpClient.execute(AbstractHttpClient.java:514)
04-16 19:47:14.718  3496  5392 W System.err: 	at org.apache.http.impl.client.AbstractHttpClient.execute(AbstractHttpClient.java:492)
04-16 19:47:14.718  3496  5392 W System.err: 	at a.d.b(Unknown Source)
04-16 19:47:14.718  3496  5392 W System.err: 	at a.d.doInBackground(Unknown Source)
04-16 19:47:14.718  3496  5392 W System.err: 	at android.os.AsyncTask$2.call(AsyncTask.java:288)
04-16 19:47:14.718  3496  5392 W System.err: 	at java.util.concurrent.FutureTask.run(FutureTask.java:237)
04-16 19:47:14.718  3496  5392 W System.err: 	at android.os.AsyncTask$SerialExecutor$1.run(AsyncTask.java:231)
04-16 19:47:14.718  3496  5392 W System.err: 	at java.util.concurrent.ThreadPoolExecutor.runWorker(ThreadPoolExecutor.java:1112)
04-16 19:47:14.718  3496  5392 W System.err: 	at java.util.concurrent.ThreadPoolExecutor$Worker.run(ThreadPoolExecutor.java:587)
04-16 19:47:14.718  3496  5392 W System.err: 	at java.lang.Thread.run(Thread.java:818)
04-16 19:47:14.718 31578 31578 E Zygote  : MountEmulatedStorage()
04-16 19:47:14.718 31578 31578 E Zygote  : v2
04-16 19:47:14.718 31578 31578 I libpersona: KNOX_SDCARD checking this for 10067
04-16 19:47:14.718 31578 31578 I libpersona: KNOX_SDCARD not a persona
04-16 19:47:14.718 31578 31578 I SELinux : Function: selinux_compare_spd_ram , priority [2] , priority version is VE=SEPF_SM-N910H_5.0.1_0009
04-16 19:47:14.718 31578 31578 E SELinux : [DEBUG] get_category: variable seinfo: platform sensitivity: NULL, cateogry: NULL
04-16 19:47:14.723  3496  3527 I ActivityManager: Start proc com.samsung.android.scloud.backup for broadcast com.samsung.android.scloud.backup/.SCloudBackupReceiver: pid=31578 uid=10067 gids={50067, 9997, 1028, 1015, 3003} abi=armeabi-v7a
04-16 19:47:14.728 31501 31501 W ProviderHelper: Unknown dynamite feature providerinstaller
04-16 19:47:14.728 31501 31501 I DynamiteModule: Considering local module providerinstaller:0 and remote module providerinstaller:0
04-16 19:47:14.728 31501 31501 W ProviderInstaller: Failed to load providerinstaller module: No acceptable module found. Local version is 0 and remote version is 0.
04-16 19:47:14.728 31501 31501 V NativeCrypto: Registering com/google/android/gms/org/conscrypt/NativeCrypto's 287 native methods...
04-16 19:47:14.743 31501 31501 I art     : Rejecting re-init on previously-failed class java.lang.Class<com.google.android.gms.org.conscrypt.Java7ExtendedSSLSession>
04-16 19:47:14.743 31501 31501 I art     : Rejecting re-init on previously-failed class java.lang.Class<com.google.android.gms.org.conscrypt.Java7ExtendedSSLSession>
04-16 19:47:14.743 31501 31501 I art     : Rejecting re-init on previously-failed class java.lang.Class<com.google.android.gms.org.conscrypt.Java8ExtendedSSLSession>
04-16 19:47:14.743 31501 31501 I art     : Rejecting re-init on previously-failed class java.lang.Class<com.google.android.gms.org.conscrypt.Java8ExtendedSSLSession>
04-16 19:47:14.743  3700  3700 D PanelView: mClearAll.setVisibility - mIsFullyOpened : false isShade : true mHasNotification : true mIsUpwardFling : false mQsFullyExpanded : true isShadeLocked : false mClearAllVisible : false
04-16 19:47:14.743 31578 31578 D TimaKeyStoreProvider: TimaSignature is unavailable
04-16 19:47:14.748 31578 31578 D ActivityThread: Added TimaKeyStore provider
04-16 19:47:14.748 30850 31594 D Aatp    : /task/d2bdffe5475c075cbd21b1ef6697ee75d2ccca24/status
04-16 19:47:14.758  3496  3631 D WifiStateMachine: updateConfiguredNetworkExpiration - currTime: 1555458434759
04-16 19:47:14.758  3496  3631 D WifiStateMachine: updateConfiguredNetworkExpiration - AP, "9902856467", is not shared AP.
04-16 19:47:14.758  3700  3700 D PanelView: mClearAll.setVisibility - mIsFullyOpened : false isShade : true mHasNotification : true mIsUpwardFling : false mQsFullyExpanded : true isShadeLocked : false mClearAllVisible : false
04-16 19:47:14.763 31501 31501 W ActivityThread: ClassLoader.loadClass: The class loader returned by Thread.getContextClassLoader() may fail for processes that host multiple applications. You should explicitly specify a context class loader. For example: Thread.setContextClassLoader(getClass().getClassLoader());
04-16 19:47:14.763 31501 31501 W System  : Could not create com.google.android.gms.org.conscrypt.OpenSSLSocketFactoryImpl with ClassLoader android.app.LoadedApk$WarningContextClassLoader@1a4e6ebf: com.google.android.gms.org.conscrypt.OpenSSLSocketFactoryImpl
04-16 19:47:14.763 31501 31501 I ProviderInstaller: Installed default security provider GmsCore_OpenSSL
04-16 19:47:14.763 31415 31476 I System.out: Thread-4694 calls detatch()
04-16 19:47:14.773 31578 31578 D ResourcesManager: creating new AssetManager and set to /system/priv-app/sCloudBackupApp/sCloudBackupApp.apk
04-16 19:47:14.773 31415 31415 D [SAUI]  : countrySearchEx
04-16 19:47:14.773 31415 31415 D InitializeManagerStateMachine: execute::COUNTRY_SEARCH:COUNTRY_SEARCH_FAILED
04-16 19:47:14.773 31415 31415 D InitializeManagerStateMachine: exit::COUNTRY_SEARCH
04-16 19:47:14.773 31415 31415 D InitializeManagerStateMachine: entry::FAILED
04-16 19:47:14.773 31415 31415 D hcjo    : AutoUpdateManager:INITCHECK:onInitializeFailed
04-16 19:47:14.773 31415 31415 D InitializeManagerStateMachine: exit::FAILED
04-16 19:47:14.773 31415 31415 D InitializeManagerStateMachine: entry::IDLE
04-16 19:47:14.778  3496  5392 I System.out: AsyncTask #6 calls detatch()
04-16 19:47:14.778  3496  5392 W System.err: javax.net.ssl.SSLPeerUnverifiedException: No peer certificate
04-16 19:47:14.778  3496  5392 W System.err: 	at com.android.org.conscrypt.SSLNullSession.getPeerCertificates(SSLNullSession.java:104)
04-16 19:47:14.778  3496  5392 W System.err: 	at org.apache.http.conn.ssl.AbstractVerifier.verify(AbstractVerifier.java:93)
04-16 19:47:14.778  3496  5392 W System.err: 	at org.apache.http.conn.ssl.SSLSocketFactory.createSocket(SSLSocketFactory.java:388)
04-16 19:47:14.778  3496  5392 W System.err: 	at org.apache.http.impl.conn.DefaultClientConnectionOperator.openConnection(DefaultClientConnectionOperator.java:214)
04-16 19:47:14.778  3496  5392 W System.err: 	at org.apache.http.impl.conn.AbstractPoolEntry.open(AbstractPoolEntry.java:167)
04-16 19:47:14.778  3496  5392 W System.err: 	at org.apache.http.impl.conn.AbstractPooledConnAdapter.open(AbstractPooledConnAdapter.java:125)
04-16 19:47:14.778  3496  5392 W System.err: 	at org.apache.http.impl.client.DefaultRequestDirector.executeOriginal(DefaultRequestDirector.java:1288)
04-16 19:47:14.778  3496  5392 W System.err: 	at org.apache.http.impl.client.DefaultRequestDirector.execute(DefaultRequestDirector.java:700)
04-16 19:47:14.778  3496  5392 W System.err: 	at org.apache.http.impl.client.AbstractHttpClient.execute(AbstractHttpClient.java:691)
04-16 19:47:14.778  3496  5392 W System.err: 	at org.apache.http.impl.client.AbstractHttpClient.execute(AbstractHttpClient.java:514)
04-16 19:47:14.778  3496  5392 W System.err: 	at org.apache.http.impl.client.AbstractHttpClient.execute(AbstractHttpClient.java:492)
04-16 19:47:14.778  3496  5392 W System.err: 	at a.d.b(Unknown Source)
04-16 19:47:14.778  3496  5392 W System.err: 	at a.d.doInBackground(Unknown Source)
04-16 19:47:14.778  3496  5392 W System.err: 	at android.os.AsyncTask$2.call(AsyncTask.java:288)
04-16 19:47:14.778  3496  5392 W System.err: 	at java.util.concurrent.FutureTask.run(FutureTask.java:237)
04-16 19:47:14.778  3496  5392 W System.err: 	at android.os.AsyncTask$SerialExecutor$1.run(AsyncTask.java:231)
04-16 19:47:14.778  3496  5392 W System.err: 	at java.util.concurrent.ThreadPoolExecutor.runWorker(ThreadPoolExecutor.java:1112)
04-16 19:47:14.778  3496  5392 W System.err: 	at java.util.concurrent.ThreadPoolExecutor$Worker.run(ThreadPoolExecutor.java:587)
04-16 19:47:14.778  3496  5392 W System.err: 	at java.lang.Thread.run(Thread.java:818)
04-16 19:47:14.778  3496  4107 I ActivityManager: Killing 29248:com.sec.android.gallery3d/u0a50 (adj 15): bgCount ##31
04-16 19:47:14.793  3496  3568 D AutomaticBrightnessController: mCallbacks.updateBrightness()
04-16 19:47:14.793  3496  3568 D DisplayPowerController: getFinalBrightness : 4 -> 4
04-16 19:47:14.793  3496  3568 D DisplayPowerController: animation target = 4, rate=500 (PSM:false, AB limit:(-1 ~ -1) MB Limit:(-1 ~ -1) MAdj:(0, (0, 255)))
04-16 19:47:14.848 31501 31501 W Primes  : Primes not initialized, returning default (no-op) Primes instance which will ignore all calls. Please call Primes.initialize(...) before using any Primes API.
04-16 19:47:14.848  3496  5392 I System.out: AsyncTask #6 calls detatch()
04-16 19:47:14.848  3496  5392 W System.err: javax.net.ssl.SSLPeerUnverifiedException: No peer certificate
04-16 19:47:14.848  3496  5392 W System.err: 	at com.android.org.conscrypt.SSLNullSession.getPeerCertificates(SSLNullSession.java:104)
04-16 19:47:14.848  3496  5392 W System.err: 	at org.apache.http.conn.ssl.AbstractVerifier.verify(AbstractVerifier.java:93)
04-16 19:47:14.848  3496  5392 W System.err: 	at org.apache.http.conn.ssl.SSLSocketFactory.createSocket(SSLSocketFactory.java:388)
04-16 19:47:14.848  3496  5392 W System.err: 	at org.apache.http.impl.conn.DefaultClientConnectionOperator.openConnection(DefaultClientConnectionOperator.java:214)
04-16 19:47:14.848  3496  5392 W System.err: 	at org.apache.http.impl.conn.AbstractPoolEntry.open(AbstractPoolEntry.java:167)
04-16 19:47:14.848  3496  5392 W System.err: 	at org.apache.http.impl.conn.AbstractPooledConnAdapter.open(AbstractPooledConnAdapter.java:125)
04-16 19:47:14.848  3496  5392 W System.err: 	at org.apache.http.impl.client.DefaultRequestDirector.executeOriginal(DefaultRequestDirector.java:1288)
04-16 19:47:14.848  3496  5392 W System.err: 	at org.apache.http.impl.client.DefaultRequestDirector.execute(DefaultRequestDirector.java:700)
04-16 19:47:14.848  3496  5392 W System.err: 	at org.apache.http.impl.client.AbstractHttpClient.execute(AbstractHttpClient.java:691)
04-16 19:47:14.848  3496  5392 W System.err: 	at org.apache.http.impl.client.AbstractHttpClient.execute(AbstractHttpClient.java:514)
04-16 19:47:14.848  3496  5392 W System.err: 	at org.apache.http.impl.client.AbstractHttpClient.execute(AbstractHttpClient.java:492)
04-16 19:47:14.848  3496  5392 W System.err: 	at a.d.b(Unknown Source)
04-16 19:47:14.848  3496  5392 W System.err: 	at a.d.doInBackground(Unknown Source)
04-16 19:47:14.848  3496  5392 W System.err: 	at android.os.AsyncTask$2.call(AsyncTask.java:288)
04-16 19:47:14.848  3496  5392 W System.err: 	at java.util.concurrent.FutureTask.run(FutureTask.java:237)
04-16 19:47:14.848  3496  5392 W System.err: 	at android.os.AsyncTask$SerialExecutor$1.run(AsyncTask.java:231)
04-16 19:47:14.848  3496  5392 W System.err: 	at java.util.concurrent.ThreadPoolExecutor.runWorker(ThreadPoolExecutor.java:1112)
04-16 19:47:14.848  3496  5392 W System.err: 	at java.util.concurrent.ThreadPoolExecutor$Worker.run(ThreadPoolExecutor.java:587)
04-16 19:47:14.848  3496  5392 W System.err: 	at java.lang.Thread.run(Thread.java:818)
04-16 19:47:14.863 30850 31596 D Aatp    : /location
04-16 19:47:14.878 31578 31578 I sCloudBackupApp: sCloudBackupApp Version Info : 4.00.4.KK_APP
04-16 19:47:14.878 31578 31578 I SCloudBackupReceiver: Other Intent
04-16 19:47:14.883  3496  4020 I ActivityManager: Killing 29744:com.sec.android.widgetapp.activeapplicationwidget/u0a173 (adj 15): bgCount ##31
04-16 19:47:14.888  4867  4867 D accuweather: [KK AccuPhone]>>> WCW:32 [0:0] action : androidnetconnCONNECTIVITY_CHANGE
04-16 19:47:14.898 30850 31596 D Aatp    : sha1: 3f220e9f7e13930d8541a94021f2da1c1e64a4a3
04-16 19:47:14.898 30850 31596 D AatpDeviceManager: k: lon v: -87.4067
04-16 19:47:14.898 30850 31596 D AatpDeviceManager: k: lat v: 46.5464
04-16 19:47:14.898 30850 31596 D AatpDeviceManager: k: NanoHttpd.QUERY_STRING v: lat=46.5464&lon=-87.4067
04-16 19:47:14.918 30850 31596 D Aatp    : /task/3f220e9f7e13930d8541a94021f2da1c1e64a4a3
04-16 19:47:14.918  3777  3790 D daemonapp: [MSC_Daemon]>>> WCP:1254 [0:0] cp update : count : 1, pt : 11
04-16 19:47:14.918  3496  3496 D WindowManager: showStatusBarByNotification() mOpenByNotification=false
04-16 19:47:14.923 30850 30850 D AatpDeviceManager: taskStatus update (3f220e9f7e13930d8541a94021f2da1c1e64a4a3: {"state":1})
04-16 19:47:14.923 31501 31501 I art     : Rejecting re-init on previously-failed class java.lang.Class<rdf>
04-16 19:47:14.923 31501 31501 I art     : Rejecting re-init on previously-failed class java.lang.Class<rdf>
04-16 19:47:14.938  4867  4867 D accuweather: [KK AccuPhone]>>> U:4069 [0:0] getPWC : surface = 0, remote = 1
04-16 19:47:14.938  4867  4867 D accuweather: [KK AccuPhone]>>> U:4188 [0:0] Store PWC = 1
04-16 19:47:14.938  4867  4867 D accuweather: [KK AccuPhone]>>> U:4121 [0:0] addPWC = 1
04-16 19:47:14.943  4867  4867 D accuweather: [KK AccuPhone]>>> UIM:311 [0:0]  action:androidnetconnCONNECTIVITY_CHANGE
04-16 19:47:14.953  4867  4867 D accuweather: [KK AccuPhone]>>> WC:30 [0:0] action : androidnetconnCONNECTIVITY_CHANGE
04-16 19:47:14.953  4867  4867 D accuweather: [KK AccuPhone]>>> UIMEM:105 [0:0] The widget does not exist in idle!!
04-16 19:47:14.953  3496  4113 E ActivityManager: checkUser: useridlist=null, currentuser=0
04-16 19:47:14.953  3496  4113 E ActivityManager: checkUser: useridlist=null, currentuser=0
04-16 19:47:14.953  3496  4113 E ActivityManager: checkUser: useridlist=null, currentuser=0
04-16 19:47:14.953  3496  4113 E ActivityManager: checkUser: useridlist=null, currentuser=0
04-16 19:47:14.963 30850 31601 D AatpDeviceManager: Enabling Mock Locations: Lat: 46.5463981628418 Lon: -87.40670013427734
04-16 19:47:14.963 30850 31601 D AatpDeviceManager: Providing location: 46.546398 lon: -87.406700
04-16 19:47:14.963 30850 30850 D AatpDeviceManager: taskStatus update (3f220e9f7e13930d8541a94021f2da1c1e64a4a3: {"result":"","state":2})
04-16 19:47:14.968  3700  3700 D KnoxNotification: ----- inflateViews : modified publicViewLocal -----
04-16 19:47:14.968 31603 31603 E Zygote  : MountEmulatedStorage()
04-16 19:47:14.968 31603 31603 E Zygote  : v2
04-16 19:47:14.968 31603 31603 I libpersona: KNOX_SDCARD checking this for 1000
04-16 19:47:14.968 31603 31603 I libpersona: KNOX_SDCARD not a persona
04-16 19:47:14.973 31603 31603 I SELinux : Function: selinux_compare_spd_ram , priority [2] , priority version is VE=SEPF_SM-N910H_5.0.1_0009
04-16 19:47:14.973 31603 31603 E SELinux : [DEBUG] get_category: variable seinfo: platform sensitivity: NULL, cateogry: NULL
04-16 19:47:14.973  3496  4113 I ActivityManager: Start proc com.sec.knox.bridge for broadcast com.sec.knox.bridge/.knoxusage.KnoxUsageReceiver: pid=31603 uid=1000 gids={41000, 9997, 3002, 3001, 3003, 1028, 1015, 1007, 1023, 2001, 1024, 1001} abi=armeabi-v7a
04-16 19:47:14.978 30850 31601 D AatpDeviceManager: Waiting for mock location connection...
04-16 19:47:14.983  3496  3568 D AutomaticBrightnessController: mCallbacks.updateBrightness()
04-16 19:47:14.983  3496  3568 D DisplayPowerController: getFinalBrightness : 4 -> 4
04-16 19:47:14.983  3496  3568 D DisplayPowerController: animation target = 4, rate=500 (PSM:false, AB limit:(-1 ~ -1) MB Limit:(-1 ~ -1) MAdj:(0, (0, 255)))
04-16 19:47:14.988  3700  3700 D KnoxNotification: ----- inflateViews : modified KnoxViewLocal -----
04-16 19:47:14.988 30850 30850 D AatpDeviceManager: onConnected
04-16 19:47:14.993  3700  3700 D PersonaManager: PersonaID is invalid or persona doesn't exists. : 0
04-16 19:47:14.993  3700  3700 D PhoneStatusBar: tick(): knoxCustomManager = android.app.enterprise.knoxcustom.KnoxCustomManager@12b2765b
04-16 19:47:14.993  3700  3700 D PersonaManager: isKioskContainerExistOnDevice
04-16 19:47:14.993  3700  3700 D PersonaManager: isKioskContainerExistOnDevice
04-16 19:47:14.993  3700  3700 I PhoneStatusBar: Icon Only
04-16 19:47:15.028  3700  3700 I StatusBar: Icon Only
04-16 19:47:15.028 31603 31603 D TimaKeyStoreProvider: TimaSignature is unavailable
04-16 19:47:15.028  3700  3700 D PanelView: There is/are notification(s) 
04-16 19:47:15.028 31603 31603 D ActivityThread: Added TimaKeyStore provider
04-16 19:47:15.028  3700  3700 D PanelView: There is/are notification(s) 
04-16 19:47:15.033 31288 31347 I art     : Explicit concurrent mark sweep GC freed 14973(713KB) AllocSpace objects, 0(0B) LOS objects, 37% free, 27MB/43MB, paused 1.021ms total 35.647ms
04-16 19:47:15.033  3700  3700 D PersonaManager: isKioskContainerExistOnDevice
04-16 19:47:15.033  3700  3700 I PhoneStatusBar: Icon Only
04-16 19:47:15.033  3700  3700 I StatusBar: Icon Only
04-16 19:47:15.033  3700  3700 D PanelView: There is/are notification(s) 
04-16 19:47:15.048 31603 31603 D ResourcesManager: creating new AssetManager and set to /system/app/Bridge/Bridge.apk
04-16 19:47:15.053  3496  4107 I ActivityManager: Killing 29360:com.android.mms/u0a52 (adj 15): bgCount ##31
04-16 19:47:15.053 31603 31603 W ResourcesManager: Asset path '/system/framework/twframework.jar' does not exist or contains no resources.
04-16 19:47:15.068 30850 31617 D Aatp    : /task/3f220e9f7e13930d8541a94021f2da1c1e64a4a3/status
04-16 19:47:15.068 31603 31603 I KnoxUsageLogPro: KnoxUsageReceiver onReceive :android.net.conn.CONNECTIVITY_CHANGE myUserId=0
04-16 19:47:15.073 31603 31603 I KnoxUsageLogPro: premStatus:2
04-16 19:47:15.078 31603 31603 I KnoxUsageLogPro: isEulaShown : false
04-16 19:47:15.078 31603 31603 I KnoxUsageLogPro: KnoxUsageReceiver onReceive : not Processible, just return
04-16 19:47:15.098  3700  3700 D PanelView: mClearAll.setVisibility - mIsFullyOpened : false isShade : true mHasNotification : true mIsUpwardFling : false mQsFullyExpanded : true isShadeLocked : false mClearAllVisible : false
04-16 19:47:15.103 31130 31130 D KeyguardWallpaperUpdator: cancelUpdateWallpaper
04-16 19:47:15.103 31130 31130 D KeyguardWallpaperUpdator: cancelUpdateCategory
04-16 19:47:15.103 31130 31130 D KeyguardWallpaperUpdator: stopCheckCategoryVersion
04-16 19:47:15.103  3496  4107 E ActivityManager: checkUser: useridlist=null, currentuser=0
04-16 19:47:15.108  3496  4107 E ActivityManager: checkUser: useridlist=null, currentuser=0
04-16 19:47:15.108  3496  4107 E ActivityManager: checkUser: useridlist=null, currentuser=0
04-16 19:47:15.108  3496  4107 E ActivityManager: checkUser: useridlist=null, currentuser=0
04-16 19:47:15.118 31621 31621 E Zygote  : MountEmulatedStorage()
04-16 19:47:15.118 31621 31621 I libpersona: KNOX_SDCARD checking this for 10150
04-16 19:47:15.118 31621 31621 E Zygote  : v2
04-16 19:47:15.118 31621 31621 I libpersona: KNOX_SDCARD not a persona
04-16 19:47:15.118 31621 31621 I SELinux : Function: selinux_compare_spd_ram , priority [2] , priority version is VE=SEPF_SM-N910H_5.0.1_0009
04-16 19:47:15.118 31621 31621 E SELinux : [DEBUG] get_category: variable seinfo: platform sensitivity: NULL, cateogry: NULL
04-16 19:47:15.123  3496  4107 I ActivityManager: Start proc com.samsung.android.sconnect for broadcast com.samsung.android.sconnect/.periph.PeriphStartReceiver: pid=31621 uid=10150 gids={50150, 9997, 3002, 3001, 1028, 1015, 3003} abi=armeabi-v7a
04-16 19:47:15.128  3496  4113 D CountryDetector: No listener is left
04-16 19:47:15.143 31621 31621 D TimaKeyStoreProvider: TimaSignature is unavailable
04-16 19:47:15.143 31621 31621 D ActivityThread: Added TimaKeyStore provider
04-16 19:47:15.143  2877  2877 I art     : Explicit concurrent mark sweep GC freed 8749(372KB) AllocSpace objects, 0(0B) LOS objects, 37% free, 26MB/42MB, paused 883us total 22.447ms
04-16 19:47:15.158  3496  4008 I ActivityManager: Killing 29792:com.sec.android.widgetapp.digitalclock/u0a97 (adj 15): bgCount ##31
04-16 19:47:15.163  2877  2877 I art     : Explicit concurrent mark sweep GC freed 5(160B) AllocSpace objects, 0(0B) LOS objects, 37% free, 26MB/42MB, paused 847us total 18ms
04-16 19:47:15.168 31621 31621 D ResourcesManager: creating new AssetManager and set to /system/app/QuickConnect/QuickConnect.apk
04-16 19:47:15.168  3496  3568 D AutomaticBrightnessController: mCallbacks.updateBrightness()
04-16 19:47:15.168  3496  3568 D DisplayPowerController: getFinalBrightness : 4 -> 4
04-16 19:47:15.168  3496  3568 D DisplayPowerController: animation target = 4, rate=500 (PSM:false, AB limit:(-1 ~ -1) MB Limit:(-1 ~ -1) MAdj:(0, (0, 255)))
04-16 19:47:15.173 31621 31621 W ResourcesManager: Asset path '/system/framework/com.google.android.maps.jar' does not exist or contains no resources.
04-16 19:47:15.173 31621 31621 W ResourcesManager: Asset path '/system/framework/allshare.jar' does not exist or contains no resources.
04-16 19:47:15.173 31621 31621 W ResourcesManager: Asset path '/system/framework/com.broadcom.bt.jar' does not exist or contains no resources.
04-16 19:47:15.178  2877  2877 I art     : Explicit concurrent mark sweep GC freed 5(160B) AllocSpace objects, 0(0B) LOS objects, 37% free, 26MB/42MB, paused 342us total 12.605ms
04-16 19:47:15.223 31621 31621 D QuickConnect: PeriphStartReceiver.onReceive - android.net.conn.CONNECTIVITY_CHANGE
04-16 19:47:15.223 31621 31621 I QuickConnect: PeriphStartReceiver.onReceive - USER_OWNER care CONNECTIVITY_ACTION. run P service
04-16 19:47:15.223  2853  3365 D WVCdm   : Instantiating CDM.
04-16 19:47:15.223 30850 31636 D Aatp    : /locale
04-16 19:47:15.223  2853  2853 I WVCdm   : CdmEngine::OpenSession
