04-16 19:49:39.323 30850 30850 D AatpDeviceManager: taskStatus update (98bce7b8e22386780ab2de21c925d99d64335e1b: {"state":1})
04-16 19:49:39.323 30850 30850 D AatpDeviceManager: taskStatus update (98bce7b8e22386780ab2de21c925d99d64335e1b: {"result":{"rotation":0},"state":2})
04-16 19:49:39.323  3496  3496 D WindowManager: showStatusBarByNotification() mOpenByNotification=false
04-16 19:49:39.328 30850  2024 D Aatp    : /task/98bce7b8e22386780ab2de21c925d99d64335e1b
04-16 19:49:39.328  3496  3496 D LightsService: [api] [SvcLED] turnOff:: id = 4 (uid: 1000 pid: 3496) 
04-16 19:49:39.328  3496  3496 D LightsService: [SvcLED] setSvcLedStateLocked:: SvcLEDState : 0x0 -> 0x0 | SvcLED(id=4) set Off
04-16 19:49:39.328  3496  3578 D LightsService: [SvcLED] Lux failed to be updated in 700ms. -> handleForcedSvcLEDTasK
04-16 19:49:39.328  3496  3578 D LightsService: [SvcLED]  setSvcLedLightLocked :: Current SvcLED(id=3) maintains its priority right
04-16 19:49:39.373  3700  3700 D KnoxNotification: ----- inflateViews : modified publicViewLocal -----
04-16 19:49:39.388  3700  3700 D KnoxNotification: ----- inflateViews : modified KnoxViewLocal -----
04-16 19:49:39.393  3496  3568 D AutomaticBrightnessController: mCallbacks.updateBrightness()
04-16 19:49:39.393  3496  3568 D DisplayPowerController: getFinalBrightness : 4 -> 4
04-16 19:49:39.393  3496  3568 D DisplayPowerController: animation target = 4, rate=500 (PSM:false, AB limit:(-1 ~ -1) MB Limit:(-1 ~ -1) MAdj:(0, (0, 255)))
04-16 19:49:39.398  3700  3700 D PersonaManager: PersonaID is invalid or persona doesn't exists. : 0
04-16 19:49:39.398  3700  3700 D PhoneStatusBar: tick(): knoxCustomManager = android.app.enterprise.knoxcustom.KnoxCustomManager@12b2765b
04-16 19:49:39.398  3700  3700 D PersonaManager: isKioskContainerExistOnDevice
04-16 19:49:39.398  3700  3700 D PersonaManager: isKioskContainerExistOnDevice
04-16 19:49:39.398  3700  3700 I PhoneStatusBar: Icon Only
04-16 19:49:39.428  3700  3700 I StatusBar: Icon Only
04-16 19:49:39.433  3700  3700 D PanelView: There is/are notification(s) 
04-16 19:49:39.433  3700  3700 D PanelView: There is/are notification(s) 
04-16 19:49:39.433  3700  3700 D PersonaManager: isKioskContainerExistOnDevice
04-16 19:49:39.433  3700  3700 I PhoneStatusBar: Icon Only
04-16 19:49:39.433  3700  3700 I StatusBar: Icon Only
04-16 19:49:39.433  3700  3700 D PanelView: There is/are notification(s) 
04-16 19:49:39.433  3700  3700 D PersonaManager: isKioskContainerExistOnDevice
04-16 19:49:39.433  3700  3700 D PersonaManager: isKioskContainerExistOnDevice
04-16 19:49:39.433  3700  3700 I PhoneStatusBar: Icon Only
04-16 19:49:39.443  3700  3700 I StatusBar: Icon Only
04-16 19:49:39.443  3700  3700 D PanelView: There is/are notification(s) 
04-16 19:49:39.448  3700  3700 D PanelView: There is/are notification(s) 
04-16 19:49:39.448  3700  3700 D PersonaManager: isKioskContainerExistOnDevice
04-16 19:49:39.448  3700  3700 I PhoneStatusBar: Icon Only
04-16 19:49:39.448  3700  3700 I StatusBar: Icon Only
04-16 19:49:39.448  3700  3700 D PanelView: There is/are notification(s) 
04-16 19:49:39.473 30850  2026 D Aatp    : /task/98bce7b8e22386780ab2de21c925d99d64335e1b/status
04-16 19:49:39.503  3700  3700 D PanelView: mClearAll.setVisibility - mIsFullyOpened : false isShade : true mHasNotification : true mIsUpwardFling : false mQsFullyExpanded : true isShadeLocked : false mClearAllVisible : false
04-16 19:49:39.518  3700  3700 D PanelView: mClearAll.setVisibility - mIsFullyOpened : false isShade : true mHasNotification : true mIsUpwardFling : false mQsFullyExpanded : true isShadeLocked : false mClearAllVisible : false
04-16 19:49:39.588  3496  3568 D AutomaticBrightnessController: mCallbacks.updateBrightness()
04-16 19:49:39.588  3496  3568 D DisplayPowerController: getFinalBrightness : 4 -> 4
04-16 19:49:39.588  3496  3568 D DisplayPowerController: animation target = 4, rate=500 (PSM:false, AB limit:(-1 ~ -1) MB Limit:(-1 ~ -1) MAdj:(0, (0, 255)))
04-16 19:49:39.733 30850  2027 D Aatp    : /default-rotation
04-16 19:49:39.758 30850  2027 D Aatp    : sha1: 1814d24990902efb6b06af2ec984e51c2d99a4a6
04-16 19:49:39.773  3496  3568 D AutomaticBrightnessController: mCallbacks.updateBrightness()
04-16 19:49:39.773  3496  3568 D DisplayPowerController: getFinalBrightness : 4 -> 4
04-16 19:49:39.773  3496  3568 D DisplayPowerController: animation target = 4, rate=500 (PSM:false, AB limit:(-1 ~ -1) MB Limit:(-1 ~ -1) MAdj:(0, (0, 255)))
04-16 19:49:39.773 30850 30850 D AatpDeviceManager: taskStatus update (1814d24990902efb6b06af2ec984e51c2d99a4a6: {"state":1})
04-16 19:49:39.773  3496  3496 D WindowManager: showStatusBarByNotification() mOpenByNotification=false
04-16 19:49:39.773 30850 30850 D AatpDeviceManager: taskStatus update (1814d24990902efb6b06af2ec984e51c2d99a4a6: {"result":{"rotation":0},"state":2})
04-16 19:49:39.778  3496  3496 D LightsService: [api] [SvcLED] turnOff:: id = 4 (uid: 1000 pid: 3496) 
04-16 19:49:39.778  3496  3496 D LightsService: [SvcLED] setSvcLedStateLocked:: SvcLEDState : 0x0 -> 0x0 | SvcLED(id=4) set Off
04-16 19:49:39.778  3496  3578 D LightsService: [SvcLED] Lux failed to be updated in 700ms. -> handleForcedSvcLEDTasK
04-16 19:49:39.778  3496  3578 D LightsService: [SvcLED]  setSvcLedLightLocked :: Current SvcLED(id=3) maintains its priority right
04-16 19:49:39.783 30850  2027 D Aatp    : /task/1814d24990902efb6b06af2ec984e51c2d99a4a6
04-16 19:49:39.823  3700  3700 D KnoxNotification: ----- inflateViews : modified publicViewLocal -----
04-16 19:49:39.838  3700  3700 D KnoxNotification: ----- inflateViews : modified KnoxViewLocal -----
04-16 19:49:39.843  3700  3700 D PersonaManager: PersonaID is invalid or persona doesn't exists. : 0
04-16 19:49:39.848  3700  3700 D PhoneStatusBar: tick(): knoxCustomManager = android.app.enterprise.knoxcustom.KnoxCustomManager@12b2765b
04-16 19:49:39.848  3700  3700 D PersonaManager: isKioskContainerExistOnDevice
04-16 19:49:39.848  3700  3700 D PersonaManager: isKioskContainerExistOnDevice
04-16 19:49:39.848  3700  3700 I PhoneStatusBar: Icon Only
04-16 19:49:39.883  3700  3700 I StatusBar: Icon Only
04-16 19:49:39.883  3700  3700 D PanelView: There is/are notification(s) 
04-16 19:49:39.888  3700  3700 D PanelView: There is/are notification(s) 
04-16 19:49:39.888  3700  3700 D PersonaManager: isKioskContainerExistOnDevice
04-16 19:49:39.888  3700  3700 I PhoneStatusBar: Icon Only
04-16 19:49:39.888  3700  3700 I StatusBar: Icon Only
04-16 19:49:39.888  3700  3700 D PanelView: There is/are notification(s) 
04-16 19:49:39.888 30850  2029 D Aatp    : /task/1814d24990902efb6b06af2ec984e51c2d99a4a6/status
04-16 19:49:39.888  3700  3700 D PersonaManager: isKioskContainerExistOnDevice
04-16 19:49:39.888  3700  3700 D PersonaManager: isKioskContainerExistOnDevice
04-16 19:49:39.888  3700  3700 I PhoneStatusBar: Icon Only
04-16 19:49:39.898  3700  3700 I StatusBar: Icon Only
04-16 19:49:39.903  3700  3700 D PanelView: There is/are notification(s) 
04-16 19:49:39.903  3700  3700 D PanelView: There is/are notification(s) 
04-16 19:49:39.903  3700  3700 D PersonaManager: isKioskContainerExistOnDevice
04-16 19:49:39.903  3700  3700 I PhoneStatusBar: Icon Only
04-16 19:49:39.903  3700  3700 I StatusBar: Icon Only
04-16 19:49:39.903  3700  3700 D PanelView: There is/are notification(s) 
04-16 19:49:39.958  3700  3700 D PanelView: mClearAll.setVisibility - mIsFullyOpened : false isShade : true mHasNotification : true mIsUpwardFling : false mQsFullyExpanded : true isShadeLocked : false mClearAllVisible : false
04-16 19:49:39.963  3496  3568 D AutomaticBrightnessController: mCallbacks.updateBrightness()
04-16 19:49:39.963  3496  3568 D DisplayPowerController: getFinalBrightness : 4 -> 4
04-16 19:49:39.963  3496  3568 D DisplayPowerController: animation target = 4, rate=500 (PSM:false, AB limit:(-1 ~ -1) MB Limit:(-1 ~ -1) MAdj:(0, (0, 255)))
04-16 19:49:39.973  3700  3700 D PanelView: mClearAll.setVisibility - mIsFullyOpened : false isShade : true mHasNotification : true mIsUpwardFling : false mQsFullyExpanded : true isShadeLocked : false mClearAllVisible : false
04-16 19:49:40.153  3496  3568 D AutomaticBrightnessController: mCallbacks.updateBrightness()
04-16 19:49:40.153  3496  3568 D DisplayPowerController: getFinalBrightness : 4 -> 4
04-16 19:49:40.153  3496  3568 D DisplayPowerController: animation target = 4, rate=500 (PSM:false, AB limit:(-1 ~ -1) MB Limit:(-1 ~ -1) MAdj:(0, (0, 255)))
04-16 19:49:40.258 30850  2032 D Aatp    : /default-rotation
04-16 19:49:40.278 30850  2032 D Aatp    : sha1: 0d99d0b44eee508e67dc0621483911e863d3d4e4
04-16 19:49:40.303 30850 30850 D AatpDeviceManager: taskStatus update (0d99d0b44eee508e67dc0621483911e863d3d4e4: {"state":1})
04-16 19:49:40.303 30850 30850 D AatpDeviceManager: taskStatus update (0d99d0b44eee508e67dc0621483911e863d3d4e4: {"result":{"rotation":0},"state":2})
04-16 19:49:40.303  3496  3496 D WindowManager: showStatusBarByNotification() mOpenByNotification=false
04-16 19:49:40.308  3496  3496 D LightsService: [api] [SvcLED] turnOff:: id = 4 (uid: 1000 pid: 3496) 
04-16 19:49:40.308  3496  3496 D LightsService: [SvcLED] setSvcLedStateLocked:: SvcLEDState : 0x0 -> 0x0 | SvcLED(id=4) set Off
04-16 19:49:40.308  3496  3578 D LightsService: [SvcLED] Lux failed to be updated in 700ms. -> handleForcedSvcLEDTasK
04-16 19:49:40.308  3496  3578 D LightsService: [SvcLED]  setSvcLedLightLocked :: Current SvcLED(id=3) maintains its priority right
04-16 19:49:40.323 30850  2032 D Aatp    : /task/0d99d0b44eee508e67dc0621483911e863d3d4e4
04-16 19:49:40.338  3496  3568 D AutomaticBrightnessController: mCallbacks.updateBrightness()
04-16 19:49:40.343  3496  3568 D DisplayPowerController: getFinalBrightness : 4 -> 4
04-16 19:49:40.343  3496  3568 D DisplayPowerController: animation target = 4, rate=500 (PSM:false, AB limit:(-1 ~ -1) MB Limit:(-1 ~ -1) MAdj:(0, (0, 255)))
04-16 19:49:40.398  3700  3709 I art     : Explicit concurrent mark sweep GC freed 40667(3MB) AllocSpace objects, 0(0B) LOS objects, 19% free, 66MB/82MB, paused 1.681ms total 84.702ms
04-16 19:49:40.443  3700  3700 D KnoxNotification: ----- inflateViews : modified publicViewLocal -----
04-16 19:49:40.453  3700  3700 D KnoxNotification: ----- inflateViews : modified KnoxViewLocal -----
04-16 19:49:40.463  3700  3700 D PersonaManager: PersonaID is invalid or persona doesn't exists. : 0
04-16 19:49:40.463  3700  3700 D PhoneStatusBar: tick(): knoxCustomManager = android.app.enterprise.knoxcustom.KnoxCustomManager@12b2765b
04-16 19:49:40.463  3700  3700 D PersonaManager: isKioskContainerExistOnDevice
04-16 19:49:40.463  3700  3700 D PersonaManager: isKioskContainerExistOnDevice
04-16 19:49:40.463  3700  3700 I PhoneStatusBar: Icon Only
04-16 19:49:40.473 30850  2036 D Aatp    : /task/0d99d0b44eee508e67dc0621483911e863d3d4e4/status
04-16 19:49:40.498  3700  3700 I StatusBar: Icon Only
04-16 19:49:40.498  3700  3700 D PanelView: There is/are notification(s) 
04-16 19:49:40.498  3700  3700 D PanelView: There is/are notification(s) 
04-16 19:49:40.498  3700  3700 D PersonaManager: isKioskContainerExistOnDevice
04-16 19:49:40.498  3700  3700 I PhoneStatusBar: Icon Only
04-16 19:49:40.498  3700  3700 I StatusBar: Icon Only
04-16 19:49:40.498  3700  3700 D PanelView: There is/are notification(s) 
04-16 19:49:40.498  3700  3700 D PersonaManager: isKioskContainerExistOnDevice
04-16 19:49:40.498  3700  3700 D PersonaManager: isKioskContainerExistOnDevice
04-16 19:49:40.498  3700  3700 I PhoneStatusBar: Icon Only
04-16 19:49:40.508  3700  3700 I StatusBar: Icon Only
04-16 19:49:40.508  3700  3700 D PanelView: There is/are notification(s) 
04-16 19:49:40.508  3700  3700 D PanelView: There is/are notification(s) 
04-16 19:49:40.508  3700  3700 D PersonaManager: isKioskContainerExistOnDevice
04-16 19:49:40.508  3700  3700 I PhoneStatusBar: Icon Only
04-16 19:49:40.508  3700  3700 I StatusBar: Icon Only
04-16 19:49:40.508  3700  3700 D PanelView: There is/are notification(s) 
04-16 19:49:40.528  3496  3568 D AutomaticBrightnessController: mCallbacks.updateBrightness()
04-16 19:49:40.528  3496  3568 D DisplayPowerController: getFinalBrightness : 4 -> 4
04-16 19:49:40.528  3496  3568 D DisplayPowerController: animation target = 4, rate=500 (PSM:false, AB limit:(-1 ~ -1) MB Limit:(-1 ~ -1) MAdj:(0, (0, 255)))
04-16 19:49:40.568  3700  3700 D PanelView: mClearAll.setVisibility - mIsFullyOpened : false isShade : true mHasNotification : true mIsUpwardFling : false mQsFullyExpanded : true isShadeLocked : false mClearAllVisible : false
04-16 19:49:40.578  3700  3700 D PanelView: mClearAll.setVisibility - mIsFullyOpened : false isShade : true mHasNotification : true mIsUpwardFling : false mQsFullyExpanded : true isShadeLocked : false mClearAllVisible : false
04-16 19:49:40.723  3496  3568 D AutomaticBrightnessController: mCallbacks.updateBrightness()
04-16 19:49:40.723  3496  3568 D DisplayPowerController: getFinalBrightness : 4 -> 4
04-16 19:49:40.723  3496  3568 D DisplayPowerController: animation target = 4, rate=500 (PSM:false, AB limit:(-1 ~ -1) MB Limit:(-1 ~ -1) MAdj:(0, (0, 255)))
04-16 19:49:40.908  3496  3568 D AutomaticBrightnessController: mCallbacks.updateBrightness()
04-16 19:49:40.913  3496  3568 D DisplayPowerController: getFinalBrightness : 4 -> 4
04-16 19:49:40.913  3496  3568 D DisplayPowerController: animation target = 4, rate=500 (PSM:false, AB limit:(-1 ~ -1) MB Limit:(-1 ~ -1) MAdj:(0, (0, 255)))
04-16 19:49:41.098  3496  3568 D AutomaticBrightnessController: mCallbacks.updateBrightness()
04-16 19:49:41.098  3496  3568 D DisplayPowerController: getFinalBrightness : 4 -> 4
04-16 19:49:41.098  3496  3568 D DisplayPowerController: animation target = 4, rate=500 (PSM:false, AB limit:(-1 ~ -1) MB Limit:(-1 ~ -1) MAdj:(0, (0, 255)))
04-16 19:49:41.288  3496  3568 D AutomaticBrightnessController: mCallbacks.updateBrightness()
04-16 19:49:41.288  3496  3568 D DisplayPowerController: getFinalBrightness : 4 -> 4
04-16 19:49:41.288  3496  3568 D DisplayPowerController: animation target = 4, rate=500 (PSM:false, AB limit:(-1 ~ -1) MB Limit:(-1 ~ -1) MAdj:(0, (0, 255)))
04-16 19:49:41.478  3496  3568 D AutomaticBrightnessController: mCallbacks.updateBrightness()
04-16 19:49:41.478  3496  3568 D DisplayPowerController: getFinalBrightness : 4 -> 4
04-16 19:49:41.478  3496  3568 D DisplayPowerController: animation target = 4, rate=500 (PSM:false, AB limit:(-1 ~ -1) MB Limit:(-1 ~ -1) MAdj:(0, (0, 255)))
04-16 19:49:41.668  3496  3568 D AutomaticBrightnessController: mCallbacks.updateBrightness()
04-16 19:49:41.668  3496  3568 D DisplayPowerController: getFinalBrightness : 4 -> 4
04-16 19:49:41.668  3496  3568 D DisplayPowerController: animation target = 4, rate=500 (PSM:false, AB limit:(-1 ~ -1) MB Limit:(-1 ~ -1) MAdj:(0, (0, 255)))
04-16 19:49:41.713  3496  3631 I WifiStateMachine: CMD_RSSI_POLL : calculateWifiScore in!
04-16 19:49:41.718 30850  2037 D Aatp    : /default-rotation
04-16 19:49:41.718  3496  3631 I WifiStateMachine: CMD_RSSI_POLL : calculateWifiScore out!
04-16 19:49:41.718  3496  3631 I WifiStateMachine: CMD_RSSI_POLL : out!
04-16 19:49:41.733 30850  2037 D Aatp    : sha1: ed4fb8f4e6521ae5459a8ab434ca5f30987a27b0
04-16 19:49:41.753 30850 30850 D AatpDeviceManager: taskStatus update (ed4fb8f4e6521ae5459a8ab434ca5f30987a27b0: {"state":1})
04-16 19:49:41.753 30850 30850 D AatpDeviceManager: taskStatus update (ed4fb8f4e6521ae5459a8ab434ca5f30987a27b0: {"result":{"rotation":0},"state":2})
04-16 19:49:41.753  3496  3496 D WindowManager: showStatusBarByNotification() mOpenByNotification=false
04-16 19:49:41.758  3496  3496 D LightsService: [api] [SvcLED] turnOff:: id = 4 (uid: 1000 pid: 3496) 
04-16 19:49:41.758  3496  3496 D LightsService: [SvcLED] setSvcLedStateLocked:: SvcLEDState : 0x0 -> 0x0 | SvcLED(id=4) set Off
04-16 19:49:41.758  3496  3578 D LightsService: [SvcLED] Lux failed to be updated in 700ms. -> handleForcedSvcLEDTasK
04-16 19:49:41.758  3496  3578 D LightsService: [SvcLED]  setSvcLedLightLocked :: Current SvcLED(id=3) maintains its priority right
04-16 19:49:41.778 30850  2037 D Aatp    : /task/ed4fb8f4e6521ae5459a8ab434ca5f30987a27b0
04-16 19:49:41.808  3700  3700 D KnoxNotification: ----- inflateViews : modified publicViewLocal -----
04-16 19:49:41.823  3700  3700 D KnoxNotification: ----- inflateViews : modified KnoxViewLocal -----
04-16 19:49:41.828  3700  3700 D PersonaManager: PersonaID is invalid or persona doesn't exists. : 0
04-16 19:49:41.828  3700  3700 D PhoneStatusBar: tick(): knoxCustomManager = android.app.enterprise.knoxcustom.KnoxCustomManager@12b2765b
04-16 19:49:41.828  3700  3700 D PersonaManager: isKioskContainerExistOnDevice
04-16 19:49:41.828  3700  3700 D PersonaManager: isKioskContainerExistOnDevice
04-16 19:49:41.828  3700  3700 I PhoneStatusBar: Icon Only
04-16 19:49:41.853  3496  3568 D AutomaticBrightnessController: mCallbacks.updateBrightness()
04-16 19:49:41.853  3496  3568 D DisplayPowerController: getFinalBrightness : 4 -> 4
04-16 19:49:41.853  3496  3568 D DisplayPowerController: animation target = 4, rate=500 (PSM:false, AB limit:(-1 ~ -1) MB Limit:(-1 ~ -1) MAdj:(0, (0, 255)))
04-16 19:49:41.863  3700  3700 I StatusBar: Icon Only
04-16 19:49:41.863  3700  3700 D PanelView: There is/are notification(s) 
04-16 19:49:41.863  3700  3700 D PanelView: There is/are notification(s) 
04-16 19:49:41.863  3700  3700 D PersonaManager: isKioskContainerExistOnDevice
04-16 19:49:41.863  3700  3700 I PhoneStatusBar: Icon Only
04-16 19:49:41.863  3700  3700 I StatusBar: Icon Only
04-16 19:49:41.868  3700  3700 D PanelView: There is/are notification(s) 
04-16 19:49:41.868  3700  3700 D PersonaManager: isKioskContainerExistOnDevice
04-16 19:49:41.868  3700  3700 D PersonaManager: isKioskContainerExistOnDevice
04-16 19:49:41.868  3700  3700 I PhoneStatusBar: Icon Only
04-16 19:49:41.873  3700  3700 I StatusBar: Icon Only
04-16 19:49:41.873  3700  3700 D PanelView: There is/are notification(s) 
04-16 19:49:41.873  3700  3700 D PanelView: There is/are notification(s) 
04-16 19:49:41.878  3700  3700 D PersonaManager: isKioskContainerExistOnDevice
04-16 19:49:41.878  3700  3700 I PhoneStatusBar: Icon Only
04-16 19:49:41.878  3700  3700 I StatusBar: Icon Only
04-16 19:49:41.878  3700  3700 D PanelView: There is/are notification(s) 
04-16 19:49:41.928 30850  2039 D Aatp    : /task/ed4fb8f4e6521ae5459a8ab434ca5f30987a27b0/status
04-16 19:49:41.938  3700  3700 D PanelView: mClearAll.setVisibility - mIsFullyOpened : false isShade : true mHasNotification : true mIsUpwardFling : false mQsFullyExpanded : true isShadeLocked : false mClearAllVisible : false
04-16 19:49:41.943  3700  3700 D PanelView: mClearAll.setVisibility - mIsFullyOpened : false isShade : true mHasNotification : true mIsUpwardFling : false mQsFullyExpanded : true isShadeLocked : false mClearAllVisible : false
04-16 19:49:42.043  3496  3568 D AutomaticBrightnessController: mCallbacks.updateBrightness()
04-16 19:49:42.043  3496  3568 D DisplayPowerController: getFinalBrightness : 4 -> 4
04-16 19:49:42.043  3496  3568 D DisplayPowerController: animation target = 4, rate=500 (PSM:false, AB limit:(-1 ~ -1) MB Limit:(-1 ~ -1) MAdj:(0, (0, 255)))
04-16 19:49:42.178 30850  2040 D Aatp    : /default-rotation
04-16 19:49:42.203 30850  2040 D Aatp    : sha1: ca8b56934df79cba61e72df0c0c155f80297737c
04-16 19:49:42.218 30850 30850 D AatpDeviceManager: taskStatus update (ca8b56934df79cba61e72df0c0c155f80297737c: {"state":1})
04-16 19:49:42.218 30850 30850 D AatpDeviceManager: taskStatus update (ca8b56934df79cba61e72df0c0c155f80297737c: {"result":{"rotation":0},"state":2})
04-16 19:49:42.218  3496  3496 D WindowManager: showStatusBarByNotification() mOpenByNotification=false
04-16 19:49:42.223 30850  2040 D Aatp    : /task/ca8b56934df79cba61e72df0c0c155f80297737c
04-16 19:49:42.228  3496  3496 D LightsService: [api] [SvcLED] turnOff:: id = 4 (uid: 1000 pid: 3496) 
04-16 19:49:42.228  3496  3496 D LightsService: [SvcLED] setSvcLedStateLocked:: SvcLEDState : 0x0 -> 0x0 | SvcLED(id=4) set Off
04-16 19:49:42.228  3496  3578 D LightsService: [SvcLED] Lux failed to be updated in 700ms. -> handleForcedSvcLEDTasK
04-16 19:49:42.228  3496  3578 D LightsService: [SvcLED]  setSvcLedLightLocked :: Current SvcLED(id=3) maintains its priority right
04-16 19:49:42.228  3496  3568 D AutomaticBrightnessController: mCallbacks.updateBrightness()
04-16 19:49:42.228  3496  3568 D DisplayPowerController: getFinalBrightness : 4 -> 4
04-16 19:49:42.228  3496  3568 D DisplayPowerController: animation target = 4, rate=500 (PSM:false, AB limit:(-1 ~ -1) MB Limit:(-1 ~ -1) MAdj:(0, (0, 255)))
04-16 19:49:42.273  3700  3700 D KnoxNotification: ----- inflateViews : modified publicViewLocal -----
04-16 19:49:42.293  3700  3700 D KnoxNotification: ----- inflateViews : modified KnoxViewLocal -----
04-16 19:49:42.298  3700  3700 D PersonaManager: PersonaID is invalid or persona doesn't exists. : 0
04-16 19:49:42.298  3700  3700 D PhoneStatusBar: tick(): knoxCustomManager = android.app.enterprise.knoxcustom.KnoxCustomManager@12b2765b
04-16 19:49:42.298  3700  3700 D PersonaManager: isKioskContainerExistOnDevice
04-16 19:49:42.298  3700  3700 D PersonaManager: isKioskContainerExistOnDevice
04-16 19:49:42.298  3700  3700 I PhoneStatusBar: Icon Only
04-16 19:49:42.333  3700  3700 I StatusBar: Icon Only
04-16 19:49:42.333  3700  3700 D PanelView: There is/are notification(s) 
04-16 19:49:42.333  3700  3700 D PanelView: There is/are notification(s) 
04-16 19:49:42.333  3700  3700 D PersonaManager: isKioskContainerExistOnDevice
04-16 19:49:42.333  3700  3700 I PhoneStatusBar: Icon Only
04-16 19:49:42.333  3700  3700 I StatusBar: Icon Only
04-16 19:49:42.333 30850  2042 D Aatp    : /task/ca8b56934df79cba61e72df0c0c155f80297737c/status
04-16 19:49:42.333  3700  3700 D PanelView: There is/are notification(s) 
04-16 19:49:42.338  3700  3700 D PersonaManager: isKioskContainerExistOnDevice
04-16 19:49:42.338  3700  3700 D PersonaManager: isKioskContainerExistOnDevice
04-16 19:49:42.338  3700  3700 I PhoneStatusBar: Icon Only
04-16 19:49:42.343  3700  3700 I StatusBar: Icon Only
04-16 19:49:42.343  3700  3700 D PanelView: There is/are notification(s) 
04-16 19:49:42.343  3700  3700 D PanelView: There is/are notification(s) 
04-16 19:49:42.348  3700  3700 D PersonaManager: isKioskContainerExistOnDevice
04-16 19:49:42.348  3700  3700 I PhoneStatusBar: Icon Only
04-16 19:49:42.348  3700  3700 I StatusBar: Icon Only
04-16 19:49:42.348  3700  3700 D PanelView: There is/are notification(s) 
04-16 19:49:42.403  3700  3700 D PanelView: mClearAll.setVisibility - mIsFullyOpened : false isShade : true mHasNotification : true mIsUpwardFling : false mQsFullyExpanded : true isShadeLocked : false mClearAllVisible : false
04-16 19:49:42.413  3700  3700 D PanelView: mClearAll.setVisibility - mIsFullyOpened : false isShade : true mHasNotification : true mIsUpwardFling : false mQsFullyExpanded : true isShadeLocked : false mClearAllVisible : false
04-16 19:49:42.418  3496  3568 D AutomaticBrightnessController: mCallbacks.updateBrightness()
04-16 19:49:42.418  3496  3568 D DisplayPowerController: getFinalBrightness : 4 -> 4
04-16 19:49:42.418  3496  3568 D DisplayPowerController: animation target = 4, rate=500 (PSM:false, AB limit:(-1 ~ -1) MB Limit:(-1 ~ -1) MAdj:(0, (0, 255)))
04-16 19:49:42.608  3496  3568 D AutomaticBrightnessController: mCallbacks.updateBrightness()
04-16 19:49:42.608  3496  3568 D DisplayPowerController: getFinalBrightness : 4 -> 4
04-16 19:49:42.608  3496  3568 D DisplayPowerController: animation target = 4, rate=500 (PSM:false, AB limit:(-1 ~ -1) MB Limit:(-1 ~ -1) MAdj:(0, (0, 255)))
04-16 19:49:42.683 30850  2045 D Aatp    : /default-rotation
04-16 19:49:42.708 30850  2045 D Aatp    : sha1: 494bf59c25991dfcdc610c2436bca8092c373d16
04-16 19:49:42.723  3496  3839 E Watchdog: !@Sync 269
04-16 19:49:42.728 30850 30850 D AatpDeviceManager: taskStatus update (494bf59c25991dfcdc610c2436bca8092c373d16: {"state":1})
04-16 19:49:42.728 30850 30850 D AatpDeviceManager: taskStatus update (494bf59c25991dfcdc610c2436bca8092c373d16: {"result":{"rotation":0},"state":2})
04-16 19:49:42.728  3496  3496 D WindowManager: showStatusBarByNotification() mOpenByNotification=false
04-16 19:49:42.733 30850  2045 D Aatp    : /task/494bf59c25991dfcdc610c2436bca8092c373d16
04-16 19:49:42.733  3496  3496 D LightsService: [api] [SvcLED] turnOff:: id = 4 (uid: 1000 pid: 3496) 
04-16 19:49:42.733  3496  3496 D LightsService: [SvcLED] setSvcLedStateLocked:: SvcLEDState : 0x0 -> 0x0 | SvcLED(id=4) set Off
04-16 19:49:42.738  3496  3578 D LightsService: [SvcLED] Lux failed to be updated in 700ms. -> handleForcedSvcLEDTasK
04-16 19:49:42.738  3496  3578 D LightsService: [SvcLED]  setSvcLedLightLocked :: Current SvcLED(id=3) maintains its priority right
04-16 19:49:42.783  3700  3700 D KnoxNotification: ----- inflateViews : modified publicViewLocal -----
04-16 19:49:42.798  3496  3568 D AutomaticBrightnessController: mCallbacks.updateBrightness()
04-16 19:49:42.798  3496  3568 D DisplayPowerController: getFinalBrightness : 4 -> 4
04-16 19:49:42.798  3496  3568 D DisplayPowerController: animation target = 4, rate=500 (PSM:false, AB limit:(-1 ~ -1) MB Limit:(-1 ~ -1) MAdj:(0, (0, 255)))
04-16 19:49:42.803  3700  3700 D KnoxNotification: ----- inflateViews : modified KnoxViewLocal -----
04-16 19:49:42.808  3700  3700 D PersonaManager: PersonaID is invalid or persona doesn't exists. : 0
04-16 19:49:42.808  3700  3700 D PhoneStatusBar: tick(): knoxCustomManager = android.app.enterprise.knoxcustom.KnoxCustomManager@12b2765b
04-16 19:49:42.808  3700  3700 D PersonaManager: isKioskContainerExistOnDevice
04-16 19:49:42.808  3700  3700 D PersonaManager: isKioskContainerExistOnDevice
04-16 19:49:42.808  3700  3700 I PhoneStatusBar: Icon Only
04-16 19:49:42.848  3700  3700 I StatusBar: Icon Only
04-16 19:49:42.848  3700  3700 D PanelView: There is/are notification(s) 
04-16 19:49:42.848  3700  3700 D PanelView: There is/are notification(s) 
04-16 19:49:42.848  3700  3700 D PersonaManager: isKioskContainerExistOnDevice
04-16 19:49:42.848  3700  3700 I PhoneStatusBar: Icon Only
04-16 19:49:42.848  3700  3700 I StatusBar: Icon Only
04-16 19:49:42.848  3700  3700 D PanelView: There is/are notification(s) 
04-16 19:49:42.853  3700  3700 D PersonaManager: isKioskContainerExistOnDevice
04-16 19:49:42.853  3700  3700 D PersonaManager: isKioskContainerExistOnDevice
04-16 19:49:42.853  3700  3700 I PhoneStatusBar: Icon Only
04-16 19:49:42.858  3700  3700 I StatusBar: Icon Only
04-16 19:49:42.858  3700  3700 D PanelView: There is/are notification(s) 
04-16 19:49:42.858  3700  3700 D PanelView: There is/are notification(s) 
04-16 19:49:42.863  3700  3700 D PersonaManager: isKioskContainerExistOnDevice
04-16 19:49:42.863  3700  3700 I PhoneStatusBar: Icon Only
04-16 19:49:42.863  3700  3700 I StatusBar: Icon Only
04-16 19:49:42.863  3700  3700 D PanelView: There is/are notification(s) 
04-16 19:49:42.888 30850  2049 D Aatp    : /task/494bf59c25991dfcdc610c2436bca8092c373d16/status
04-16 19:49:42.918  3700  3700 D PanelView: mClearAll.setVisibility - mIsFullyOpened : false isShade : true mHasNotification : true mIsUpwardFling : false mQsFullyExpanded : true isShadeLocked : false mClearAllVisible : false
04-16 19:49:42.933  3700  3700 D PanelView: mClearAll.setVisibility - mIsFullyOpened : false isShade : true mHasNotification : true mIsUpwardFling : false mQsFullyExpanded : true isShadeLocked : false mClearAllVisible : false
04-16 19:49:42.938  3496  4020 D BatteryService: !@BatteryListener : batteryPropertiesChanged!
04-16 19:49:42.938  3496  4020 D BatteryService: level:100, scale:100, status:5, health:2, present:true, voltage: 4388, temperature: 240, technology: Li-ion, AC powered:false, USB powered:true, Wireless powered:false, icon:17303722, invalid charger:0
04-16 19:49:42.938  3496  4020 D BatteryService: online:4, current avg:74, charge type:1, power sharing:false, high voltage charger:false, capacity:322000, current_now:94
04-16 19:49:42.938  3496  3496 D BatteryService: Sending ACTION_BATTERY_CHANGED.
04-16 19:49:42.938  3496  3496 I MotionRecognitionService: Plugged
04-16 19:49:42.938  3496  3496 I MotionRecognitionService: setPowerConnected  = true
04-16 19:49:42.943  3700  3700 D KeyguardUpdateMonitor: received broadcast android.intent.action.BATTERY_CHANGED
04-16 19:49:42.943  3700  3700 D KeyguardUpdateMonitor: handleBatteryUpdate
04-16 19:49:42.948  3700  3700 D STATUSBAR-PhoneStatusBar:  mBrightnessEnablebySettings = true mBrightnessEnablebyBattery = true mBrightnessEnablebyDisableFlag = true mPmsBrightnessEnablebySettings = true
04-16 19:49:42.958  3700  3700 D BatteryMeterView: ACTION_BATTERY_CHANGED : level:100 status:5 health:2
04-16 19:49:42.958  3700  3700 D BatteryMeterView: ACTION_BATTERY_CHANGED : level:100 status:5 health:2
04-16 19:49:42.958  3700  3700 D BatteryMeterView: ACTION_BATTERY_CHANGED : level:100 status:5 health:2
04-16 19:49:42.983  3496  3568 D AutomaticBrightnessController: mCallbacks.updateBrightness()
04-16 19:49:42.988  3496  3568 D DisplayPowerController: getFinalBrightness : 4 -> 4
04-16 19:49:42.988  3496  3568 D DisplayPowerController: animation target = 4, rate=500 (PSM:false, AB limit:(-1 ~ -1) MB Limit:(-1 ~ -1) MAdj:(0, (0, 255)))
04-16 19:49:43.178  3496  3568 D AutomaticBrightnessController: mCallbacks.updateBrightness()
04-16 19:49:43.178  3496  3568 D DisplayPowerController: getFinalBrightness : 4 -> 4
04-16 19:49:43.178  3496  3568 D DisplayPowerController: animation target = 4, rate=500 (PSM:false, AB limit:(-1 ~ -1) MB Limit:(-1 ~ -1) MAdj:(0, (0, 255)))
04-16 19:49:43.368  3496  3568 D AutomaticBrightnessController: mCallbacks.updateBrightness()
04-16 19:49:43.368  3496  3568 D DisplayPowerController: getFinalBrightness : 4 -> 4
04-16 19:49:43.368  3496  3568 D DisplayPowerController: animation target = 4, rate=500 (PSM:false, AB limit:(-1 ~ -1) MB Limit:(-1 ~ -1) MAdj:(0, (0, 255)))
04-16 19:49:43.553  3496  3568 D AutomaticBrightnessController: mCallbacks.updateBrightness()
04-16 19:49:43.558  3496  3568 D DisplayPowerController: getFinalBrightness : 4 -> 4
04-16 19:49:43.558  3496  3568 D DisplayPowerController: animation target = 4, rate=500 (PSM:false, AB limit:(-1 ~ -1) MB Limit:(-1 ~ -1) MAdj:(0, (0, 255)))
04-16 19:49:43.743  3496  3568 D AutomaticBrightnessController: mCallbacks.updateBrightness()
04-16 19:49:43.748  3496  3568 D DisplayPowerController: getFinalBrightness : 4 -> 4
04-16 19:49:43.748  3496  3568 D DisplayPowerController: animation target = 4, rate=500 (PSM:false, AB limit:(-1 ~ -1) MB Limit:(-1 ~ -1) MAdj:(0, (0, 255)))
04-16 19:49:43.933  3496  3568 D AutomaticBrightnessController: mCallbacks.updateBrightness()
04-16 19:49:43.933  3496  3568 D DisplayPowerController: getFinalBrightness : 4 -> 4
04-16 19:49:43.933  3496  3568 D DisplayPowerController: animation target = 4, rate=500 (PSM:false, AB limit:(-1 ~ -1) MB Limit:(-1 ~ -1) MAdj:(0, (0, 255)))
04-16 19:49:43.963  3496  5480 D SSRM:n  : SIOP:: AP = 240, PST = 254, CUR = 74
04-16 19:49:44.068 30850  2051 D Aatp    : /default-rotation
04-16 19:49:44.088 30850  2051 D Aatp    : sha1: fe43784d56425c7b9b5ceb791c960951dd91e248
04-16 19:49:44.108 30850 30850 D AatpDeviceManager: taskStatus update (fe43784d56425c7b9b5ceb791c960951dd91e248: {"state":1})
04-16 19:49:44.108 30850 30850 D AatpDeviceManager: taskStatus update (fe43784d56425c7b9b5ceb791c960951dd91e248: {"result":{"rotation":0},"state":2})
04-16 19:49:44.108  3496  3496 D WindowManager: showStatusBarByNotification() mOpenByNotification=false
04-16 19:49:44.118  3496  3496 D LightsService: [api] [SvcLED] turnOff:: id = 4 (uid: 1000 pid: 3496) 
04-16 19:49:44.118  3496  3496 D LightsService: [SvcLED] setSvcLedStateLocked:: SvcLEDState : 0x0 -> 0x0 | SvcLED(id=4) set Off
04-16 19:49:44.118  3496  3578 D LightsService: [SvcLED] Lux failed to be updated in 700ms. -> handleForcedSvcLEDTasK
04-16 19:49:44.118  3496  3578 D LightsService: [SvcLED]  setSvcLedLightLocked :: Current SvcLED(id=3) maintains its priority right
04-16 19:49:44.118  3496  3568 D AutomaticBrightnessController: mCallbacks.updateBrightness()
04-16 19:49:44.118  3496  3568 D DisplayPowerController: getFinalBrightness : 4 -> 4
04-16 19:49:44.118  3496  3568 D DisplayPowerController: animation target = 4, rate=500 (PSM:false, AB limit:(-1 ~ -1) MB Limit:(-1 ~ -1) MAdj:(0, (0, 255)))
04-16 19:49:44.133 30850  2051 D Aatp    : /task/fe43784d56425c7b9b5ceb791c960951dd91e248
04-16 19:49:44.173  3700  3700 D KnoxNotification: ----- inflateViews : modified publicViewLocal -----
04-16 19:49:44.188  3700  3700 D KnoxNotification: ----- inflateViews : modified KnoxViewLocal -----
04-16 19:49:44.193  3700  3700 D PersonaManager: PersonaID is invalid or persona doesn't exists. : 0
04-16 19:49:44.193  3700  3700 D PhoneStatusBar: tick(): knoxCustomManager = android.app.enterprise.knoxcustom.KnoxCustomManager@12b2765b
04-16 19:49:44.193  3700  3700 D PersonaManager: isKioskContainerExistOnDevice
04-16 19:49:44.198  3700  3700 D PersonaManager: isKioskContainerExistOnDevice
04-16 19:49:44.198  3700  3700 I PhoneStatusBar: Icon Only
04-16 19:49:44.228  3700  3700 I StatusBar: Icon Only
04-16 19:49:44.228  3700  3700 D PanelView: There is/are notification(s) 
04-16 19:49:44.228  3700  3700 D PanelView: There is/are notification(s) 
04-16 19:49:44.233  3700  3700 D PersonaManager: isKioskContainerExistOnDevice
04-16 19:49:44.233  3700  3700 I PhoneStatusBar: Icon Only
04-16 19:49:44.233  3700  3700 I StatusBar: Icon Only
04-16 19:49:44.233  3700  3700 D PanelView: There is/are notification(s) 
04-16 19:49:44.233  3700  3700 D PersonaManager: isKioskContainerExistOnDevice
04-16 19:49:44.233  3700  3700 D PersonaManager: isKioskContainerExistOnDevice
04-16 19:49:44.233  3700  3700 I PhoneStatusBar: Icon Only
04-16 19:49:44.238  3700  3700 I StatusBar: Icon Only
04-16 19:49:44.243  3700  3700 D PanelView: There is/are notification(s) 
04-16 19:49:44.243  3700  3700 D PanelView: There is/are notification(s) 
04-16 19:49:44.243  3700  3700 D PersonaManager: isKioskContainerExistOnDevice
04-16 19:49:44.243  3700  3700 I PhoneStatusBar: Icon Only
04-16 19:49:44.243  3700  3700 I StatusBar: Icon Only
04-16 19:49:44.243  3700  3700 D PanelView: There is/are notification(s) 
04-16 19:49:44.283 30850  2053 D Aatp    : /task/fe43784d56425c7b9b5ceb791c960951dd91e248/status
04-16 19:49:44.303  3700  3700 D PanelView: mClearAll.setVisibility - mIsFullyOpened : false isShade : true mHasNotification : true mIsUpwardFling : false mQsFullyExpanded : true isShadeLocked : false mClearAllVisible : false
04-16 19:49:44.308  3496  3568 D AutomaticBrightnessController: mCallbacks.updateBrightness()
04-16 19:49:44.308  3496  3568 D DisplayPowerController: getFinalBrightness : 4 -> 4
04-16 19:49:44.308  3496  3568 D DisplayPowerController: animation target = 4, rate=500 (PSM:false, AB limit:(-1 ~ -1) MB Limit:(-1 ~ -1) MAdj:(0, (0, 255)))
04-16 19:49:44.313  3700  3700 D PanelView: mClearAll.setVisibility - mIsFullyOpened : false isShade : true mHasNotification : true mIsUpwardFling : false mQsFullyExpanded : true isShadeLocked : false mClearAllVisible : false
04-16 19:49:44.503  3496  3568 D AutomaticBrightnessController: mCallbacks.updateBrightness()
04-16 19:49:44.503  3496  3568 D DisplayPowerController: getFinalBrightness : 4 -> 4
04-16 19:49:44.503  3496  3568 D DisplayPowerController: animation target = 4, rate=500 (PSM:false, AB limit:(-1 ~ -1) MB Limit:(-1 ~ -1) MAdj:(0, (0, 255)))
04-16 19:49:44.513 30850  2054 D Aatp    : /default-rotation
04-16 19:49:44.533 30850  2054 D Aatp    : sha1: f76a08b4363aa43f3366422da58fa5ab771ff4d3
04-16 19:49:44.553 30850 30850 D AatpDeviceManager: taskStatus update (f76a08b4363aa43f3366422da58fa5ab771ff4d3: {"state":1})
04-16 19:49:44.553 30850 30850 D AatpDeviceManager: taskStatus update (f76a08b4363aa43f3366422da58fa5ab771ff4d3: {"result":{"rotation":0},"state":2})
04-16 19:49:44.553  3496  3496 D WindowManager: showStatusBarByNotification() mOpenByNotification=false
04-16 19:49:44.558 30850  2054 D Aatp    : /task/f76a08b4363aa43f3366422da58fa5ab771ff4d3
04-16 19:49:44.558  3496  3496 D LightsService: [api] [SvcLED] turnOff:: id = 4 (uid: 1000 pid: 3496) 
04-16 19:49:44.558  3496  3496 D LightsService: [SvcLED] setSvcLedStateLocked:: SvcLEDState : 0x0 -> 0x0 | SvcLED(id=4) set Off
04-16 19:49:44.558  3496  3578 D LightsService: [SvcLED] Lux failed to be updated in 700ms. -> handleForcedSvcLEDTasK
04-16 19:49:44.558  3496  3578 D LightsService: [SvcLED]  setSvcLedLightLocked :: Current SvcLED(id=3) maintains its priority right
04-16 19:49:44.603  3700  3700 D KnoxNotification: ----- inflateViews : modified publicViewLocal -----
04-16 19:49:44.618  3700  3700 D KnoxNotification: ----- inflateViews : modified KnoxViewLocal -----
04-16 19:49:44.623  3700  3700 D PersonaManager: PersonaID is invalid or persona doesn't exists. : 0
04-16 19:49:44.623  3700  3700 D PhoneStatusBar: tick(): knoxCustomManager = android.app.enterprise.knoxcustom.KnoxCustomManager@12b2765b
04-16 19:49:44.623  3700  3700 D PersonaManager: isKioskContainerExistOnDevice
04-16 19:49:44.623  3700  3700 D PersonaManager: isKioskContainerExistOnDevice
04-16 19:49:44.623  3700  3700 I PhoneStatusBar: Icon Only
04-16 19:49:44.658  3700  3700 I StatusBar: Icon Only
04-16 19:49:44.658  3700  3700 D PanelView: There is/are notification(s) 
04-16 19:49:44.663  3700  3700 D PanelView: There is/are notification(s) 
04-16 19:49:44.663  3700  3700 D PersonaManager: isKioskContainerExistOnDevice
04-16 19:49:44.663  3700  3700 I PhoneStatusBar: Icon Only
04-16 19:49:44.663  3700  3700 I StatusBar: Icon Only
04-16 19:49:44.663  3700  3700 D PanelView: There is/are notification(s) 
04-16 19:49:44.663  3700  3700 D PersonaManager: isKioskContainerExistOnDevice
04-16 19:49:44.663  3700  3700 D PersonaManager: isKioskContainerExistOnDevice
04-16 19:49:44.663  3700  3700 I PhoneStatusBar: Icon Only
04-16 19:49:44.673  3700  3700 I StatusBar: Icon Only
04-16 19:49:44.673  3700  3700 D PanelView: There is/are notification(s) 
04-16 19:49:44.673  3700  3700 D PanelView: There is/are notification(s) 
04-16 19:49:44.673  3700  3700 D PersonaManager: isKioskContainerExistOnDevice
04-16 19:49:44.673  3700  3700 I PhoneStatusBar: Icon Only
04-16 19:49:44.673  3700  3700 I StatusBar: Icon Only
04-16 19:49:44.673  3700  3700 D PanelView: There is/are notification(s) 
04-16 19:49:44.688  3496  3568 D AutomaticBrightnessController: mCallbacks.updateBrightness()
04-16 19:49:44.688  3496  3568 D DisplayPowerController: getFinalBrightness : 4 -> 4
04-16 19:49:44.688  3496  3568 D DisplayPowerController: animation target = 4, rate=500 (PSM:false, AB limit:(-1 ~ -1) MB Limit:(-1 ~ -1) MAdj:(0, (0, 255)))
04-16 19:49:44.728  3496  3631 I WifiStateMachine: CMD_RSSI_POLL : calculateWifiScore in!
04-16 19:49:44.728  3496  3631 I WifiStateMachine: CMD_RSSI_POLL : calculateWifiScore out!
04-16 19:49:44.728  3496  3631 I WifiStateMachine: CMD_RSSI_POLL : out!
04-16 19:49:44.733  3700  3700 D PanelView: mClearAll.setVisibility - mIsFullyOpened : false isShade : true mHasNotification : true mIsUpwardFling : false mQsFullyExpanded : true isShadeLocked : false mClearAllVisible : false
04-16 19:49:44.733 30850  2056 D Aatp    : /task/f76a08b4363aa43f3366422da58fa5ab771ff4d3/status
04-16 19:49:44.743  3700  3700 D PanelView: mClearAll.setVisibility - mIsFullyOpened : false isShade : true mHasNotification : true mIsUpwardFling : false mQsFullyExpanded : true isShadeLocked : false mClearAllVisible : false
04-16 19:49:44.878  3496  3568 D AutomaticBrightnessController: mCallbacks.updateBrightness()
04-16 19:49:44.878  3496  3568 D DisplayPowerController: getFinalBrightness : 4 -> 4
04-16 19:49:44.878  3496  3568 D DisplayPowerController: animation target = 4, rate=500 (PSM:false, AB limit:(-1 ~ -1) MB Limit:(-1 ~ -1) MAdj:(0, (0, 255)))
04-16 19:49:45.068  3496  3568 D AutomaticBrightnessController: mCallbacks.updateBrightness()
04-16 19:49:45.068  3496  3568 D DisplayPowerController: getFinalBrightness : 4 -> 4
04-16 19:49:45.068  3496  3568 D DisplayPowerController: animation target = 4, rate=500 (PSM:false, AB limit:(-1 ~ -1) MB Limit:(-1 ~ -1) MAdj:(0, (0, 255)))
04-16 19:49:45.103 30850  2059 D Aatp    : /default-rotation
04-16 19:49:45.118 30850  2059 D Aatp    : sha1: 72bf6e9bd7ee393dd7b90c9fc052fce074c90029
04-16 19:49:45.133 30850 30850 D AatpDeviceManager: taskStatus update (72bf6e9bd7ee393dd7b90c9fc052fce074c90029: {"state":1})
04-16 19:49:45.133  3496  3496 D WindowManager: showStatusBarByNotification() mOpenByNotification=false
04-16 19:49:45.133 30850 30850 D AatpDeviceManager: taskStatus update (72bf6e9bd7ee393dd7b90c9fc052fce074c90029: {"result":{"rotation":0},"state":2})
04-16 19:49:45.138 30850  2059 D Aatp    : /task/72bf6e9bd7ee393dd7b90c9fc052fce074c90029
04-16 19:49:45.138  3496  3496 D LightsService: [api] [SvcLED] turnOff:: id = 4 (uid: 1000 pid: 3496) 
04-16 19:49:45.138  3496  3496 D LightsService: [SvcLED] setSvcLedStateLocked:: SvcLEDState : 0x0 -> 0x0 | SvcLED(id=4) set Off
04-16 19:49:45.138  3496  3578 D LightsService: [SvcLED] Lux failed to be updated in 700ms. -> handleForcedSvcLEDTasK
04-16 19:49:45.138  3496  3578 D LightsService: [SvcLED]  setSvcLedLightLocked :: Current SvcLED(id=3) maintains its priority right
04-16 19:49:45.183  3700  3700 D KnoxNotification: ----- inflateViews : modified publicViewLocal -----
04-16 19:49:45.193  3700  3700 D KnoxNotification: ----- inflateViews : modified KnoxViewLocal -----
04-16 19:49:45.198  3700  3700 D PersonaManager: PersonaID is invalid or persona doesn't exists. : 0
04-16 19:49:45.203  3700  3700 D PhoneStatusBar: tick(): knoxCustomManager = android.app.enterprise.knoxcustom.KnoxCustomManager@12b2765b
04-16 19:49:45.203  3700  3700 D PersonaManager: isKioskContainerExistOnDevice
04-16 19:49:45.203  3700  3700 D PersonaManager: isKioskContainerExistOnDevice
04-16 19:49:45.203  3700  3700 I PhoneStatusBar: Icon Only
04-16 19:49:45.233  3700  3700 I StatusBar: Icon Only
04-16 19:49:45.233  3700  3700 D PanelView: There is/are notification(s) 
04-16 19:49:45.233  3700  3700 D PanelView: There is/are notification(s) 
04-16 19:49:45.238  3700  3700 D PersonaManager: isKioskContainerExistOnDevice
04-16 19:49:45.238  3700  3700 I PhoneStatusBar: Icon Only
04-16 19:49:45.238  3700  3700 I StatusBar: Icon Only
04-16 19:49:45.238  3700  3700 D PanelView: There is/are notification(s) 
04-16 19:49:45.238  3700  3700 D PersonaManager: isKioskContainerExistOnDevice
04-16 19:49:45.238  3700  3700 D PersonaManager: isKioskContainerExistOnDevice
04-16 19:49:45.238  3700  3700 I PhoneStatusBar: Icon Only
04-16 19:49:45.243  3700  3700 I StatusBar: Icon Only
04-16 19:49:45.243  3700  3700 D PanelView: There is/are notification(s) 
04-16 19:49:45.248  3700  3700 D PanelView: There is/are notification(s) 
04-16 19:49:45.248  3700  3700 D PersonaManager: isKioskContainerExistOnDevice
04-16 19:49:45.248  3700  3700 I PhoneStatusBar: Icon Only
04-16 19:49:45.248  3700  3700 I StatusBar: Icon Only
04-16 19:49:45.248  3700  3700 D PanelView: There is/are notification(s) 
04-16 19:49:45.253  3496  3568 D AutomaticBrightnessController: mCallbacks.updateBrightness()
04-16 19:49:45.253  3496  3568 D DisplayPowerController: getFinalBrightness : 4 -> 4
04-16 19:49:45.253  3496  3568 D DisplayPowerController: animation target = 4, rate=500 (PSM:false, AB limit:(-1 ~ -1) MB Limit:(-1 ~ -1) MAdj:(0, (0, 255)))
04-16 19:49:45.308  3700  3700 D PanelView: mClearAll.setVisibility - mIsFullyOpened : false isShade : true mHasNotification : true mIsUpwardFling : false mQsFullyExpanded : true isShadeLocked : false mClearAllVisible : false
04-16 19:49:45.318  3700  3700 D PanelView: mClearAll.setVisibility - mIsFullyOpened : false isShade : true mHasNotification : true mIsUpwardFling : false mQsFullyExpanded : true isShadeLocked : false mClearAllVisible : false
04-16 19:49:45.448  3496  3568 D AutomaticBrightnessController: mCallbacks.updateBrightness()
04-16 19:49:45.448  3496  3568 D DisplayPowerController: getFinalBrightness : 4 -> 4
04-16 19:49:45.448  3496  3568 D DisplayPowerController: animation target = 4, rate=500 (PSM:false, AB limit:(-1 ~ -1) MB Limit:(-1 ~ -1) MAdj:(0, (0, 255)))
04-16 19:49:45.633  3496  3568 D AutomaticBrightnessController: mCallbacks.updateBrightness()
04-16 19:49:45.638  3496  3568 D DisplayPowerController: getFinalBrightness : 4 -> 4
04-16 19:49:45.638  3496  3568 D DisplayPowerController: animation target = 4, rate=500 (PSM:false, AB limit:(-1 ~ -1) MB Limit:(-1 ~ -1) MAdj:(0, (0, 255)))
04-16 19:49:45.823  3496  3568 D AutomaticBrightnessController: mCallbacks.updateBrightness()
04-16 19:49:45.828  3496  3568 D DisplayPowerController: getFinalBrightness : 4 -> 4
04-16 19:49:45.828  3496  3568 D DisplayPowerController: animation target = 4, rate=500 (PSM:false, AB limit:(-1 ~ -1) MB Limit:(-1 ~ -1) MAdj:(0, (0, 255)))
04-16 19:49:46.013  3496  3568 D AutomaticBrightnessController: mCallbacks.updateBrightness()
04-16 19:49:46.013  3496  3568 D DisplayPowerController: getFinalBrightness : 4 -> 4
04-16 19:49:46.013  3496  3568 D DisplayPowerController: animation target = 4, rate=500 (PSM:false, AB limit:(-1 ~ -1) MB Limit:(-1 ~ -1) MAdj:(0, (0, 255)))
04-16 19:49:46.203 30850  2063 D Aatp    : /task/72bf6e9bd7ee393dd7b90c9fc052fce074c90029/status
04-16 19:49:46.203  3496  3568 D AutomaticBrightnessController: mCallbacks.updateBrightness()
04-16 19:49:46.203  3496  3568 D DisplayPowerController: getFinalBrightness : 4 -> 4
04-16 19:49:46.203  3496  3568 D DisplayPowerController: animation target = 4, rate=500 (PSM:false, AB limit:(-1 ~ -1) MB Limit:(-1 ~ -1) MAdj:(0, (0, 255)))
04-16 19:49:46.363 30850  2064 D Aatp    : /default-rotation
04-16 19:49:46.383 30850  2064 D Aatp    : sha1: 8e17f92e60598b53edf5a1f8c8b70891a1313998
04-16 19:49:46.388  3496  3568 D AutomaticBrightnessController: mCallbacks.updateBrightness()
04-16 19:49:46.388  3496  3568 D DisplayPowerController: getFinalBrightness : 4 -> 4
04-16 19:49:46.388  3496  3568 D DisplayPowerController: animation target = 4, rate=500 (PSM:false, AB limit:(-1 ~ -1) MB Limit:(-1 ~ -1) MAdj:(0, (0, 255)))
04-16 19:49:46.403 30850 30850 D AatpDeviceManager: taskStatus update (8e17f92e60598b53edf5a1f8c8b70891a1313998: {"state":1})
04-16 19:49:46.403 30850 30850 D AatpDeviceManager: taskStatus update (8e17f92e60598b53edf5a1f8c8b70891a1313998: {"result":{"rotation":0},"state":2})
04-16 19:49:46.403  3496  3496 D WindowManager: showStatusBarByNotification() mOpenByNotification=false
04-16 19:49:46.408  3496  3496 D LightsService: [api] [SvcLED] turnOff:: id = 4 (uid: 1000 pid: 3496) 
04-16 19:49:46.408  3496  3496 D LightsService: [SvcLED] setSvcLedStateLocked:: SvcLEDState : 0x0 -> 0x0 | SvcLED(id=4) set Off
04-16 19:49:46.408  3496  3578 D LightsService: [SvcLED] Lux failed to be updated in 700ms. -> handleForcedSvcLEDTasK
04-16 19:49:46.408  3496  3578 D LightsService: [SvcLED]  setSvcLedLightLocked :: Current SvcLED(id=3) maintains its priority right
04-16 19:49:46.413 30850  2064 D Aatp    : /task/8e17f92e60598b53edf5a1f8c8b70891a1313998
04-16 19:49:46.453  3700  3700 D KnoxNotification: ----- inflateViews : modified publicViewLocal -----
04-16 19:49:46.468  3700  3700 D KnoxNotification: ----- inflateViews : modified KnoxViewLocal -----
04-16 19:49:46.473  3700  3700 D PersonaManager: PersonaID is invalid or persona doesn't exists. : 0
04-16 19:49:46.473  3700  3700 D PhoneStatusBar: tick(): knoxCustomManager = android.app.enterprise.knoxcustom.KnoxCustomManager@12b2765b
04-16 19:49:46.478  3700  3700 D PersonaManager: isKioskContainerExistOnDevice
04-16 19:49:46.478  3700  3700 D PersonaManager: isKioskContainerExistOnDevice
04-16 19:49:46.478  3700  3700 I PhoneStatusBar: Icon Only
04-16 19:49:46.508  3700  3700 I StatusBar: Icon Only
04-16 19:49:46.513  3700  3700 D PanelView: There is/are notification(s) 
04-16 19:49:46.513  3700  3700 D PanelView: There is/are notification(s) 
04-16 19:49:46.513  3700  3700 D PersonaManager: isKioskContainerExistOnDevice
04-16 19:49:46.513  3700  3700 I PhoneStatusBar: Icon Only
04-16 19:49:46.513  3700  3700 I StatusBar: Icon Only
04-16 19:49:46.513  3700  3700 D PanelView: There is/are notification(s) 
04-16 19:49:46.513  3700  3700 D PersonaManager: isKioskContainerExistOnDevice
04-16 19:49:46.513  3700  3700 D PersonaManager: isKioskContainerExistOnDevice
04-16 19:49:46.513  3700  3700 I PhoneStatusBar: Icon Only
04-16 19:49:46.523  3700  3700 I StatusBar: Icon Only
04-16 19:49:46.523  3700  3700 D PanelView: There is/are notification(s) 
04-16 19:49:46.523  3700  3700 D PanelView: There is/are notification(s) 
04-16 19:49:46.523  3700  3700 D PersonaManager: isKioskContainerExistOnDevice
04-16 19:49:46.523  3700  3700 I PhoneStatusBar: Icon Only
04-16 19:49:46.523  3700  3700 I StatusBar: Icon Only
04-16 19:49:46.523  3700  3700 D PanelView: There is/are notification(s) 
04-16 19:49:46.558 30850  2066 D Aatp    : /task/8e17f92e60598b53edf5a1f8c8b70891a1313998/status
04-16 19:49:46.578  3496  3568 D AutomaticBrightnessController: mCallbacks.updateBrightness()
04-16 19:49:46.578  3496  3568 D DisplayPowerController: getFinalBrightness : 4 -> 4
04-16 19:49:46.578  3496  3568 D DisplayPowerController: animation target = 4, rate=500 (PSM:false, AB limit:(-1 ~ -1) MB Limit:(-1 ~ -1) MAdj:(0, (0, 255)))
04-16 19:49:46.583  3700  3700 D PanelView: mClearAll.setVisibility - mIsFullyOpened : false isShade : true mHasNotification : true mIsUpwardFling : false mQsFullyExpanded : true isShadeLocked : false mClearAllVisible : false
04-16 19:49:46.593  3700  3700 D PanelView: mClearAll.setVisibility - mIsFullyOpened : false isShade : true mHasNotification : true mIsUpwardFling : false mQsFullyExpanded : true isShadeLocked : false mClearAllVisible : false
