04-16 19:50:10.253  3700  3700 I PhoneStatusBar: Icon Only
04-16 19:50:10.253  3700  3700 I StatusBar: Icon Only
04-16 19:50:10.253  3700  3700 D PanelView: There is/are notification(s) 
04-16 19:50:10.308  3700  3700 D PanelView: mClearAll.setVisibility - mIsFullyOpened : false isShade : true mHasNotification : true mIsUpwardFling : false mQsFullyExpanded : true isShadeLocked : false mClearAllVisible : false
04-16 19:50:10.323  3700  3700 D PanelView: mClearAll.setVisibility - mIsFullyOpened : false isShade : true mHasNotification : true mIsUpwardFling : false mQsFullyExpanded : true isShadeLocked : false mClearAllVisible : false
04-16 19:50:10.328  3496  3587 D TimaService: TIMA: TimaService scheduler is intialized. 
04-16 19:50:10.328  3496  3587 D TimaService: TIMA: checkEvent, operation: 50000 subject: 10000
04-16 19:50:10.328  3496  3586 D TimaService: TimaServiceHandler.handleMessage what =1
04-16 19:50:10.398  3496  3568 D AutomaticBrightnessController: mCallbacks.updateBrightness()
04-16 19:50:10.403  3496  3568 D DisplayPowerController: getFinalBrightness : 4 -> 4
04-16 19:50:10.403  3496  3568 D DisplayPowerController: animation target = 4, rate=500 (PSM:false, AB limit:(-1 ~ -1) MB Limit:(-1 ~ -1) MAdj:(0, (0, 255)))
04-16 19:50:10.483 30850  2201 D Aatp    : /default-rotation
04-16 19:50:10.503 30850  2201 D Aatp    : sha1: 0a8287d66bb4e546521d5e77b76371a806f42b3e
04-16 19:50:10.523 30850 30850 D AatpDeviceManager: taskStatus update (0a8287d66bb4e546521d5e77b76371a806f42b3e: {"state":1})
04-16 19:50:10.523 30850 30850 D AatpDeviceManager: taskStatus update (0a8287d66bb4e546521d5e77b76371a806f42b3e: {"result":{"rotation":0},"state":2})
04-16 19:50:10.523  3496  3496 D WindowManager: showStatusBarByNotification() mOpenByNotification=false
04-16 19:50:10.528  3496  3496 D LightsService: [api] [SvcLED] turnOff:: id = 4 (uid: 1000 pid: 3496) 
04-16 19:50:10.528  3496  3496 D LightsService: [SvcLED] setSvcLedStateLocked:: SvcLEDState : 0x0 -> 0x0 | SvcLED(id=4) set Off
04-16 19:50:10.528  3496  3578 D LightsService: [SvcLED] Lux failed to be updated in 700ms. -> handleForcedSvcLEDTasK
04-16 19:50:10.528  3496  3578 D LightsService: [SvcLED]  setSvcLedLightLocked :: Current SvcLED(id=3) maintains its priority right
04-16 19:50:10.528 30850  2201 D Aatp    : /task/0a8287d66bb4e546521d5e77b76371a806f42b3e
04-16 19:50:10.563  3700  3700 D KnoxNotification: ----- inflateViews : modified publicViewLocal -----
04-16 19:50:10.578  3700  3700 D KnoxNotification: ----- inflateViews : modified KnoxViewLocal -----
04-16 19:50:10.588  3700  3700 D PersonaManager: PersonaID is invalid or persona doesn't exists. : 0
04-16 19:50:10.588  3700  3700 D PhoneStatusBar: tick(): knoxCustomManager = android.app.enterprise.knoxcustom.KnoxCustomManager@12b2765b
04-16 19:50:10.588  3496  3568 D AutomaticBrightnessController: mCallbacks.updateBrightness()
04-16 19:50:10.588  3496  3568 D DisplayPowerController: getFinalBrightness : 4 -> 4
04-16 19:50:10.588  3700  3700 D PersonaManager: isKioskContainerExistOnDevice
04-16 19:50:10.588  3496  3568 D DisplayPowerController: animation target = 4, rate=500 (PSM:false, AB limit:(-1 ~ -1) MB Limit:(-1 ~ -1) MAdj:(0, (0, 255)))
04-16 19:50:10.588  3700  3700 D PersonaManager: isKioskContainerExistOnDevice
04-16 19:50:10.588  3700  3700 I PhoneStatusBar: Icon Only
04-16 19:50:10.623  3700  3700 I StatusBar: Icon Only
04-16 19:50:10.628  3700  3700 D PanelView: There is/are notification(s) 
04-16 19:50:10.628  3700  3700 D PanelView: There is/are notification(s) 
04-16 19:50:10.628  3700  3700 D PersonaManager: isKioskContainerExistOnDevice
04-16 19:50:10.628  3700  3700 I PhoneStatusBar: Icon Only
04-16 19:50:10.628  3700  3700 I StatusBar: Icon Only
04-16 19:50:10.628  3700  3700 D PanelView: There is/are notification(s) 
04-16 19:50:10.633  3700  3700 D PersonaManager: isKioskContainerExistOnDevice
04-16 19:50:10.633  3700  3700 D PersonaManager: isKioskContainerExistOnDevice
04-16 19:50:10.633  3700  3700 I PhoneStatusBar: Icon Only
04-16 19:50:10.643  3700  3700 I StatusBar: Icon Only
04-16 19:50:10.643  3700  3700 D PanelView: There is/are notification(s) 
04-16 19:50:10.643  3700  3700 D PanelView: There is/are notification(s) 
04-16 19:50:10.648  3700  3700 D PersonaManager: isKioskContainerExistOnDevice
04-16 19:50:10.648  3700  3700 I PhoneStatusBar: Icon Only
04-16 19:50:10.648  3700  3700 I StatusBar: Icon Only
04-16 19:50:10.648  3700  3700 D PanelView: There is/are notification(s) 
04-16 19:50:10.673 30850  2205 D Aatp    : /task/0a8287d66bb4e546521d5e77b76371a806f42b3e/status
04-16 19:50:10.698  3700  3700 D PanelView: mClearAll.setVisibility - mIsFullyOpened : false isShade : true mHasNotification : true mIsUpwardFling : false mQsFullyExpanded : true isShadeLocked : false mClearAllVisible : false
04-16 19:50:10.713  3700  3700 D PanelView: mClearAll.setVisibility - mIsFullyOpened : false isShade : true mHasNotification : true mIsUpwardFling : false mQsFullyExpanded : true isShadeLocked : false mClearAllVisible : false
04-16 19:50:10.778  3496  3568 D AutomaticBrightnessController: mCallbacks.updateBrightness()
04-16 19:50:10.778  3496  3568 D DisplayPowerController: getFinalBrightness : 4 -> 4
04-16 19:50:10.778  3496  3568 D DisplayPowerController: animation target = 4, rate=500 (PSM:false, AB limit:(-1 ~ -1) MB Limit:(-1 ~ -1) MAdj:(0, (0, 255)))
04-16 19:50:10.968  3496  3568 D AutomaticBrightnessController: mCallbacks.updateBrightness()
04-16 19:50:10.968  3496  3568 D DisplayPowerController: getFinalBrightness : 4 -> 4
04-16 19:50:10.968  3496  3568 D DisplayPowerController: animation target = 4, rate=500 (PSM:false, AB limit:(-1 ~ -1) MB Limit:(-1 ~ -1) MAdj:(0, (0, 255)))
04-16 19:50:11.158  3496  3568 D AutomaticBrightnessController: mCallbacks.updateBrightness()
04-16 19:50:11.158  3496  3568 D DisplayPowerController: getFinalBrightness : 4 -> 4
04-16 19:50:11.158  3496  3568 D DisplayPowerController: animation target = 4, rate=500 (PSM:false, AB limit:(-1 ~ -1) MB Limit:(-1 ~ -1) MAdj:(0, (0, 255)))
04-16 19:50:11.348  3496  3568 D AutomaticBrightnessController: mCallbacks.updateBrightness()
04-16 19:50:11.348  3496  3568 D DisplayPowerController: getFinalBrightness : 4 -> 4
04-16 19:50:11.348  3496  3568 D DisplayPowerController: animation target = 4, rate=500 (PSM:false, AB limit:(-1 ~ -1) MB Limit:(-1 ~ -1) MAdj:(0, (0, 255)))
04-16 19:50:11.533  3496  3568 D AutomaticBrightnessController: mCallbacks.updateBrightness()
04-16 19:50:11.533  3496  3568 D DisplayPowerController: getFinalBrightness : 4 -> 4
04-16 19:50:11.538  3496  3568 D DisplayPowerController: animation target = 4, rate=500 (PSM:false, AB limit:(-1 ~ -1) MB Limit:(-1 ~ -1) MAdj:(0, (0, 255)))
04-16 19:50:11.723  3496  3568 D AutomaticBrightnessController: mCallbacks.updateBrightness()
04-16 19:50:11.728  3496  3568 D DisplayPowerController: getFinalBrightness : 4 -> 4
04-16 19:50:11.728  3496  3568 D DisplayPowerController: animation target = 4, rate=500 (PSM:false, AB limit:(-1 ~ -1) MB Limit:(-1 ~ -1) MAdj:(0, (0, 255)))
04-16 19:50:11.878 30850  2208 D Aatp    : /default-rotation
04-16 19:50:11.893  3496  3631 I WifiStateMachine: CMD_RSSI_POLL : calculateWifiScore in!
04-16 19:50:11.898  3496  3631 I WifiStateMachine: CMD_RSSI_POLL : calculateWifiScore out!
04-16 19:50:11.898  3496  3631 I WifiStateMachine: CMD_RSSI_POLL : out!
04-16 19:50:11.903 30850  2208 D Aatp    : sha1: a4aec22a2da08b3a01207e576069a0e033bf5e75
04-16 19:50:11.913  3496  3568 D AutomaticBrightnessController: mCallbacks.updateBrightness()
04-16 19:50:11.913  3496  3568 D DisplayPowerController: getFinalBrightness : 4 -> 4
04-16 19:50:11.913  3496  3568 D DisplayPowerController: animation target = 4, rate=500 (PSM:false, AB limit:(-1 ~ -1) MB Limit:(-1 ~ -1) MAdj:(0, (0, 255)))
04-16 19:50:11.918 30850 30850 D AatpDeviceManager: taskStatus update (a4aec22a2da08b3a01207e576069a0e033bf5e75: {"state":1})
04-16 19:50:11.918 30850 30850 D AatpDeviceManager: taskStatus update (a4aec22a2da08b3a01207e576069a0e033bf5e75: {"result":{"rotation":0},"state":2})
04-16 19:50:11.918  3496  3496 D WindowManager: showStatusBarByNotification() mOpenByNotification=false
04-16 19:50:11.923  3496  3496 D LightsService: [api] [SvcLED] turnOff:: id = 4 (uid: 1000 pid: 3496) 
04-16 19:50:11.923  3496  3496 D LightsService: [SvcLED] setSvcLedStateLocked:: SvcLEDState : 0x0 -> 0x0 | SvcLED(id=4) set Off
04-16 19:50:11.923  3496  3578 D LightsService: [SvcLED] Lux failed to be updated in 700ms. -> handleForcedSvcLEDTasK
04-16 19:50:11.923  3496  3578 D LightsService: [SvcLED]  setSvcLedLightLocked :: Current SvcLED(id=3) maintains its priority right
04-16 19:50:11.948 30850  2208 D Aatp    : /task/a4aec22a2da08b3a01207e576069a0e033bf5e75
04-16 19:50:11.973  3700  3700 D KnoxNotification: ----- inflateViews : modified publicViewLocal -----
04-16 19:50:11.988  3700  3700 D KnoxNotification: ----- inflateViews : modified KnoxViewLocal -----
04-16 19:50:11.998  3700  3700 D PersonaManager: PersonaID is invalid or persona doesn't exists. : 0
04-16 19:50:11.998  3700  3700 D PhoneStatusBar: tick(): knoxCustomManager = android.app.enterprise.knoxcustom.KnoxCustomManager@12b2765b
04-16 19:50:11.998  3700  3700 D PersonaManager: isKioskContainerExistOnDevice
04-16 19:50:11.998  3700  3700 D PersonaManager: isKioskContainerExistOnDevice
04-16 19:50:11.998  3700  3700 I PhoneStatusBar: Icon Only
04-16 19:50:12.028  3700  3700 I StatusBar: Icon Only
04-16 19:50:12.028  3700  3700 D PanelView: There is/are notification(s) 
04-16 19:50:12.033  3700  3700 D PanelView: There is/are notification(s) 
04-16 19:50:12.033  3700  3700 D PersonaManager: isKioskContainerExistOnDevice
04-16 19:50:12.033  3700  3700 I PhoneStatusBar: Icon Only
04-16 19:50:12.033  3700  3700 I StatusBar: Icon Only
04-16 19:50:12.033  3700  3700 D PanelView: There is/are notification(s) 
04-16 19:50:12.033  3700  3700 D PersonaManager: isKioskContainerExistOnDevice
04-16 19:50:12.033  3700  3700 D PersonaManager: isKioskContainerExistOnDevice
04-16 19:50:12.033  3700  3700 I PhoneStatusBar: Icon Only
04-16 19:50:12.038  3700  3700 I StatusBar: Icon Only
04-16 19:50:12.043  3700  3700 D PanelView: There is/are notification(s) 
04-16 19:50:12.043  3700  3700 D PanelView: There is/are notification(s) 
04-16 19:50:12.043  3700  3700 D PersonaManager: isKioskContainerExistOnDevice
04-16 19:50:12.043  3700  3700 I PhoneStatusBar: Icon Only
04-16 19:50:12.043  3700  3700 I StatusBar: Icon Only
04-16 19:50:12.043  3700  3700 D PanelView: There is/are notification(s) 
04-16 19:50:12.098  3496  3568 D AutomaticBrightnessController: mCallbacks.updateBrightness()
04-16 19:50:12.098 30850  2210 D Aatp    : /task/a4aec22a2da08b3a01207e576069a0e033bf5e75/status
04-16 19:50:12.098  3496  3568 D DisplayPowerController: getFinalBrightness : 4 -> 4
04-16 19:50:12.103  3496  3568 D DisplayPowerController: animation target = 4, rate=500 (PSM:false, AB limit:(-1 ~ -1) MB Limit:(-1 ~ -1) MAdj:(0, (0, 255)))
04-16 19:50:12.103  3700  3700 D PanelView: mClearAll.setVisibility - mIsFullyOpened : false isShade : true mHasNotification : true mIsUpwardFling : false mQsFullyExpanded : true isShadeLocked : false mClearAllVisible : false
04-16 19:50:12.113  3700  3700 D PanelView: mClearAll.setVisibility - mIsFullyOpened : false isShade : true mHasNotification : true mIsUpwardFling : false mQsFullyExpanded : true isShadeLocked : false mClearAllVisible : false
04-16 19:50:12.293  3496  3568 D AutomaticBrightnessController: mCallbacks.updateBrightness()
04-16 19:50:12.293  3496  3568 D DisplayPowerController: getFinalBrightness : 4 -> 4
04-16 19:50:12.293  3496  3568 D DisplayPowerController: animation target = 4, rate=500 (PSM:false, AB limit:(-1 ~ -1) MB Limit:(-1 ~ -1) MAdj:(0, (0, 255)))
04-16 19:50:12.408 30850  2211 D Aatp    : /default-rotation
04-16 19:50:12.433 30850  2211 D Aatp    : sha1: 6a06eef39b4feeb92b1ca3eb4fe02344eb14346c
04-16 19:50:12.448 30850 30850 D AatpDeviceManager: taskStatus update (6a06eef39b4feeb92b1ca3eb4fe02344eb14346c: {"state":1})
04-16 19:50:12.448 30850 30850 D AatpDeviceManager: taskStatus update (6a06eef39b4feeb92b1ca3eb4fe02344eb14346c: {"result":{"rotation":0},"state":2})
04-16 19:50:12.448  3496  3496 D WindowManager: showStatusBarByNotification() mOpenByNotification=false
04-16 19:50:12.453  3496  3496 D LightsService: [api] [SvcLED] turnOff:: id = 4 (uid: 1000 pid: 3496) 
04-16 19:50:12.453  3496  3496 D LightsService: [SvcLED] setSvcLedStateLocked:: SvcLEDState : 0x0 -> 0x0 | SvcLED(id=4) set Off
04-16 19:50:12.453  3496  3578 D LightsService: [SvcLED] Lux failed to be updated in 700ms. -> handleForcedSvcLEDTasK
04-16 19:50:12.453  3496  3578 D LightsService: [SvcLED]  setSvcLedLightLocked :: Current SvcLED(id=3) maintains its priority right
04-16 19:50:12.478  3496  3568 D AutomaticBrightnessController: mCallbacks.updateBrightness()
04-16 19:50:12.478  3496  3568 D DisplayPowerController: getFinalBrightness : 4 -> 4
04-16 19:50:12.478  3496  3568 D DisplayPowerController: animation target = 4, rate=500 (PSM:false, AB limit:(-1 ~ -1) MB Limit:(-1 ~ -1) MAdj:(0, (0, 255)))
04-16 19:50:12.503  3700  3700 D KnoxNotification: ----- inflateViews : modified publicViewLocal -----
04-16 19:50:12.518  3700  3700 D KnoxNotification: ----- inflateViews : modified KnoxViewLocal -----
04-16 19:50:12.523  3700  3700 D PersonaManager: PersonaID is invalid or persona doesn't exists. : 0
04-16 19:50:12.523  3700  3700 D PhoneStatusBar: tick(): knoxCustomManager = android.app.enterprise.knoxcustom.KnoxCustomManager@12b2765b
04-16 19:50:12.523  3700  3700 D PersonaManager: isKioskContainerExistOnDevice
04-16 19:50:12.523  3700  3700 D PersonaManager: isKioskContainerExistOnDevice
04-16 19:50:12.523  3700  3700 I PhoneStatusBar: Icon Only
04-16 19:50:12.523 30850  2211 D Aatp    : /task/6a06eef39b4feeb92b1ca3eb4fe02344eb14346c
04-16 19:50:12.558  3700  3700 I StatusBar: Icon Only
04-16 19:50:12.558  3700  3700 D PanelView: There is/are notification(s) 
04-16 19:50:12.558  3700  3700 D PanelView: There is/are notification(s) 
04-16 19:50:12.558  3700  3700 D PersonaManager: isKioskContainerExistOnDevice
04-16 19:50:12.558  3700  3700 I PhoneStatusBar: Icon Only
04-16 19:50:12.558  3700  3700 I StatusBar: Icon Only
04-16 19:50:12.558  3700  3700 D PanelView: There is/are notification(s) 
04-16 19:50:12.563  3700  3700 D PersonaManager: isKioskContainerExistOnDevice
04-16 19:50:12.563  3700  3700 D PersonaManager: isKioskContainerExistOnDevice
04-16 19:50:12.563  3700  3700 I PhoneStatusBar: Icon Only
04-16 19:50:12.568  3700  3700 I StatusBar: Icon Only
04-16 19:50:12.568  3700  3700 D PanelView: There is/are notification(s) 
04-16 19:50:12.568  3700  3700 D PanelView: There is/are notification(s) 
04-16 19:50:12.573  3700  3700 D PersonaManager: isKioskContainerExistOnDevice
04-16 19:50:12.573  3700  3700 I PhoneStatusBar: Icon Only
04-16 19:50:12.573  3700  3700 I StatusBar: Icon Only
04-16 19:50:12.573  3700  3700 D PanelView: There is/are notification(s) 
04-16 19:50:12.628  3700  3700 D PanelView: mClearAll.setVisibility - mIsFullyOpened : false isShade : true mHasNotification : true mIsUpwardFling : false mQsFullyExpanded : true isShadeLocked : false mClearAllVisible : false
04-16 19:50:12.638  3700  3700 D PanelView: mClearAll.setVisibility - mIsFullyOpened : false isShade : true mHasNotification : true mIsUpwardFling : false mQsFullyExpanded : true isShadeLocked : false mClearAllVisible : false
04-16 19:50:12.653 30850  2213 D Aatp    : /task/6a06eef39b4feeb92b1ca3eb4fe02344eb14346c/status
04-16 19:50:12.673  3496  3568 D AutomaticBrightnessController: mCallbacks.updateBrightness()
04-16 19:50:12.673  3496  3568 D DisplayPowerController: getFinalBrightness : 4 -> 4
04-16 19:50:12.673  3496  3568 D DisplayPowerController: animation target = 4, rate=500 (PSM:false, AB limit:(-1 ~ -1) MB Limit:(-1 ~ -1) MAdj:(0, (0, 255)))
04-16 19:50:12.723  3496  3839 E Watchdog: !@Sync 270
04-16 19:50:12.858  3496  3568 D AutomaticBrightnessController: mCallbacks.updateBrightness()
04-16 19:50:12.858  3496  3568 D DisplayPowerController: getFinalBrightness : 4 -> 4
04-16 19:50:12.858  3496  3568 D DisplayPowerController: animation target = 4, rate=500 (PSM:false, AB limit:(-1 ~ -1) MB Limit:(-1 ~ -1) MAdj:(0, (0, 255)))
04-16 19:50:12.878 30850  2216 D Aatp    : /default-rotation
04-16 19:50:12.903 30850  2216 D Aatp    : sha1: 8e73f0ee395a3e701d3ec10f213d51c5448e154f
04-16 19:50:12.923 30850 30850 D AatpDeviceManager: taskStatus update (8e73f0ee395a3e701d3ec10f213d51c5448e154f: {"state":1})
04-16 19:50:12.928  3496  3496 D WindowManager: showStatusBarByNotification() mOpenByNotification=false
04-16 19:50:12.928 30850 30850 D AatpDeviceManager: taskStatus update (8e73f0ee395a3e701d3ec10f213d51c5448e154f: {"result":{"rotation":0},"state":2})
04-16 19:50:12.938  3496  3496 D LightsService: [api] [SvcLED] turnOff:: id = 4 (uid: 1000 pid: 3496) 
04-16 19:50:12.938  3496  3496 D LightsService: [SvcLED] setSvcLedStateLocked:: SvcLEDState : 0x0 -> 0x0 | SvcLED(id=4) set Off
04-16 19:50:12.938  3496  3578 D LightsService: [SvcLED] Lux failed to be updated in 700ms. -> handleForcedSvcLEDTasK
04-16 19:50:12.938  3496  3578 D LightsService: [SvcLED]  setSvcLedLightLocked :: Current SvcLED(id=3) maintains its priority right
04-16 19:50:12.988 30850  2216 D Aatp    : /task/8e73f0ee395a3e701d3ec10f213d51c5448e154f
04-16 19:50:12.993  3700  3700 D KnoxNotification: ----- inflateViews : modified publicViewLocal -----
04-16 19:50:13.008  3700  3700 D KnoxNotification: ----- inflateViews : modified KnoxViewLocal -----
04-16 19:50:13.013  3700  3700 D PersonaManager: PersonaID is invalid or persona doesn't exists. : 0
04-16 19:50:13.013  3700  3700 D PhoneStatusBar: tick(): knoxCustomManager = android.app.enterprise.knoxcustom.KnoxCustomManager@12b2765b
04-16 19:50:13.013  3700  3700 D PersonaManager: isKioskContainerExistOnDevice
04-16 19:50:13.013  3700  3700 D PersonaManager: isKioskContainerExistOnDevice
04-16 19:50:13.013  3700  3700 I PhoneStatusBar: Icon Only
04-16 19:50:13.043  3496  3568 D AutomaticBrightnessController: mCallbacks.updateBrightness()
04-16 19:50:13.043  3496  3568 D DisplayPowerController: getFinalBrightness : 4 -> 4
04-16 19:50:13.043  3496  3568 D DisplayPowerController: animation target = 4, rate=500 (PSM:false, AB limit:(-1 ~ -1) MB Limit:(-1 ~ -1) MAdj:(0, (0, 255)))
04-16 19:50:13.048  3700  3700 I StatusBar: Icon Only
04-16 19:50:13.048  3700  3700 D PanelView: There is/are notification(s) 
04-16 19:50:13.048  3700  3700 D PanelView: There is/are notification(s) 
04-16 19:50:13.048  3700  3700 D PersonaManager: isKioskContainerExistOnDevice
04-16 19:50:13.048  3700  3700 I PhoneStatusBar: Icon Only
04-16 19:50:13.048  3700  3700 I StatusBar: Icon Only
04-16 19:50:13.048  3700  3700 D PanelView: There is/are notification(s) 
04-16 19:50:13.048  3700  3700 D PersonaManager: isKioskContainerExistOnDevice
04-16 19:50:13.048  3700  3700 D PersonaManager: isKioskContainerExistOnDevice
04-16 19:50:13.048  3700  3700 I PhoneStatusBar: Icon Only
04-16 19:50:13.058  3700  3700 I StatusBar: Icon Only
04-16 19:50:13.058  3700  3700 D PanelView: There is/are notification(s) 
04-16 19:50:13.058  3700  3700 D PanelView: There is/are notification(s) 
04-16 19:50:13.058  3700  3700 D PersonaManager: isKioskContainerExistOnDevice
04-16 19:50:13.058  3700  3700 I PhoneStatusBar: Icon Only
04-16 19:50:13.058  3700  3700 I StatusBar: Icon Only
04-16 19:50:13.058  3700  3700 D PanelView: There is/are notification(s) 
04-16 19:50:13.118  3700  3700 D PanelView: mClearAll.setVisibility - mIsFullyOpened : false isShade : true mHasNotification : true mIsUpwardFling : false mQsFullyExpanded : true isShadeLocked : false mClearAllVisible : false
04-16 19:50:13.128  3700  3700 D PanelView: mClearAll.setVisibility - mIsFullyOpened : false isShade : true mHasNotification : true mIsUpwardFling : false mQsFullyExpanded : true isShadeLocked : false mClearAllVisible : false
04-16 19:50:13.233  3496  3568 D AutomaticBrightnessController: mCallbacks.updateBrightness()
04-16 19:50:13.233  3496  3568 D DisplayPowerController: getFinalBrightness : 4 -> 4
04-16 19:50:13.233  3496  3568 D DisplayPowerController: animation target = 4, rate=500 (PSM:false, AB limit:(-1 ~ -1) MB Limit:(-1 ~ -1) MAdj:(0, (0, 255)))
04-16 19:50:13.328  3496  3799 D BatteryService: !@BatteryListener : batteryPropertiesChanged!
04-16 19:50:13.328  3496  3799 D BatteryService: level:100, scale:100, status:5, health:2, present:true, voltage: 4368, temperature: 241, technology: Li-ion, AC powered:false, USB powered:true, Wireless powered:false, icon:17303722, invalid charger:0
04-16 19:50:13.328  3496  3799 D BatteryService: online:4, current avg:62, charge type:1, power sharing:false, high voltage charger:false, capacity:322000, current_now:-87
04-16 19:50:13.328  3496  3496 D BatteryService: Sending ACTION_BATTERY_CHANGED.
04-16 19:50:13.333  3496  3496 I MotionRecognitionService: Plugged
04-16 19:50:13.333  3496  3496 I MotionRecognitionService: setPowerConnected  = true
04-16 19:50:13.338  3700  3700 D KeyguardUpdateMonitor: received broadcast android.intent.action.BATTERY_CHANGED
04-16 19:50:13.338  3700  3700 D KeyguardUpdateMonitor: handleBatteryUpdate
04-16 19:50:13.348  3700  3700 D STATUSBAR-PhoneStatusBar:  mBrightnessEnablebySettings = true mBrightnessEnablebyBattery = true mBrightnessEnablebyDisableFlag = true mPmsBrightnessEnablebySettings = true
04-16 19:50:13.358  3700  3700 D BatteryMeterView: ACTION_BATTERY_CHANGED : level:100 status:5 health:2
04-16 19:50:13.358  3700  3700 D BatteryMeterView: ACTION_BATTERY_CHANGED : level:100 status:5 health:2
04-16 19:50:13.358  3700  3700 D BatteryMeterView: ACTION_BATTERY_CHANGED : level:100 status:5 health:2
04-16 19:50:13.423  3496  3568 D AutomaticBrightnessController: mCallbacks.updateBrightness()
04-16 19:50:13.423  3496  3568 D DisplayPowerController: getFinalBrightness : 4 -> 4
04-16 19:50:13.423  3496  3568 D DisplayPowerController: animation target = 4, rate=500 (PSM:false, AB limit:(-1 ~ -1) MB Limit:(-1 ~ -1) MAdj:(0, (0, 255)))
04-16 19:50:13.613  3496  3568 D AutomaticBrightnessController: mCallbacks.updateBrightness()
04-16 19:50:13.618  3496  3568 D DisplayPowerController: getFinalBrightness : 4 -> 4
04-16 19:50:13.618  3496  3568 D DisplayPowerController: animation target = 4, rate=500 (PSM:false, AB limit:(-1 ~ -1) MB Limit:(-1 ~ -1) MAdj:(0, (0, 255)))
04-16 19:50:13.803  3496  3568 D AutomaticBrightnessController: mCallbacks.updateBrightness()
04-16 19:50:13.803  3496  3568 D DisplayPowerController: getFinalBrightness : 4 -> 4
04-16 19:50:13.803  3496  3568 D DisplayPowerController: animation target = 4, rate=500 (PSM:false, AB limit:(-1 ~ -1) MB Limit:(-1 ~ -1) MAdj:(0, (0, 255)))
04-16 19:50:13.983  2870  4360 I MMD     : [timer_stat, 906] MMD 5.4 (to/from modem) tot:8/0 ACC_DMX:0/0 APP_DMX:0/0 ACC_TV:0/0 APP_TV:0/0 ACC_3P_EOP:0/0 APP_3P_EOP:0/0 ACC_EOP_2:0/0 APP_EOP_2:0/0 AT_RMM:0/0 ACC_FLUSH:0/0 APP_FLUSH:0/0 AUDIO_PROBE:0/0 
04-16 19:50:13.993  3496  3568 D AutomaticBrightnessController: mCallbacks.updateBrightness()
04-16 19:50:13.993  3496  3568 D DisplayPowerController: getFinalBrightness : 4 -> 4
04-16 19:50:13.993  3496  3568 D DisplayPowerController: animation target = 4, rate=500 (PSM:false, AB limit:(-1 ~ -1) MB Limit:(-1 ~ -1) MAdj:(0, (0, 255)))
04-16 19:50:14.013  3496  5480 D SSRM:n  : SIOP:: AP = 230, PST = 248, CUR = 62
04-16 19:50:14.108 30850  2221 D Aatp    : /task/8e73f0ee395a3e701d3ec10f213d51c5448e154f/status
04-16 19:50:14.178  3496  3568 D AutomaticBrightnessController: mCallbacks.updateBrightness()
04-16 19:50:14.178  3496  3568 D DisplayPowerController: getFinalBrightness : 4 -> 4
04-16 19:50:14.178  3496  3568 D DisplayPowerController: animation target = 4, rate=500 (PSM:false, AB limit:(-1 ~ -1) MB Limit:(-1 ~ -1) MAdj:(0, (0, 255)))
04-16 19:50:14.283 30850  2222 D Aatp    : /default-rotation
04-16 19:50:14.303 30850  2222 D Aatp    : sha1: 0034d2172ee1f30c1c3eb60a427d46631af243da
04-16 19:50:14.323 30850 30850 D AatpDeviceManager: taskStatus update (0034d2172ee1f30c1c3eb60a427d46631af243da: {"state":1})
04-16 19:50:14.323 30850 30850 D AatpDeviceManager: taskStatus update (0034d2172ee1f30c1c3eb60a427d46631af243da: {"result":{"rotation":0},"state":2})
04-16 19:50:14.323  3496  3496 D WindowManager: showStatusBarByNotification() mOpenByNotification=false
04-16 19:50:14.333  3496  3496 D LightsService: [api] [SvcLED] turnOff:: id = 4 (uid: 1000 pid: 3496) 
04-16 19:50:14.333  3496  3496 D LightsService: [SvcLED] setSvcLedStateLocked:: SvcLEDState : 0x0 -> 0x0 | SvcLED(id=4) set Off
04-16 19:50:14.333  3496  3578 D LightsService: [SvcLED] Lux failed to be updated in 700ms. -> handleForcedSvcLEDTasK
04-16 19:50:14.333  3496  3578 D LightsService: [SvcLED]  setSvcLedLightLocked :: Current SvcLED(id=3) maintains its priority right
04-16 19:50:14.333 30850  2222 D Aatp    : /task/0034d2172ee1f30c1c3eb60a427d46631af243da
04-16 19:50:14.368  3496  3568 D AutomaticBrightnessController: mCallbacks.updateBrightness()
04-16 19:50:14.368  3496  3568 D DisplayPowerController: getFinalBrightness : 4 -> 4
04-16 19:50:14.368  3496  3568 D DisplayPowerController: animation target = 4, rate=500 (PSM:false, AB limit:(-1 ~ -1) MB Limit:(-1 ~ -1) MAdj:(0, (0, 255)))
04-16 19:50:14.383  3700  3700 D KnoxNotification: ----- inflateViews : modified publicViewLocal -----
04-16 19:50:14.398  3700  3700 D KnoxNotification: ----- inflateViews : modified KnoxViewLocal -----
04-16 19:50:14.403  3700  3700 D PersonaManager: PersonaID is invalid or persona doesn't exists. : 0
04-16 19:50:14.403  3700  3700 D PhoneStatusBar: tick(): knoxCustomManager = android.app.enterprise.knoxcustom.KnoxCustomManager@12b2765b
04-16 19:50:14.403  3700  3700 D PersonaManager: isKioskContainerExistOnDevice
04-16 19:50:14.403  3700  3700 D PersonaManager: isKioskContainerExistOnDevice
04-16 19:50:14.403  3700  3700 I PhoneStatusBar: Icon Only
04-16 19:50:14.433  3700  3700 I StatusBar: Icon Only
04-16 19:50:14.438  3700  3700 D PanelView: There is/are notification(s) 
04-16 19:50:14.438  3700  3700 D PanelView: There is/are notification(s) 
04-16 19:50:14.438  3700  3700 D PersonaManager: isKioskContainerExistOnDevice
04-16 19:50:14.438  3700  3700 I PhoneStatusBar: Icon Only
04-16 19:50:14.438  3700  3700 I StatusBar: Icon Only
04-16 19:50:14.438  3700  3700 D PanelView: There is/are notification(s) 
04-16 19:50:14.438  3700  3700 D PersonaManager: isKioskContainerExistOnDevice
04-16 19:50:14.438  3700  3700 D PersonaManager: isKioskContainerExistOnDevice
04-16 19:50:14.438  3700  3700 I PhoneStatusBar: Icon Only
04-16 19:50:14.448  3700  3700 I StatusBar: Icon Only
04-16 19:50:14.448  3700  3700 D PanelView: There is/are notification(s) 
04-16 19:50:14.448  3700  3700 D PanelView: There is/are notification(s) 
04-16 19:50:14.448  3700  3700 D PersonaManager: isKioskContainerExistOnDevice
04-16 19:50:14.448  3700  3700 I PhoneStatusBar: Icon Only
04-16 19:50:14.448  3700  3700 I StatusBar: Icon Only
04-16 19:50:14.448  3700  3700 D PanelView: There is/are notification(s) 
04-16 19:50:14.478 30850  2224 D Aatp    : /task/0034d2172ee1f30c1c3eb60a427d46631af243da/status
04-16 19:50:14.508  3700  3700 D PanelView: mClearAll.setVisibility - mIsFullyOpened : false isShade : true mHasNotification : true mIsUpwardFling : false mQsFullyExpanded : true isShadeLocked : false mClearAllVisible : false
04-16 19:50:14.518  3700  3700 D PanelView: mClearAll.setVisibility - mIsFullyOpened : false isShade : true mHasNotification : true mIsUpwardFling : false mQsFullyExpanded : true isShadeLocked : false mClearAllVisible : false
04-16 19:50:14.563  3496  3568 D AutomaticBrightnessController: mCallbacks.updateBrightness()
04-16 19:50:14.563  3496  3568 D DisplayPowerController: getFinalBrightness : 4 -> 4
04-16 19:50:14.563  3496  3568 D DisplayPowerController: animation target = 4, rate=500 (PSM:false, AB limit:(-1 ~ -1) MB Limit:(-1 ~ -1) MAdj:(0, (0, 255)))
04-16 19:50:14.748 30850  2225 D Aatp    : /default-rotation
04-16 19:50:14.748  3496  3568 D AutomaticBrightnessController: mCallbacks.updateBrightness()
04-16 19:50:14.753  3496  3568 D DisplayPowerController: getFinalBrightness : 4 -> 4
04-16 19:50:14.753  3496  3568 D DisplayPowerController: animation target = 4, rate=500 (PSM:false, AB limit:(-1 ~ -1) MB Limit:(-1 ~ -1) MAdj:(0, (0, 255)))
04-16 19:50:14.783 30850  2225 D Aatp    : sha1: 327543b5af57d2b1d17558d76296f6637c70dc65
04-16 19:50:14.798 30850 30850 D AatpDeviceManager: taskStatus update (327543b5af57d2b1d17558d76296f6637c70dc65: {"state":1})
04-16 19:50:14.798 30850 30850 D AatpDeviceManager: taskStatus update (327543b5af57d2b1d17558d76296f6637c70dc65: {"result":{"rotation":0},"state":2})
04-16 19:50:14.798  3496  3496 D WindowManager: showStatusBarByNotification() mOpenByNotification=false
04-16 19:50:14.803  3496  3496 D LightsService: [api] [SvcLED] turnOff:: id = 4 (uid: 1000 pid: 3496) 
04-16 19:50:14.803  3496  3496 D LightsService: [SvcLED] setSvcLedStateLocked:: SvcLEDState : 0x0 -> 0x0 | SvcLED(id=4) set Off
04-16 19:50:14.803  3496  3578 D LightsService: [SvcLED] Lux failed to be updated in 700ms. -> handleForcedSvcLEDTasK
04-16 19:50:14.803  3496  3578 D LightsService: [SvcLED]  setSvcLedLightLocked :: Current SvcLED(id=3) maintains its priority right
04-16 19:50:14.843 30850  2225 D Aatp    : /task/327543b5af57d2b1d17558d76296f6637c70dc65
04-16 19:50:14.853  3700  3700 D KnoxNotification: ----- inflateViews : modified publicViewLocal -----
04-16 19:50:14.868  3700  3700 D KnoxNotification: ----- inflateViews : modified KnoxViewLocal -----
04-16 19:50:14.873  3700  3700 D PersonaManager: PersonaID is invalid or persona doesn't exists. : 0
04-16 19:50:14.878  3700  3700 D PhoneStatusBar: tick(): knoxCustomManager = android.app.enterprise.knoxcustom.KnoxCustomManager@12b2765b
04-16 19:50:14.878  3700  3700 D PersonaManager: isKioskContainerExistOnDevice
04-16 19:50:14.878  3700  3700 D PersonaManager: isKioskContainerExistOnDevice
04-16 19:50:14.878  3700  3700 I PhoneStatusBar: Icon Only
04-16 19:50:14.908  3496  3631 I WifiStateMachine: CMD_RSSI_POLL : calculateWifiScore in!
04-16 19:50:14.908  3496  3631 I WifiStateMachine: CMD_RSSI_POLL : calculateWifiScore out!
04-16 19:50:14.908  3496  3631 I WifiStateMachine: CMD_RSSI_POLL : out!
04-16 19:50:14.913  3700  3700 I StatusBar: Icon Only
04-16 19:50:14.913  3700  3700 D PanelView: There is/are notification(s) 
04-16 19:50:14.918  3700  3700 D PanelView: There is/are notification(s) 
04-16 19:50:14.918  3700  3700 D PersonaManager: isKioskContainerExistOnDevice
04-16 19:50:14.918  3700  3700 I PhoneStatusBar: Icon Only
04-16 19:50:14.918  3700  3700 I StatusBar: Icon Only
04-16 19:50:14.918  3700  3700 D PanelView: There is/are notification(s) 
04-16 19:50:14.918  3700  3700 D PersonaManager: isKioskContainerExistOnDevice
04-16 19:50:14.918  3700  3700 D PersonaManager: isKioskContainerExistOnDevice
04-16 19:50:14.918  3700  3700 I PhoneStatusBar: Icon Only
04-16 19:50:14.928  3700  3700 I StatusBar: Icon Only
04-16 19:50:14.928  3700  3700 D PanelView: There is/are notification(s) 
04-16 19:50:14.928  3700  3700 D PanelView: There is/are notification(s) 
04-16 19:50:14.928  3700  3700 D PersonaManager: isKioskContainerExistOnDevice
04-16 19:50:14.928  3700  3700 I PhoneStatusBar: Icon Only
04-16 19:50:14.928  3700  3700 I StatusBar: Icon Only
04-16 19:50:14.928  3700  3700 D PanelView: There is/are notification(s) 
04-16 19:50:14.938  3496  3568 D AutomaticBrightnessController: mCallbacks.updateBrightness()
04-16 19:50:14.938  3496  3568 D DisplayPowerController: getFinalBrightness : 4 -> 4
04-16 19:50:14.938  3496  3568 D DisplayPowerController: animation target = 4, rate=500 (PSM:false, AB limit:(-1 ~ -1) MB Limit:(-1 ~ -1) MAdj:(0, (0, 255)))
04-16 19:50:14.958 30850  2227 D Aatp    : /task/327543b5af57d2b1d17558d76296f6637c70dc65/status
04-16 19:50:14.988  3700  3700 D PanelView: mClearAll.setVisibility - mIsFullyOpened : false isShade : true mHasNotification : true mIsUpwardFling : false mQsFullyExpanded : true isShadeLocked : false mClearAllVisible : false
04-16 19:50:14.998  3700  3700 D PanelView: mClearAll.setVisibility - mIsFullyOpened : false isShade : true mHasNotification : true mIsUpwardFling : false mQsFullyExpanded : true isShadeLocked : false mClearAllVisible : false
04-16 19:50:15.128  3496  3568 D AutomaticBrightnessController: mCallbacks.updateBrightness()
04-16 19:50:15.128  3496  3568 D DisplayPowerController: getFinalBrightness : 4 -> 4
04-16 19:50:15.128  3496  3568 D DisplayPowerController: animation target = 4, rate=500 (PSM:false, AB limit:(-1 ~ -1) MB Limit:(-1 ~ -1) MAdj:(0, (0, 255)))
04-16 19:50:15.158  3496  3587 I TLC_TIMA_PKM_measure_kernel: TIMA: response_id = 3
04-16 19:50:15.158  3496  3587 I TLC_TIMA_PKM_measure_kernel: TIMA: response ret = 0, result_ondemand = MSG=Kernel Verification Success;
04-16 19:50:15.173  3496  3587 D TimaService: TIMA MEASUREMENT Result: TIMA_STATUS=0;MSG=Kernel Verification Success;
04-16 19:50:15.178  3496  3587 D TimaService: TIMA MEASUREMENT success status: TIMA_STATUS=0;MSG=Kernel Verification Success;
04-16 19:50:15.263 30850  2232 D Aatp    : /default-rotation
04-16 19:50:15.268 30850  2232 D Aatp    : sha1: dbf4b159ed5283a407da5ce12363047c9511fa36
04-16 19:50:15.283 30850 30850 D AatpDeviceManager: taskStatus update (dbf4b159ed5283a407da5ce12363047c9511fa36: {"state":1})
04-16 19:50:15.283  3496  3496 D WindowManager: showStatusBarByNotification() mOpenByNotification=false
04-16 19:50:15.283 30850 30850 D AatpDeviceManager: taskStatus update (dbf4b159ed5283a407da5ce12363047c9511fa36: {"result":{"rotation":0},"state":2})
04-16 19:50:15.283  3496  3496 D LightsService: [api] [SvcLED] turnOff:: id = 4 (uid: 1000 pid: 3496) 
04-16 19:50:15.283  3496  3496 D LightsService: [SvcLED] setSvcLedStateLocked:: SvcLEDState : 0x0 -> 0x0 | SvcLED(id=4) set Off
04-16 19:50:15.283  3496  3578 D LightsService: [SvcLED] Lux failed to be updated in 700ms. -> handleForcedSvcLEDTasK
04-16 19:50:15.283  3496  3578 D LightsService: [SvcLED]  setSvcLedLightLocked :: Current SvcLED(id=3) maintains its priority right
04-16 19:50:15.298 30850  2232 D Aatp    : /task/dbf4b159ed5283a407da5ce12363047c9511fa36
04-16 19:50:15.313  3496  3568 D AutomaticBrightnessController: mCallbacks.updateBrightness()
04-16 19:50:15.313  3496  3568 D DisplayPowerController: getFinalBrightness : 4 -> 4
04-16 19:50:15.313  3496  3568 D DisplayPowerController: animation target = 4, rate=500 (PSM:false, AB limit:(-1 ~ -1) MB Limit:(-1 ~ -1) MAdj:(0, (0, 255)))
04-16 19:50:15.323  3700  3700 D KnoxNotification: ----- inflateViews : modified publicViewLocal -----
04-16 19:50:15.338  3700  3700 D KnoxNotification: ----- inflateViews : modified KnoxViewLocal -----
04-16 19:50:15.343  3700  3700 D PersonaManager: PersonaID is invalid or persona doesn't exists. : 0
04-16 19:50:15.343  3700  3700 D PhoneStatusBar: tick(): knoxCustomManager = android.app.enterprise.knoxcustom.KnoxCustomManager@12b2765b
04-16 19:50:15.343  3700  3700 D PersonaManager: isKioskContainerExistOnDevice
04-16 19:50:15.343  3700  3700 D PersonaManager: isKioskContainerExistOnDevice
04-16 19:50:15.343  3700  3700 I PhoneStatusBar: Icon Only
04-16 19:50:15.373  3700  3700 I StatusBar: Icon Only
04-16 19:50:15.378  3700  3700 D PanelView: There is/are notification(s) 
04-16 19:50:15.378  3700  3700 D PanelView: There is/are notification(s) 
04-16 19:50:15.378  3700  3700 D PersonaManager: isKioskContainerExistOnDevice
04-16 19:50:15.378  3700  3700 I PhoneStatusBar: Icon Only
04-16 19:50:15.378  3700  3700 I StatusBar: Icon Only
04-16 19:50:15.378  3700  3700 D PanelView: There is/are notification(s) 
04-16 19:50:15.383  3700  3700 D PersonaManager: isKioskContainerExistOnDevice
04-16 19:50:15.383  3700  3700 D PersonaManager: isKioskContainerExistOnDevice
04-16 19:50:15.383  3700  3700 I PhoneStatusBar: Icon Only
04-16 19:50:15.393  3700  3700 I StatusBar: Icon Only
04-16 19:50:15.393  3700  3700 D PanelView: There is/are notification(s) 
04-16 19:50:15.393  3700  3700 D PanelView: There is/are notification(s) 
04-16 19:50:15.393  3700  3700 D PersonaManager: isKioskContainerExistOnDevice
04-16 19:50:15.393  3700  3700 I PhoneStatusBar: Icon Only
04-16 19:50:15.393  3700  3700 I StatusBar: Icon Only
04-16 19:50:15.393  3700  3700 D PanelView: There is/are notification(s) 
04-16 19:50:15.448  3700  3700 D PanelView: mClearAll.setVisibility - mIsFullyOpened : false isShade : true mHasNotification : true mIsUpwardFling : false mQsFullyExpanded : true isShadeLocked : false mClearAllVisible : false
04-16 19:50:15.463  3700  3700 D PanelView: mClearAll.setVisibility - mIsFullyOpened : false isShade : true mHasNotification : true mIsUpwardFling : false mQsFullyExpanded : true isShadeLocked : false mClearAllVisible : false
04-16 19:50:15.508  3496  3568 D AutomaticBrightnessController: mCallbacks.updateBrightness()
04-16 19:50:15.508  3496  3568 D DisplayPowerController: getFinalBrightness : 4 -> 4
04-16 19:50:15.508  3496  3568 D DisplayPowerController: animation target = 4, rate=500 (PSM:false, AB limit:(-1 ~ -1) MB Limit:(-1 ~ -1) MAdj:(0, (0, 255)))
04-16 19:50:15.693  3496  3568 D AutomaticBrightnessController: mCallbacks.updateBrightness()
04-16 19:50:15.698  3496  3568 D DisplayPowerController: getFinalBrightness : 4 -> 4
04-16 19:50:15.698  3496  3568 D DisplayPowerController: animation target = 4, rate=500 (PSM:false, AB limit:(-1 ~ -1) MB Limit:(-1 ~ -1) MAdj:(0, (0, 255)))
04-16 19:50:15.883  3496  3568 D AutomaticBrightnessController: mCallbacks.updateBrightness()
04-16 19:50:15.888  3496  3568 D DisplayPowerController: getFinalBrightness : 4 -> 4
04-16 19:50:15.888  3496  3568 D DisplayPowerController: animation target = 4, rate=500 (PSM:false, AB limit:(-1 ~ -1) MB Limit:(-1 ~ -1) MAdj:(0, (0, 255)))
04-16 19:50:16.073  3496  3568 D AutomaticBrightnessController: mCallbacks.updateBrightness()
04-16 19:50:16.073  3496  3568 D DisplayPowerController: getFinalBrightness : 4 -> 4
04-16 19:50:16.073  3496  3568 D DisplayPowerController: animation target = 4, rate=500 (PSM:false, AB limit:(-1 ~ -1) MB Limit:(-1 ~ -1) MAdj:(0, (0, 255)))
04-16 19:50:16.263  3496  3568 D AutomaticBrightnessController: mCallbacks.updateBrightness()
04-16 19:50:16.263  3496  3568 D DisplayPowerController: getFinalBrightness : 4 -> 4
04-16 19:50:16.263  3496  3568 D DisplayPowerController: animation target = 4, rate=500 (PSM:false, AB limit:(-1 ~ -1) MB Limit:(-1 ~ -1) MAdj:(0, (0, 255)))
04-16 19:50:16.453  3496  3568 D AutomaticBrightnessController: mCallbacks.updateBrightness()
04-16 19:50:16.453  3496  3568 D DisplayPowerController: getFinalBrightness : 4 -> 4
04-16 19:50:16.453  3496  3568 D DisplayPowerController: animation target = 4, rate=500 (PSM:false, AB limit:(-1 ~ -1) MB Limit:(-1 ~ -1) MAdj:(0, (0, 255)))
04-16 19:50:16.628 30850  2234 D Aatp    : /task/dbf4b159ed5283a407da5ce12363047c9511fa36/status
04-16 19:50:16.643  3496  3568 D AutomaticBrightnessController: mCallbacks.updateBrightness()
04-16 19:50:16.643  3496  3568 D DisplayPowerController: getFinalBrightness : 4 -> 4
04-16 19:50:16.643  3496  3568 D DisplayPowerController: animation target = 4, rate=500 (PSM:false, AB limit:(-1 ~ -1) MB Limit:(-1 ~ -1) MAdj:(0, (0, 255)))
04-16 19:50:16.793 30850  2235 D Aatp    : /default-rotation
04-16 19:50:16.813 30850  2235 D Aatp    : sha1: 5aae170ffb5312129db1f3166748e174928bcc52
04-16 19:50:16.828  3496  3568 D AutomaticBrightnessController: mCallbacks.updateBrightness()
04-16 19:50:16.828  3496  3568 D DisplayPowerController: getFinalBrightness : 4 -> 4
04-16 19:50:16.828  3496  3568 D DisplayPowerController: animation target = 4, rate=500 (PSM:false, AB limit:(-1 ~ -1) MB Limit:(-1 ~ -1) MAdj:(0, (0, 255)))
04-16 19:50:16.833 30850 30850 D AatpDeviceManager: taskStatus update (5aae170ffb5312129db1f3166748e174928bcc52: {"state":1})
04-16 19:50:16.833 30850 30850 D AatpDeviceManager: taskStatus update (5aae170ffb5312129db1f3166748e174928bcc52: {"result":{"rotation":0},"state":2})
04-16 19:50:16.833  3496  3496 D WindowManager: showStatusBarByNotification() mOpenByNotification=false
04-16 19:50:16.838  3496  3496 D LightsService: [api] [SvcLED] turnOff:: id = 4 (uid: 1000 pid: 3496) 
04-16 19:50:16.838  3496  3496 D LightsService: [SvcLED] setSvcLedStateLocked:: SvcLEDState : 0x0 -> 0x0 | SvcLED(id=4) set Off
04-16 19:50:16.838  3496  3578 D LightsService: [SvcLED] Lux failed to be updated in 700ms. -> handleForcedSvcLEDTasK
04-16 19:50:16.838  3496  3578 D LightsService: [SvcLED]  setSvcLedLightLocked :: Current SvcLED(id=3) maintains its priority right
04-16 19:50:16.843 30850  2235 D Aatp    : /task/5aae170ffb5312129db1f3166748e174928bcc52
04-16 19:50:16.883  3700  3700 D KnoxNotification: ----- inflateViews : modified publicViewLocal -----
04-16 19:50:16.898  3700  3700 D KnoxNotification: ----- inflateViews : modified KnoxViewLocal -----
04-16 19:50:16.908  3700  3700 D PersonaManager: PersonaID is invalid or persona doesn't exists. : 0
04-16 19:50:16.908  3700  3700 D PhoneStatusBar: tick(): knoxCustomManager = android.app.enterprise.knoxcustom.KnoxCustomManager@12b2765b
04-16 19:50:16.908  3700  3700 D PersonaManager: isKioskContainerExistOnDevice
04-16 19:50:16.908  3700  3700 D PersonaManager: isKioskContainerExistOnDevice
04-16 19:50:16.908  3700  3700 I PhoneStatusBar: Icon Only
04-16 19:50:16.938  3700  3700 I StatusBar: Icon Only
04-16 19:50:16.943  3700  3700 D PanelView: There is/are notification(s) 
04-16 19:50:16.943  3700  3700 D PanelView: There is/are notification(s) 
04-16 19:50:16.943  3700  3700 D PersonaManager: isKioskContainerExistOnDevice
04-16 19:50:16.943  3700  3700 I PhoneStatusBar: Icon Only
04-16 19:50:16.943  3700  3700 I StatusBar: Icon Only
04-16 19:50:16.943  3700  3700 D PanelView: There is/are notification(s) 
04-16 19:50:16.943  3700  3700 D PersonaManager: isKioskContainerExistOnDevice
04-16 19:50:16.943  3700  3700 D PersonaManager: isKioskContainerExistOnDevice
04-16 19:50:16.943  3700  3700 I PhoneStatusBar: Icon Only
04-16 19:50:16.953  3700  3700 I StatusBar: Icon Only
04-16 19:50:16.953  3700  3700 D PanelView: There is/are notification(s) 
04-16 19:50:16.953  3700  3700 D PanelView: There is/are notification(s) 
04-16 19:50:16.953  3700  3700 D PersonaManager: isKioskContainerExistOnDevice
04-16 19:50:16.953  3700  3700 I PhoneStatusBar: Icon Only
04-16 19:50:16.953  3700  3700 I StatusBar: Icon Only
04-16 19:50:16.953  3700  3700 D PanelView: There is/are notification(s) 
04-16 19:50:16.988 30850  2237 D Aatp    : /task/5aae170ffb5312129db1f3166748e174928bcc52/status
04-16 19:50:17.013  3700  3700 D PanelView: mClearAll.setVisibility - mIsFullyOpened : false isShade : true mHasNotification : true mIsUpwardFling : false mQsFullyExpanded : true isShadeLocked : false mClearAllVisible : false
04-16 19:50:17.013  3496  3568 D AutomaticBrightnessController: mCallbacks.updateBrightness()
04-16 19:50:17.013  3496  3568 D DisplayPowerController: getFinalBrightness : 4 -> 4
04-16 19:50:17.018  3496  3568 D DisplayPowerController: animation target = 4, rate=500 (PSM:false, AB limit:(-1 ~ -1) MB Limit:(-1 ~ -1) MAdj:(0, (0, 255)))
04-16 19:50:17.023  3700  3700 D PanelView: mClearAll.setVisibility - mIsFullyOpened : false isShade : true mHasNotification : true mIsUpwardFling : false mQsFullyExpanded : true isShadeLocked : false mClearAllVisible : false
04-16 19:50:17.208  3496  3568 D AutomaticBrightnessController: mCallbacks.updateBrightness()
04-16 19:50:17.208  3496  3568 D DisplayPowerController: getFinalBrightness : 4 -> 4
04-16 19:50:17.208  3496  3568 D DisplayPowerController: animation target = 4, rate=500 (PSM:false, AB limit:(-1 ~ -1) MB Limit:(-1 ~ -1) MAdj:(0, (0, 255)))
04-16 19:50:17.253 30850  2238 D Aatp    : /default-rotation
04-16 19:50:17.273 30850  2238 D Aatp    : sha1: 99a74de5f1055c20c3101daf1ca78cb0e2241652
04-16 19:50:17.293 30850 30850 D AatpDeviceManager: taskStatus update (99a74de5f1055c20c3101daf1ca78cb0e2241652: {"state":1})
04-16 19:50:17.293 30850 30850 D AatpDeviceManager: taskStatus update (99a74de5f1055c20c3101daf1ca78cb0e2241652: {"result":{"rotation":0},"state":2})
04-16 19:50:17.293  3496  3496 D WindowManager: showStatusBarByNotification() mOpenByNotification=false
04-16 19:50:17.298  3496  3496 D LightsService: [api] [SvcLED] turnOff:: id = 4 (uid: 1000 pid: 3496) 
04-16 19:50:17.298  3496  3496 D LightsService: [SvcLED] setSvcLedStateLocked:: SvcLEDState : 0x0 -> 0x0 | SvcLED(id=4) set Off
04-16 19:50:17.298  3496  3578 D LightsService: [SvcLED] Lux failed to be updated in 700ms. -> handleForcedSvcLEDTasK
04-16 19:50:17.298  3496  3578 D LightsService: [SvcLED]  setSvcLedLightLocked :: Current SvcLED(id=3) maintains its priority right
04-16 19:50:17.303 30850  2238 D Aatp    : /task/99a74de5f1055c20c3101daf1ca78cb0e2241652
04-16 19:50:17.343  3700  3700 D KnoxNotification: ----- inflateViews : modified publicViewLocal -----
04-16 19:50:17.358  3700  3700 D KnoxNotification: ----- inflateViews : modified KnoxViewLocal -----
04-16 19:50:17.363  3700  3700 D PersonaManager: PersonaID is invalid or persona doesn't exists. : 0
04-16 19:50:17.363  3700  3700 D PhoneStatusBar: tick(): knoxCustomManager = android.app.enterprise.knoxcustom.KnoxCustomManager@12b2765b
04-16 19:50:17.363  3700  3700 D PersonaManager: isKioskContainerExistOnDevice
04-16 19:50:17.363  3700  3700 D PersonaManager: isKioskContainerExistOnDevice
04-16 19:50:17.363  3700  3700 I PhoneStatusBar: Icon Only
04-16 19:50:17.393  3496  3568 D AutomaticBrightnessController: mCallbacks.updateBrightness()
04-16 19:50:17.393  3496  3568 D DisplayPowerController: getFinalBrightness : 4 -> 4
04-16 19:50:17.393  3496  3568 D DisplayPowerController: animation target = 4, rate=500 (PSM:false, AB limit:(-1 ~ -1) MB Limit:(-1 ~ -1) MAdj:(0, (0, 255)))
04-16 19:50:17.398  3700  3700 I StatusBar: Icon Only
04-16 19:50:17.398  3700  3700 D PanelView: There is/are notification(s) 
04-16 19:50:17.398  3700  3700 D PanelView: There is/are notification(s) 
04-16 19:50:17.403  3700  3700 D PersonaManager: isKioskContainerExistOnDevice
04-16 19:50:17.403  3700  3700 I PhoneStatusBar: Icon Only
04-16 19:50:17.403  3700  3700 I StatusBar: Icon Only
04-16 19:50:17.403  3700  3700 D PanelView: There is/are notification(s) 
04-16 19:50:17.403  3700  3700 D PersonaManager: isKioskContainerExistOnDevice
04-16 19:50:17.403  3700  3700 D PersonaManager: isKioskContainerExistOnDevice
04-16 19:50:17.403  3700  3700 I PhoneStatusBar: Icon Only
04-16 19:50:17.408  3700  3700 I StatusBar: Icon Only
04-16 19:50:17.408  3700  3700 D PanelView: There is/are notification(s) 
04-16 19:50:17.413  3700  3700 D PanelView: There is/are notification(s) 
04-16 19:50:17.413  3700  3700 D PersonaManager: isKioskContainerExistOnDevice
04-16 19:50:17.413  3700  3700 I PhoneStatusBar: Icon Only
04-16 19:50:17.413  3700  3700 I StatusBar: Icon Only
04-16 19:50:17.413  3700  3700 D PanelView: There is/are notification(s) 
04-16 19:50:17.438 30850  2240 D Aatp    : /task/99a74de5f1055c20c3101daf1ca78cb0e2241652/status
04-16 19:50:17.473  3700  3700 D PanelView: mClearAll.setVisibility - mIsFullyOpened : false isShade : true mHasNotification : true mIsUpwardFling : false mQsFullyExpanded : true isShadeLocked : false mClearAllVisible : false
04-16 19:50:17.483  3700  3700 D PanelView: mClearAll.setVisibility - mIsFullyOpened : false isShade : true mHasNotification : true mIsUpwardFling : false mQsFullyExpanded : true isShadeLocked : false mClearAllVisible : false
04-16 19:50:17.583  3496  3568 D AutomaticBrightnessController: mCallbacks.updateBrightness()
04-16 19:50:17.588  3496  3568 D DisplayPowerController: getFinalBrightness : 4 -> 4
04-16 19:50:17.588  3496  3568 D DisplayPowerController: animation target = 4, rate=500 (PSM:false, AB limit:(-1 ~ -1) MB Limit:(-1 ~ -1) MAdj:(0, (0, 255)))
04-16 19:50:17.773 30850  2245 D Aatp    : /default-rotation
04-16 19:50:17.773  3496  3568 D AutomaticBrightnessController: mCallbacks.updateBrightness()
04-16 19:50:17.773  3496  3568 D DisplayPowerController: getFinalBrightness : 4 -> 4
04-16 19:50:17.773  3496  3568 D DisplayPowerController: animation target = 4, rate=500 (PSM:false, AB limit:(-1 ~ -1) MB Limit:(-1 ~ -1) MAdj:(0, (0, 255)))
04-16 19:50:17.783 30850  2245 D Aatp    : sha1: 1c5973fe8ad6ff3f5394ef670e6d39cf21393d16
04-16 19:50:17.798 30850 30850 D AatpDeviceManager: taskStatus update (1c5973fe8ad6ff3f5394ef670e6d39cf21393d16: {"state":1})
04-16 19:50:17.798 30850 30850 D AatpDeviceManager: taskStatus update (1c5973fe8ad6ff3f5394ef670e6d39cf21393d16: {"result":{"rotation":0},"state":2})
04-16 19:50:17.798  3496  3496 D WindowManager: showStatusBarByNotification() mOpenByNotification=false
04-16 19:50:17.798  3496  3496 D LightsService: [api] [SvcLED] turnOff:: id = 4 (uid: 1000 pid: 3496) 
04-16 19:50:17.798  3496  3496 D LightsService: [SvcLED] setSvcLedStateLocked:: SvcLEDState : 0x0 -> 0x0 | SvcLED(id=4) set Off
04-16 19:50:17.798  3496  3578 D LightsService: [SvcLED] Lux failed to be updated in 700ms. -> handleForcedSvcLEDTasK
04-16 19:50:17.803  3496  3578 D LightsService: [SvcLED]  setSvcLedLightLocked :: Current SvcLED(id=3) maintains its priority right
04-16 19:50:17.803 30850  2245 D Aatp    : /task/1c5973fe8ad6ff3f5394ef670e6d39cf21393d16
04-16 19:50:17.843  3700  3700 D KnoxNotification: ----- inflateViews : modified publicViewLocal -----
04-16 19:50:17.858  3700  3700 D KnoxNotification: ----- inflateViews : modified KnoxViewLocal -----
04-16 19:50:17.863  3700  3700 D PersonaManager: PersonaID is invalid or persona doesn't exists. : 0
04-16 19:50:17.863  3700  3700 D PhoneStatusBar: tick(): knoxCustomManager = android.app.enterprise.knoxcustom.KnoxCustomManager@12b2765b
