04-16 19:49:22.703  3496  3496 I MotionRecognitionService: Plugged
04-16 19:49:22.703  3496  3496 I MotionRecognitionService: setPowerConnected  = true
04-16 19:49:22.708  3700  3700 D KeyguardUpdateMonitor: received broadcast android.intent.action.BATTERY_CHANGED
04-16 19:49:22.708  3700  3700 D KeyguardUpdateMonitor: handleBatteryUpdate
04-16 19:49:22.713  3700  3700 D STATUSBAR-PhoneStatusBar:  mBrightnessEnablebySettings = true mBrightnessEnablebyBattery = true mBrightnessEnablebyDisableFlag = true mPmsBrightnessEnablebySettings = true
04-16 19:49:22.723  3700  3700 D BatteryMeterView: ACTION_BATTERY_CHANGED : level:100 status:5 health:2
04-16 19:49:22.723  3700  3700 D BatteryMeterView: ACTION_BATTERY_CHANGED : level:100 status:5 health:2
04-16 19:49:22.723  3700  3700 D BatteryMeterView: ACTION_BATTERY_CHANGED : level:100 status:5 health:2
04-16 19:49:22.763  3496  3568 D AutomaticBrightnessController: mCallbacks.updateBrightness()
04-16 19:49:22.763  3496  3568 D DisplayPowerController: getFinalBrightness : 4 -> 4
04-16 19:49:22.763  3496  3568 D DisplayPowerController: animation target = 4, rate=500 (PSM:false, AB limit:(-1 ~ -1) MB Limit:(-1 ~ -1) MAdj:(0, (0, 255)))
04-16 19:49:22.933 30850  1933 D Aatp    : /default-rotation
04-16 19:49:22.943 30850  1933 D Aatp    : sha1: bb32361fcd875c2a7dc467cbf1ac961621833316
04-16 19:49:22.953  3496  3568 D AutomaticBrightnessController: mCallbacks.updateBrightness()
04-16 19:49:22.953  3496  3568 D DisplayPowerController: getFinalBrightness : 4 -> 4
04-16 19:49:22.953  3496  3568 D DisplayPowerController: animation target = 4, rate=500 (PSM:false, AB limit:(-1 ~ -1) MB Limit:(-1 ~ -1) MAdj:(0, (0, 255)))
04-16 19:49:22.958 30850 30850 D AatpDeviceManager: taskStatus update (bb32361fcd875c2a7dc467cbf1ac961621833316: {"state":1})
04-16 19:49:22.958 30850 30850 D AatpDeviceManager: taskStatus update (bb32361fcd875c2a7dc467cbf1ac961621833316: {"result":{"rotation":0},"state":2})
04-16 19:49:22.958  3496  3496 D WindowManager: showStatusBarByNotification() mOpenByNotification=false
04-16 19:49:22.963  3496  3496 D LightsService: [api] [SvcLED] turnOff:: id = 4 (uid: 1000 pid: 3496) 
04-16 19:49:22.963  3496  3496 D LightsService: [SvcLED] setSvcLedStateLocked:: SvcLEDState : 0x0 -> 0x0 | SvcLED(id=4) set Off
04-16 19:49:22.963  3496  3578 D LightsService: [SvcLED] Lux failed to be updated in 700ms. -> handleForcedSvcLEDTasK
04-16 19:49:22.963  3496  3578 D LightsService: [SvcLED]  setSvcLedLightLocked :: Current SvcLED(id=3) maintains its priority right
04-16 19:49:22.973 30850  1933 D Aatp    : /task/bb32361fcd875c2a7dc467cbf1ac961621833316
04-16 19:49:23.003  3700  3700 D KnoxNotification: ----- inflateViews : modified publicViewLocal -----
04-16 19:49:23.018  3700  3700 D KnoxNotification: ----- inflateViews : modified KnoxViewLocal -----
04-16 19:49:23.023  3700  3700 D PersonaManager: PersonaID is invalid or persona doesn't exists. : 0
04-16 19:49:23.023  3700  3700 D PhoneStatusBar: tick(): knoxCustomManager = android.app.enterprise.knoxcustom.KnoxCustomManager@12b2765b
04-16 19:49:23.023  3700  3700 D PersonaManager: isKioskContainerExistOnDevice
04-16 19:49:23.023  3700  3700 D PersonaManager: isKioskContainerExistOnDevice
04-16 19:49:23.028  3700  3700 I PhoneStatusBar: Icon Only
04-16 19:49:23.058  3700  3700 I StatusBar: Icon Only
04-16 19:49:23.058  3700  3700 D PanelView: There is/are notification(s) 
04-16 19:49:23.058  3700  3700 D PanelView: There is/are notification(s) 
04-16 19:49:23.058  3700  3700 D PersonaManager: isKioskContainerExistOnDevice
04-16 19:49:23.058  3700  3700 I PhoneStatusBar: Icon Only
04-16 19:49:23.058  3700  3700 I StatusBar: Icon Only
04-16 19:49:23.058  3700  3700 D PanelView: There is/are notification(s) 
04-16 19:49:23.063  3700  3700 D PersonaManager: isKioskContainerExistOnDevice
04-16 19:49:23.063  3700  3700 D PersonaManager: isKioskContainerExistOnDevice
04-16 19:49:23.063  3700  3700 I PhoneStatusBar: Icon Only
04-16 19:49:23.068  3700  3700 I StatusBar: Icon Only
04-16 19:49:23.068  3700  3700 D PanelView: There is/are notification(s) 
04-16 19:49:23.068  3700  3700 D PanelView: There is/are notification(s) 
04-16 19:49:23.073  3700  3700 D PersonaManager: isKioskContainerExistOnDevice
04-16 19:49:23.073  3700  3700 I PhoneStatusBar: Icon Only
04-16 19:49:23.073  3700  3700 I StatusBar: Icon Only
04-16 19:49:23.073  3700  3700 D PanelView: There is/are notification(s) 
04-16 19:49:23.128  3700  3700 D PanelView: mClearAll.setVisibility - mIsFullyOpened : false isShade : true mHasNotification : true mIsUpwardFling : false mQsFullyExpanded : true isShadeLocked : false mClearAllVisible : false
04-16 19:49:23.138  3496  3568 D AutomaticBrightnessController: mCallbacks.updateBrightness()
04-16 19:49:23.138  3496  3568 D DisplayPowerController: getFinalBrightness : 4 -> 4
04-16 19:49:23.138  3496  3568 D DisplayPowerController: animation target = 4, rate=500 (PSM:false, AB limit:(-1 ~ -1) MB Limit:(-1 ~ -1) MAdj:(0, (0, 255)))
04-16 19:49:23.143  3700  3700 D PanelView: mClearAll.setVisibility - mIsFullyOpened : false isShade : true mHasNotification : true mIsUpwardFling : false mQsFullyExpanded : true isShadeLocked : false mClearAllVisible : false
04-16 19:49:23.333  3496  3568 D AutomaticBrightnessController: mCallbacks.updateBrightness()
04-16 19:49:23.333  3496  3568 D DisplayPowerController: getFinalBrightness : 4 -> 4
04-16 19:49:23.333  3496  3568 D DisplayPowerController: animation target = 4, rate=500 (PSM:false, AB limit:(-1 ~ -1) MB Limit:(-1 ~ -1) MAdj:(0, (0, 255)))
04-16 19:49:23.518  3496  3568 D AutomaticBrightnessController: mCallbacks.updateBrightness()
04-16 19:49:23.518  3496  3568 D DisplayPowerController: getFinalBrightness : 4 -> 4
04-16 19:49:23.518  3496  3568 D DisplayPowerController: animation target = 4, rate=500 (PSM:false, AB limit:(-1 ~ -1) MB Limit:(-1 ~ -1) MAdj:(0, (0, 255)))
04-16 19:49:23.598  3496  3631 I WifiStateMachine: CMD_RSSI_POLL : calculateWifiScore in!
04-16 19:49:23.603  3496  3631 I WifiStateMachine: CMD_RSSI_POLL : calculateWifiScore out!
04-16 19:49:23.603  3496  3631 I WifiStateMachine: CMD_RSSI_POLL : out!
04-16 19:49:23.708  3496  3568 D AutomaticBrightnessController: mCallbacks.updateBrightness()
04-16 19:49:23.713  3496  3568 D DisplayPowerController: getFinalBrightness : 4 -> 4
04-16 19:49:23.713  3496  3568 D DisplayPowerController: animation target = 4, rate=500 (PSM:false, AB limit:(-1 ~ -1) MB Limit:(-1 ~ -1) MAdj:(0, (0, 255)))
04-16 19:49:23.898  3496  3568 D AutomaticBrightnessController: mCallbacks.updateBrightness()
04-16 19:49:23.898  3496  3568 D DisplayPowerController: getFinalBrightness : 4 -> 4
04-16 19:49:23.898  3496  3568 D DisplayPowerController: animation target = 4, rate=500 (PSM:false, AB limit:(-1 ~ -1) MB Limit:(-1 ~ -1) MAdj:(0, (0, 255)))
04-16 19:49:23.928  3496  5480 D SSRM:n  : SIOP:: AP = 240, PST = 263, CUR = 53
04-16 19:49:24.088  3496  3568 D AutomaticBrightnessController: mCallbacks.updateBrightness()
04-16 19:49:24.088  3496  3568 D DisplayPowerController: getFinalBrightness : 4 -> 4
04-16 19:49:24.088  3496  3568 D DisplayPowerController: animation target = 4, rate=500 (PSM:false, AB limit:(-1 ~ -1) MB Limit:(-1 ~ -1) MAdj:(0, (0, 255)))
04-16 19:49:24.278  3496  3568 D AutomaticBrightnessController: mCallbacks.updateBrightness()
04-16 19:49:24.278  3496  3568 D DisplayPowerController: getFinalBrightness : 4 -> 4
04-16 19:49:24.278  3496  3568 D DisplayPowerController: animation target = 4, rate=500 (PSM:false, AB limit:(-1 ~ -1) MB Limit:(-1 ~ -1) MAdj:(0, (0, 255)))
04-16 19:49:24.468  3496  3568 D AutomaticBrightnessController: mCallbacks.updateBrightness()
04-16 19:49:24.468  3496  3568 D DisplayPowerController: getFinalBrightness : 4 -> 4
04-16 19:49:24.468  3496  3568 D DisplayPowerController: animation target = 4, rate=500 (PSM:false, AB limit:(-1 ~ -1) MB Limit:(-1 ~ -1) MAdj:(0, (0, 255)))
04-16 19:49:24.653  3496  3568 D AutomaticBrightnessController: mCallbacks.updateBrightness()
04-16 19:49:24.658  3496  3568 D DisplayPowerController: getFinalBrightness : 4 -> 4
04-16 19:49:24.658  3496  3568 D DisplayPowerController: animation target = 4, rate=500 (PSM:false, AB limit:(-1 ~ -1) MB Limit:(-1 ~ -1) MAdj:(0, (0, 255)))
04-16 19:49:24.843  3496  3568 D AutomaticBrightnessController: mCallbacks.updateBrightness()
04-16 19:49:24.843  3496  3568 D DisplayPowerController: getFinalBrightness : 4 -> 4
04-16 19:49:24.843  3496  3568 D DisplayPowerController: animation target = 4, rate=500 (PSM:false, AB limit:(-1 ~ -1) MB Limit:(-1 ~ -1) MAdj:(0, (0, 255)))
04-16 19:49:24.983 30850  1935 D Aatp    : /task/bb32361fcd875c2a7dc467cbf1ac961621833316/status
04-16 19:49:25.028  3496  3568 D AutomaticBrightnessController: mCallbacks.updateBrightness()
04-16 19:49:25.028  3496  3568 D DisplayPowerController: getFinalBrightness : 4 -> 4
04-16 19:49:25.028  3496  3568 D DisplayPowerController: animation target = 4, rate=500 (PSM:false, AB limit:(-1 ~ -1) MB Limit:(-1 ~ -1) MAdj:(0, (0, 255)))
04-16 19:49:25.153 30850  1936 D Aatp    : /default-rotation
04-16 19:49:25.173 30850  1936 D Aatp    : sha1: 584ca81fab4696dddc57d02fb0bdec0d9622343f
04-16 19:49:25.193 30850 30850 D AatpDeviceManager: taskStatus update (584ca81fab4696dddc57d02fb0bdec0d9622343f: {"state":1})
04-16 19:49:25.193 30850 30850 D AatpDeviceManager: taskStatus update (584ca81fab4696dddc57d02fb0bdec0d9622343f: {"result":{"rotation":0},"state":2})
04-16 19:49:25.193  3496  3496 D WindowManager: showStatusBarByNotification() mOpenByNotification=false
04-16 19:49:25.198  3496  3496 D LightsService: [api] [SvcLED] turnOff:: id = 4 (uid: 1000 pid: 3496) 
04-16 19:49:25.198  3496  3496 D LightsService: [SvcLED] setSvcLedStateLocked:: SvcLEDState : 0x0 -> 0x0 | SvcLED(id=4) set Off
04-16 19:49:25.198  3496  3578 D LightsService: [SvcLED] Lux failed to be updated in 700ms. -> handleForcedSvcLEDTasK
04-16 19:49:25.198  3496  3578 D LightsService: [SvcLED]  setSvcLedLightLocked :: Current SvcLED(id=3) maintains its priority right
04-16 19:49:25.218  3496  3568 D AutomaticBrightnessController: mCallbacks.updateBrightness()
04-16 19:49:25.218  3496  3568 D DisplayPowerController: getFinalBrightness : 4 -> 4
04-16 19:49:25.218  3496  3568 D DisplayPowerController: animation target = 4, rate=500 (PSM:false, AB limit:(-1 ~ -1) MB Limit:(-1 ~ -1) MAdj:(0, (0, 255)))
04-16 19:49:25.248  3700  3700 D KnoxNotification: ----- inflateViews : modified publicViewLocal -----
04-16 19:49:25.263 30850  1936 D Aatp    : /task/584ca81fab4696dddc57d02fb0bdec0d9622343f
04-16 19:49:25.263  3700  3700 D KnoxNotification: ----- inflateViews : modified KnoxViewLocal -----
04-16 19:49:25.268  3700  3700 D PersonaManager: PersonaID is invalid or persona doesn't exists. : 0
04-16 19:49:25.268  3700  3700 D PhoneStatusBar: tick(): knoxCustomManager = android.app.enterprise.knoxcustom.KnoxCustomManager@12b2765b
04-16 19:49:25.268  3700  3700 D PersonaManager: isKioskContainerExistOnDevice
04-16 19:49:25.268  3700  3700 D PersonaManager: isKioskContainerExistOnDevice
04-16 19:49:25.268  3700  3700 I PhoneStatusBar: Icon Only
04-16 19:49:25.303  3700  3700 I StatusBar: Icon Only
04-16 19:49:25.303  3700  3700 D PanelView: There is/are notification(s) 
04-16 19:49:25.303  3700  3700 D PanelView: There is/are notification(s) 
04-16 19:49:25.303  3700  3700 D PersonaManager: isKioskContainerExistOnDevice
04-16 19:49:25.308  3700  3700 I PhoneStatusBar: Icon Only
04-16 19:49:25.308  3700  3700 I StatusBar: Icon Only
04-16 19:49:25.308  3700  3700 D PanelView: There is/are notification(s) 
04-16 19:49:25.308  3700  3700 D PersonaManager: isKioskContainerExistOnDevice
04-16 19:49:25.308  3700  3700 D PersonaManager: isKioskContainerExistOnDevice
04-16 19:49:25.308  3700  3700 I PhoneStatusBar: Icon Only
04-16 19:49:25.313  3700  3700 I StatusBar: Icon Only
04-16 19:49:25.313  3700  3700 D PanelView: There is/are notification(s) 
04-16 19:49:25.313  3700  3700 D PanelView: There is/are notification(s) 
04-16 19:49:25.318  3700  3700 D PersonaManager: isKioskContainerExistOnDevice
04-16 19:49:25.318  3700  3700 I PhoneStatusBar: Icon Only
04-16 19:49:25.318  3700  3700 I StatusBar: Icon Only
04-16 19:49:25.318  3700  3700 D PanelView: There is/are notification(s) 
04-16 19:49:25.373  3700  3700 D PanelView: mClearAll.setVisibility - mIsFullyOpened : false isShade : true mHasNotification : true mIsUpwardFling : false mQsFullyExpanded : true isShadeLocked : false mClearAllVisible : false
04-16 19:49:25.378 30850  1938 D Aatp    : /task/584ca81fab4696dddc57d02fb0bdec0d9622343f/status
04-16 19:49:25.388  3700  3700 D PanelView: mClearAll.setVisibility - mIsFullyOpened : false isShade : true mHasNotification : true mIsUpwardFling : false mQsFullyExpanded : true isShadeLocked : false mClearAllVisible : false
04-16 19:49:25.408  3496  3568 D AutomaticBrightnessController: mCallbacks.updateBrightness()
04-16 19:49:25.408  3496  3568 D DisplayPowerController: getFinalBrightness : 4 -> 4
04-16 19:49:25.408  3496  3568 D DisplayPowerController: animation target = 4, rate=500 (PSM:false, AB limit:(-1 ~ -1) MB Limit:(-1 ~ -1) MAdj:(0, (0, 255)))
04-16 19:49:25.583 30850  1939 D Aatp    : /default-rotation
04-16 19:49:25.598  3496  3568 D AutomaticBrightnessController: mCallbacks.updateBrightness()
04-16 19:49:25.598  3496  3568 D DisplayPowerController: getFinalBrightness : 4 -> 4
04-16 19:49:25.598  3496  3568 D DisplayPowerController: animation target = 4, rate=500 (PSM:false, AB limit:(-1 ~ -1) MB Limit:(-1 ~ -1) MAdj:(0, (0, 255)))
04-16 19:49:25.598 30850  1939 D Aatp    : sha1: 5b84720781b9c3cdf8a3cc84ea4a1956bee685ec
04-16 19:49:25.618 30850 30850 D AatpDeviceManager: taskStatus update (5b84720781b9c3cdf8a3cc84ea4a1956bee685ec: {"state":1})
04-16 19:49:25.618  3496  3496 D WindowManager: showStatusBarByNotification() mOpenByNotification=false
04-16 19:49:25.618 30850 30850 D AatpDeviceManager: taskStatus update (5b84720781b9c3cdf8a3cc84ea4a1956bee685ec: {"result":{"rotation":0},"state":2})
04-16 19:49:25.623  3496  3496 D LightsService: [api] [SvcLED] turnOff:: id = 4 (uid: 1000 pid: 3496) 
04-16 19:49:25.623  3496  3496 D LightsService: [SvcLED] setSvcLedStateLocked:: SvcLEDState : 0x0 -> 0x0 | SvcLED(id=4) set Off
04-16 19:49:25.623  3496  3578 D LightsService: [SvcLED] Lux failed to be updated in 700ms. -> handleForcedSvcLEDTasK
04-16 19:49:25.623  3496  3578 D LightsService: [SvcLED]  setSvcLedLightLocked :: Current SvcLED(id=3) maintains its priority right
04-16 19:49:25.633 30850  1939 D Aatp    : /task/5b84720781b9c3cdf8a3cc84ea4a1956bee685ec
04-16 19:49:25.668  3700  3700 D KnoxNotification: ----- inflateViews : modified publicViewLocal -----
04-16 19:49:25.683  3700  3700 D KnoxNotification: ----- inflateViews : modified KnoxViewLocal -----
04-16 19:49:25.688  3700  3700 D PersonaManager: PersonaID is invalid or persona doesn't exists. : 0
04-16 19:49:25.688  3700  3700 D PhoneStatusBar: tick(): knoxCustomManager = android.app.enterprise.knoxcustom.KnoxCustomManager@12b2765b
04-16 19:49:25.693  3700  3700 D PersonaManager: isKioskContainerExistOnDevice
04-16 19:49:25.693  3700  3700 D PersonaManager: isKioskContainerExistOnDevice
04-16 19:49:25.693  3700  3700 I PhoneStatusBar: Icon Only
04-16 19:49:25.728  3700  3700 I StatusBar: Icon Only
04-16 19:49:25.728  3700  3700 D PanelView: There is/are notification(s) 
04-16 19:49:25.728  3700  3700 D PanelView: There is/are notification(s) 
04-16 19:49:25.733  3700  3700 D PersonaManager: isKioskContainerExistOnDevice
04-16 19:49:25.733  3700  3700 I PhoneStatusBar: Icon Only
04-16 19:49:25.733  3700  3700 I StatusBar: Icon Only
04-16 19:49:25.733  3700  3700 D PanelView: There is/are notification(s) 
04-16 19:49:25.733  3700  3700 D PersonaManager: isKioskContainerExistOnDevice
04-16 19:49:25.733  3700  3700 D PersonaManager: isKioskContainerExistOnDevice
04-16 19:49:25.733  3700  3700 I PhoneStatusBar: Icon Only
04-16 19:49:25.743  3700  3700 I StatusBar: Icon Only
04-16 19:49:25.743  3700  3700 D PanelView: There is/are notification(s) 
04-16 19:49:25.743  3700  3700 D PanelView: There is/are notification(s) 
04-16 19:49:25.743  3700  3700 D PersonaManager: isKioskContainerExistOnDevice
04-16 19:49:25.743  3700  3700 I PhoneStatusBar: Icon Only
04-16 19:49:25.743  3700  3700 I StatusBar: Icon Only
04-16 19:49:25.743  3700  3700 D PanelView: There is/are notification(s) 
04-16 19:49:25.788  3496  3568 D AutomaticBrightnessController: mCallbacks.updateBrightness()
04-16 19:49:25.788  3496  3568 D DisplayPowerController: getFinalBrightness : 4 -> 4
04-16 19:49:25.788  3496  3568 D DisplayPowerController: animation target = 4, rate=500 (PSM:false, AB limit:(-1 ~ -1) MB Limit:(-1 ~ -1) MAdj:(0, (0, 255)))
04-16 19:49:25.798  3700  3700 D PanelView: mClearAll.setVisibility - mIsFullyOpened : false isShade : true mHasNotification : true mIsUpwardFling : false mQsFullyExpanded : true isShadeLocked : false mClearAllVisible : false
04-16 19:49:25.813  3700  3700 D PanelView: mClearAll.setVisibility - mIsFullyOpened : false isShade : true mHasNotification : true mIsUpwardFling : false mQsFullyExpanded : true isShadeLocked : false mClearAllVisible : false
04-16 19:49:25.853 30850  1941 D Aatp    : /task/5b84720781b9c3cdf8a3cc84ea4a1956bee685ec/status
04-16 19:49:25.978  3496  3568 D AutomaticBrightnessController: mCallbacks.updateBrightness()
04-16 19:49:25.978  3496  3568 D DisplayPowerController: getFinalBrightness : 4 -> 4
04-16 19:49:25.978  3496  3568 D DisplayPowerController: animation target = 4, rate=500 (PSM:false, AB limit:(-1 ~ -1) MB Limit:(-1 ~ -1) MAdj:(0, (0, 255)))
04-16 19:49:26.108 30850  1944 D Aatp    : /default-rotation
04-16 19:49:26.143 30850  1944 D Aatp    : sha1: e328987bd8cc37303941c0645b0405d18b28860a
04-16 19:49:26.163 30850 30850 D AatpDeviceManager: taskStatus update (e328987bd8cc37303941c0645b0405d18b28860a: {"state":1})
04-16 19:49:26.163  3496  3496 D WindowManager: showStatusBarByNotification() mOpenByNotification=false
04-16 19:49:26.163 30850 30850 D AatpDeviceManager: taskStatus update (e328987bd8cc37303941c0645b0405d18b28860a: {"result":{"rotation":0},"state":2})
04-16 19:49:26.163  3496  3568 D AutomaticBrightnessController: mCallbacks.updateBrightness()
04-16 19:49:26.163  3496  3568 D DisplayPowerController: getFinalBrightness : 4 -> 4
04-16 19:49:26.163  3496  3568 D DisplayPowerController: animation target = 4, rate=500 (PSM:false, AB limit:(-1 ~ -1) MB Limit:(-1 ~ -1) MAdj:(0, (0, 255)))
04-16 19:49:26.168 30850  1944 D Aatp    : /task/e328987bd8cc37303941c0645b0405d18b28860a
04-16 19:49:26.168  3496  3496 D LightsService: [api] [SvcLED] turnOff:: id = 4 (uid: 1000 pid: 3496) 
04-16 19:49:26.168  3496  3496 D LightsService: [SvcLED] setSvcLedStateLocked:: SvcLEDState : 0x0 -> 0x0 | SvcLED(id=4) set Off
04-16 19:49:26.168  3496  3578 D LightsService: [SvcLED] Lux failed to be updated in 700ms. -> handleForcedSvcLEDTasK
04-16 19:49:26.173  3496  3578 D LightsService: [SvcLED]  setSvcLedLightLocked :: Current SvcLED(id=3) maintains its priority right
04-16 19:49:26.218  3700  3700 D KnoxNotification: ----- inflateViews : modified publicViewLocal -----
04-16 19:49:26.238  3700  3700 D KnoxNotification: ----- inflateViews : modified KnoxViewLocal -----
04-16 19:49:26.243  3700  3700 D PersonaManager: PersonaID is invalid or persona doesn't exists. : 0
04-16 19:49:26.243  3700  3700 D PhoneStatusBar: tick(): knoxCustomManager = android.app.enterprise.knoxcustom.KnoxCustomManager@12b2765b
04-16 19:49:26.243  3700  3700 D PersonaManager: isKioskContainerExistOnDevice
04-16 19:49:26.243  3700  3700 D PersonaManager: isKioskContainerExistOnDevice
04-16 19:49:26.243  3700  3700 I PhoneStatusBar: Icon Only
04-16 19:49:26.268  3700  3700 I StatusBar: Icon Only
04-16 19:49:26.273  3700  3700 D PanelView: There is/are notification(s) 
04-16 19:49:26.273  3700  3700 D PanelView: There is/are notification(s) 
04-16 19:49:26.273  3700  3700 D PersonaManager: isKioskContainerExistOnDevice
04-16 19:49:26.273  3700  3700 I PhoneStatusBar: Icon Only
04-16 19:49:26.273  3700  3700 I StatusBar: Icon Only
04-16 19:49:26.273  3700  3700 D PanelView: There is/are notification(s) 
04-16 19:49:26.273  3700  3700 D PersonaManager: isKioskContainerExistOnDevice
04-16 19:49:26.273  3700  3700 D PersonaManager: isKioskContainerExistOnDevice
04-16 19:49:26.273  3700  3700 I PhoneStatusBar: Icon Only
04-16 19:49:26.283  3700  3700 I StatusBar: Icon Only
04-16 19:49:26.288  3700  3700 D PanelView: There is/are notification(s) 
04-16 19:49:26.288  3700  3700 D PanelView: There is/are notification(s) 
04-16 19:49:26.288  3700  3700 D PersonaManager: isKioskContainerExistOnDevice
04-16 19:49:26.288  3700  3700 I PhoneStatusBar: Icon Only
04-16 19:49:26.288  3700  3700 I StatusBar: Icon Only
04-16 19:49:26.288  3700  3700 D PanelView: There is/are notification(s) 
04-16 19:49:26.328 30850  1948 D Aatp    : /task/e328987bd8cc37303941c0645b0405d18b28860a/status
04-16 19:49:26.343  3700  3700 D PanelView: mClearAll.setVisibility - mIsFullyOpened : false isShade : true mHasNotification : true mIsUpwardFling : false mQsFullyExpanded : true isShadeLocked : false mClearAllVisible : false
04-16 19:49:26.353  3496  3568 D AutomaticBrightnessController: mCallbacks.updateBrightness()
04-16 19:49:26.353  3496  3568 D DisplayPowerController: getFinalBrightness : 4 -> 4
04-16 19:49:26.353  3496  3568 D DisplayPowerController: animation target = 4, rate=500 (PSM:false, AB limit:(-1 ~ -1) MB Limit:(-1 ~ -1) MAdj:(0, (0, 255)))
04-16 19:49:26.358  3700  3700 D PanelView: mClearAll.setVisibility - mIsFullyOpened : false isShade : true mHasNotification : true mIsUpwardFling : false mQsFullyExpanded : true isShadeLocked : false mClearAllVisible : false
04-16 19:49:26.543  3496  3568 D AutomaticBrightnessController: mCallbacks.updateBrightness()
04-16 19:49:26.543  3496  3568 D DisplayPowerController: getFinalBrightness : 4 -> 4
04-16 19:49:26.548  3496  3568 D DisplayPowerController: animation target = 4, rate=500 (PSM:false, AB limit:(-1 ~ -1) MB Limit:(-1 ~ -1) MAdj:(0, (0, 255)))
04-16 19:49:26.623  3496  3631 I WifiStateMachine: CMD_RSSI_POLL : calculateWifiScore in!
04-16 19:49:26.628  3496  3631 I WifiStateMachine: CMD_RSSI_POLL : calculateWifiScore out!
04-16 19:49:26.628  3496  3631 I WifiStateMachine: CMD_RSSI_POLL : out!
04-16 19:49:26.733  3496  3568 D AutomaticBrightnessController: mCallbacks.updateBrightness()
04-16 19:49:26.733  3496  3568 D DisplayPowerController: getFinalBrightness : 4 -> 4
04-16 19:49:26.733  3496  3568 D DisplayPowerController: animation target = 4, rate=500 (PSM:false, AB limit:(-1 ~ -1) MB Limit:(-1 ~ -1) MAdj:(0, (0, 255)))
04-16 19:49:26.923  3496  3568 D AutomaticBrightnessController: mCallbacks.updateBrightness()
04-16 19:49:26.923  3496  3568 D DisplayPowerController: getFinalBrightness : 4 -> 4
04-16 19:49:26.923  3496  3568 D DisplayPowerController: animation target = 4, rate=500 (PSM:false, AB limit:(-1 ~ -1) MB Limit:(-1 ~ -1) MAdj:(0, (0, 255)))
04-16 19:49:27.113  3496  3568 D AutomaticBrightnessController: mCallbacks.updateBrightness()
04-16 19:49:27.113  3496  3568 D DisplayPowerController: getFinalBrightness : 4 -> 4
04-16 19:49:27.113  3496  3568 D DisplayPowerController: animation target = 4, rate=500 (PSM:false, AB limit:(-1 ~ -1) MB Limit:(-1 ~ -1) MAdj:(0, (0, 255)))
04-16 19:49:27.298  3496  3568 D AutomaticBrightnessController: mCallbacks.updateBrightness()
04-16 19:49:27.303  3496  3568 D DisplayPowerController: getFinalBrightness : 4 -> 4
04-16 19:49:27.303  3496  3568 D DisplayPowerController: animation target = 4, rate=500 (PSM:false, AB limit:(-1 ~ -1) MB Limit:(-1 ~ -1) MAdj:(0, (0, 255)))
04-16 19:49:27.488  3496  3568 D AutomaticBrightnessController: mCallbacks.updateBrightness()
04-16 19:49:27.488  3496  3568 D DisplayPowerController: getFinalBrightness : 4 -> 4
04-16 19:49:27.493  3496  3568 D DisplayPowerController: animation target = 4, rate=500 (PSM:false, AB limit:(-1 ~ -1) MB Limit:(-1 ~ -1) MAdj:(0, (0, 255)))
04-16 19:49:27.678  3496  3568 D AutomaticBrightnessController: mCallbacks.updateBrightness()
04-16 19:49:27.678  3496  3568 D DisplayPowerController: getFinalBrightness : 4 -> 4
04-16 19:49:27.678  3496  3568 D DisplayPowerController: animation target = 4, rate=500 (PSM:false, AB limit:(-1 ~ -1) MB Limit:(-1 ~ -1) MAdj:(0, (0, 255)))
04-16 19:49:27.868  3496  3568 D AutomaticBrightnessController: mCallbacks.updateBrightness()
04-16 19:49:27.868  3496  3568 D DisplayPowerController: getFinalBrightness : 4 -> 4
04-16 19:49:27.868  3496  3568 D DisplayPowerController: animation target = 4, rate=500 (PSM:false, AB limit:(-1 ~ -1) MB Limit:(-1 ~ -1) MAdj:(0, (0, 255)))
04-16 19:49:27.873 30850  1949 D Aatp    : /default-rotation
04-16 19:49:27.898 30850  1949 D Aatp    : sha1: 8b52e0851a6d40435197718574180acb0b296e05
04-16 19:49:27.913 30850 30850 D AatpDeviceManager: taskStatus update (8b52e0851a6d40435197718574180acb0b296e05: {"state":1})
04-16 19:49:27.918 30850 30850 D AatpDeviceManager: taskStatus update (8b52e0851a6d40435197718574180acb0b296e05: {"result":{"rotation":0},"state":2})
04-16 19:49:27.918  3496  3496 D WindowManager: showStatusBarByNotification() mOpenByNotification=false
04-16 19:49:27.923  3496  3496 D LightsService: [api] [SvcLED] turnOff:: id = 4 (uid: 1000 pid: 3496) 
04-16 19:49:27.923  3496  3496 D LightsService: [SvcLED] setSvcLedStateLocked:: SvcLEDState : 0x0 -> 0x0 | SvcLED(id=4) set Off
04-16 19:49:27.923  3496  3578 D LightsService: [SvcLED] Lux failed to be updated in 700ms. -> handleForcedSvcLEDTasK
04-16 19:49:27.923  3496  3578 D LightsService: [SvcLED]  setSvcLedLightLocked :: Current SvcLED(id=3) maintains its priority right
04-16 19:49:27.923 30850  1949 D Aatp    : /task/8b52e0851a6d40435197718574180acb0b296e05
04-16 19:49:27.963  3700  3700 D KnoxNotification: ----- inflateViews : modified publicViewLocal -----
04-16 19:49:27.978  3700  3700 D KnoxNotification: ----- inflateViews : modified KnoxViewLocal -----
04-16 19:49:27.983  3700  3700 D PersonaManager: PersonaID is invalid or persona doesn't exists. : 0
04-16 19:49:27.988  3700  3700 D PhoneStatusBar: tick(): knoxCustomManager = android.app.enterprise.knoxcustom.KnoxCustomManager@12b2765b
04-16 19:49:27.988  3700  3700 D PersonaManager: isKioskContainerExistOnDevice
04-16 19:49:27.988  3700  3700 D PersonaManager: isKioskContainerExistOnDevice
04-16 19:49:27.988  3700  3700 I PhoneStatusBar: Icon Only
04-16 19:49:28.018  3700  3700 I StatusBar: Icon Only
04-16 19:49:28.018  3700  3700 D PanelView: There is/are notification(s) 
04-16 19:49:28.018  3700  3700 D PanelView: There is/are notification(s) 
04-16 19:49:28.023  3700  3700 D PersonaManager: isKioskContainerExistOnDevice
04-16 19:49:28.023  3700  3700 I PhoneStatusBar: Icon Only
04-16 19:49:28.023  3700  3700 I StatusBar: Icon Only
04-16 19:49:28.023  3700  3700 D PanelView: There is/are notification(s) 
04-16 19:49:28.023  3700  3700 D PersonaManager: isKioskContainerExistOnDevice
04-16 19:49:28.023  3700  3700 D PersonaManager: isKioskContainerExistOnDevice
04-16 19:49:28.023  3700  3700 I PhoneStatusBar: Icon Only
04-16 19:49:28.028  3700  3700 I StatusBar: Icon Only
04-16 19:49:28.028  3700  3700 D PanelView: There is/are notification(s) 
04-16 19:49:28.033  3700  3700 D PanelView: There is/are notification(s) 
04-16 19:49:28.033  3700  3700 D PersonaManager: isKioskContainerExistOnDevice
04-16 19:49:28.033  3700  3700 I PhoneStatusBar: Icon Only
04-16 19:49:28.033  3700  3700 I StatusBar: Icon Only
04-16 19:49:28.033  3700  3700 D PanelView: There is/are notification(s) 
04-16 19:49:28.053  3496  3568 D AutomaticBrightnessController: mCallbacks.updateBrightness()
04-16 19:49:28.053  3496  3568 D DisplayPowerController: getFinalBrightness : 4 -> 4
04-16 19:49:28.053  3496  3568 D DisplayPowerController: animation target = 4, rate=500 (PSM:false, AB limit:(-1 ~ -1) MB Limit:(-1 ~ -1) MAdj:(0, (0, 255)))
04-16 19:49:28.078 30850  1951 D Aatp    : /task/8b52e0851a6d40435197718574180acb0b296e05/status
04-16 19:49:28.088  3700  3700 D PanelView: mClearAll.setVisibility - mIsFullyOpened : false isShade : true mHasNotification : true mIsUpwardFling : false mQsFullyExpanded : true isShadeLocked : false mClearAllVisible : false
04-16 19:49:28.103  3700  3700 D PanelView: mClearAll.setVisibility - mIsFullyOpened : false isShade : true mHasNotification : true mIsUpwardFling : false mQsFullyExpanded : true isShadeLocked : false mClearAllVisible : false
04-16 19:49:28.243  3496  3568 D AutomaticBrightnessController: mCallbacks.updateBrightness()
04-16 19:49:28.248  3496  3568 D DisplayPowerController: getFinalBrightness : 4 -> 4
04-16 19:49:28.248  3496  3568 D DisplayPowerController: animation target = 4, rate=500 (PSM:false, AB limit:(-1 ~ -1) MB Limit:(-1 ~ -1) MAdj:(0, (0, 255)))
04-16 19:49:28.343 30850  1952 D Aatp    : /default-rotation
04-16 19:49:28.358 30850  1952 D Aatp    : sha1: 730dc4570ff0a376cc6caeb0ffa8f138d49d1d51
04-16 19:49:28.373 30850 30850 D AatpDeviceManager: taskStatus update (730dc4570ff0a376cc6caeb0ffa8f138d49d1d51: {"state":1})
04-16 19:49:28.378 30850 30850 D AatpDeviceManager: taskStatus update (730dc4570ff0a376cc6caeb0ffa8f138d49d1d51: {"result":{"rotation":0},"state":2})
04-16 19:49:28.378  3496  3496 D WindowManager: showStatusBarByNotification() mOpenByNotification=false
04-16 19:49:28.383  3496  3496 D LightsService: [api] [SvcLED] turnOff:: id = 4 (uid: 1000 pid: 3496) 
04-16 19:49:28.383  3496  3496 D LightsService: [SvcLED] setSvcLedStateLocked:: SvcLEDState : 0x0 -> 0x0 | SvcLED(id=4) set Off
04-16 19:49:28.383  3496  3578 D LightsService: [SvcLED] Lux failed to be updated in 700ms. -> handleForcedSvcLEDTasK
04-16 19:49:28.383  3496  3578 D LightsService: [SvcLED]  setSvcLedLightLocked :: Current SvcLED(id=3) maintains its priority right
04-16 19:49:28.428  3700  3700 D KnoxNotification: ----- inflateViews : modified publicViewLocal -----
04-16 19:49:28.433  3496  3568 D AutomaticBrightnessController: mCallbacks.updateBrightness()
04-16 19:49:28.433  3496  3568 D DisplayPowerController: getFinalBrightness : 4 -> 4
04-16 19:49:28.433  3496  3568 D DisplayPowerController: animation target = 4, rate=500 (PSM:false, AB limit:(-1 ~ -1) MB Limit:(-1 ~ -1) MAdj:(0, (0, 255)))
04-16 19:49:28.443  3700  3700 D KnoxNotification: ----- inflateViews : modified KnoxViewLocal -----
04-16 19:49:28.448  3700  3700 D PersonaManager: PersonaID is invalid or persona doesn't exists. : 0
04-16 19:49:28.448  3700  3700 D PhoneStatusBar: tick(): knoxCustomManager = android.app.enterprise.knoxcustom.KnoxCustomManager@12b2765b
04-16 19:49:28.448  3700  3700 D PersonaManager: isKioskContainerExistOnDevice
04-16 19:49:28.448  3700  3700 D PersonaManager: isKioskContainerExistOnDevice
04-16 19:49:28.448  3700  3700 I PhoneStatusBar: Icon Only
04-16 19:49:28.453 30850  1952 D Aatp    : /task/730dc4570ff0a376cc6caeb0ffa8f138d49d1d51
04-16 19:49:28.483  3700  3700 I StatusBar: Icon Only
04-16 19:49:28.488  3700  3700 D PanelView: There is/are notification(s) 
04-16 19:49:28.488  3700  3700 D PanelView: There is/are notification(s) 
04-16 19:49:28.488  3700  3700 D PersonaManager: isKioskContainerExistOnDevice
04-16 19:49:28.488  3700  3700 I PhoneStatusBar: Icon Only
04-16 19:49:28.493  3700  3700 I StatusBar: Icon Only
04-16 19:49:28.493  3700  3700 D PanelView: There is/are notification(s) 
04-16 19:49:28.493  3700  3700 D PersonaManager: isKioskContainerExistOnDevice
04-16 19:49:28.493  3700  3700 D PersonaManager: isKioskContainerExistOnDevice
04-16 19:49:28.493  3700  3700 I PhoneStatusBar: Icon Only
04-16 19:49:28.498  3700  3700 I StatusBar: Icon Only
04-16 19:49:28.503  3700  3700 D PanelView: There is/are notification(s) 
04-16 19:49:28.503  3700  3700 D PanelView: There is/are notification(s) 
04-16 19:49:28.503  3700  3700 D PersonaManager: isKioskContainerExistOnDevice
04-16 19:49:28.503  3700  3700 I PhoneStatusBar: Icon Only
04-16 19:49:28.503  3700  3700 I StatusBar: Icon Only
04-16 19:49:28.503  3700  3700 D PanelView: There is/are notification(s) 
04-16 19:49:28.558  3700  3700 D PanelView: mClearAll.setVisibility - mIsFullyOpened : false isShade : true mHasNotification : true mIsUpwardFling : false mQsFullyExpanded : true isShadeLocked : false mClearAllVisible : false
04-16 19:49:28.568 30850  1954 D Aatp    : /task/730dc4570ff0a376cc6caeb0ffa8f138d49d1d51/status
04-16 19:49:28.573  3700  3700 D PanelView: mClearAll.setVisibility - mIsFullyOpened : false isShade : true mHasNotification : true mIsUpwardFling : false mQsFullyExpanded : true isShadeLocked : false mClearAllVisible : false
04-16 19:49:28.623  3496  3568 D AutomaticBrightnessController: mCallbacks.updateBrightness()
04-16 19:49:28.623  3496  3568 D DisplayPowerController: getFinalBrightness : 4 -> 4
04-16 19:49:28.623  3496  3568 D DisplayPowerController: animation target = 4, rate=500 (PSM:false, AB limit:(-1 ~ -1) MB Limit:(-1 ~ -1) MAdj:(0, (0, 255)))
04-16 19:49:28.813  3496  3568 D AutomaticBrightnessController: mCallbacks.updateBrightness()
04-16 19:49:28.813  3496  3568 D DisplayPowerController: getFinalBrightness : 4 -> 4
04-16 19:49:28.813  3496  3568 D DisplayPowerController: animation target = 4, rate=500 (PSM:false, AB limit:(-1 ~ -1) MB Limit:(-1 ~ -1) MAdj:(0, (0, 255)))
04-16 19:49:28.838 30850  1957 D Aatp    : /default-rotation
04-16 19:49:28.863 30850  1957 D Aatp    : sha1: 86b6545d1c9046ba3387bc4452983530f11289f7
04-16 19:49:28.883 30850 30850 D AatpDeviceManager: taskStatus update (86b6545d1c9046ba3387bc4452983530f11289f7: {"state":1})
04-16 19:49:28.883  3496  3496 D WindowManager: showStatusBarByNotification() mOpenByNotification=false
04-16 19:49:28.883 30850 30850 D AatpDeviceManager: taskStatus update (86b6545d1c9046ba3387bc4452983530f11289f7: {"result":{"rotation":0},"state":2})
04-16 19:49:28.888  3496  3496 D LightsService: [api] [SvcLED] turnOff:: id = 4 (uid: 1000 pid: 3496) 
04-16 19:49:28.888  3496  3496 D LightsService: [SvcLED] setSvcLedStateLocked:: SvcLEDState : 0x0 -> 0x0 | SvcLED(id=4) set Off
04-16 19:49:28.888  3496  3578 D LightsService: [SvcLED] Lux failed to be updated in 700ms. -> handleForcedSvcLEDTasK
04-16 19:49:28.888  3496  3578 D LightsService: [SvcLED]  setSvcLedLightLocked :: Current SvcLED(id=3) maintains its priority right
04-16 19:49:28.933 30850  1957 D Aatp    : /task/86b6545d1c9046ba3387bc4452983530f11289f7
04-16 19:49:28.943  3700  3700 D KnoxNotification: ----- inflateViews : modified publicViewLocal -----
04-16 19:49:28.963  3700  3700 D KnoxNotification: ----- inflateViews : modified KnoxViewLocal -----
04-16 19:49:28.968  3700  3700 D PersonaManager: PersonaID is invalid or persona doesn't exists. : 0
04-16 19:49:28.968  3700  3700 D PhoneStatusBar: tick(): knoxCustomManager = android.app.enterprise.knoxcustom.KnoxCustomManager@12b2765b
04-16 19:49:28.968  3700  3700 D PersonaManager: isKioskContainerExistOnDevice
04-16 19:49:28.968  3700  3700 D PersonaManager: isKioskContainerExistOnDevice
04-16 19:49:28.968  3700  3700 I PhoneStatusBar: Icon Only
04-16 19:49:28.998  3496  3568 D AutomaticBrightnessController: mCallbacks.updateBrightness()
04-16 19:49:28.998  3496  3568 D DisplayPowerController: getFinalBrightness : 4 -> 4
04-16 19:49:28.998  3700  3700 I StatusBar: Icon Only
04-16 19:49:28.998  3496  3568 D DisplayPowerController: animation target = 4, rate=500 (PSM:false, AB limit:(-1 ~ -1) MB Limit:(-1 ~ -1) MAdj:(0, (0, 255)))
04-16 19:49:28.998  3700  3700 D PanelView: There is/are notification(s) 
04-16 19:49:28.998  3700  3700 D PanelView: There is/are notification(s) 
04-16 19:49:29.003  3700  3700 D PersonaManager: isKioskContainerExistOnDevice
04-16 19:49:29.003  3700  3700 I PhoneStatusBar: Icon Only
04-16 19:49:29.003  3700  3700 I StatusBar: Icon Only
04-16 19:49:29.003  3700  3700 D PanelView: There is/are notification(s) 
04-16 19:49:29.003  3700  3700 D PersonaManager: isKioskContainerExistOnDevice
04-16 19:49:29.003  3700  3700 D PersonaManager: isKioskContainerExistOnDevice
04-16 19:49:29.003  3700  3700 I PhoneStatusBar: Icon Only
04-16 19:49:29.008  3700  3700 I StatusBar: Icon Only
04-16 19:49:29.008  3700  3700 D PanelView: There is/are notification(s) 
04-16 19:49:29.008  3700  3700 D PanelView: There is/are notification(s) 
04-16 19:49:29.013  3700  3700 D PersonaManager: isKioskContainerExistOnDevice
04-16 19:49:29.013  3700  3700 I PhoneStatusBar: Icon Only
04-16 19:49:29.013  3700  3700 I StatusBar: Icon Only
04-16 19:49:29.013  3700  3700 D PanelView: There is/are notification(s) 
04-16 19:49:29.048 30850  1961 D Aatp    : /task/86b6545d1c9046ba3387bc4452983530f11289f7/status
04-16 19:49:29.068  3700  3700 D PanelView: mClearAll.setVisibility - mIsFullyOpened : false isShade : true mHasNotification : true mIsUpwardFling : false mQsFullyExpanded : true isShadeLocked : false mClearAllVisible : false
04-16 19:49:29.083  3700  3700 D PanelView: mClearAll.setVisibility - mIsFullyOpened : false isShade : true mHasNotification : true mIsUpwardFling : false mQsFullyExpanded : true isShadeLocked : false mClearAllVisible : false
04-16 19:49:29.188  3496  3568 D AutomaticBrightnessController: mCallbacks.updateBrightness()
04-16 19:49:29.193  3496  3568 D DisplayPowerController: getFinalBrightness : 4 -> 4
04-16 19:49:29.193  3496  3568 D DisplayPowerController: animation target = 4, rate=500 (PSM:false, AB limit:(-1 ~ -1) MB Limit:(-1 ~ -1) MAdj:(0, (0, 255)))
04-16 19:49:29.378  3496  3568 D AutomaticBrightnessController: mCallbacks.updateBrightness()
04-16 19:49:29.383  3496  3568 D DisplayPowerController: getFinalBrightness : 4 -> 4
04-16 19:49:29.383  3496  3568 D DisplayPowerController: animation target = 4, rate=500 (PSM:false, AB limit:(-1 ~ -1) MB Limit:(-1 ~ -1) MAdj:(0, (0, 255)))
04-16 19:49:29.568  3496  3568 D AutomaticBrightnessController: mCallbacks.updateBrightness()
04-16 19:49:29.568  3496  3568 D DisplayPowerController: getFinalBrightness : 4 -> 4
04-16 19:49:29.568  3496  3568 D DisplayPowerController: animation target = 4, rate=500 (PSM:false, AB limit:(-1 ~ -1) MB Limit:(-1 ~ -1) MAdj:(0, (0, 255)))
04-16 19:49:29.643  3496  3631 I WifiStateMachine: CMD_RSSI_POLL : calculateWifiScore in!
04-16 19:49:29.648  3496  3631 I WifiStateMachine: CMD_RSSI_POLL : calculateWifiScore out!
04-16 19:49:29.648  3496  3631 I WifiStateMachine: CMD_RSSI_POLL : out!
04-16 19:49:29.758  3496  3568 D AutomaticBrightnessController: mCallbacks.updateBrightness()
04-16 19:49:29.758  3496  3568 D DisplayPowerController: getFinalBrightness : 4 -> 4
04-16 19:49:29.758  3496  3568 D DisplayPowerController: animation target = 4, rate=500 (PSM:false, AB limit:(-1 ~ -1) MB Limit:(-1 ~ -1) MAdj:(0, (0, 255)))
04-16 19:49:29.948  3496  3568 D AutomaticBrightnessController: mCallbacks.updateBrightness()
04-16 19:49:29.948  3496  3568 D DisplayPowerController: getFinalBrightness : 4 -> 4
04-16 19:49:29.948  3496  3568 D DisplayPowerController: animation target = 4, rate=500 (PSM:false, AB limit:(-1 ~ -1) MB Limit:(-1 ~ -1) MAdj:(0, (0, 255)))
04-16 19:49:30.018 30850  1962 D Aatp    : /default-rotation
04-16 19:49:30.043 30850  1962 D Aatp    : sha1: 5f4ad0866b742bc2bee1fda80eb4c08d50fd107f
04-16 19:49:30.058  3496  3496 D WindowManager: showStatusBarByNotification() mOpenByNotification=false
04-16 19:49:30.063 30850 30850 D AatpDeviceManager: taskStatus update (5f4ad0866b742bc2bee1fda80eb4c08d50fd107f: {"state":1})
04-16 19:49:30.063 30850 30850 D AatpDeviceManager: taskStatus update (5f4ad0866b742bc2bee1fda80eb4c08d50fd107f: {"result":{"rotation":0},"state":2})
04-16 19:49:30.063  3496  3496 D LightsService: [api] [SvcLED] turnOff:: id = 4 (uid: 1000 pid: 3496) 
04-16 19:49:30.063  3496  3496 D LightsService: [SvcLED] setSvcLedStateLocked:: SvcLEDState : 0x0 -> 0x0 | SvcLED(id=4) set Off
04-16 19:49:30.063  3496  3578 D LightsService: [SvcLED] Lux failed to be updated in 700ms. -> handleForcedSvcLEDTasK
04-16 19:49:30.063  3496  3578 D LightsService: [SvcLED]  setSvcLedLightLocked :: Current SvcLED(id=3) maintains its priority right
04-16 19:49:30.068 30850  1962 D Aatp    : /task/5f4ad0866b742bc2bee1fda80eb4c08d50fd107f
04-16 19:49:30.108  3700  3700 D KnoxNotification: ----- inflateViews : modified publicViewLocal -----
04-16 19:49:30.123  3700  3700 D KnoxNotification: ----- inflateViews : modified KnoxViewLocal -----
04-16 19:49:30.128  3700  3700 D PersonaManager: PersonaID is invalid or persona doesn't exists. : 0
04-16 19:49:30.133  3700  3700 D PhoneStatusBar: tick(): knoxCustomManager = android.app.enterprise.knoxcustom.KnoxCustomManager@12b2765b
04-16 19:49:30.133  3496  3568 D AutomaticBrightnessController: mCallbacks.updateBrightness()
04-16 19:49:30.133  3700  3700 D PersonaManager: isKioskContainerExistOnDevice
04-16 19:49:30.133  3496  3568 D DisplayPowerController: getFinalBrightness : 4 -> 4
04-16 19:49:30.133  3700  3700 D PersonaManager: isKioskContainerExistOnDevice
04-16 19:49:30.133  3496  3568 D DisplayPowerController: animation target = 4, rate=500 (PSM:false, AB limit:(-1 ~ -1) MB Limit:(-1 ~ -1) MAdj:(0, (0, 255)))
04-16 19:49:30.133  3700  3700 I PhoneStatusBar: Icon Only
04-16 19:49:30.163  3700  3700 I StatusBar: Icon Only
04-16 19:49:30.168  3700  3700 D PanelView: There is/are notification(s) 
04-16 19:49:30.168  3700  3700 D PanelView: There is/are notification(s) 
04-16 19:49:30.168  3700  3700 D PersonaManager: isKioskContainerExistOnDevice
04-16 19:49:30.168  3700  3700 I PhoneStatusBar: Icon Only
04-16 19:49:30.168  3700  3700 I StatusBar: Icon Only
04-16 19:49:30.168  3700  3700 D PanelView: There is/are notification(s) 
04-16 19:49:30.168  3700  3700 D PersonaManager: isKioskContainerExistOnDevice
04-16 19:49:30.168  3700  3700 D PersonaManager: isKioskContainerExistOnDevice
04-16 19:49:30.168  3700  3700 I PhoneStatusBar: Icon Only
04-16 19:49:30.178  3700  3700 I StatusBar: Icon Only
04-16 19:49:30.178  3700  3700 D PanelView: There is/are notification(s) 
04-16 19:49:30.178  3700  3700 D PanelView: There is/are notification(s) 
04-16 19:49:30.178  3700  3700 D PersonaManager: isKioskContainerExistOnDevice
04-16 19:49:30.178  3700  3700 I PhoneStatusBar: Icon Only
04-16 19:49:30.178  3700  3700 I StatusBar: Icon Only
04-16 19:49:30.178  3700  3700 D PanelView: There is/are notification(s) 
04-16 19:49:30.223 30850  1964 D Aatp    : /task/5f4ad0866b742bc2bee1fda80eb4c08d50fd107f/status
04-16 19:49:30.238  3700  3700 D PanelView: mClearAll.setVisibility - mIsFullyOpened : false isShade : true mHasNotification : true mIsUpwardFling : false mQsFullyExpanded : true isShadeLocked : false mClearAllVisible : false
04-16 19:49:30.248  3700  3700 D PanelView: mClearAll.setVisibility - mIsFullyOpened : false isShade : true mHasNotification : true mIsUpwardFling : false mQsFullyExpanded : true isShadeLocked : false mClearAllVisible : false
04-16 19:49:30.323  3496  3568 D AutomaticBrightnessController: mCallbacks.updateBrightness()
04-16 19:49:30.328  3496  3568 D DisplayPowerController: getFinalBrightness : 4 -> 4
04-16 19:49:30.328  3496  3568 D DisplayPowerController: animation target = 4, rate=500 (PSM:false, AB limit:(-1 ~ -1) MB Limit:(-1 ~ -1) MAdj:(0, (0, 255)))
04-16 19:49:30.508 30850  1965 D Aatp    : /default-rotation
04-16 19:49:30.513  3496  3568 D AutomaticBrightnessController: mCallbacks.updateBrightness()
04-16 19:49:30.513  3496  3568 D DisplayPowerController: getFinalBrightness : 4 -> 4
04-16 19:49:30.513  3496  3568 D DisplayPowerController: animation target = 4, rate=500 (PSM:false, AB limit:(-1 ~ -1) MB Limit:(-1 ~ -1) MAdj:(0, (0, 255)))
04-16 19:49:30.533 30850  1965 D Aatp    : sha1: 213995ec1c8e407b409999ce0514c31146ecb6bf
04-16 19:49:30.558 30850 30850 D AatpDeviceManager: taskStatus update (213995ec1c8e407b409999ce0514c31146ecb6bf: {"state":1})
04-16 19:49:30.558 30850 30850 D AatpDeviceManager: taskStatus update (213995ec1c8e407b409999ce0514c31146ecb6bf: {"result":{"rotation":0},"state":2})
04-16 19:49:30.558  3496  3496 D WindowManager: showStatusBarByNotification() mOpenByNotification=false
04-16 19:49:30.563  3496  3496 D LightsService: [api] [SvcLED] turnOff:: id = 4 (uid: 1000 pid: 3496) 
04-16 19:49:30.563  3496  3496 D LightsService: [SvcLED] setSvcLedStateLocked:: SvcLEDState : 0x0 -> 0x0 | SvcLED(id=4) set Off
04-16 19:49:30.563  3496  3578 D LightsService: [SvcLED] Lux failed to be updated in 700ms. -> handleForcedSvcLEDTasK
04-16 19:49:30.563  3496  3578 D LightsService: [SvcLED]  setSvcLedLightLocked :: Current SvcLED(id=3) maintains its priority right
04-16 19:49:30.608  3700  3700 D KnoxNotification: ----- inflateViews : modified publicViewLocal -----
04-16 19:49:30.623 30850  1965 D Aatp    : /task/213995ec1c8e407b409999ce0514c31146ecb6bf
04-16 19:49:30.623  3700  3700 D KnoxNotification: ----- inflateViews : modified KnoxViewLocal -----
04-16 19:49:30.628  3700  3700 D PersonaManager: PersonaID is invalid or persona doesn't exists. : 0
04-16 19:49:30.628  3700  3700 D PhoneStatusBar: tick(): knoxCustomManager = android.app.enterprise.knoxcustom.KnoxCustomManager@12b2765b
04-16 19:49:30.628  3700  3700 D PersonaManager: isKioskContainerExistOnDevice
04-16 19:49:30.628  3700  3700 D PersonaManager: isKioskContainerExistOnDevice
04-16 19:49:30.628  3700  3700 I PhoneStatusBar: Icon Only
04-16 19:49:30.663  3700  3700 I StatusBar: Icon Only
04-16 19:49:30.663  3700  3700 D PanelView: There is/are notification(s) 
04-16 19:49:30.668  3700  3700 D PanelView: There is/are notification(s) 
04-16 19:49:30.668  3700  3700 D PersonaManager: isKioskContainerExistOnDevice
04-16 19:49:30.668  3700  3700 I PhoneStatusBar: Icon Only
04-16 19:49:30.668  3700  3700 I StatusBar: Icon Only
04-16 19:49:30.668  3700  3700 D PanelView: There is/are notification(s) 
04-16 19:49:30.668  3700  3700 D PersonaManager: isKioskContainerExistOnDevice
04-16 19:49:30.668  3700  3700 D PersonaManager: isKioskContainerExistOnDevice
04-16 19:49:30.668  3700  3700 I PhoneStatusBar: Icon Only
04-16 19:49:30.678  3700  3700 I StatusBar: Icon Only
04-16 19:49:30.678  3700  3700 D PanelView: There is/are notification(s) 
04-16 19:49:30.678  3700  3700 D PanelView: There is/are notification(s) 
04-16 19:49:30.678  3700  3700 D PersonaManager: isKioskContainerExistOnDevice
04-16 19:49:30.678  3700  3700 I PhoneStatusBar: Icon Only
04-16 19:49:30.678  3700  3700 I StatusBar: Icon Only
04-16 19:49:30.678  3700  3700 D PanelView: There is/are notification(s) 
04-16 19:49:30.698  3496  3568 D AutomaticBrightnessController: mCallbacks.updateBrightness()
04-16 19:49:30.698  3496  3568 D DisplayPowerController: getFinalBrightness : 4 -> 4
04-16 19:49:30.698  3496  3568 D DisplayPowerController: animation target = 4, rate=500 (PSM:false, AB limit:(-1 ~ -1) MB Limit:(-1 ~ -1) MAdj:(0, (0, 255)))
04-16 19:49:30.733 30850  1968 D Aatp    : /task/213995ec1c8e407b409999ce0514c31146ecb6bf/status
04-16 19:49:30.738  3700  3700 D PanelView: mClearAll.setVisibility - mIsFullyOpened : false isShade : true mHasNotification : true mIsUpwardFling : false mQsFullyExpanded : true isShadeLocked : false mClearAllVisible : false
04-16 19:49:30.748  3700  3700 D PanelView: mClearAll.setVisibility - mIsFullyOpened : false isShade : true mHasNotification : true mIsUpwardFling : false mQsFullyExpanded : true isShadeLocked : false mClearAllVisible : false
04-16 19:49:30.893  3496  3568 D AutomaticBrightnessController: mCallbacks.updateBrightness()
04-16 19:49:30.893  3496  3568 D DisplayPowerController: getFinalBrightness : 4 -> 4
04-16 19:49:30.893  3496  3568 D DisplayPowerController: animation target = 4, rate=500 (PSM:false, AB limit:(-1 ~ -1) MB Limit:(-1 ~ -1) MAdj:(0, (0, 255)))
04-16 19:49:31.083  3496  3568 D AutomaticBrightnessController: mCallbacks.updateBrightness()
04-16 19:49:31.083  3496  3568 D DisplayPowerController: getFinalBrightness : 4 -> 4
04-16 19:49:31.083  3496  3568 D DisplayPowerController: animation target = 4, rate=500 (PSM:false, AB limit:(-1 ~ -1) MB Limit:(-1 ~ -1) MAdj:(0, (0, 255)))
04-16 19:49:31.268  3496  3568 D AutomaticBrightnessController: mCallbacks.updateBrightness()
04-16 19:49:31.273  3496  3568 D DisplayPowerController: getFinalBrightness : 4 -> 4
04-16 19:49:31.273  3496  3568 D DisplayPowerController: animation target = 4, rate=500 (PSM:false, AB limit:(-1 ~ -1) MB Limit:(-1 ~ -1) MAdj:(0, (0, 255)))
04-16 19:49:31.298 30850  1971 D Aatp    : /default-rotation
04-16 19:49:31.318 30850  1971 D Aatp    : sha1: bd809013a064cfb2acd082e121f9eb1ca5ebce5e
04-16 19:49:31.333 30850 30850 D AatpDeviceManager: taskStatus update (bd809013a064cfb2acd082e121f9eb1ca5ebce5e: {"state":1})
04-16 19:49:31.333 30850 30850 D AatpDeviceManager: taskStatus update (bd809013a064cfb2acd082e121f9eb1ca5ebce5e: {"result":{"rotation":0},"state":2})
04-16 19:49:31.333  3496  3496 D WindowManager: showStatusBarByNotification() mOpenByNotification=false
04-16 19:49:31.338 30850  1971 D Aatp    : /task/bd809013a064cfb2acd082e121f9eb1ca5ebce5e
04-16 19:49:31.338  3496  3496 D LightsService: [api] [SvcLED] turnOff:: id = 4 (uid: 1000 pid: 3496) 
04-16 19:49:31.338  3496  3496 D LightsService: [SvcLED] setSvcLedStateLocked:: SvcLEDState : 0x0 -> 0x0 | SvcLED(id=4) set Off
04-16 19:49:31.338  3496  3578 D LightsService: [SvcLED] Lux failed to be updated in 700ms. -> handleForcedSvcLEDTasK
04-16 19:49:31.338  3496  3578 D LightsService: [SvcLED]  setSvcLedLightLocked :: Current SvcLED(id=3) maintains its priority right
04-16 19:49:31.408  3700 31321 I art     : Explicit concurrent mark sweep GC freed 40090(3MB) AllocSpace objects, 1(156KB) LOS objects, 19% free, 66MB/82MB, paused 1.445ms total 65.954ms
04-16 19:49:31.448  3700  3700 D KnoxNotification: ----- inflateViews : modified publicViewLocal -----
04-16 19:49:31.453  3496  3568 D AutomaticBrightnessController: mCallbacks.updateBrightness()
04-16 19:49:31.453  3496  3568 D DisplayPowerController: getFinalBrightness : 4 -> 4
