04-16 19:49:54.288  3700  3700 D PanelView: There is/are notification(s) 
04-16 19:49:54.318 30850  2113 D Aatp    : /task/0147818a2bc307d76a94ac733aa9039a6bf14da0/status
04-16 19:49:54.328  3496  3568 D AutomaticBrightnessController: mCallbacks.updateBrightness()
04-16 19:49:54.328  3496  3568 D DisplayPowerController: getFinalBrightness : 4 -> 4
04-16 19:49:54.328  3496  3568 D DisplayPowerController: animation target = 4, rate=500 (PSM:false, AB limit:(-1 ~ -1) MB Limit:(-1 ~ -1) MAdj:(0, (0, 255)))
04-16 19:49:54.343  3700  3700 D PanelView: mClearAll.setVisibility - mIsFullyOpened : false isShade : true mHasNotification : true mIsUpwardFling : false mQsFullyExpanded : true isShadeLocked : false mClearAllVisible : false
04-16 19:49:54.358  3700  3700 D PanelView: mClearAll.setVisibility - mIsFullyOpened : false isShade : true mHasNotification : true mIsUpwardFling : false mQsFullyExpanded : true isShadeLocked : false mClearAllVisible : false
04-16 19:49:54.523  3496  3568 D AutomaticBrightnessController: mCallbacks.updateBrightness()
04-16 19:49:54.523  3496  3568 D DisplayPowerController: getFinalBrightness : 4 -> 4
04-16 19:49:54.523  3496  3568 D DisplayPowerController: animation target = 4, rate=500 (PSM:false, AB limit:(-1 ~ -1) MB Limit:(-1 ~ -1) MAdj:(0, (0, 255)))
04-16 19:49:54.713  3496  3568 D AutomaticBrightnessController: mCallbacks.updateBrightness()
04-16 19:49:54.713  3496  3568 D DisplayPowerController: getFinalBrightness : 4 -> 4
04-16 19:49:54.713  3496  3568 D DisplayPowerController: animation target = 4, rate=500 (PSM:false, AB limit:(-1 ~ -1) MB Limit:(-1 ~ -1) MAdj:(0, (0, 255)))
04-16 19:49:54.903  3496  3568 D AutomaticBrightnessController: mCallbacks.updateBrightness()
04-16 19:49:54.903  3496  3568 D DisplayPowerController: getFinalBrightness : 4 -> 4
04-16 19:49:54.903  3496  3568 D DisplayPowerController: animation target = 4, rate=500 (PSM:false, AB limit:(-1 ~ -1) MB Limit:(-1 ~ -1) MAdj:(0, (0, 255)))
04-16 19:49:55.088  3496  3568 D AutomaticBrightnessController: mCallbacks.updateBrightness()
04-16 19:49:55.093  3496  3568 D DisplayPowerController: getFinalBrightness : 4 -> 4
04-16 19:49:55.093  3496  3568 D DisplayPowerController: animation target = 4, rate=500 (PSM:false, AB limit:(-1 ~ -1) MB Limit:(-1 ~ -1) MAdj:(0, (0, 255)))
04-16 19:49:55.278  3496  3568 D AutomaticBrightnessController: mCallbacks.updateBrightness()
04-16 19:49:55.278  3496  3568 D DisplayPowerController: getFinalBrightness : 4 -> 4
04-16 19:49:55.278  3496  3568 D DisplayPowerController: animation target = 4, rate=500 (PSM:false, AB limit:(-1 ~ -1) MB Limit:(-1 ~ -1) MAdj:(0, (0, 255)))
04-16 19:49:55.468  3496  3568 D AutomaticBrightnessController: mCallbacks.updateBrightness()
04-16 19:49:55.468  3496  3568 D DisplayPowerController: getFinalBrightness : 4 -> 4
04-16 19:49:55.468  3496  3568 D DisplayPowerController: animation target = 4, rate=500 (PSM:false, AB limit:(-1 ~ -1) MB Limit:(-1 ~ -1) MAdj:(0, (0, 255)))
04-16 19:49:55.553 30850  2114 D Aatp    : /default-rotation
04-16 19:49:55.578 30850  2114 D Aatp    : sha1: 1084b1efe53604f9f92a59d4fb235c930390c56d
04-16 19:49:55.603 30850 30850 D AatpDeviceManager: taskStatus update (1084b1efe53604f9f92a59d4fb235c930390c56d: {"state":1})
04-16 19:49:55.603 30850 30850 D AatpDeviceManager: taskStatus update (1084b1efe53604f9f92a59d4fb235c930390c56d: {"result":{"rotation":0},"state":2})
04-16 19:49:55.603  3496  3496 D WindowManager: showStatusBarByNotification() mOpenByNotification=false
04-16 19:49:55.608  3496  3496 D LightsService: [api] [SvcLED] turnOff:: id = 4 (uid: 1000 pid: 3496) 
04-16 19:49:55.608  3496  3496 D LightsService: [SvcLED] setSvcLedStateLocked:: SvcLEDState : 0x0 -> 0x0 | SvcLED(id=4) set Off
04-16 19:49:55.608  3496  3578 D LightsService: [SvcLED] Lux failed to be updated in 700ms. -> handleForcedSvcLEDTasK
04-16 19:49:55.608  3496  3578 D LightsService: [SvcLED]  setSvcLedLightLocked :: Current SvcLED(id=3) maintains its priority right
04-16 19:49:55.608 30850  2114 D Aatp    : /task/1084b1efe53604f9f92a59d4fb235c930390c56d
04-16 19:49:55.653  3700  3700 D KnoxNotification: ----- inflateViews : modified publicViewLocal -----
04-16 19:49:55.653  3496  3568 D AutomaticBrightnessController: mCallbacks.updateBrightness()
04-16 19:49:55.653  3496  3568 D DisplayPowerController: getFinalBrightness : 4 -> 4
04-16 19:49:55.653  3496  3568 D DisplayPowerController: animation target = 4, rate=500 (PSM:false, AB limit:(-1 ~ -1) MB Limit:(-1 ~ -1) MAdj:(0, (0, 255)))
04-16 19:49:55.668  3700  3700 D KnoxNotification: ----- inflateViews : modified KnoxViewLocal -----
04-16 19:49:55.673  3700  3700 D PersonaManager: PersonaID is invalid or persona doesn't exists. : 0
04-16 19:49:55.673  3700  3700 D PhoneStatusBar: tick(): knoxCustomManager = android.app.enterprise.knoxcustom.KnoxCustomManager@12b2765b
04-16 19:49:55.673  3700  3700 D PersonaManager: isKioskContainerExistOnDevice
04-16 19:49:55.673  3700  3700 D PersonaManager: isKioskContainerExistOnDevice
04-16 19:49:55.673  3700  3700 I PhoneStatusBar: Icon Only
04-16 19:49:55.708  3700  3700 I StatusBar: Icon Only
04-16 19:49:55.713  3700  3700 D PanelView: There is/are notification(s) 
04-16 19:49:55.713  3700  3700 D PanelView: There is/are notification(s) 
04-16 19:49:55.713  3700  3700 D PersonaManager: isKioskContainerExistOnDevice
04-16 19:49:55.713  3700  3700 I PhoneStatusBar: Icon Only
04-16 19:49:55.713  3700  3700 I StatusBar: Icon Only
04-16 19:49:55.713  3700  3700 D PanelView: There is/are notification(s) 
04-16 19:49:55.713  3700  3700 D PersonaManager: isKioskContainerExistOnDevice
04-16 19:49:55.713  3700  3700 D PersonaManager: isKioskContainerExistOnDevice
04-16 19:49:55.713  3700  3700 I PhoneStatusBar: Icon Only
04-16 19:49:55.723  3700  3700 I StatusBar: Icon Only
04-16 19:49:55.723  3700  3700 D PanelView: There is/are notification(s) 
04-16 19:49:55.723  3700  3700 D PanelView: There is/are notification(s) 
04-16 19:49:55.723  3700  3700 D PersonaManager: isKioskContainerExistOnDevice
04-16 19:49:55.723  3700  3700 I PhoneStatusBar: Icon Only
04-16 19:49:55.723  3700  3700 I StatusBar: Icon Only
04-16 19:49:55.723  3700  3700 D PanelView: There is/are notification(s) 
04-16 19:49:55.763 30850  2117 D Aatp    : /task/1084b1efe53604f9f92a59d4fb235c930390c56d/status
04-16 19:49:55.783  3700  3700 D PanelView: mClearAll.setVisibility - mIsFullyOpened : false isShade : true mHasNotification : true mIsUpwardFling : false mQsFullyExpanded : true isShadeLocked : false mClearAllVisible : false
04-16 19:49:55.793  3700  3700 D PanelView: mClearAll.setVisibility - mIsFullyOpened : false isShade : true mHasNotification : true mIsUpwardFling : false mQsFullyExpanded : true isShadeLocked : false mClearAllVisible : false
04-16 19:49:55.843  3496  3568 D AutomaticBrightnessController: mCallbacks.updateBrightness()
04-16 19:49:55.848  3496  3568 D DisplayPowerController: getFinalBrightness : 4 -> 4
04-16 19:49:55.848  3496  3568 D DisplayPowerController: animation target = 4, rate=500 (PSM:false, AB limit:(-1 ~ -1) MB Limit:(-1 ~ -1) MAdj:(0, (0, 255)))
04-16 19:49:56.033  3496  3568 D AutomaticBrightnessController: mCallbacks.updateBrightness()
04-16 19:49:56.038  3496  3568 D DisplayPowerController: getFinalBrightness : 4 -> 4
04-16 19:49:56.038  3496  3568 D DisplayPowerController: animation target = 4, rate=500 (PSM:false, AB limit:(-1 ~ -1) MB Limit:(-1 ~ -1) MAdj:(0, (0, 255)))
04-16 19:49:56.048 30850  2118 D Aatp    : /default-rotation
04-16 19:49:56.068 30850  2118 D Aatp    : sha1: 55d2dde7bf83a29e2aff54eadf5361ea0970a3c0
04-16 19:49:56.088 30850 30850 D AatpDeviceManager: taskStatus update (55d2dde7bf83a29e2aff54eadf5361ea0970a3c0: {"state":1})
04-16 19:49:56.088 30850 30850 D AatpDeviceManager: taskStatus update (55d2dde7bf83a29e2aff54eadf5361ea0970a3c0: {"result":{"rotation":0},"state":2})
04-16 19:49:56.088  3496  3496 D WindowManager: showStatusBarByNotification() mOpenByNotification=false
04-16 19:49:56.093  3496  3496 D LightsService: [api] [SvcLED] turnOff:: id = 4 (uid: 1000 pid: 3496) 
04-16 19:49:56.093  3496  3496 D LightsService: [SvcLED] setSvcLedStateLocked:: SvcLEDState : 0x0 -> 0x0 | SvcLED(id=4) set Off
04-16 19:49:56.093  3496  3578 D LightsService: [SvcLED] Lux failed to be updated in 700ms. -> handleForcedSvcLEDTasK
04-16 19:49:56.093  3496  3578 D LightsService: [SvcLED]  setSvcLedLightLocked :: Current SvcLED(id=3) maintains its priority right
04-16 19:49:56.098 30850  2118 D Aatp    : /task/55d2dde7bf83a29e2aff54eadf5361ea0970a3c0
04-16 19:49:56.138  3700  3700 D KnoxNotification: ----- inflateViews : modified publicViewLocal -----
04-16 19:49:56.153  3700  3700 D KnoxNotification: ----- inflateViews : modified KnoxViewLocal -----
04-16 19:49:56.158  3700  3700 D PersonaManager: PersonaID is invalid or persona doesn't exists. : 0
04-16 19:49:56.158  3700  3700 D PhoneStatusBar: tick(): knoxCustomManager = android.app.enterprise.knoxcustom.KnoxCustomManager@12b2765b
04-16 19:49:56.158  3700  3700 D PersonaManager: isKioskContainerExistOnDevice
04-16 19:49:56.158  3700  3700 D PersonaManager: isKioskContainerExistOnDevice
04-16 19:49:56.158  3700  3700 I PhoneStatusBar: Icon Only
04-16 19:49:56.193  3700  3700 I StatusBar: Icon Only
04-16 19:49:56.198  3700  3700 D PanelView: There is/are notification(s) 
04-16 19:49:56.198  3700  3700 D PanelView: There is/are notification(s) 
04-16 19:49:56.198  3700  3700 D PersonaManager: isKioskContainerExistOnDevice
04-16 19:49:56.198  3700  3700 I PhoneStatusBar: Icon Only
04-16 19:49:56.198  3700  3700 I StatusBar: Icon Only
04-16 19:49:56.198  3700  3700 D PanelView: There is/are notification(s) 
04-16 19:49:56.203  3700  3700 D PersonaManager: isKioskContainerExistOnDevice
04-16 19:49:56.203  3700  3700 D PersonaManager: isKioskContainerExistOnDevice
04-16 19:49:56.203  3700  3700 I PhoneStatusBar: Icon Only
04-16 19:49:56.213  3700  3700 I StatusBar: Icon Only
04-16 19:49:56.213  3700  3700 D PanelView: There is/are notification(s) 
04-16 19:49:56.213  3700  3700 D PanelView: There is/are notification(s) 
04-16 19:49:56.218  3700  3700 D PersonaManager: isKioskContainerExistOnDevice
04-16 19:49:56.218  3700  3700 I PhoneStatusBar: Icon Only
04-16 19:49:56.218  3700  3700 I StatusBar: Icon Only
04-16 19:49:56.218  3700  3700 D PanelView: There is/are notification(s) 
04-16 19:49:56.223  3496  3568 D AutomaticBrightnessController: mCallbacks.updateBrightness()
04-16 19:49:56.223  3496  3568 D DisplayPowerController: getFinalBrightness : 4 -> 4
04-16 19:49:56.223  3496  3568 D DisplayPowerController: animation target = 4, rate=500 (PSM:false, AB limit:(-1 ~ -1) MB Limit:(-1 ~ -1) MAdj:(0, (0, 255)))
04-16 19:49:56.233 30850  2120 D Aatp    : /task/55d2dde7bf83a29e2aff54eadf5361ea0970a3c0/status
04-16 19:49:56.268  3700  3700 D PanelView: mClearAll.setVisibility - mIsFullyOpened : false isShade : true mHasNotification : true mIsUpwardFling : false mQsFullyExpanded : true isShadeLocked : false mClearAllVisible : false
04-16 19:49:56.283  3700  3700 D PanelView: mClearAll.setVisibility - mIsFullyOpened : false isShade : true mHasNotification : true mIsUpwardFling : false mQsFullyExpanded : true isShadeLocked : false mClearAllVisible : false
04-16 19:49:56.413  3496  3568 D AutomaticBrightnessController: mCallbacks.updateBrightness()
04-16 19:49:56.413  3496  3568 D DisplayPowerController: getFinalBrightness : 4 -> 4
04-16 19:49:56.413  3496  3568 D DisplayPowerController: animation target = 4, rate=500 (PSM:false, AB limit:(-1 ~ -1) MB Limit:(-1 ~ -1) MAdj:(0, (0, 255)))
04-16 19:49:56.568 30850  2123 D Aatp    : /default-rotation
04-16 19:49:56.593 30850  2123 D Aatp    : sha1: b207637616aa9686b626de97f47b97e4fa6fb794
04-16 19:49:56.598  3496  3568 D AutomaticBrightnessController: mCallbacks.updateBrightness()
04-16 19:49:56.598  3496  3568 D DisplayPowerController: getFinalBrightness : 4 -> 4
04-16 19:49:56.598  3496  3568 D DisplayPowerController: animation target = 4, rate=500 (PSM:false, AB limit:(-1 ~ -1) MB Limit:(-1 ~ -1) MAdj:(0, (0, 255)))
04-16 19:49:56.608 30850 30850 D AatpDeviceManager: taskStatus update (b207637616aa9686b626de97f47b97e4fa6fb794: {"state":1})
04-16 19:49:56.608 30850 30850 D AatpDeviceManager: taskStatus update (b207637616aa9686b626de97f47b97e4fa6fb794: {"result":{"rotation":0},"state":2})
04-16 19:49:56.613  3496  3496 D WindowManager: showStatusBarByNotification() mOpenByNotification=false
04-16 19:49:56.618 30850  2123 D Aatp    : /task/b207637616aa9686b626de97f47b97e4fa6fb794
04-16 19:49:56.618  3496  3496 D LightsService: [api] [SvcLED] turnOff:: id = 4 (uid: 1000 pid: 3496) 
04-16 19:49:56.618  3496  3496 D LightsService: [SvcLED] setSvcLedStateLocked:: SvcLEDState : 0x0 -> 0x0 | SvcLED(id=4) set Off
04-16 19:49:56.618  3496  3578 D LightsService: [SvcLED] Lux failed to be updated in 700ms. -> handleForcedSvcLEDTasK
04-16 19:49:56.618  3496  3578 D LightsService: [SvcLED]  setSvcLedLightLocked :: Current SvcLED(id=3) maintains its priority right
04-16 19:49:56.673  3700  3700 D KnoxNotification: ----- inflateViews : modified publicViewLocal -----
04-16 19:49:56.693  3700  3700 D KnoxNotification: ----- inflateViews : modified KnoxViewLocal -----
04-16 19:49:56.698  3700  3700 D PersonaManager: PersonaID is invalid or persona doesn't exists. : 0
04-16 19:49:56.698  3700  3700 D PhoneStatusBar: tick(): knoxCustomManager = android.app.enterprise.knoxcustom.KnoxCustomManager@12b2765b
04-16 19:49:56.698  3700  3700 D PersonaManager: isKioskContainerExistOnDevice
04-16 19:49:56.698  3700  3700 D PersonaManager: isKioskContainerExistOnDevice
04-16 19:49:56.698  3700  3700 I PhoneStatusBar: Icon Only
04-16 19:49:56.723  3700  3700 I StatusBar: Icon Only
04-16 19:49:56.723  3700  3700 D PanelView: There is/are notification(s) 
04-16 19:49:56.728  3700  3700 D PanelView: There is/are notification(s) 
04-16 19:49:56.728  3700  3700 D PersonaManager: isKioskContainerExistOnDevice
04-16 19:49:56.728  3700  3700 I PhoneStatusBar: Icon Only
04-16 19:49:56.728  3700  3700 I StatusBar: Icon Only
04-16 19:49:56.728  3700  3700 D PanelView: There is/are notification(s) 
04-16 19:49:56.728  3700  3700 D PersonaManager: isKioskContainerExistOnDevice
04-16 19:49:56.728  3700  3700 D PersonaManager: isKioskContainerExistOnDevice
04-16 19:49:56.728  3700  3700 I PhoneStatusBar: Icon Only
04-16 19:49:56.733  3700  3700 I StatusBar: Icon Only
04-16 19:49:56.733  3700  3700 D PanelView: There is/are notification(s) 
04-16 19:49:56.733  3700  3700 D PanelView: There is/are notification(s) 
04-16 19:49:56.738  3700  3700 D PersonaManager: isKioskContainerExistOnDevice
04-16 19:49:56.738  3700  3700 I PhoneStatusBar: Icon Only
04-16 19:49:56.738  3700  3700 I StatusBar: Icon Only
04-16 19:49:56.738  3700  3700 D PanelView: There is/are notification(s) 
04-16 19:49:56.778 30850  2127 D Aatp    : /task/b207637616aa9686b626de97f47b97e4fa6fb794/status
04-16 19:49:56.788  3496  3568 D AutomaticBrightnessController: mCallbacks.updateBrightness()
04-16 19:49:56.788  3496  3568 D DisplayPowerController: getFinalBrightness : 4 -> 4
04-16 19:49:56.788  3496  3568 D DisplayPowerController: animation target = 4, rate=500 (PSM:false, AB limit:(-1 ~ -1) MB Limit:(-1 ~ -1) MAdj:(0, (0, 255)))
04-16 19:49:56.793  3496  3631 I WifiStateMachine: CMD_RSSI_POLL : calculateWifiScore in!
04-16 19:49:56.793  3496  3631 I WifiStateMachine: CMD_RSSI_POLL : calculateWifiScore out!
04-16 19:49:56.793  3496  3631 I WifiStateMachine: CMD_RSSI_POLL : out!
04-16 19:49:56.798  3700  3700 D PanelView: mClearAll.setVisibility - mIsFullyOpened : false isShade : true mHasNotification : true mIsUpwardFling : false mQsFullyExpanded : true isShadeLocked : false mClearAllVisible : false
04-16 19:49:56.803  3700  3700 D PanelView: mClearAll.setVisibility - mIsFullyOpened : false isShade : true mHasNotification : true mIsUpwardFling : false mQsFullyExpanded : true isShadeLocked : false mClearAllVisible : false
04-16 19:49:56.978  3496  3568 D AutomaticBrightnessController: mCallbacks.updateBrightness()
04-16 19:49:56.983  3496  3568 D DisplayPowerController: getFinalBrightness : 4 -> 4
04-16 19:49:56.983  3496  3568 D DisplayPowerController: animation target = 4, rate=500 (PSM:false, AB limit:(-1 ~ -1) MB Limit:(-1 ~ -1) MAdj:(0, (0, 255)))
04-16 19:49:57.168  3496  3568 D AutomaticBrightnessController: mCallbacks.updateBrightness()
04-16 19:49:57.168  3496  3568 D DisplayPowerController: getFinalBrightness : 4 -> 4
04-16 19:49:57.168  3496  3568 D DisplayPowerController: animation target = 4, rate=500 (PSM:false, AB limit:(-1 ~ -1) MB Limit:(-1 ~ -1) MAdj:(0, (0, 255)))
04-16 19:49:57.358  3496  3568 D AutomaticBrightnessController: mCallbacks.updateBrightness()
04-16 19:49:57.358  3496  3568 D DisplayPowerController: getFinalBrightness : 4 -> 4
04-16 19:49:57.358  3496  3568 D DisplayPowerController: animation target = 4, rate=500 (PSM:false, AB limit:(-1 ~ -1) MB Limit:(-1 ~ -1) MAdj:(0, (0, 255)))
04-16 19:49:57.548  3496  3568 D AutomaticBrightnessController: mCallbacks.updateBrightness()
04-16 19:49:57.548  3496  3568 D DisplayPowerController: getFinalBrightness : 4 -> 4
04-16 19:49:57.548  3496  3568 D DisplayPowerController: animation target = 4, rate=500 (PSM:false, AB limit:(-1 ~ -1) MB Limit:(-1 ~ -1) MAdj:(0, (0, 255)))
04-16 19:49:57.733  3496  3568 D AutomaticBrightnessController: mCallbacks.updateBrightness()
04-16 19:49:57.738  3496  3568 D DisplayPowerController: getFinalBrightness : 4 -> 4
04-16 19:49:57.738  3496  3568 D DisplayPowerController: animation target = 4, rate=500 (PSM:false, AB limit:(-1 ~ -1) MB Limit:(-1 ~ -1) MAdj:(0, (0, 255)))
04-16 19:49:57.923  3496  3568 D AutomaticBrightnessController: mCallbacks.updateBrightness()
04-16 19:49:57.928  3496  3568 D DisplayPowerController: getFinalBrightness : 4 -> 4
04-16 19:49:57.928  3496  3568 D DisplayPowerController: animation target = 4, rate=500 (PSM:false, AB limit:(-1 ~ -1) MB Limit:(-1 ~ -1) MAdj:(0, (0, 255)))
04-16 19:49:58.083  3496  3598 V AlarmManager: waitForAlarm result :8
04-16 19:49:58.113  3496  3568 D AutomaticBrightnessController: mCallbacks.updateBrightness()
04-16 19:49:58.113  3496  3568 D DisplayPowerController: getFinalBrightness : 4 -> 4
04-16 19:49:58.113  3496  3568 D DisplayPowerController: animation target = 4, rate=500 (PSM:false, AB limit:(-1 ~ -1) MB Limit:(-1 ~ -1) MAdj:(0, (0, 255)))
04-16 19:49:58.118 30850  2129 D Aatp    : /default-rotation
04-16 19:49:58.133 30850  2129 D Aatp    : sha1: c5d747b82b6feaad0dc3101f2dc07e9f1fa78509
04-16 19:49:58.153 30850 30850 D AatpDeviceManager: taskStatus update (c5d747b82b6feaad0dc3101f2dc07e9f1fa78509: {"state":1})
04-16 19:49:58.153  3496  3496 D WindowManager: showStatusBarByNotification() mOpenByNotification=false
04-16 19:49:58.153 30850  2129 D Aatp    : /task/c5d747b82b6feaad0dc3101f2dc07e9f1fa78509
04-16 19:49:58.153 30850 30850 D AatpDeviceManager: taskStatus update (c5d747b82b6feaad0dc3101f2dc07e9f1fa78509: {"result":{"rotation":0},"state":2})
04-16 19:49:58.158  3496  3496 D LightsService: [api] [SvcLED] turnOff:: id = 4 (uid: 1000 pid: 3496) 
04-16 19:49:58.158  3496  3496 D LightsService: [SvcLED] setSvcLedStateLocked:: SvcLEDState : 0x0 -> 0x0 | SvcLED(id=4) set Off
04-16 19:49:58.158  3496  3578 D LightsService: [SvcLED] Lux failed to be updated in 700ms. -> handleForcedSvcLEDTasK
04-16 19:49:58.158  3496  3578 D LightsService: [SvcLED]  setSvcLedLightLocked :: Current SvcLED(id=3) maintains its priority right
04-16 19:49:58.198  3700  3700 D KnoxNotification: ----- inflateViews : modified publicViewLocal -----
04-16 19:49:58.213  3700  3700 D KnoxNotification: ----- inflateViews : modified KnoxViewLocal -----
04-16 19:49:58.218  3700  3700 D PersonaManager: PersonaID is invalid or persona doesn't exists. : 0
04-16 19:49:58.223  3700  3700 D PhoneStatusBar: tick(): knoxCustomManager = android.app.enterprise.knoxcustom.KnoxCustomManager@12b2765b
04-16 19:49:58.223  3700  3700 D PersonaManager: isKioskContainerExistOnDevice
04-16 19:49:58.223  3700  3700 D PersonaManager: isKioskContainerExistOnDevice
04-16 19:49:58.223  3700  3700 I PhoneStatusBar: Icon Only
04-16 19:49:58.298  3496  3568 D AutomaticBrightnessController: mCallbacks.updateBrightness()
04-16 19:49:58.298  3496  3568 D DisplayPowerController: getFinalBrightness : 4 -> 4
04-16 19:49:58.303  3496  3568 D DisplayPowerController: animation target = 4, rate=500 (PSM:false, AB limit:(-1 ~ -1) MB Limit:(-1 ~ -1) MAdj:(0, (0, 255)))
04-16 19:49:58.308 30850  2133 D Aatp    : /task/c5d747b82b6feaad0dc3101f2dc07e9f1fa78509/status
04-16 19:49:58.328  3496  3988 I art     : Explicit concurrent mark sweep GC freed 133731(7MB) AllocSpace objects, 30(474KB) LOS objects, 20% free, 60MB/76MB, paused 1.857ms total 189.561ms
04-16 19:49:58.373  3700  3700 I StatusBar: Icon Only
04-16 19:49:58.373  3700  3700 D PanelView: There is/are notification(s) 
04-16 19:49:58.373  3700  3700 D PanelView: There is/are notification(s) 
04-16 19:49:58.373  3700  3700 D PersonaManager: isKioskContainerExistOnDevice
04-16 19:49:58.378  3700  3700 I PhoneStatusBar: Icon Only
04-16 19:49:58.378  3700  3700 I StatusBar: Icon Only
04-16 19:49:58.378  3700  3700 D PanelView: There is/are notification(s) 
04-16 19:49:58.378  3700  3700 D PersonaManager: isKioskContainerExistOnDevice
04-16 19:49:58.378  3700  3700 D PersonaManager: isKioskContainerExistOnDevice
04-16 19:49:58.378  3700  3700 I PhoneStatusBar: Icon Only
04-16 19:49:58.388  3700  3700 I StatusBar: Icon Only
04-16 19:49:58.388  3700  3700 D PanelView: There is/are notification(s) 
04-16 19:49:58.388  3700  3700 D PanelView: There is/are notification(s) 
04-16 19:49:58.393  3700  3700 D PersonaManager: isKioskContainerExistOnDevice
04-16 19:49:58.393  3700  3700 I PhoneStatusBar: Icon Only
04-16 19:49:58.393  3700  3700 I StatusBar: Icon Only
04-16 19:49:58.393  3700  3700 D PanelView: There is/are notification(s) 
04-16 19:49:58.443  3700  3700 D PanelView: mClearAll.setVisibility - mIsFullyOpened : false isShade : true mHasNotification : true mIsUpwardFling : false mQsFullyExpanded : true isShadeLocked : false mClearAllVisible : false
04-16 19:49:58.463  3700  3700 D PanelView: mClearAll.setVisibility - mIsFullyOpened : false isShade : true mHasNotification : true mIsUpwardFling : false mQsFullyExpanded : true isShadeLocked : false mClearAllVisible : false
04-16 19:49:58.488  3496  3568 D AutomaticBrightnessController: mCallbacks.updateBrightness()
04-16 19:49:58.493  3496  3568 D DisplayPowerController: getFinalBrightness : 4 -> 4
04-16 19:49:58.493  3496  3568 D DisplayPowerController: animation target = 4, rate=500 (PSM:false, AB limit:(-1 ~ -1) MB Limit:(-1 ~ -1) MAdj:(0, (0, 255)))
04-16 19:49:58.578 30850  2134 D Aatp    : /default-rotation
04-16 19:49:58.593 30850  2134 D Aatp    : sha1: fcbbb816ef3b968f7cacc34a9d75fffba69486fc
04-16 19:49:58.608 30850 30850 D AatpDeviceManager: taskStatus update (fcbbb816ef3b968f7cacc34a9d75fffba69486fc: {"state":1})
04-16 19:49:58.608 30850 30850 D AatpDeviceManager: taskStatus update (fcbbb816ef3b968f7cacc34a9d75fffba69486fc: {"result":{"rotation":0},"state":2})
04-16 19:49:58.608  3496  3496 D WindowManager: showStatusBarByNotification() mOpenByNotification=false
04-16 19:49:58.618  3496  3496 D LightsService: [api] [SvcLED] turnOff:: id = 4 (uid: 1000 pid: 3496) 
04-16 19:49:58.618  3496  3496 D LightsService: [SvcLED] setSvcLedStateLocked:: SvcLEDState : 0x0 -> 0x0 | SvcLED(id=4) set Off
04-16 19:49:58.618  3496  3578 D LightsService: [SvcLED] Lux failed to be updated in 700ms. -> handleForcedSvcLEDTasK
04-16 19:49:58.618  3496  3578 D LightsService: [SvcLED]  setSvcLedLightLocked :: Current SvcLED(id=3) maintains its priority right
04-16 19:49:58.633 30850  2134 D Aatp    : /task/fcbbb816ef3b968f7cacc34a9d75fffba69486fc
04-16 19:49:58.663  3700  3700 D KnoxNotification: ----- inflateViews : modified publicViewLocal -----
04-16 19:49:58.678  3700  3700 D KnoxNotification: ----- inflateViews : modified KnoxViewLocal -----
04-16 19:49:58.678  3496  3568 D AutomaticBrightnessController: mCallbacks.updateBrightness()
04-16 19:49:58.678  3496  3568 D DisplayPowerController: getFinalBrightness : 4 -> 4
04-16 19:49:58.678  3496  3568 D DisplayPowerController: animation target = 4, rate=500 (PSM:false, AB limit:(-1 ~ -1) MB Limit:(-1 ~ -1) MAdj:(0, (0, 255)))
04-16 19:49:58.683  3700  3700 D PersonaManager: PersonaID is invalid or persona doesn't exists. : 0
04-16 19:49:58.683  3700  3700 D PhoneStatusBar: tick(): knoxCustomManager = android.app.enterprise.knoxcustom.KnoxCustomManager@12b2765b
04-16 19:49:58.683  3700  3700 D PersonaManager: isKioskContainerExistOnDevice
04-16 19:49:58.683  3700  3700 D PersonaManager: isKioskContainerExistOnDevice
04-16 19:49:58.683  3700  3700 I PhoneStatusBar: Icon Only
04-16 19:49:58.713  3700  3700 I StatusBar: Icon Only
04-16 19:49:58.713  3700  3700 D PanelView: There is/are notification(s) 
04-16 19:49:58.713  3700  3700 D PanelView: There is/are notification(s) 
04-16 19:49:58.713  3700  3700 D PersonaManager: isKioskContainerExistOnDevice
04-16 19:49:58.713  3700  3700 I PhoneStatusBar: Icon Only
04-16 19:49:58.713  3700  3700 I StatusBar: Icon Only
04-16 19:49:58.713  3700  3700 D PanelView: There is/are notification(s) 
04-16 19:49:58.718  3700  3700 D PersonaManager: isKioskContainerExistOnDevice
04-16 19:49:58.718  3700  3700 D PersonaManager: isKioskContainerExistOnDevice
04-16 19:49:58.718  3700  3700 I PhoneStatusBar: Icon Only
04-16 19:49:58.723  3700  3700 I StatusBar: Icon Only
04-16 19:49:58.723  3700  3700 D PanelView: There is/are notification(s) 
04-16 19:49:58.723  3700  3700 D PanelView: There is/are notification(s) 
04-16 19:49:58.723  3700  3700 D PersonaManager: isKioskContainerExistOnDevice
04-16 19:49:58.728  3700  3700 I PhoneStatusBar: Icon Only
04-16 19:49:58.728  3700  3700 I StatusBar: Icon Only
04-16 19:49:58.728  3700  3700 D PanelView: There is/are notification(s) 
04-16 19:49:58.783  3700  3700 D PanelView: mClearAll.setVisibility - mIsFullyOpened : false isShade : true mHasNotification : true mIsUpwardFling : false mQsFullyExpanded : true isShadeLocked : false mClearAllVisible : false
04-16 19:49:58.793  3700  3700 D PanelView: mClearAll.setVisibility - mIsFullyOpened : false isShade : true mHasNotification : true mIsUpwardFling : false mQsFullyExpanded : true isShadeLocked : false mClearAllVisible : false
04-16 19:49:58.818 30850  2136 D Aatp    : /task/fcbbb816ef3b968f7cacc34a9d75fffba69486fc/status
04-16 19:49:58.868  3496  3568 D AutomaticBrightnessController: mCallbacks.updateBrightness()
04-16 19:49:58.868  3496  3568 D DisplayPowerController: getFinalBrightness : 4 -> 4
04-16 19:49:58.868  3496  3568 D DisplayPowerController: animation target = 4, rate=500 (PSM:false, AB limit:(-1 ~ -1) MB Limit:(-1 ~ -1) MAdj:(0, (0, 255)))
04-16 19:49:59.063  3496  3568 D AutomaticBrightnessController: mCallbacks.updateBrightness()
04-16 19:49:59.063  3496  3568 D DisplayPowerController: getFinalBrightness : 4 -> 4
04-16 19:49:59.063  3496  3568 D DisplayPowerController: animation target = 4, rate=500 (PSM:false, AB limit:(-1 ~ -1) MB Limit:(-1 ~ -1) MAdj:(0, (0, 255)))
04-16 19:49:59.083 30850  2139 D Aatp    : /default-rotation
04-16 19:49:59.103 30850  2139 D Aatp    : sha1: 8c04bd0efe262a15b81847691c8501450603a85d
04-16 19:49:59.123 30850 30850 D AatpDeviceManager: taskStatus update (8c04bd0efe262a15b81847691c8501450603a85d: {"state":1})
04-16 19:49:59.123 30850 30850 D AatpDeviceManager: taskStatus update (8c04bd0efe262a15b81847691c8501450603a85d: {"result":{"rotation":0},"state":2})
04-16 19:49:59.123  3496  3496 D WindowManager: showStatusBarByNotification() mOpenByNotification=false
04-16 19:49:59.133  3496  3496 D LightsService: [api] [SvcLED] turnOff:: id = 4 (uid: 1000 pid: 3496) 
04-16 19:49:59.133  3496  3496 D LightsService: [SvcLED] setSvcLedStateLocked:: SvcLEDState : 0x0 -> 0x0 | SvcLED(id=4) set Off
04-16 19:49:59.133  3496  3578 D LightsService: [SvcLED] Lux failed to be updated in 700ms. -> handleForcedSvcLEDTasK
04-16 19:49:59.133  3496  3578 D LightsService: [SvcLED]  setSvcLedLightLocked :: Current SvcLED(id=3) maintains its priority right
04-16 19:49:59.168 30850  2139 D Aatp    : /task/8c04bd0efe262a15b81847691c8501450603a85d
04-16 19:49:59.198  3700  3700 D KnoxNotification: ----- inflateViews : modified publicViewLocal -----
04-16 19:49:59.218  3700  3700 D KnoxNotification: ----- inflateViews : modified KnoxViewLocal -----
04-16 19:49:59.228  3700  3700 D PersonaManager: PersonaID is invalid or persona doesn't exists. : 0
04-16 19:49:59.228  3700  3700 D PhoneStatusBar: tick(): knoxCustomManager = android.app.enterprise.knoxcustom.KnoxCustomManager@12b2765b
04-16 19:49:59.228  3700  3700 D PersonaManager: isKioskContainerExistOnDevice
04-16 19:49:59.228  3700  3700 D PersonaManager: isKioskContainerExistOnDevice
04-16 19:49:59.228  3700  3700 I PhoneStatusBar: Icon Only
04-16 19:49:59.248  3496  3568 D AutomaticBrightnessController: mCallbacks.updateBrightness()
04-16 19:49:59.248  3496  3568 D DisplayPowerController: getFinalBrightness : 4 -> 4
04-16 19:49:59.248  3496  3568 D DisplayPowerController: animation target = 4, rate=500 (PSM:false, AB limit:(-1 ~ -1) MB Limit:(-1 ~ -1) MAdj:(0, (0, 255)))
04-16 19:49:59.258  3700  3700 I StatusBar: Icon Only
04-16 19:49:59.258  3700  3700 D PanelView: There is/are notification(s) 
04-16 19:49:59.258  3700  3700 D PanelView: There is/are notification(s) 
04-16 19:49:59.263  3700  3700 D PersonaManager: isKioskContainerExistOnDevice
04-16 19:49:59.263  3700  3700 I PhoneStatusBar: Icon Only
04-16 19:49:59.263  3700  3700 I StatusBar: Icon Only
04-16 19:49:59.263  3700  3700 D PanelView: There is/are notification(s) 
04-16 19:49:59.263  3700  3700 D PersonaManager: isKioskContainerExistOnDevice
04-16 19:49:59.263  3700  3700 D PersonaManager: isKioskContainerExistOnDevice
04-16 19:49:59.263  3700  3700 I PhoneStatusBar: Icon Only
04-16 19:49:59.268  3700  3700 I StatusBar: Icon Only
04-16 19:49:59.273  3700  3700 D PanelView: There is/are notification(s) 
04-16 19:49:59.273  3700  3700 D PanelView: There is/are notification(s) 
04-16 19:49:59.273  3700  3700 D PersonaManager: isKioskContainerExistOnDevice
04-16 19:49:59.273  3700  3700 I PhoneStatusBar: Icon Only
04-16 19:49:59.273  3700  3700 I StatusBar: Icon Only
04-16 19:49:59.273  3700  3700 D PanelView: There is/are notification(s) 
04-16 19:49:59.293 30850  2143 D Aatp    : /task/8c04bd0efe262a15b81847691c8501450603a85d/status
04-16 19:49:59.333  3700  3700 D PanelView: mClearAll.setVisibility - mIsFullyOpened : false isShade : true mHasNotification : true mIsUpwardFling : false mQsFullyExpanded : true isShadeLocked : false mClearAllVisible : false
04-16 19:49:59.343  3700  3700 D PanelView: mClearAll.setVisibility - mIsFullyOpened : false isShade : true mHasNotification : true mIsUpwardFling : false mQsFullyExpanded : true isShadeLocked : false mClearAllVisible : false
04-16 19:49:59.438  3496  3568 D AutomaticBrightnessController: mCallbacks.updateBrightness()
04-16 19:49:59.438  3496  3568 D DisplayPowerController: getFinalBrightness : 4 -> 4
04-16 19:49:59.438  3496  3568 D DisplayPowerController: animation target = 4, rate=500 (PSM:false, AB limit:(-1 ~ -1) MB Limit:(-1 ~ -1) MAdj:(0, (0, 255)))
04-16 19:49:59.628  3496  3568 D AutomaticBrightnessController: mCallbacks.updateBrightness()
04-16 19:49:59.628  3496  3568 D DisplayPowerController: getFinalBrightness : 4 -> 4
04-16 19:49:59.628  3496  3568 D DisplayPowerController: animation target = 4, rate=500 (PSM:false, AB limit:(-1 ~ -1) MB Limit:(-1 ~ -1) MAdj:(0, (0, 255)))
04-16 19:49:59.818  3496  3631 I WifiStateMachine: CMD_RSSI_POLL : calculateWifiScore in!
04-16 19:49:59.818  3496  3568 D AutomaticBrightnessController: mCallbacks.updateBrightness()
04-16 19:49:59.818  3496  3568 D DisplayPowerController: getFinalBrightness : 4 -> 4
04-16 19:49:59.818  3496  3568 D DisplayPowerController: animation target = 4, rate=500 (PSM:false, AB limit:(-1 ~ -1) MB Limit:(-1 ~ -1) MAdj:(0, (0, 255)))
04-16 19:49:59.818  3496  3631 I WifiStateMachine: CMD_RSSI_POLL : calculateWifiScore out!
04-16 19:49:59.818  3496  3631 I WifiStateMachine: CMD_RSSI_POLL : out!
04-16 19:49:59.998  3496  3598 V AlarmManager: waitForAlarm result :8
04-16 19:50:00.003  3496  3568 D AutomaticBrightnessController: mCallbacks.updateBrightness()
04-16 19:50:00.008  3496  3568 D DisplayPowerController: getFinalBrightness : 4 -> 4
04-16 19:50:00.008  3496  3568 D DisplayPowerController: animation target = 4, rate=500 (PSM:false, AB limit:(-1 ~ -1) MB Limit:(-1 ~ -1) MAdj:(0, (0, 255)))
04-16 19:50:00.018  3700  3700 D KeyguardUpdateMonitor: received broadcast android.intent.action.TIME_TICK
04-16 19:50:00.018  3700  3700 D KeyguardUpdateMonitor: handleTimeUpdate
04-16 19:50:00.023  3700  3700 D KeyguardEffectViewController: onReceive action : android.intent.action.TIME_TICK
04-16 19:50:00.023  3700  3700 I KeyguardEffectViewController: *** don't update sliding image ***
04-16 19:50:00.093  3700  3700 D DateView: regionalDateFormat = 11/22/3333 isRTLlanguage = false returnDateFormat = E, MMMM d
04-16 19:50:00.093  3700  3700 D DateView: regionalDateFormat = 11/22/3333 isRTLlanguage = false returnDateFormat = E, MMMM d
04-16 19:50:00.103  4867  4867 D accuweather: [KK AccuPhone]>>> WCS:144 [0:0] action : androidintentactionTIME_TICK
04-16 19:50:00.103  4867  4867 D accuweather: [KK AccuPhone]>>> UIM:118 [0:0] getInstance
04-16 19:50:00.103  4867  4867 D accuweather: [KK AccuPhone]>>> UIM:288 [0:0] direct update clock
04-16 19:50:00.103  4867  4867 D accuweather: [KK AccuPhone]>>> UIM:157 [0:0] make widget 4x1 view!!! 
04-16 19:50:00.108  4867  4867 D accuweather: [KK AccuPhone]>>> UIM:159 [0:0] make widget 4x2 view!!! 
04-16 19:50:00.108  4867  4867 D accuweather: [KK AccuPhone]>>> RU:73 [0:0] get ww = 339, wh = 160span x = 4, span y = 2
04-16 19:50:00.108  4867  4867 D accuweather: [KK AccuPhone]>>> UIM:1426 [0:0] mc sy = 2
04-16 19:50:00.108  4867  4867 D accuweather: [KK AccuPhone]>>> RU:73 [0:0] get ww = 339, wh = 160span x = 4, span y = 2
04-16 19:50:00.108  4867  4867 D accuweather: [KK AccuPhone]>>> UIM:184 [0:0] get widget 4x2 view!!! wid = 2
04-16 19:50:00.113  4867  4867 E accuweather: [KK AccuPhone]>>> UIM:1464 [0:0] bTM 7 50
04-16 19:50:00.163  4004  4364 D OpenGLRenderer: SFEffectCache::callback: name, removed size, mSize = 63, 439488, 24501120
04-16 19:50:00.163  4004  4364 W OpenGLRenderer: SFEffectCache::get: create texture(0xa03ff6f4): name, size, mSize = 62, 439752, 24940872
04-16 19:50:00.193  3496  3568 D AutomaticBrightnessController: mCallbacks.updateBrightness()
04-16 19:50:00.193  3496  3568 D DisplayPowerController: getFinalBrightness : 4 -> 4
04-16 19:50:00.193  3496  3568 D DisplayPowerController: animation target = 4, rate=500 (PSM:false, AB limit:(-1 ~ -1) MB Limit:(-1 ~ -1) MAdj:(0, (0, 255)))
04-16 19:50:00.383  3496  3568 D AutomaticBrightnessController: mCallbacks.updateBrightness()
04-16 19:50:00.383  3496  3568 D DisplayPowerController: getFinalBrightness : 4 -> 4
04-16 19:50:00.383  3496  3568 D DisplayPowerController: animation target = 4, rate=500 (PSM:false, AB limit:(-1 ~ -1) MB Limit:(-1 ~ -1) MAdj:(0, (0, 255)))
04-16 19:50:00.528 30850  2144 D Aatp    : /default-rotation
04-16 19:50:00.548 30850  2144 D Aatp    : sha1: 71bc3b10b9d3cb4965da356c954b4959c016e570
04-16 19:50:00.568  3496  3568 D AutomaticBrightnessController: mCallbacks.updateBrightness()
04-16 19:50:00.568  3496  3568 D DisplayPowerController: getFinalBrightness : 4 -> 4
04-16 19:50:00.568  3496  3568 D DisplayPowerController: animation target = 4, rate=500 (PSM:false, AB limit:(-1 ~ -1) MB Limit:(-1 ~ -1) MAdj:(0, (0, 255)))
04-16 19:50:00.573 30850 30850 D AatpDeviceManager: taskStatus update (71bc3b10b9d3cb4965da356c954b4959c016e570: {"state":1})
04-16 19:50:00.573  3496  3496 D WindowManager: showStatusBarByNotification() mOpenByNotification=false
04-16 19:50:00.573 30850 30850 D AatpDeviceManager: taskStatus update (71bc3b10b9d3cb4965da356c954b4959c016e570: {"result":{"rotation":0},"state":2})
04-16 19:50:00.578  3496  3496 D LightsService: [api] [SvcLED] turnOff:: id = 4 (uid: 1000 pid: 3496) 
04-16 19:50:00.578  3496  3496 D LightsService: [SvcLED] setSvcLedStateLocked:: SvcLEDState : 0x0 -> 0x0 | SvcLED(id=4) set Off
04-16 19:50:00.578  3496  3578 D LightsService: [SvcLED] Lux failed to be updated in 700ms. -> handleForcedSvcLEDTasK
04-16 19:50:00.578  3496  3578 D LightsService: [SvcLED]  setSvcLedLightLocked :: Current SvcLED(id=3) maintains its priority right
04-16 19:50:00.583 30850  2144 D Aatp    : /task/71bc3b10b9d3cb4965da356c954b4959c016e570
04-16 19:50:00.653  3700  3709 I art     : Explicit concurrent mark sweep GC freed 41496(3MB) AllocSpace objects, 0(0B) LOS objects, 19% free, 66MB/82MB, paused 1.442ms total 74.033ms
04-16 19:50:00.698  3700  3700 D KnoxNotification: ----- inflateViews : modified publicViewLocal -----
04-16 19:50:00.708  3700  3700 D KnoxNotification: ----- inflateViews : modified KnoxViewLocal -----
04-16 19:50:00.718  3700  3700 D PersonaManager: PersonaID is invalid or persona doesn't exists. : 0
04-16 19:50:00.718  3700  3700 D PhoneStatusBar: tick(): knoxCustomManager = android.app.enterprise.knoxcustom.KnoxCustomManager@12b2765b
04-16 19:50:00.718  3700  3700 D PersonaManager: isKioskContainerExistOnDevice
04-16 19:50:00.718  3700  3700 D PersonaManager: isKioskContainerExistOnDevice
04-16 19:50:00.718  3700  3700 I PhoneStatusBar: Icon Only
04-16 19:50:00.743 30850  2146 D Aatp    : /task/71bc3b10b9d3cb4965da356c954b4959c016e570/status
04-16 19:50:00.743  3700  3700 I StatusBar: Icon Only
04-16 19:50:00.743  3700  3700 D PanelView: There is/are notification(s) 
04-16 19:50:00.743  3700  3700 D PanelView: There is/are notification(s) 
04-16 19:50:00.748  3700  3700 D PersonaManager: isKioskContainerExistOnDevice
04-16 19:50:00.748  3700  3700 I PhoneStatusBar: Icon Only
04-16 19:50:00.748  3700  3700 I StatusBar: Icon Only
04-16 19:50:00.748  3700  3700 D PanelView: There is/are notification(s) 
04-16 19:50:00.748  3700  3700 D PersonaManager: isKioskContainerExistOnDevice
04-16 19:50:00.748  3700  3700 D PersonaManager: isKioskContainerExistOnDevice
04-16 19:50:00.748  3700  3700 I PhoneStatusBar: Icon Only
04-16 19:50:00.753  3700  3700 I StatusBar: Icon Only
04-16 19:50:00.758  3700  3700 D PanelView: There is/are notification(s) 
04-16 19:50:00.758  3700  3700 D PanelView: There is/are notification(s) 
04-16 19:50:00.758  3700  3700 D PersonaManager: isKioskContainerExistOnDevice
04-16 19:50:00.758  3700  3700 I PhoneStatusBar: Icon Only
04-16 19:50:00.758  3700  3700 I StatusBar: Icon Only
04-16 19:50:00.758  3700  3700 D PanelView: There is/are notification(s) 
04-16 19:50:00.758  3496  3568 D AutomaticBrightnessController: mCallbacks.updateBrightness()
04-16 19:50:00.758  3496  3568 D DisplayPowerController: getFinalBrightness : 4 -> 4
04-16 19:50:00.758  3496  3568 D DisplayPowerController: animation target = 4, rate=500 (PSM:false, AB limit:(-1 ~ -1) MB Limit:(-1 ~ -1) MAdj:(0, (0, 255)))
04-16 19:50:00.813  3700  3700 D PanelView: mClearAll.setVisibility - mIsFullyOpened : false isShade : true mHasNotification : true mIsUpwardFling : false mQsFullyExpanded : true isShadeLocked : false mClearAllVisible : false
04-16 19:50:00.828  3700  3700 D PanelView: mClearAll.setVisibility - mIsFullyOpened : false isShade : true mHasNotification : true mIsUpwardFling : false mQsFullyExpanded : true isShadeLocked : false mClearAllVisible : false
04-16 19:50:00.953  3496  3568 D AutomaticBrightnessController: mCallbacks.updateBrightness()
04-16 19:50:00.953  3496  3568 D DisplayPowerController: getFinalBrightness : 4 -> 4
04-16 19:50:00.953  3496  3568 D DisplayPowerController: animation target = 4, rate=500 (PSM:false, AB limit:(-1 ~ -1) MB Limit:(-1 ~ -1) MAdj:(0, (0, 255)))
04-16 19:50:00.973 30850  2147 D Aatp    : /default-rotation
04-16 19:50:00.988 30850  2147 D Aatp    : sha1: d98831dc5382ad5ade29d762f03c8c7f5711ef9b
04-16 19:50:01.013 30850 30850 D AatpDeviceManager: taskStatus update (d98831dc5382ad5ade29d762f03c8c7f5711ef9b: {"state":1})
04-16 19:50:01.013 30850 30850 D AatpDeviceManager: taskStatus update (d98831dc5382ad5ade29d762f03c8c7f5711ef9b: {"result":{"rotation":0},"state":2})
04-16 19:50:01.013  3496  3496 D WindowManager: showStatusBarByNotification() mOpenByNotification=false
04-16 19:50:01.018  3496  3496 D LightsService: [api] [SvcLED] turnOff:: id = 4 (uid: 1000 pid: 3496) 
04-16 19:50:01.018  3496  3496 D LightsService: [SvcLED] setSvcLedStateLocked:: SvcLEDState : 0x0 -> 0x0 | SvcLED(id=4) set Off
04-16 19:50:01.018  3496  3578 D LightsService: [SvcLED] Lux failed to be updated in 700ms. -> handleForcedSvcLEDTasK
04-16 19:50:01.018  3496  3578 D LightsService: [SvcLED]  setSvcLedLightLocked :: Current SvcLED(id=3) maintains its priority right
04-16 19:50:01.038 30850  2147 D Aatp    : /task/d98831dc5382ad5ade29d762f03c8c7f5711ef9b
04-16 19:50:01.073  3700  3700 D KnoxNotification: ----- inflateViews : modified publicViewLocal -----
04-16 19:50:01.088  3700  3700 D KnoxNotification: ----- inflateViews : modified KnoxViewLocal -----
04-16 19:50:01.093  3700  3700 D PersonaManager: PersonaID is invalid or persona doesn't exists. : 0
04-16 19:50:01.093  3700  3700 D PhoneStatusBar: tick(): knoxCustomManager = android.app.enterprise.knoxcustom.KnoxCustomManager@12b2765b
04-16 19:50:01.093  3700  3700 D PersonaManager: isKioskContainerExistOnDevice
04-16 19:50:01.093  3700  3700 D PersonaManager: isKioskContainerExistOnDevice
04-16 19:50:01.093  3700  3700 I PhoneStatusBar: Icon Only
04-16 19:50:01.123  3700  3700 I StatusBar: Icon Only
04-16 19:50:01.128  3700  3700 D PanelView: There is/are notification(s) 
04-16 19:50:01.128  3700  3700 D PanelView: There is/are notification(s) 
04-16 19:50:01.128  3700  3700 D PersonaManager: isKioskContainerExistOnDevice
04-16 19:50:01.128  3700  3700 I PhoneStatusBar: Icon Only
04-16 19:50:01.128  3700  3700 I StatusBar: Icon Only
04-16 19:50:01.128  3700  3700 D PanelView: There is/are notification(s) 
04-16 19:50:01.128  3700  3700 D PersonaManager: isKioskContainerExistOnDevice
04-16 19:50:01.128  3700  3700 D PersonaManager: isKioskContainerExistOnDevice
04-16 19:50:01.128  3700  3700 I PhoneStatusBar: Icon Only
04-16 19:50:01.138  3496  3568 D AutomaticBrightnessController: mCallbacks.updateBrightness()
04-16 19:50:01.138  3496  3568 D DisplayPowerController: getFinalBrightness : 4 -> 4
04-16 19:50:01.138  3496  3568 D DisplayPowerController: animation target = 4, rate=500 (PSM:false, AB limit:(-1 ~ -1) MB Limit:(-1 ~ -1) MAdj:(0, (0, 255)))
04-16 19:50:01.138  3700  3700 I StatusBar: Icon Only
04-16 19:50:01.138  3700  3700 D PanelView: There is/are notification(s) 
04-16 19:50:01.138  3700  3700 D PanelView: There is/are notification(s) 
04-16 19:50:01.143  3700  3700 D PersonaManager: isKioskContainerExistOnDevice
04-16 19:50:01.143  3700  3700 I PhoneStatusBar: Icon Only
04-16 19:50:01.143  3700  3700 I StatusBar: Icon Only
04-16 19:50:01.143  3700  3700 D PanelView: There is/are notification(s) 
04-16 19:50:01.193 30850  2149 D Aatp    : /task/d98831dc5382ad5ade29d762f03c8c7f5711ef9b/status
04-16 19:50:01.198  3700  3700 D PanelView: mClearAll.setVisibility - mIsFullyOpened : false isShade : true mHasNotification : true mIsUpwardFling : false mQsFullyExpanded : true isShadeLocked : false mClearAllVisible : false
04-16 19:50:01.208  3700  3700 D PanelView: mClearAll.setVisibility - mIsFullyOpened : false isShade : true mHasNotification : true mIsUpwardFling : false mQsFullyExpanded : true isShadeLocked : false mClearAllVisible : false
04-16 19:50:01.328  3496  3568 D AutomaticBrightnessController: mCallbacks.updateBrightness()
04-16 19:50:01.328  3496  3568 D DisplayPowerController: getFinalBrightness : 4 -> 4
04-16 19:50:01.328  3496  3568 D DisplayPowerController: animation target = 4, rate=500 (PSM:false, AB limit:(-1 ~ -1) MB Limit:(-1 ~ -1) MAdj:(0, (0, 255)))
04-16 19:50:01.503 30850  2152 D Aatp    : /default-rotation
04-16 19:50:01.518  3496  3568 D AutomaticBrightnessController: mCallbacks.updateBrightness()
04-16 19:50:01.518  3496  3568 D DisplayPowerController: getFinalBrightness : 4 -> 4
04-16 19:50:01.518  3496  3568 D DisplayPowerController: animation target = 4, rate=500 (PSM:false, AB limit:(-1 ~ -1) MB Limit:(-1 ~ -1) MAdj:(0, (0, 255)))
04-16 19:50:01.528 30850  2152 D Aatp    : sha1: 683b12b0eb61e4b9e22299054e846c6bdbc5ff27
04-16 19:50:01.548 30850 30850 D AatpDeviceManager: taskStatus update (683b12b0eb61e4b9e22299054e846c6bdbc5ff27: {"state":1})
04-16 19:50:01.548 30850 30850 D AatpDeviceManager: taskStatus update (683b12b0eb61e4b9e22299054e846c6bdbc5ff27: {"result":{"rotation":0},"state":2})
04-16 19:50:01.548  3496  3496 D WindowManager: showStatusBarByNotification() mOpenByNotification=false
04-16 19:50:01.553  3496  3496 D LightsService: [api] [SvcLED] turnOff:: id = 4 (uid: 1000 pid: 3496) 
04-16 19:50:01.553  3496  3496 D LightsService: [SvcLED] setSvcLedStateLocked:: SvcLEDState : 0x0 -> 0x0 | SvcLED(id=4) set Off
04-16 19:50:01.553  3496  3578 D LightsService: [SvcLED] Lux failed to be updated in 700ms. -> handleForcedSvcLEDTasK
04-16 19:50:01.553  3496  3578 D LightsService: [SvcLED]  setSvcLedLightLocked :: Current SvcLED(id=3) maintains its priority right
04-16 19:50:01.568 30850  2152 D Aatp    : /task/683b12b0eb61e4b9e22299054e846c6bdbc5ff27
04-16 19:50:01.603  3700  3700 D KnoxNotification: ----- inflateViews : modified publicViewLocal -----
04-16 19:50:01.618  3700  3700 D KnoxNotification: ----- inflateViews : modified KnoxViewLocal -----
04-16 19:50:01.628  3700  3700 D PersonaManager: PersonaID is invalid or persona doesn't exists. : 0
04-16 19:50:01.628  3700  3700 D PhoneStatusBar: tick(): knoxCustomManager = android.app.enterprise.knoxcustom.KnoxCustomManager@12b2765b
04-16 19:50:01.628  3700  3700 D PersonaManager: isKioskContainerExistOnDevice
04-16 19:50:01.628  3700  3700 D PersonaManager: isKioskContainerExistOnDevice
04-16 19:50:01.628  3700  3700 I PhoneStatusBar: Icon Only
04-16 19:50:01.663  3700  3700 I StatusBar: Icon Only
04-16 19:50:01.668  3700  3700 D PanelView: There is/are notification(s) 
04-16 19:50:01.668  3700  3700 D PanelView: There is/are notification(s) 
04-16 19:50:01.668  3700  3700 D PersonaManager: isKioskContainerExistOnDevice
04-16 19:50:01.668  3700  3700 I PhoneStatusBar: Icon Only
04-16 19:50:01.668  3700  3700 I StatusBar: Icon Only
04-16 19:50:01.668  3700  3700 D PanelView: There is/are notification(s) 
04-16 19:50:01.668  3700  3700 D PersonaManager: isKioskContainerExistOnDevice
04-16 19:50:01.668  3700  3700 D PersonaManager: isKioskContainerExistOnDevice
04-16 19:50:01.668  3700  3700 I PhoneStatusBar: Icon Only
04-16 19:50:01.678  3700  3700 I StatusBar: Icon Only
04-16 19:50:01.678  3700  3700 D PanelView: There is/are notification(s) 
04-16 19:50:01.678  3700  3700 D PanelView: There is/are notification(s) 
04-16 19:50:01.683  3700  3700 D PersonaManager: isKioskContainerExistOnDevice
04-16 19:50:01.683  3700  3700 I PhoneStatusBar: Icon Only
04-16 19:50:01.683  3700  3700 I StatusBar: Icon Only
04-16 19:50:01.683  3700  3700 D PanelView: There is/are notification(s) 
04-16 19:50:01.703  3496  3568 D AutomaticBrightnessController: mCallbacks.updateBrightness()
04-16 19:50:01.703  3496  3568 D DisplayPowerController: getFinalBrightness : 4 -> 4
04-16 19:50:01.703  3496  3568 D DisplayPowerController: animation target = 4, rate=500 (PSM:false, AB limit:(-1 ~ -1) MB Limit:(-1 ~ -1) MAdj:(0, (0, 255)))
04-16 19:50:01.708 30850  2156 D Aatp    : /task/683b12b0eb61e4b9e22299054e846c6bdbc5ff27/status
04-16 19:50:01.738  3700  3700 D PanelView: mClearAll.setVisibility - mIsFullyOpened : false isShade : true mHasNotification : true mIsUpwardFling : false mQsFullyExpanded : true isShadeLocked : false mClearAllVisible : false
04-16 19:50:01.748  3700  3700 D PanelView: mClearAll.setVisibility - mIsFullyOpened : false isShade : true mHasNotification : true mIsUpwardFling : false mQsFullyExpanded : true isShadeLocked : false mClearAllVisible : false
04-16 19:50:01.893  3496  3568 D AutomaticBrightnessController: mCallbacks.updateBrightness()
04-16 19:50:01.898  3496  3568 D DisplayPowerController: getFinalBrightness : 4 -> 4
04-16 19:50:01.898  3496  3568 D DisplayPowerController: animation target = 4, rate=500 (PSM:false, AB limit:(-1 ~ -1) MB Limit:(-1 ~ -1) MAdj:(0, (0, 255)))
04-16 19:50:02.083  3496  3568 D AutomaticBrightnessController: mCallbacks.updateBrightness()
04-16 19:50:02.088  3496  3568 D DisplayPowerController: getFinalBrightness : 4 -> 4
04-16 19:50:02.088  3496  3568 D DisplayPowerController: animation target = 4, rate=500 (PSM:false, AB limit:(-1 ~ -1) MB Limit:(-1 ~ -1) MAdj:(0, (0, 255)))
04-16 19:50:02.273  3496  3568 D AutomaticBrightnessController: mCallbacks.updateBrightness()
04-16 19:50:02.273  3496  3568 D DisplayPowerController: getFinalBrightness : 4 -> 4
04-16 19:50:02.273  3496  3568 D DisplayPowerController: animation target = 4, rate=500 (PSM:false, AB limit:(-1 ~ -1) MB Limit:(-1 ~ -1) MAdj:(0, (0, 255)))
04-16 19:50:02.463  3496  3568 D AutomaticBrightnessController: mCallbacks.updateBrightness()
04-16 19:50:02.463  3496  3568 D DisplayPowerController: getFinalBrightness : 4 -> 4
04-16 19:50:02.463  3496  3568 D DisplayPowerController: animation target = 4, rate=500 (PSM:false, AB limit:(-1 ~ -1) MB Limit:(-1 ~ -1) MAdj:(0, (0, 255)))
04-16 19:50:02.653  3496  3568 D AutomaticBrightnessController: mCallbacks.updateBrightness()
04-16 19:50:02.653  3496  3568 D DisplayPowerController: getFinalBrightness : 4 -> 4
04-16 19:50:02.653  3496  3568 D DisplayPowerController: animation target = 4, rate=500 (PSM:false, AB limit:(-1 ~ -1) MB Limit:(-1 ~ -1) MAdj:(0, (0, 255)))
